<html>
<body>
<pre>
<h1>µVision Build Log</h1>
<h2>Tool Versions:</h2>
IDE-Version: µVision V5.38.0.0
Copyright (C) 2022 ARM Ltd and ARM Germany GmbH. All rights reserved.
License Information: 1 2, 3, LIC=EPPLD-8WDXS-5BZEB-2U2TW-CYLSC-1AVJL
 
Tool Versions:
Toolchain:       MDK-ARM Professional  Version: 5.38.0.0
Toolchain Path:  C:\Keil_v5\ARM\ARMCLANG\Bin
C Compiler:      ArmClang.exe V6.19
Assembler:       Armasm.exe V6.19
Linker/Locator:  ArmLink.exe V6.19
Library Manager: ArmAr.exe V6.19
Hex Converter:   FromElf.exe V6.19
CPU DLL:         SARMCM3.DLL V5.38.0.0
Dialog DLL:      DARMCM1.DLL V1.19.6.0
Target DLL:      STLink\ST-LINKIII-KEIL_SWO.dll V3.1.0.0
Dialog DLL:      TARMCM1.DLL V1.14.6.0
 
<h2>Project:</h2>
C:\Users\Admin\Documents\GitHub\Hoverboard-Firmware-Hack-Gen2.x-MM32\HoverBoardMindMotion\Hoverboard.uvprojx
Project File Date:  02/05/2024

<h2>Output:</h2>
*** Using Compiler 'V6.19', folder: 'C:\Keil_v5\ARM\ARMCLANG\Bin'
Build target 'MM32SPIN05'
compiling bldc.c...
linking...
Program Size: Code=7876 RO-data=296 RW-data=32 ZI-data=1960  
FromELF: creating hex file...
".\Objects\HoverboardOutput.axf" - 0 Error(s), 0 Warning(s).

<h2>Software Packages used:</h2>

Package Vendor: ARM
                http://www.keil.com/pack/ARM.CMSIS.5.9.0.pack
                ARM.CMSIS.5.9.0
                CMSIS (Common Microcontroller Software Interface Standard)
   * Component: CORE Version: 5.6.0

Package Vendor: MindMotion
                http://www.mindmotion.com.cn/Download/MDK_KEIL/MindMotion.MM32SPIN0x_DFP.1.0.8.pack
                MindMotion.MM32SPIN0x_DFP.1.0.8
                MindMotion MM32SPIN0x Series Device Support, Drivers and Examples
   * Component: Startup Version: 1.0.0

<h2>Collection of Component include folders:</h2>
  ./RTE/_MM32SPIN05
  C:/Users/Admin/AppData/Local/Arm/Packs/ARM/CMSIS/5.9.0/CMSIS/Core/Include
  C:/Users/Admin/AppData/Local/Arm/Packs/MindMotion/MM32SPIN0x_DFP/1.0.8/Device/MM32SPIN06xx_s/Include

<h2>Collection of Component Files used:</h2>

   * Component: ARM::CMSIS:CORE:5.6.0

   * Component: MindMotion::Device:Startup:1.0.0
      Source file:   Device/MM32SPIN06xx_s/Source/system_mm32spin06xx_s.c
      Source file:   Device/MM32SPIN06xx_s/Source/KEIL_StartAsm/startup_mm32spin06xx_s_keil.s
      Include file:  Device/MM32SPIN06xx_s/Include/mm32_device.h
Build Time Elapsed:  00:00:01
</pre>
</body>
</html>
