Component: Arm Compiler for Embedded 6.19 Tool: armlink [5e73cb00]

==============================================================================

Section Cross References

    main.o(.text.main) refers to delay.o(.text.DELAY_Init) for DELAY_Init
    main.o(.text.main) refers to sim_eeprom.o(.text.restorecfg) for restorecfg
    main.o(.text.main) refers to initialize.o(.text.io_init) for io_init
    main.o(.text.main) refers to initialize.o(.text.HALL_Init) for HALL_Init
    main.o(.text.main) refers to aeabi_sdivfast.o(.text_divfast) for __aeabi_uidiv
    main.o(.text.main) refers to initialize.o(.text.HALLTIM_Init) for HALLTIM_Init
    main.o(.text.main) refers to initialize.o(.text.BLDC_init) for BLDC_init
    main.o(.text.main) refers to initialize.o(.text.TIM1_init) for TIM1_init
    main.o(.text.main) refers to initialize.o(.text.NVIC_Configure) for NVIC_Configure
    main.o(.text.main) refers to initialize.o(.text.adc_Init) for adc_Init
    main.o(.text.main) refers to initialize.o(.text.UART_GPIO_Init) for UART_GPIO_Init
    main.o(.text.main) refers to initialize.o(.text.UARTX_Init) for UARTX_Init
    main.o(.text.main) refers to hal_rcc.o(.text.RCC_AHBPeriphClockCmd) for RCC_AHBPeriphClockCmd
    main.o(.text.main) refers to delay.o(.text.DELAY_Ms) for DELAY_Ms
    main.o(.text.main) refers to hardware.o(.text.pinMode) for pinMode
    main.o(.text.main) refers to initialize.o(.text.DMA_NVIC_Config) for DMA_NVIC_Config
    main.o(.text.main) refers to hardware.o(.text.digitalWrite) for digitalWrite
    main.o(.text.main) refers to hardware.o(.text.digitalRead) for digitalRead
    main.o(.text.main) refers to hal_iwdg.o(.text.IWDG_ReloadCounter) for IWDG_ReloadCounter
    main.o(.text.main) refers to hal_adc.o(.text.ADC_SoftwareStartConvCmd) for ADC_SoftwareStartConvCmd
    main.o(.text.main) refers to uart.o(.text.UART_SendString) for UART_SendString
    main.o(.text.main) refers to fflti.o(.text) for __aeabi_ui2f
    main.o(.text.main) refers to fdiv.o(.text) for __aeabi_fdiv
    main.o(.text.main) refers to fmul.o(x$fpl$fmul) for __aeabi_fmul
    main.o(.text.main) refers to faddsub.o(x$fpl$fadd) for __aeabi_fadd
    main.o(.text.main) refers to ffixi.o(.text) for __aeabi_f2iz
    main.o(.text.main) refers to bldc.o(.text.speedupdate) for speedupdate
    main.o(.text.main) refers to system_mm32spin06xx_s.o(.data.SystemCoreClock) for SystemCoreClock
    main.o(.text.main) refers to main.o(.data.pinstorage) for pinstorage
    main.o(.text.main) refers to main.o(.data.uarten) for uarten
    main.o(.text.main) refers to main.o(.bss.sRxBuffer) for sRxBuffer
    main.o(.text.main) refers to main.o(.bss.vbat) for vbat
    main.o(.text.main) refers to main.o(.bss.flicker) for flicker
    main.o(.text.main) refers to main.o(.bss.lastupdate) for lastupdate
    main.o(.text.main) refers to main.o(.bss.millis) for millis
    main.o(.text.main) refers to main.o(.bss.lastflicker) for lastflicker
    main.o(.ARM.exidx.text.main) refers to main.o(.text.main) for [Anonymous Symbol]
    delay.o(.text.DELAY_Init) refers to aeabi_sdivfast.o(.text_divfast) for __aeabi_uidiv
    delay.o(.text.DELAY_Init) refers to system_mm32spin06xx_s.o(.data.SystemCoreClock) for SystemCoreClock
    delay.o(.ARM.exidx.text.DELAY_Init) refers to delay.o(.text.DELAY_Init) for [Anonymous Symbol]
    delay.o(.text.SysTick_Handler) refers to delay.o(.bss.sTimingDelay) for [Anonymous Symbol]
    delay.o(.text.SysTick_Handler) refers to main.o(.bss.millis) for millis
    delay.o(.ARM.exidx.text.SysTick_Handler) refers to delay.o(.text.SysTick_Handler) for [Anonymous Symbol]
    delay.o(.text.DELAY_Ms) refers to delay.o(.bss.sTimingDelay) for [Anonymous Symbol]
    delay.o(.ARM.exidx.text.DELAY_Ms) refers to delay.o(.text.DELAY_Ms) for [Anonymous Symbol]
    bldc.o(.text.hallpos) refers to hardware.o(.text.digitalRead) for digitalRead
    bldc.o(.text.hallpos) refers to main.o(.data.pinstorage) for pinstorage
    bldc.o(.text.hallpos) refers to bldc.o(.rodata.hall_to_pos) for hall_to_pos
    bldc.o(.ARM.exidx.text.hallpos) refers to bldc.o(.text.hallpos) for [Anonymous Symbol]
    bldc.o(.text.commutate) refers to hal_tim.o(.text.TIM_CCxCmd) for TIM_CCxCmd
    bldc.o(.text.commutate) refers to hal_tim.o(.text.TIM_CCxNCmd) for TIM_CCxNCmd
    bldc.o(.text.commutate) refers to hal_tim.o(.text.TIM_SelectOCxM) for TIM_SelectOCxM
    bldc.o(.text.commutate) refers to hal_tim.o(.text.TIM_GenerateEvent) for TIM_GenerateEvent
    bldc.o(.text.commutate) refers to main.o(.data.step) for step
    bldc.o(.ARM.exidx.text.commutate) refers to bldc.o(.text.commutate) for [Anonymous Symbol]
    bldc.o(.text.speedupdate) refers to remoteuartbus.o(.text.RemoteUpdate) for RemoteUpdate
    bldc.o(.text.speedupdate) refers to calculation.o(.text.avgspeed) for avgspeed
    bldc.o(.text.speedupdate) refers to calculation.o(.text.PID) for PID
    bldc.o(.text.speedupdate) refers to aeabi_sdivfast.o(.text_divfast) for __aeabi_idiv
[...]
    [Anonymous Symbol]                       0x08001242   Section        0  interrupt.o(.text.DMA1_Channel4_5_IRQHandler)
    [Anonymous Symbol]                       0x0800125c   Section        0  hal_dma.o(.text.DMA_ClearITPendingBit)
    [Anonymous Symbol]                       0x08001264   Section        0  hal_dma.o(.text.DMA_Cmd)
    [Anonymous Symbol]                       0x08001270   Section        0  hal_dma.o(.text.DMA_DeInit)
    __arm_cp.0_0                             0x0800129c   Number         4  hal_dma.o(.text.DMA_DeInit)
    [Anonymous Symbol]                       0x080012a0   Section        0  hal_dma.o(.text.DMA_GetITStatus)
    __arm_cp.8_0                             0x080012ac   Number         4  hal_dma.o(.text.DMA_GetITStatus)
    [Anonymous Symbol]                       0x080012b0   Section        0  hal_dma.o(.text.DMA_ITConfig)
    [Anonymous Symbol]                       0x080012c4   Section        0  hal_dma.o(.text.DMA_Init)
    __arm_cp.1_0                             0x0800130c   Number         4  hal_dma.o(.text.DMA_Init)
    [Anonymous Symbol]                       0x08001310   Section        0  initialize.o(.text.DMA_NVIC_Config)
    [Anonymous Symbol]                       0x0800136c   Section        0  hal_dma.o(.text.DMA_StructInit)
    [Anonymous Symbol]                       0x08001382   Section        0  hal_gpio.o(.text.GPIO_Init)
    [Anonymous Symbol]                       0x08001412   Section        0  hal_gpio.o(.text.GPIO_PinAFConfig)
    [Anonymous Symbol]                       0x08001432   Section        0  hal_gpio.o(.text.GPIO_ReadInputDataBit)
    [Anonymous Symbol]                       0x0800143c   Section        0  hal_gpio.o(.text.GPIO_StructInit)
    __arm_cp.3_0                             0x08001448   Number         4  hal_gpio.o(.text.GPIO_StructInit)
    __arm_cp.3_1                             0x0800144c   Number         4  hal_gpio.o(.text.GPIO_StructInit)
    [Anonymous Symbol]                       0x08001450   Section        0  hal_gpio.o(.text.GPIO_WriteBit)
    [Anonymous Symbol]                       0x08001460   Section        0  initialize.o(.text.HALLTIM_Init)
    __arm_cp.2_0                             0x08001560   Number         4  initialize.o(.text.HALLTIM_Init)
    __arm_cp.2_2                             0x08001564   Number         4  initialize.o(.text.HALLTIM_Init)
    [Anonymous Symbol]                       0x08001568   Section        0  initialize.o(.text.HALL_Init)
    [Anonymous Symbol]                       0x08001588   Section        0  hal_iwdg.o(.text.IWDG_ReloadCounter)
    __arm_cp.6_0                             0x08001590   Number         4  hal_iwdg.o(.text.IWDG_ReloadCounter)
    __arm_cp.6_1                             0x08001594   Number         4  hal_iwdg.o(.text.IWDG_ReloadCounter)
    [Anonymous Symbol]                       0x08001598   Section        0  initialize.o(.text.NVIC_Configure)
    [Anonymous Symbol]                       0x080015b0   Section        0  hal_misc.o(.text.NVIC_Init)
    __arm_cp.0_0                             0x080015f4   Number         4  hal_misc.o(.text.NVIC_Init)
    __arm_cp.0_1                             0x080015f8   Number         4  hal_misc.o(.text.NVIC_Init)
    __arm_cp.0_2                             0x080015fc   Number         4  hal_misc.o(.text.NVIC_Init)
    [Anonymous Symbol]                       0x08001600   Section        0  calculation.o(.text.PID)
    [Anonymous Symbol]                       0x0800165c   Section        0  calculation.o(.text.PID2PWM)
    __arm_cp.5_1                             0x08001694   Number         4  calculation.o(.text.PID2PWM)
    __arm_cp.5_2                             0x08001698   Number         4  calculation.o(.text.PID2PWM)
    [Anonymous Symbol]                       0x0800169c   Section        0  calculation.o(.text.PIDrst)
    __arm_cp.0_0                             0x080016ac   Number         4  calculation.o(.text.PIDrst)
    __arm_cp.0_1                             0x080016b0   Number         4  calculation.o(.text.PIDrst)
    __arm_cp.0_2                             0x080016b4   Number         4  calculation.o(.text.PIDrst)
    [Anonymous Symbol]                       0x080016b8   Section        0  hal_rcc.o(.text.RCC_AHBPeriphClockCmd)
    __arm_cp.18_0                            0x080016d0   Number         4  hal_rcc.o(.text.RCC_AHBPeriphClockCmd)
    [Anonymous Symbol]                       0x080016d4   Section        0  hal_rcc.o(.text.RCC_APB1PeriphClockCmd)
    __arm_cp.20_0                            0x080016ec   Number         4  hal_rcc.o(.text.RCC_APB1PeriphClockCmd)
    [Anonymous Symbol]                       0x080016f0   Section        0  hal_rcc.o(.text.RCC_APB2PeriphClockCmd)
    __arm_cp.19_0                            0x08001708   Number         4  hal_rcc.o(.text.RCC_APB2PeriphClockCmd)
    [Anonymous Symbol]                       0x0800170c   Section        0  hal_rcc.o(.text.RCC_GetPCLK1Freq)
    [Anonymous Symbol]                       0x08001738   Section        0  hal_rcc.o(.text.RCC_GetPCLK2Freq)
    __arm_cp.16_0                            0x08001764   Number         4  hal_rcc.o(.text.RCC_GetPCLK2Freq)
    __arm_cp.16_1                            0x08001768   Number         4  hal_rcc.o(.text.RCC_GetPCLK2Freq)
    __arm_cp.16_2                            0x0800176c   Number         4  hal_rcc.o(.text.RCC_GetPCLK2Freq)
    __arm_cp.16_3                            0x08001770   Number         4  hal_rcc.o(.text.RCC_GetPCLK2Freq)
    [Anonymous Symbol]                       0x08001774   Section        0  remoteuartbus.o(.text.RemoteUpdate)
    __arm_cp.1_0                             0x08001828   Number         4  remoteuartbus.o(.text.RemoteUpdate)
    __arm_cp.1_1                             0x0800182c   Number         4  remoteuartbus.o(.text.RemoteUpdate)
    __arm_cp.1_3                             0x08001830   Number         4  remoteuartbus.o(.text.RemoteUpdate)
    __arm_cp.1_4                             0x08001834   Number         4  remoteuartbus.o(.text.RemoteUpdate)
    __arm_cp.1_5                             0x08001838   Number         4  remoteuartbus.o(.text.RemoteUpdate)
    __arm_cp.1_6                             0x0800183c   Number         4  remoteuartbus.o(.text.RemoteUpdate)
    __arm_cp.1_7                             0x08001840   Number         4  remoteuartbus.o(.text.RemoteUpdate)
    __arm_cp.1_9                             0x08001844   Number         4  remoteuartbus.o(.text.RemoteUpdate)
    __arm_cp.1_10                            0x08001848   Number         4  remoteuartbus.o(.text.RemoteUpdate)
    [Anonymous Symbol]                       0x0800184c   Section        0  delay.o(.text.SysTick_Handler)
    __arm_cp.1_0                             0x08001864   Number         4  delay.o(.text.SysTick_Handler)
    [Anonymous Symbol]                       0x08001868   Section        0  system_mm32spin06xx_s.o(.text.SystemInit)
    __arm_cp.0_0                             0x080019b4   Number         4  system_mm32spin06xx_s.o(.text.SystemInit)
    __arm_cp.0_1                             0x080019b8   Number         4  system_mm32spin06xx_s.o(.text.SystemInit)
    __arm_cp.0_2                             0x080019bc   Number         4  system_mm32spin06xx_s.o(.text.SystemInit)
    __arm_cp.0_3                             0x080019c0   Number         4  system_mm32spin06xx_s.o(.text.SystemInit)
    __arm_cp.0_4                             0x080019c4   Number         4  system_mm32spin06xx_s.o(.text.SystemInit)
    __arm_cp.0_5                             0x080019c8   Number         4  system_mm32spin06xx_s.o(.text.SystemInit)
    __arm_cp.0_6                             0x080019cc   Number         4  system_mm32spin06xx_s.o(.text.SystemInit)
    __arm_cp.0_7                             0x080019d0   Number         4  system_mm32spin06xx_s.o(.text.SystemInit)
    __arm_cp.0_8                             0x080019d4   Number         4  system_mm32spin06xx_s.o(.text.SystemInit)
    __arm_cp.0_9                             0x080019d8   Number         4  system_mm32spin06xx_s.o(.text.SystemInit)
    [Anonymous Symbol]                       0x080019dc   Section        0  interrupt.o(.text.TIM1_BRK_UP_TRG_COM_IRQHandler)
    [Anonymous Symbol]                       0x080019e8   Section        0  initialize.o(.text.TIM1_init)
    __arm_cp.5_1                             0x08001ae4   Number         4  initialize.o(.text.TIM1_init)
    __arm_cp.5_2                             0x08001ae8   Number         4  initialize.o(.text.TIM1_init)
    __arm_cp.5_3                             0x08001aec   Number         4  initialize.o(.text.TIM1_init)
    [Anonymous Symbol]                       0x08001af0   Section        0  interrupt.o(.text.TIM2_IRQHandler)
    __arm_cp.4_2                             0x08001b40   Number         4  interrupt.o(.text.TIM2_IRQHandler)
    __arm_cp.4_4                             0x08001b44   Number         4  interrupt.o(.text.TIM2_IRQHandler)
    [Anonymous Symbol]                       0x08001b48   Section        0  interrupt.o(.text.TIM3_IRQHandler)
    __arm_cp.5_0                             0x08001b94   Number         4  interrupt.o(.text.TIM3_IRQHandler)
    __arm_cp.5_1                             0x08001b98   Number         4  interrupt.o(.text.TIM3_IRQHandler)
    __arm_cp.5_2                             0x08001b9c   Number         4  interrupt.o(.text.TIM3_IRQHandler)
    __arm_cp.5_3                             0x08001ba0   Number         4  interrupt.o(.text.TIM3_IRQHandler)
    __arm_cp.5_4                             0x08001ba4   Number         4  interrupt.o(.text.TIM3_IRQHandler)
    __arm_cp.5_5                             0x08001ba8   Number         4  interrupt.o(.text.TIM3_IRQHandler)
    [Anonymous Symbol]                       0x08001bac   Section        0  hal_tim.o(.text.TIM_BDTRConfig)
    [Anonymous Symbol]                       0x08001bca   Section        0  hal_tim.o(.text.TIM_BDTRStructInit)
    [Anonymous Symbol]                       0x08001bdc   Section        0  hal_tim.o(.text.TIM_CCPreloadControl)
    [Anonymous Symbol]                       0x08001bec   Section        0  hal_tim.o(.text.TIM_CCxCmd)
    [Anonymous Symbol]                       0x08001bfc   Section        0  hal_tim.o(.text.TIM_CCxNCmd)
    [Anonymous Symbol]                       0x08001c10   Section        0  hal_tim.o(.text.TIM_ClearITPendingBit)
    [Anonymous Symbol]                       0x08001c18   Section        0  hal_tim.o(.text.TIM_Cmd)
    [Anonymous Symbol]                       0x08001c28   Section        0  hal_tim.o(.text.TIM_CtrlPWMOutputs)
    [Anonymous Symbol]                       0x08001c3c   Section        0  hal_tim.o(.text.TIM_GenerateEvent)
    [Anonymous Symbol]                       0x08001c40   Section        0  hal_tim.o(.text.TIM_GetITStatus)
    [Anonymous Symbol]                       0x08001c54   Section        0  hal_tim.o(.text.TIM_ICInit)
    [Anonymous Symbol]                       0x08001d46   Section        0  hal_tim.o(.text.TIM_ICStructInit)
    [Anonymous Symbol]                       0x08001d52   Section        0  hal_tim.o(.text.TIM_ITConfig)
    [Anonymous Symbol]                       0x08001d68   Section        0  hal_tim.o(.text.TIM_OC1Init)
    __arm_cp.2_0                             0x08001dc0   Number         4  hal_tim.o(.text.TIM_OC1Init)
    [Anonymous Symbol]                       0x08001dc4   Section        0  hal_tim.o(.text.TIM_OC2Init)
    [Anonymous Symbol]                       0x08001e20   Section        0  hal_tim.o(.text.TIM_OC3Init)
    __arm_cp.4_0                             0x08001e78   Number         4  hal_tim.o(.text.TIM_OC3Init)
    [Anonymous Symbol]                       0x08001e7c   Section        0  hal_tim.o(.text.TIM_OCStructInit)
    [Anonymous Symbol]                       0x08001e8a   Section        0  hal_tim.o(.text.TIM_SelectHallSensor)
    [Anonymous Symbol]                       0x08001e9c   Section        0  hal_tim.o(.text.TIM_SelectInputTrigger)
    [Anonymous Symbol]                       0x08001ea8   Section        0  hal_tim.o(.text.TIM_SelectMasterSlaveMode)
    [Anonymous Symbol]                       0x08001eb4   Section        0  hal_tim.o(.text.TIM_SelectOCxM)
    [Anonymous Symbol]                       0x08001f0c   Section        0  hal_tim.o(.text.TIM_SelectSlaveMode)
    [Anonymous Symbol]                       0x08001f18   Section        0  hal_tim.o(.text.TIM_TimeBaseInit)
    __arm_cp.1_0                             0x08001f88   Number         4  hal_tim.o(.text.TIM_TimeBaseInit)
    __arm_cp.1_1                             0x08001f8c   Number         4  hal_tim.o(.text.TIM_TimeBaseInit)
    __arm_cp.1_2                             0x08001f90   Number         4  hal_tim.o(.text.TIM_TimeBaseInit)
    __arm_cp.1_3                             0x08001f94   Number         4  hal_tim.o(.text.TIM_TimeBaseInit)
    __arm_cp.1_4                             0x08001f98   Number         4  hal_tim.o(.text.TIM_TimeBaseInit)
    [Anonymous Symbol]                       0x08001f9c   Section        0  hal_tim.o(.text.TIM_TimeBaseStructInit)
    [Anonymous Symbol]                       0x08001fac   Section        0  hal_tim.o(.text.TIM_UpdateRequestConfig)
    [Anonymous Symbol]                       0x08001fb8   Section        0  initialize.o(.text.UARTX_Init)
    [Anonymous Symbol]                       0x08002014   Section        0  hal_uart.o(.text.UART_Cmd)
    [Anonymous Symbol]                       0x08002020   Section        0  hal_uart.o(.text.UART_DMACmd)
    [Anonymous Symbol]                       0x08002030   Section        0  initialize.o(.text.UART_GPIO_Init)
    __arm_cp.7_0                             0x08002074   Number         4  initialize.o(.text.UART_GPIO_Init)
    [Anonymous Symbol]                       0x08002078   Section        0  hal_uart.o(.text.UART_GetFlagStatus)
    [Anonymous Symbol]                       0x08002084   Section        0  hal_uart.o(.text.UART_Init)
    __arm_cp.1_1                             0x080020f4   Number         4  hal_uart.o(.text.UART_Init)
    [Anonymous Symbol]                       0x080020f8   Section        0  hal_uart.o(.text.UART_SendData)
    [Anonymous Symbol]                       0x08002100   Section        0  uart.o(.text.UART_SendString)
    [Anonymous Symbol]                       0x08002148   Section        0  uart.o(.text.UART_Send_Group)
    __arm_cp.1_0                             0x08002198   Number         4  uart.o(.text.UART_Send_Group)
    __arm_cp.1_1                             0x0800219c   Number         4  uart.o(.text.UART_Send_Group)
    __arm_cp.1_2                             0x080021a0   Number         4  uart.o(.text.UART_Send_Group)
    [Anonymous Symbol]                       0x080021a4   Section        0  hal_uart.o(.text.UART_StructInit)
    [Anonymous Symbol]                       0x080021bc   Section        0  initialize.o(.text.adc_Init)
    __arm_cp.9_0                             0x08002278   Number         4  initialize.o(.text.adc_Init)
    __arm_cp.9_1                             0x0800227c   Number         4  initialize.o(.text.adc_Init)
    [Anonymous Symbol]                       0x08002280   Section        0  hardware.o(.text.analogRead)
    __arm_cp.4_0                             0x08002308   Number         4  hardware.o(.text.analogRead)
    __arm_cp.4_1                             0x0800230c   Number         4  hardware.o(.text.analogRead)
    [Anonymous Symbol]                       0x08002310   Section        0  calculation.o(.text.avgItotal)
    __arm_cp.4_0                             0x08002344   Number         4  calculation.o(.text.avgItotal)
    __arm_cp.4_1                             0x08002348   Number         4  calculation.o(.text.avgItotal)
    __arm_cp.4_2                             0x0800234c   Number         4  calculation.o(.text.avgItotal)
    __arm_cp.4_3                             0x08002350   Number         4  calculation.o(.text.avgItotal)
    __arm_cp.4_4                             0x08002354   Number         4  calculation.o(.text.avgItotal)
    [Anonymous Symbol]                       0x08002358   Section        0  calculation.o(.text.avgspeed)
    __arm_cp.2_0                             0x0800238c   Number         4  calculation.o(.text.avgspeed)
    __arm_cp.2_1                             0x08002390   Number         4  calculation.o(.text.avgspeed)
    __arm_cp.2_2                             0x08002394   Number         4  calculation.o(.text.avgspeed)
    __arm_cp.2_3                             0x08002398   Number         4  calculation.o(.text.avgspeed)
    __arm_cp.2_4                             0x0800239c   Number         4  calculation.o(.text.avgspeed)
    [Anonymous Symbol]                       0x080023a0   Section        0  calculation.o(.text.avgvbat)
    __arm_cp.3_0                             0x080023d4   Number         4  calculation.o(.text.avgvbat)
    __arm_cp.3_1                             0x080023d8   Number         4  calculation.o(.text.avgvbat)
    __arm_cp.3_2                             0x080023dc   Number         4  calculation.o(.text.avgvbat)
    __arm_cp.3_3                             0x080023e0   Number         4  calculation.o(.text.avgvbat)
    __arm_cp.3_4                             0x080023e4   Number         4  calculation.o(.text.avgvbat)
    [Anonymous Symbol]                       0x080023e8   Section        0  bldc.o(.text.commutate)
    __arm_cp.1_0                             0x08002680   Number         4  bldc.o(.text.commutate)
    __arm_cp.1_1                             0x08002684   Number         4  bldc.o(.text.commutate)
    [Anonymous Symbol]                       0x08002688   Section        0  hardware.o(.text.digitalRead)
    [Anonymous Symbol]                       0x080026c0   Section        0  hardware.o(.text.digitalWrite)
    __arm_cp.3_0                             0x080026f8   Number         4  hardware.o(.text.digitalWrite)
    __arm_cp.3_1                             0x080026fc   Number         4  hardware.o(.text.digitalWrite)
    __arm_cp.3_2                             0x08002700   Number         4  hardware.o(.text.digitalWrite)
    __arm_cp.3_3                             0x08002704   Number         4  hardware.o(.text.digitalWrite)
    [Anonymous Symbol]                       0x08002708   Section        0  bldc.o(.text.hallpos)
    __arm_cp.0_1                             0x08002740   Number         4  bldc.o(.text.hallpos)
    [Anonymous Symbol]                       0x08002744   Section        0  initialize.o(.text.io_init)
    __arm_cp.0_0                             0x080027c0   Number         4  initialize.o(.text.io_init)
    [Anonymous Symbol]                       0x080027c4   Section        0  main.o(.text.main)
    __arm_cp.0_0                             0x08002b4c   Number         4  main.o(.text.main)
    __arm_cp.0_1                             0x08002b50   Number         4  main.o(.text.main)
    __arm_cp.0_2                             0x08002b54   Number         4  main.o(.text.main)
    __arm_cp.0_3                             0x08002b58   Number         4  main.o(.text.main)
    __arm_cp.0_4                             0x08002b5c   Number         4  main.o(.text.main)
    __arm_cp.0_5                             0x08002b60   Number         4  main.o(.text.main)
    __arm_cp.0_6                             0x08002b64   Number         4  main.o(.text.main)
    __arm_cp.0_7                             0x08002b68   Number         4  main.o(.text.main)
    __arm_cp.0_8                             0x08002b6c   Number         4  main.o(.text.main)
    __arm_cp.0_9                             0x08002b70   Number         4  main.o(.text.main)
    __arm_cp.0_11                            0x08002b84   Number         4  main.o(.text.main)
    __arm_cp.0_12                            0x08002b88   Number         4  main.o(.text.main)
    __arm_cp.0_13                            0x08002b8c   Number         4  main.o(.text.main)
    __arm_cp.0_14                            0x08002b90   Number         4  main.o(.text.main)
    __arm_cp.0_15                            0x08002b94   Number         4  main.o(.text.main)
    __arm_cp.0_16                            0x08002b98   Number         4  main.o(.text.main)
    __arm_cp.0_17                            0x08002b9c   Number         4  main.o(.text.main)
    __arm_cp.0_18                            0x08002ba0   Number         4  main.o(.text.main)
    __arm_cp.0_19                            0x08002ba4   Number         4  main.o(.text.main)
    __arm_cp.0_20                            0x08002ba8   Number         4  main.o(.text.main)
    __arm_cp.0_21                            0x08002bac   Number         4  main.o(.text.main)
    __arm_cp.0_22                            0x08002bb0   Number         4  main.o(.text.main)
    __arm_cp.0_23                            0x08002bb4   Number         4  main.o(.text.main)
    __arm_cp.0_24                            0x08002bb8   Number         4  main.o(.text.main)
    __arm_cp.0_25                            0x08002bbc   Number         4  main.o(.text.main)
    [Anonymous Symbol]                       0x08002bc0   Section        0  hardware.o(.text.pinMode)
    __arm_cp.0_4                             0x08002c00   Number         4  hardware.o(.text.pinMode)
    [Anonymous Symbol]                       0x08002c04   Section        0  hardware.o(.text.pinModeAF)
    __arm_cp.1_0                             0x08002c3c   Number         4  hardware.o(.text.pinModeAF)
    __arm_cp.1_1                             0x08002c40   Number         4  hardware.o(.text.pinModeAF)
    __arm_cp.1_2                             0x08002c44   Number         4  hardware.o(.text.pinModeAF)
    __arm_cp.1_3                             0x08002c48   Number         4  hardware.o(.text.pinModeAF)
    [Anonymous Symbol]                       0x08002c4c   Section        0  sim_eeprom.o(.text.restorecfg)
    __arm_cp.5_0                             0x08002d28   Number         4  sim_eeprom.o(.text.restorecfg)
    __arm_cp.5_1                             0x08002d2c   Number         4  sim_eeprom.o(.text.restorecfg)
    __arm_cp.5_3                             0x08002d30   Number         4  sim_eeprom.o(.text.restorecfg)
    [Anonymous Symbol]                       0x08002d34   Section        0  remoteuartbus.o(.text.serialit)
    __arm_cp.3_0                             0x08002e2c   Number         4  remoteuartbus.o(.text.serialit)
    __arm_cp.3_1                             0x08002e30   Number         4  remoteuartbus.o(.text.serialit)
    __arm_cp.3_2                             0x08002e34   Number         4  remoteuartbus.o(.text.serialit)
    __arm_cp.3_3                             0x08002e38   Number         4  remoteuartbus.o(.text.serialit)
    __arm_cp.3_4                             0x08002e3c   Number         4  remoteuartbus.o(.text.serialit)
    __arm_cp.3_5                             0x08002e40   Number         4  remoteuartbus.o(.text.serialit)
    __arm_cp.3_8                             0x08002e44   Number         4  remoteuartbus.o(.text.serialit)
    __arm_cp.3_9                             0x08002e48   Number         4  remoteuartbus.o(.text.serialit)
    __arm_cp.3_10                            0x08002e4c   Number         4  remoteuartbus.o(.text.serialit)
    __arm_cp.3_12                            0x08002e50   Number         4  remoteuartbus.o(.text.serialit)
    [Anonymous Symbol]                       0x08002e54   Section        0  bldc.o(.text.speedupdate)
    __arm_cp.2_0                             0x08002f14   Number         4  bldc.o(.text.speedupdate)
    __arm_cp.2_1                             0x08002f18   Number         4  bldc.o(.text.speedupdate)
    __arm_cp.2_2                             0x08002f1c   Number         4  bldc.o(.text.speedupdate)
    __arm_cp.2_3                             0x08002f20   Number         4  bldc.o(.text.speedupdate)
    __arm_cp.2_4                             0x08002f24   Number         4  bldc.o(.text.speedupdate)
    __arm_cp.2_6                             0x08002f28   Number         4  bldc.o(.text.speedupdate)
    __arm_cp.2_7                             0x08002f2c   Number         4  bldc.o(.text.speedupdate)
    __arm_cp.2_8                             0x08002f30   Number         4  bldc.o(.text.speedupdate)
    __arm_cp.2_9                             0x08002f34   Number         4  bldc.o(.text.speedupdate)
    __arm_cp.2_10                            0x08002f38   Number         4  bldc.o(.text.speedupdate)
    __arm_cp.2_11                            0x08002f3c   Number         4  bldc.o(.text.speedupdate)
    __arm_cp.2_12                            0x08002f40   Number         4  bldc.o(.text.speedupdate)
    [Anonymous Symbol]                       0x08002f44   Section        0  calculation.o(.text.updateMotorRPM)
    __arm_cp.6_0                             0x08002f5c   Number         4  calculation.o(.text.updateMotorRPM)
    __arm_cp.6_1                             0x08002f60   Number         4  calculation.o(.text.updateMotorRPM)
    .text_divfast                            0x08002f64   Section      502  aeabi_sdivfast.o(.text_divfast)
    x$fpl$fadd                               0x0800315c   Section      140  faddsub.o(x$fpl$fadd)
    _fadd1                                   0x08003169   Thumb Code     0  faddsub.o(x$fpl$fadd)
    x$fpl$fmul                               0x080031e8   Section      176  fmul.o(x$fpl$fmul)
    x$fpl$fsub                               0x08003298   Section      208  faddsub.o(x$fpl$fsub)
    _fsub1                                   0x080032a5   Thumb Code     0  faddsub.o(x$fpl$fsub)
    ddiv_reciptbl                            0x08003368   Data         128  ddiv.o(.constdata)
    .constdata                               0x08003368   Section      128  ddiv.o(.constdata)
    x$fpl$usenofp                            0x08003368   Section        0  usenofp.o(x$fpl$usenofp)
    fdiv_tab                                 0x080033e8   Data          64  fdiv.o(.constdata)
    .constdata                               0x080033e8   Section       64  fdiv.o(.constdata)
    .bss                                     0x200000a8   Section       96  libspace.o(.bss)
    aReceiveBuffer                           0x2000010c   Data         255  remoteuartbus.o(.bss.aReceiveBuffer)
    [Anonymous Symbol]                       0x2000010c   Section        0  remoteuartbus.o(.bss.aReceiveBuffer)
    iReceivePos                              0x200003b0   Data           2  remoteuartbus.o(.bss.iReceivePos)
    [Anonymous Symbol]                       0x200003b0   Section        0  remoteuartbus.o(.bss.iReceivePos)
    sTimingDelay                             0x200003fc   Data           4  delay.o(.bss.sTimingDelay)
    [Anonymous Symbol]                       0x200003fc   Section        0  delay.o(.bss.sTimingDelay)
    Heap_Mem                                 0x20000498   Data         512  startup_mm32spin06xx_s_keil.o(HEAP)
    HEAP                                     0x20000498   Section      512  startup_mm32spin06xx_s_keil.o(HEAP)
    Stack_Mem                                0x20000698   Data        1024  startup_mm32spin06xx_s_keil.o(STACK)
    STACK                                    0x20000698   Section     1024  startup_mm32spin06xx_s_keil.o(STACK)
    __initial_sp                             0x20000a98   Data           0  startup_mm32spin06xx_s_keil.o(STACK)

    Global Symbols

    Symbol Name                              Value     Ov Type        Size  Object(Section)

    BuildAttributes$$THM_ISAv3M$S$PE$A:L22$X:L11$S22$IEEE1$IW$~IW$USESV6$~STKCKD$USESV7$~SHL$OTIME$ROPI$EBA8$UX$STANDARDLIB$REQ8$PRES8$EABIv2 0x00000000   Number         0  anon$$obj.o ABSOLUTE
    __ARM_exceptions_init                     - Undefined Weak Reference
    __alloca_initialize                       - Undefined Weak Reference
    __arm_preinit_                            - Undefined Weak Reference
    __arm_relocate_pie_                       - Undefined Weak Reference
    __cpp_initialize__aeabi_                  - Undefined Weak Reference
    __cxa_finalize                            - Undefined Weak Reference
    __rt_locale                               - Undefined Weak Reference
    __sigvec_lookup                           - Undefined Weak Reference
    _atexit_init                              - Undefined Weak Reference
    _call_atexit_fns                          - Undefined Weak Reference
    _clock_init                               - Undefined Weak Reference
    _fp_trap_init                             - Undefined Weak Reference
    _fp_trap_shutdown                         - Undefined Weak Reference
    _get_lc_collate                           - Undefined Weak Reference
    _get_lc_ctype                             - Undefined Weak Reference
    _get_lc_monetary                          - Undefined Weak Reference
    _get_lc_numeric                           - Undefined Weak Reference
    _get_lc_time                              - Undefined Weak Reference
    _getenv_init                              - Undefined Weak Reference
    _handle_redirection                       - Undefined Weak Reference
    _init_alloc                               - Undefined Weak Reference
    _init_user_alloc                          - Undefined Weak Reference
    _initio                                   - Undefined Weak Reference
    _rand_init                                - Undefined Weak Reference
    _signal_finish                            - Undefined Weak Reference
    _signal_init                              - Undefined Weak Reference
    _terminate_alloc                          - Undefined Weak Reference
    _terminate_user_alloc                     - Undefined Weak Reference
    _terminateio                              - Undefined Weak Reference
    __Vectors_Size                           0x000000c0   Number         0  startup_mm32spin06xx_s_keil.o ABSOLUTE
    __Vectors                                0x08000000   Data           4  startup_mm32spin06xx_s_keil.o(RESET)
    __Vectors_End                            0x080000c0   Data           0  startup_mm32spin06xx_s_keil.o(RESET)
    __main                                   0x080000c1   Thumb Code     8  __main.o(!!!main)
    __scatterload                            0x080000c9   Thumb Code     0  __scatter.o(!!!scatter)
    __scatterload_rt2                        0x080000c9   Thumb Code    52  __scatter.o(!!!scatter)
    __scatterload_rt2_thumb_only             0x080000c9   Thumb Code     0  __scatter.o(!!!scatter)
    __scatterload_null                       0x080000d9   Thumb Code     0  __scatter.o(!!!scatter)
    __scatterload_copy                       0x08000105   Thumb Code    26  __scatter_copy.o(!!handler_copy)
    __scatterload_zeroinit                   0x08000121   Thumb Code    28  __scatter_zi.o(!!handler_zi)
    __rt_lib_init                            0x0800013d   Thumb Code     0  libinit.o(.ARM.Collect$$libinit$$00000000)
    __rt_lib_init_alloca_1                   0x0800013f   Thumb Code     0  libinit2.o(.ARM.Collect$$libinit$$00000030)
    __rt_lib_init_argv_1                     0x0800013f   Thumb Code     0  libinit2.o(.ARM.Collect$$libinit$$0000002E)
    __rt_lib_init_atexit_1                   0x0800013f   Thumb Code     0  libinit2.o(.ARM.Collect$$libinit$$0000001D)
    __rt_lib_init_clock_1                    0x0800013f   Thumb Code     0  libinit2.o(.ARM.Collect$$libinit$$00000023)
    __rt_lib_init_cpp_1                      0x0800013f   Thumb Code     0  libinit2.o(.ARM.Collect$$libinit$$00000034)
    __rt_lib_init_exceptions_1               0x0800013f   Thumb Code     0  libinit2.o(.ARM.Collect$$libinit$$00000032)
    __rt_lib_init_fp_1                       0x0800013f   Thumb Code     0  libinit2.o(.ARM.Collect$$libinit$$00000002)
    __rt_lib_init_fp_trap_1                  0x0800013f   Thumb Code     0  libinit2.o(.ARM.Collect$$libinit$$00000021)
    __rt_lib_init_getenv_1                   0x0800013f   Thumb Code     0  libinit2.o(.ARM.Collect$$libinit$$00000025)
    __rt_lib_init_heap_1                     0x0800013f   Thumb Code     0  libinit2.o(.ARM.Collect$$libinit$$0000000C)
    __rt_lib_init_lc_collate_1               0x0800013f   Thumb Code     0  libinit2.o(.ARM.Collect$$libinit$$00000013)
    __rt_lib_init_lc_ctype_1                 0x0800013f   Thumb Code     0  libinit2.o(.ARM.Collect$$libinit$$00000015)
    __rt_lib_init_lc_monetary_1              0x0800013f   Thumb Code     0  libinit2.o(.ARM.Collect$$libinit$$00000017)
    __rt_lib_init_lc_numeric_1               0x0800013f   Thumb Code     0  libinit2.o(.ARM.Collect$$libinit$$00000019)
    __rt_lib_init_lc_time_1                  0x0800013f   Thumb Code     0  libinit2.o(.ARM.Collect$$libinit$$0000001B)
    __rt_lib_init_preinit_1                  0x0800013f   Thumb Code     0  libinit2.o(.ARM.Collect$$libinit$$00000006)
    __rt_lib_init_rand_1                     0x0800013f   Thumb Code     0  libinit2.o(.ARM.Collect$$libinit$$00000010)
    __rt_lib_init_relocate_pie_1             0x0800013f   Thumb Code     0  libinit2.o(.ARM.Collect$$libinit$$00000004)
    __rt_lib_init_return                     0x0800013f   Thumb Code     0  libinit2.o(.ARM.Collect$$libinit$$00000035)
    __rt_lib_init_signal_1                   0x0800013f   Thumb Code     0  libinit2.o(.ARM.Collect$$libinit$$0000001F)
    __rt_lib_init_stdio_1                    0x0800013f   Thumb Code     0  libinit2.o(.ARM.Collect$$libinit$$00000027)
    __rt_lib_init_user_alloc_1               0x0800013f   Thumb Code     0  libinit2.o(.ARM.Collect$$libinit$$0000000E)
    __rt_lib_shutdown                        0x08000141   Thumb Code     0  libshutdown.o(.ARM.Collect$$libshutdown$$00000000)
    __rt_lib_shutdown_cpp_1                  0x08000143   Thumb Code     0  libshutdown2.o(.ARM.Collect$$libshutdown$$00000002)
    __rt_lib_shutdown_fp_trap_1              0x08000143   Thumb Code     0  libshutdown2.o(.ARM.Collect$$libshutdown$$00000007)
    __rt_lib_shutdown_heap_1                 0x08000143   Thumb Code     0  libshutdown2.o(.ARM.Collect$$libshutdown$$0000000F)
    __rt_lib_shutdown_return                 0x08000143   Thumb Code     0  libshutdown2.o(.ARM.Collect$$libshutdown$$00000010)
    __rt_lib_shutdown_signal_1               0x08000143   Thumb Code     0  libshutdown2.o(.ARM.Collect$$libshutdown$$0000000A)
    __rt_lib_shutdown_stdio_1                0x08000143   Thumb Code     0  libshutdown2.o(.ARM.Collect$$libshutdown$$00000004)
    __rt_lib_shutdown_user_alloc_1           0x08000143   Thumb Code     0  libshutdown2.o(.ARM.Collect$$libshutdown$$0000000C)
    __rt_entry                               0x08000145   Thumb Code     0  __rtentry.o(.ARM.Collect$$rtentry$$00000000)
    __rt_entry_presh_1                       0x08000145   Thumb Code     0  __rtentry2.o(.ARM.Collect$$rtentry$$00000002)
    __rt_entry_sh                            0x08000145   Thumb Code     0  __rtentry4.o(.ARM.Collect$$rtentry$$00000004)
    __rt_entry_li                            0x0800014b   Thumb Code     0  __rtentry2.o(.ARM.Collect$$rtentry$$0000000A)
    __rt_entry_postsh_1                      0x0800014b   Thumb Code     0  __rtentry2.o(.ARM.Collect$$rtentry$$00000009)
    __rt_entry_main                          0x0800014f   Thumb Code     0  __rtentry2.o(.ARM.Collect$$rtentry$$0000000D)
    __rt_entry_postli_1                      0x0800014f   Thumb Code     0  __rtentry2.o(.ARM.Collect$$rtentry$$0000000C)
    __rt_exit                                0x08000157   Thumb Code     0  rtexit.o(.ARM.Collect$$rtexit$$00000000)
    __rt_exit_ls                             0x08000159   Thumb Code     0  rtexit2.o(.ARM.Collect$$rtexit$$00000003)
    __rt_exit_prels_1                        0x08000159   Thumb Code     0  rtexit2.o(.ARM.Collect$$rtexit$$00000002)
    __rt_exit_exit                           0x0800015d   Thumb Code     0  rtexit2.o(.ARM.Collect$$rtexit$$00000004)
    __aeabi_memcpy4                          0x08000165   Thumb Code    56  rt_memcpy.o(.emb_text)
    __aeabi_memcpy8                          0x08000165   Thumb Code     0  rt_memcpy.o(.emb_text)
    Reset_Handler                            0x0800019d   Thumb Code    44  startup_mm32spin06xx_s_keil.o(.text)
    NMI_Handler                              0x080001c9   Thumb Code     2  startup_mm32spin06xx_s_keil.o(.text)
    HardFault_Handler                        0x080001cb   Thumb Code     2  startup_mm32spin06xx_s_keil.o(.text)
    SVC_Handler                              0x080001cd   Thumb Code     2  startup_mm32spin06xx_s_keil.o(.text)
    PendSV_Handler                           0x080001cf   Thumb Code     2  startup_mm32spin06xx_s_keil.o(.text)
    CAN_IRQHandler                           0x080001d3   Thumb Code     0  startup_mm32spin06xx_s_keil.o(.text)
    DMA1_Channel1_IRQHandler                 0x080001d3   Thumb Code     0  startup_mm32spin06xx_s_keil.o(.text)
    EXTI0_1_IRQHandler                       0x080001d3   Thumb Code     0  startup_mm32spin06xx_s_keil.o(.text)
    EXTI2_3_IRQHandler                       0x080001d3   Thumb Code     0  startup_mm32spin06xx_s_keil.o(.text)
    EXTI4_15_IRQHandler                      0x080001d3   Thumb Code     0  startup_mm32spin06xx_s_keil.o(.text)
    FLASH_IRQHandler                         0x080001d3   Thumb Code     0  startup_mm32spin06xx_s_keil.o(.text)
    HWDIV_IRQHandler                         0x080001d3   Thumb Code     0  startup_mm32spin06xx_s_keil.o(.text)
    I2C1_IRQHandler                          0x080001d3   Thumb Code     0  startup_mm32spin06xx_s_keil.o(.text)
    PVD_IRQHandler                           0x080001d3   Thumb Code     0  startup_mm32spin06xx_s_keil.o(.text)
    RCC_CRS_IRQHandler                       0x080001d3   Thumb Code     0  startup_mm32spin06xx_s_keil.o(.text)
    RTC_BKP_IRQHandler                       0x080001d3   Thumb Code     0  startup_mm32spin06xx_s_keil.o(.text)
    SPI1_IRQHandler                          0x080001d3   Thumb Code     0  startup_mm32spin06xx_s_keil.o(.text)
    SPI2_IRQHandler                          0x080001d3   Thumb Code     0  startup_mm32spin06xx_s_keil.o(.text)
    TIM14_IRQHandler                         0x080001d3   Thumb Code     0  startup_mm32spin06xx_s_keil.o(.text)
    TIM16_IRQHandler                         0x080001d3   Thumb Code     0  startup_mm32spin06xx_s_keil.o(.text)
    TIM17_IRQHandler                         0x080001d3   Thumb Code     0  startup_mm32spin06xx_s_keil.o(.text)
    TIM1_CC_IRQHandler                       0x080001d3   Thumb Code     0  startup_mm32spin06xx_s_keil.o(.text)
    UART1_IRQHandler                         0x080001d3   Thumb Code     0  startup_mm32spin06xx_s_keil.o(.text)
    UART2_IRQHandler                         0x080001d3   Thumb Code     0  startup_mm32spin06xx_s_keil.o(.text)
    WWDG_IRQHandler                          0x080001d3   Thumb Code     0  startup_mm32spin06xx_s_keil.o(.text)
    __user_initial_stackheap                 0x080001d5   Thumb Code     0  startup_mm32spin06xx_s_keil.o(.text)
    __aeabi_memcpy                           0x08000219   Thumb Code   130  rt_memcpy.o(.text)
    __rt_memcpy                              0x08000219   Thumb Code     0  rt_memcpy.o(.text)
    __use_two_region_memory                  0x0800029b   Thumb Code     2  heapauxi.o(.text)
    __rt_heap_escrow$2region                 0x0800029d   Thumb Code     2  heapauxi.o(.text)
    __rt_heap_expand$2region                 0x0800029f   Thumb Code     2  heapauxi.o(.text)
    __aeabi_d2f                              0x080002a1   Thumb Code     0  d2f.o(.text)
    _d2f                                     0x080002a1   Thumb Code   120  d2f.o(.text)
    __aeabi_ddiv                             0x0800031d   Thumb Code     0  ddiv.o(.text)
    _ddiv                                    0x0800031d   Thumb Code  1072  ddiv.o(.text)
    _drdiv                                   0x0800074d   Thumb Code    20  ddiv.o(.text)
    __aeabi_d2iz                             0x08000765   Thumb Code     0  dfixi.o(.text)
    _dfix                                    0x08000765   Thumb Code    98  dfixi.o(.text)
    __aeabi_d2uiz                            0x080007d1   Thumb Code     0  dfixui.o(.text)
    _dfixu                                   0x080007d1   Thumb Code    68  dfixui.o(.text)
    __aeabi_i2d_normalise                    0x08000819   Thumb Code    66  dflti.o(.text)
    __aeabi_i2d                              0x0800085b   Thumb Code    16  dflti.o(.text)
    _dflt                                    0x0800085b   Thumb Code     0  dflti.o(.text)
    __aeabi_ui2d                             0x0800086b   Thumb Code     6  dflti.o(.text)
    _dfltu                                   0x0800086b   Thumb Code     0  dflti.o(.text)
    __aeabi_dmul                             0x08000871   Thumb Code     0  dmul.o(.text)
    _dmul                                    0x08000871   Thumb Code   558  dmul.o(.text)
    __aeabi_f2d                              0x08000ab9   Thumb Code     0  f2d.o(.text)
    _f2d                                     0x08000ab9   Thumb Code    80  f2d.o(.text)
    __aeabi_fdiv                             0x08000b0d   Thumb Code     0  fdiv.o(.text)
    _fdiv                                    0x08000b0d   Thumb Code   334  fdiv.o(.text)
    _frdiv                                   0x08000c5b   Thumb Code     8  fdiv.o(.text)
    __aeabi_f2iz                             0x08000c6d   Thumb Code     0  ffixi.o(.text)
    _ffix                                    0x08000c6d   Thumb Code    76  ffixi.o(.text)
    __aeabi_i2f_normalise                    0x08000cb9   Thumb Code    72  fflti.o(.text)
    __aeabi_i2f                              0x08000d01   Thumb Code    16  fflti.o(.text)
    _fflt                                    0x08000d01   Thumb Code     0  fflti.o(.text)
    __aeabi_ui2f                             0x08000d11   Thumb Code     6  fflti.o(.text)
    _ffltu                                   0x08000d11   Thumb Code     0  fflti.o(.text)
    __user_setup_stackheap                   0x08000d17   Thumb Code    62  sys_stackheap_outer.o(.text)
    exit                                     0x08000d55   Thumb Code    16  exit.o(.text)
    __user_libspace                          0x08000d65   Thumb Code     8  libspace.o(.text)
    __user_perproc_libspace                  0x08000d65   Thumb Code     0  libspace.o(.text)
    __user_perthread_libspace                0x08000d65   Thumb Code     0  libspace.o(.text)
    _sys_exit                                0x08000d6d   Thumb Code     8  sys_exit.o(.text)
    __I$use$semihosting                      0x08000d79   Thumb Code     0  use_no_semi.o(.text)
    __use_no_semihosting_swi                 0x08000d79   Thumb Code     2  use_no_semi.o(.text)
    __semihosting_library_function           0x08000d7b   Thumb Code     0  indicate_semi.o(.text)
    ADC1_COMP_IRQHandler                     0x08000d7d   Thumb Code   520  interrupt.o(.text.ADC1_COMP_IRQHandler)
    ADC_AnalogWatchdogCmd                    0x08000fcd   Thumb Code    18  hal_adc.o(.text.ADC_AnalogWatchdogCmd)
    ADC_AnalogWatchdogSingleChannelConfig    0x08000fdf   Thumb Code    20  hal_adc.o(.text.ADC_AnalogWatchdogSingleChannelConfig)
    ADC_AnalogWatchdogThresholdsConfig       0x08000ff3   Thumb Code     8  hal_adc.o(.text.ADC_AnalogWatchdogThresholdsConfig)
    ADC_ClearFlag                            0x08000ffb   Thumb Code    14  hal_adc.o(.text.ADC_ClearFlag)
    ADC_ClearITPendingBit                    0x08001009   Thumb Code    14  hal_adc.o(.text.ADC_ClearITPendingBit)
    ADC_Cmd                                  0x08001017   Thumb Code    16  hal_adc.o(.text.ADC_Cmd)
    ADC_ExternalTrigConvCmd                  0x08001027   Thumb Code    18  hal_adc.o(.text.ADC_ExternalTrigConvCmd)
    ADC_GetFlagStatus                        0x08001039   Thumb Code    16  hal_adc.o(.text.ADC_GetFlagStatus)
    ADC_GetITStatus                          0x08001049   Thumb Code    16  hal_adc.o(.text.ADC_GetITStatus)
    ADC_ITConfig                             0x08001059   Thumb Code    30  hal_adc.o(.text.ADC_ITConfig)
    ADC_Init                                 0x08001079   Thumb Code    48  hal_adc.o(.text.ADC_Init)
    ADC_RegularChannelConfig                 0x080010b1   Thumb Code    60  hal_adc.o(.text.ADC_RegularChannelConfig)
    ADC_SoftwareStartConvCmd                 0x080010ed   Thumb Code    20  hal_adc.o(.text.ADC_SoftwareStartConvCmd)
    ADC_VrefintCmd                           0x08001101   Thumb Code    24  hal_adc.o(.text.ADC_VrefintCmd)
    BLDC_init                                0x0800111d   Thumb Code   160  initialize.o(.text.BLDC_init)
    DELAY_Init                               0x080011c5   Thumb Code    60  delay.o(.text.DELAY_Init)
    DELAY_Ms                                 0x08001211   Thumb Code    20  delay.o(.text.DELAY_Ms)
    DMA1_Channel2_3_IRQHandler               0x08001229   Thumb Code    26  interrupt.o(.text.DMA1_Channel2_3_IRQHandler)
    DMA1_Channel4_5_IRQHandler               0x08001243   Thumb Code    26  interrupt.o(.text.DMA1_Channel4_5_IRQHandler)
    DMA_ClearITPendingBit                    0x0800125d   Thumb Code     8  hal_dma.o(.text.DMA_ClearITPendingBit)
    DMA_Cmd                                  0x08001265   Thumb Code    12  hal_dma.o(.text.DMA_Cmd)
    DMA_DeInit                               0x08001271   Thumb Code    44  hal_dma.o(.text.DMA_DeInit)
    DMA_GetITStatus                          0x080012a1   Thumb Code    12  hal_dma.o(.text.DMA_GetITStatus)
    DMA_ITConfig                             0x080012b1   Thumb Code    20  hal_dma.o(.text.DMA_ITConfig)
    DMA_Init                                 0x080012c5   Thumb Code    72  hal_dma.o(.text.DMA_Init)
    DMA_NVIC_Config                          0x08001311   Thumb Code    92  initialize.o(.text.DMA_NVIC_Config)
    DMA_StructInit                           0x0800136d   Thumb Code    22  hal_dma.o(.text.DMA_StructInit)
    GPIO_Init                                0x08001383   Thumb Code   144  hal_gpio.o(.text.GPIO_Init)
    GPIO_PinAFConfig                         0x08001413   Thumb Code    32  hal_gpio.o(.text.GPIO_PinAFConfig)
    GPIO_ReadInputDataBit                    0x08001433   Thumb Code    10  hal_gpio.o(.text.GPIO_ReadInputDataBit)
    GPIO_StructInit                          0x0800143d   Thumb Code    12  hal_gpio.o(.text.GPIO_StructInit)
    GPIO_WriteBit                            0x08001451   Thumb Code    16  hal_gpio.o(.text.GPIO_WriteBit)
    HALLTIM_Init                             0x08001461   Thumb Code   256  initialize.o(.text.HALLTIM_Init)
    HALL_Init                                0x08001569   Thumb Code    32  initialize.o(.text.HALL_Init)
    IWDG_ReloadCounter                       0x08001589   Thumb Code     8  hal_iwdg.o(.text.IWDG_ReloadCounter)
    NVIC_Configure                           0x08001599   Thumb Code    24  initialize.o(.text.NVIC_Configure)
    NVIC_Init                                0x080015b1   Thumb Code    68  hal_misc.o(.text.NVIC_Init)
    PID                                      0x08001601   Thumb Code    92  calculation.o(.text.PID)
    PID2PWM                                  0x0800165d   Thumb Code    56  calculation.o(.text.PID2PWM)
    PIDrst                                   0x0800169d   Thumb Code    16  calculation.o(.text.PIDrst)
    RCC_AHBPeriphClockCmd                    0x080016b9   Thumb Code    24  hal_rcc.o(.text.RCC_AHBPeriphClockCmd)
    RCC_APB1PeriphClockCmd                   0x080016d5   Thumb Code    24  hal_rcc.o(.text.RCC_APB1PeriphClockCmd)
    RCC_APB2PeriphClockCmd                   0x080016f1   Thumb Code    24  hal_rcc.o(.text.RCC_APB2PeriphClockCmd)
    RCC_GetPCLK1Freq                         0x0800170d   Thumb Code    44  hal_rcc.o(.text.RCC_GetPCLK1Freq)
    RCC_GetPCLK2Freq                         0x08001739   Thumb Code    44  hal_rcc.o(.text.RCC_GetPCLK2Freq)
    RemoteUpdate                             0x08001775   Thumb Code   180  remoteuartbus.o(.text.RemoteUpdate)
    SysTick_Handler                          0x0800184d   Thumb Code    24  delay.o(.text.SysTick_Handler)
    SystemInit                               0x08001869   Thumb Code   332  system_mm32spin06xx_s.o(.text.SystemInit)
    TIM1_BRK_UP_TRG_COM_IRQHandler           0x080019dd   Thumb Code    12  interrupt.o(.text.TIM1_BRK_UP_TRG_COM_IRQHandler)
    TIM1_init                                0x080019e9   Thumb Code   252  initialize.o(.text.TIM1_init)
    TIM2_IRQHandler                          0x08001af1   Thumb Code    80  interrupt.o(.text.TIM2_IRQHandler)
    TIM3_IRQHandler                          0x08001b49   Thumb Code    76  interrupt.o(.text.TIM3_IRQHandler)
    TIM_BDTRConfig                           0x08001bad   Thumb Code    30  hal_tim.o(.text.TIM_BDTRConfig)
    TIM_BDTRStructInit                       0x08001bcb   Thumb Code    18  hal_tim.o(.text.TIM_BDTRStructInit)
    TIM_CCPreloadControl                     0x08001bdd   Thumb Code    16  hal_tim.o(.text.TIM_CCPreloadControl)
    TIM_CCxCmd                               0x08001bed   Thumb Code    16  hal_tim.o(.text.TIM_CCxCmd)
    TIM_CCxNCmd                              0x08001bfd   Thumb Code    20  hal_tim.o(.text.TIM_CCxNCmd)
    TIM_ClearITPendingBit                    0x08001c11   Thumb Code     8  hal_tim.o(.text.TIM_ClearITPendingBit)
    TIM_Cmd                                  0x08001c19   Thumb Code    16  hal_tim.o(.text.TIM_Cmd)
    TIM_CtrlPWMOutputs                       0x08001c29   Thumb Code    20  hal_tim.o(.text.TIM_CtrlPWMOutputs)
    TIM_GenerateEvent                        0x08001c3d   Thumb Code     4  hal_tim.o(.text.TIM_GenerateEvent)
    TIM_GetITStatus                          0x08001c41   Thumb Code    20  hal_tim.o(.text.TIM_GetITStatus)
    TIM_ICInit                               0x08001c55   Thumb Code   242  hal_tim.o(.text.TIM_ICInit)
    TIM_ICStructInit                         0x08001d47   Thumb Code    12  hal_tim.o(.text.TIM_ICStructInit)
    TIM_ITConfig                             0x08001d53   Thumb Code    20  hal_tim.o(.text.TIM_ITConfig)
    TIM_OC1Init                              0x08001d69   Thumb Code    88  hal_tim.o(.text.TIM_OC1Init)
    TIM_OC2Init                              0x08001dc5   Thumb Code    92  hal_tim.o(.text.TIM_OC2Init)
    TIM_OC3Init                              0x08001e21   Thumb Code    88  hal_tim.o(.text.TIM_OC3Init)
    TIM_OCStructInit                         0x08001e7d   Thumb Code    14  hal_tim.o(.text.TIM_OCStructInit)
    TIM_SelectHallSensor                     0x08001e8b   Thumb Code    18  hal_tim.o(.text.TIM_SelectHallSensor)
    TIM_SelectInputTrigger                   0x08001e9d   Thumb Code    12  hal_tim.o(.text.TIM_SelectInputTrigger)
    TIM_SelectMasterSlaveMode                0x08001ea9   Thumb Code    12  hal_tim.o(.text.TIM_SelectMasterSlaveMode)
    TIM_SelectOCxM                           0x08001eb5   Thumb Code    88  hal_tim.o(.text.TIM_SelectOCxM)
    TIM_SelectSlaveMode                      0x08001f0d   Thumb Code    12  hal_tim.o(.text.TIM_SelectSlaveMode)
    TIM_TimeBaseInit                         0x08001f19   Thumb Code   112  hal_tim.o(.text.TIM_TimeBaseInit)
    TIM_TimeBaseStructInit                   0x08001f9d   Thumb Code    16  hal_tim.o(.text.TIM_TimeBaseStructInit)
    TIM_UpdateRequestConfig                  0x08001fad   Thumb Code    12  hal_tim.o(.text.TIM_UpdateRequestConfig)
    UARTX_Init                               0x08001fb9   Thumb Code    92  initialize.o(.text.UARTX_Init)
    UART_Cmd                                 0x08002015   Thumb Code    12  hal_uart.o(.text.UART_Cmd)
    UART_DMACmd                              0x08002021   Thumb Code    14  hal_uart.o(.text.UART_DMACmd)
    UART_GPIO_Init                           0x08002031   Thumb Code    68  initialize.o(.text.UART_GPIO_Init)
    UART_GetFlagStatus                       0x08002079   Thumb Code    10  hal_uart.o(.text.UART_GetFlagStatus)
    UART_Init                                0x08002085   Thumb Code   112  hal_uart.o(.text.UART_Init)
    UART_SendData                            0x080020f9   Thumb Code     6  hal_uart.o(.text.UART_SendData)
    UART_SendString                          0x08002101   Thumb Code    72  uart.o(.text.UART_SendString)
    UART_Send_Group                          0x08002149   Thumb Code    80  uart.o(.text.UART_Send_Group)
    UART_StructInit                          0x080021a5   Thumb Code    24  hal_uart.o(.text.UART_StructInit)
    adc_Init                                 0x080021bd   Thumb Code   188  initialize.o(.text.adc_Init)
    analogRead                               0x08002281   Thumb Code   136  hardware.o(.text.analogRead)
    avgItotal                                0x08002311   Thumb Code    52  calculation.o(.text.avgItotal)
    avgspeed                                 0x08002359   Thumb Code    52  calculation.o(.text.avgspeed)
    avgvbat                                  0x080023a1   Thumb Code    52  calculation.o(.text.avgvbat)
    commutate                                0x080023e9   Thumb Code   664  bldc.o(.text.commutate)
    digitalRead                              0x08002689   Thumb Code    56  hardware.o(.text.digitalRead)
    digitalWrite                             0x080026c1   Thumb Code    56  hardware.o(.text.digitalWrite)
    hallpos                                  0x08002709   Thumb Code    56  bldc.o(.text.hallpos)
    io_init                                  0x08002745   Thumb Code   124  initialize.o(.text.io_init)
    main                                     0x080027c5   Thumb Code   904  main.o(.text.main)
    pinMode                                  0x08002bc1   Thumb Code    64  hardware.o(.text.pinMode)
    pinModeAF                                0x08002c05   Thumb Code    56  hardware.o(.text.pinModeAF)
    restorecfg                               0x08002c4d   Thumb Code   220  sim_eeprom.o(.text.restorecfg)
    serialit                                 0x08002d35   Thumb Code   248  remoteuartbus.o(.text.serialit)
    speedupdate                              0x08002e55   Thumb Code   192  bldc.o(.text.speedupdate)
    updateMotorRPM                           0x08002f45   Thumb Code    24  calculation.o(.text.updateMotorRPM)
    __aeabi_uidiv                            0x08002f65   Thumb Code    68  aeabi_sdivfast.o(.text_divfast)
    __aeabi_idiv                             0x08002fa9   Thumb Code   434  aeabi_sdivfast.o(.text_divfast)
    __aeabi_fadd                             0x0800315d   Thumb Code     0  faddsub.o(x$fpl$fadd)
    _fadd                                    0x0800315d   Thumb Code   134  faddsub.o(x$fpl$fadd)
    __aeabi_fmul                             0x080031e9   Thumb Code     0  fmul.o(x$fpl$fmul)
    _fmul                                    0x080031e9   Thumb Code   172  fmul.o(x$fpl$fmul)
    __aeabi_fsub                             0x08003299   Thumb Code     0  faddsub.o(x$fpl$fsub)
    _fsub                                    0x08003299   Thumb Code   204  faddsub.o(x$fpl$fsub)
    __I$use$fp                               0x08003368   Number         0  usenofp.o(x$fpl$usenofp)
    adcs                                     0x08003428   Data          40  hardware.o(.rodata.adcs)
    hall_to_pos                              0x08003450   Data           8  bldc.o(.rodata.hall_to_pos)
    halltims                                 0x08003458   Data          42  hardware.o(.rodata.halltims)
    ocps                                     0x08003482   Data          16  hardware.o(.rodata.ocps)
    pins                                     0x08003492   Data         198  hardware.o(.rodata.pins)
    uarts                                    0x08003558   Data          40  hardware.o(.rodata.uarts)
    Region$$Table$$Base                      0x08003580   Number         0  anon$$obj.o(Region$$Table)
    Region$$Table$$Limit                     0x080035a0   Number         0  anon$$obj.o(Region$$Table)
    SystemCoreClock                          0x20000000   Data           4  system_mm32spin06xx_s.o(.data.SystemCoreClock)
    dir                                      0x20000004   Data           1  main.o(.data.dir)
    hallposprev                              0x20000005   Data           1  main.o(.data.hallposprev)
    max                                      0x20000008   Data           4  calculation.o(.data.max)
    min                                      0x2000000c   Data           4  calculation.o(.data.min)
    pinstorage                               0x20000010   Data         128  main.o(.data.pinstorage)
    step                                     0x20000090   Data           1  main.o(.data.step)
    tbPresc                                  0x20000091   Data          16  hal_rcc.o(.data.tbPresc)
    uarten                                   0x200000a1   Data           1  main.o(.data.uarten)
    __libspace_start                         0x200000a8   Data          96  libspace.o(.bss)
    GPIO_InitStruct                          0x20000108   Data           4  hardware.o(.bss.GPIO_InitStruct)
    __temporary_stack_top$libspace           0x20000108   Data           0  libspace.o(.bss)
    aavgarr                                  0x2000020c   Data         256  calculation.o(.bss.aavgarr)
    adatasum                                 0x2000030c   Data           4  calculation.o(.bss.adatasum)
    aindex                                   0x20000310   Data           1  calculation.o(.bss.aindex)
    avgarr                                   0x20000314   Data         128  calculation.o(.bss.avgarr)
    bAnswerMaster                            0x20000394   Data           1  remoteuartbus.o(.bss.bAnswerMaster)
    datasum                                  0x20000398   Data           4  calculation.o(.bss.datasum)
    fitotal                                  0x2000039c   Data           4  main.o(.bss.fitotal)
    flicker                                  0x200003a0   Data           1  main.o(.bss.flicker)
    frealspeed                               0x200003a4   Data           4  main.o(.bss.frealspeed)
    fvbat                                    0x200003a8   Data           4  main.o(.bss.fvbat)
    iOdom                                    0x200003ac   Data           4  main.o(.bss.iOdom)
    iRxDataSize                              0x200003b2   Data           1  remoteuartbus.o(.bss.iRxDataSize)
    iRxDataType                              0x200003b3   Data           1  remoteuartbus.o(.bss.iRxDataType)
    iTimeLastRx                              0x200003b4   Data           4  remoteuartbus.o(.bss.iTimeLastRx)
    index                                    0x200003b8   Data           1  calculation.o(.bss.index)
    itotal                                   0x200003bc   Data           4  main.o(.bss.itotal)
    itotaloffset                             0x200003c0   Data           4  interrupt.o(.bss.itotaloffset)
    lastcommutate                            0x200003c4   Data           4  bldc.o(.bss.lastcommutate)
    lasterr                                  0x200003c8   Data           4  calculation.o(.bss.lasterr)
    lastflicker                              0x200003cc   Data           4  main.o(.bss.lastflicker)
    lastupdate                               0x200003d0   Data           4  main.o(.bss.lastupdate)
    millis                                   0x200003d4   Data           4  main.o(.bss.millis)
    poweron                                  0x200003d8   Data           1  interrupt.o(.bss.poweron)
    prevpwm                                  0x200003dc   Data           4  calculation.o(.bss.prevpwm)
    pwm                                      0x200003e0   Data           4  main.o(.bss.pwm)
    qdSum                                    0x200003e4   Data           4  calculation.o(.bss.qdSum)
    realdir                                  0x200003e8   Data           1  interrupt.o(.bss.realdir)
    realspeed                                0x200003ec   Data           4  main.o(.bss.realspeed)
    sRxBuffer                                0x200003f0   Data          10  main.o(.bss.sRxBuffer)
    speed                                    0x20000400   Data           4  main.o(.bss.speed)
    vavgarr                                  0x20000404   Data         128  calculation.o(.bss.vavgarr)
    vbat                                     0x20000484   Data           4  main.o(.bss.vbat)
    vcc                                      0x20000488   Data           4  interrupt.o(.bss.vcc)
    vdatasum                                 0x2000048c   Data           4  calculation.o(.bss.vdatasum)
    vindex                                   0x20000490   Data           1  calculation.o(.bss.vindex)
    wState                                   0x20000491   Data           1  main.o(.bss.wState)



==============================================================================

Memory Map of the image

  Image Entry point : 0x080000c1

  Load Region LR_IROM1 (Base: 0x08000000, Size: 0x00003648, Max: 0x00008000, ABSOLUTE)

    Execution Region ER_IROM1 (Exec base: 0x08000000, Load base: 0x08000000, Size: 0x000035a0, Max: 0x00008000, ABSOLUTE)

    Exec Addr    Load Addr    Size         Type   Attr      Idx    E Section Name        Object

    0x08000000   0x08000000   0x000000c0   Data   RO         1150    RESET               startup_mm32spin06xx_s_keil.o
    0x080000c0   0x080000c0   0x00000008   Code   RO         1187  * !!!main             c_p.l(__main.o)
    0x080000c8   0x080000c8   0x0000003c   Code   RO         1395    !!!scatter          c_p.l(__scatter.o)
    0x08000104   0x08000104   0x0000001a   Code   RO         1397    !!handler_copy      c_p.l(__scatter_copy.o)
    0x0800011e   0x0800011e   0x00000002   PAD
    0x08000120   0x08000120   0x0000001c   Code   RO         1399    !!handler_zi        c_p.l(__scatter_zi.o)
    0x0800013c   0x0800013c   0x00000002   Code   RO         1256    .ARM.Collect$$libinit$$00000000  c_p.l(libinit.o)
    0x0800013e   0x0800013e   0x00000000   Code   RO         1270    .ARM.Collect$$libinit$$00000002  c_p.l(libinit2.o)
    0x0800013e   0x0800013e   0x00000000   Code   RO         1272    .ARM.Collect$$libinit$$00000004  c_p.l(libinit2.o)
    0x0800013e   0x0800013e   0x00000000   Code   RO         1274    .ARM.Collect$$libinit$$00000006  c_p.l(libinit2.o)
    0x0800013e   0x0800013e   0x00000000   Code   RO         1277    .ARM.Collect$$libinit$$0000000C  c_p.l(libinit2.o)
    0x0800013e   0x0800013e   0x00000000   Code   RO         1279    .ARM.Collect$$libinit$$0000000E  c_p.l(libinit2.o)
    0x0800013e   0x0800013e   0x00000000   Code   RO         1281    .ARM.Collect$$libinit$$00000010  c_p.l(libinit2.o)
    0x0800013e   0x0800013e   0x00000000   Code   RO         1284    .ARM.Collect$$libinit$$00000013  c_p.l(libinit2.o)
    0x0800013e   0x0800013e   0x00000000   Code   RO         1286    .ARM.Collect$$libinit$$00000015  c_p.l(libinit2.o)
    0x0800013e   0x0800013e   0x00000000   Code   RO         1288    .ARM.Collect$$libinit$$00000017  c_p.l(libinit2.o)
    0x0800013e   0x0800013e   0x00000000   Code   RO         1290    .ARM.Collect$$libinit$$00000019  c_p.l(libinit2.o)
    0x0800013e   0x0800013e   0x00000000   Code   RO         1292    .ARM.Collect$$libinit$$0000001B  c_p.l(libinit2.o)
    0x0800013e   0x0800013e   0x00000000   Code   RO         1294    .ARM.Collect$$libinit$$0000001D  c_p.l(libinit2.o)
    0x0800013e   0x0800013e   0x00000000   Code   RO         1296    .ARM.Collect$$libinit$$0000001F  c_p.l(libinit2.o)
    0x0800013e   0x0800013e   0x00000000   Code   RO         1298    .ARM.Collect$$libinit$$00000021  c_p.l(libinit2.o)
    0x0800013e   0x0800013e   0x00000000   Code   RO         1300    .ARM.Collect$$libinit$$00000023  c_p.l(libinit2.o)
    0x0800013e   0x0800013e   0x00000000   Code   RO         1302    .ARM.Collect$$libinit$$00000025  c_p.l(libinit2.o)
    0x0800013e   0x0800013e   0x00000000   Code   RO         1304    .ARM.Collect$$libinit$$00000027  c_p.l(libinit2.o)
    0x0800013e   0x0800013e   0x00000000   Code   RO         1308    .ARM.Collect$$libinit$$0000002E  c_p.l(libinit2.o)
    0x0800013e   0x0800013e   0x00000000   Code   RO         1310    .ARM.Collect$$libinit$$00000030  c_p.l(libinit2.o)
    0x0800013e   0x0800013e   0x00000000   Code   RO         1312    .ARM.Collect$$libinit$$00000032  c_p.l(libinit2.o)
    0x0800013e   0x0800013e   0x00000000   Code   RO         1314    .ARM.Collect$$libinit$$00000034  c_p.l(libinit2.o)
    0x0800013e   0x0800013e   0x00000002   Code   RO         1315    .ARM.Collect$$libinit$$00000035  c_p.l(libinit2.o)
    0x08000140   0x08000140   0x00000002   Code   RO         1350    .ARM.Collect$$libshutdown$$00000000  c_p.l(libshutdown.o)
    0x08000142   0x08000142   0x00000000   Code   RO         1378    .ARM.Collect$$libshutdown$$00000002  c_p.l(libshutdown2.o)
    0x08000142   0x08000142   0x00000000   Code   RO         1380    .ARM.Collect$$libshutdown$$00000004  c_p.l(libshutdown2.o)
    0x08000142   0x08000142   0x00000000   Code   RO         1383    .ARM.Collect$$libshutdown$$00000007  c_p.l(libshutdown2.o)
    0x08000142   0x08000142   0x00000000   Code   RO         1386    .ARM.Collect$$libshutdown$$0000000A  c_p.l(libshutdown2.o)
    0x08000142   0x08000142   0x00000000   Code   RO         1388    .ARM.Collect$$libshutdown$$0000000C  c_p.l(libshutdown2.o)
    0x08000142   0x08000142   0x00000000   Code   RO         1391    .ARM.Collect$$libshutdown$$0000000F  c_p.l(libshutdown2.o)
    0x08000142   0x08000142   0x00000002   Code   RO         1392    .ARM.Collect$$libshutdown$$00000010  c_p.l(libshutdown2.o)
    0x08000144   0x08000144   0x00000000   Code   RO         1219    .ARM.Collect$$rtentry$$00000000  c_p.l(__rtentry.o)
    0x08000144   0x08000144   0x00000000   Code   RO         1226    .ARM.Collect$$rtentry$$00000002  c_p.l(__rtentry2.o)
    0x08000144   0x08000144   0x00000006   Code   RO         1238    .ARM.Collect$$rtentry$$00000004  c_p.l(__rtentry4.o)
    0x0800014a   0x0800014a   0x00000000   Code   RO         1228    .ARM.Collect$$rtentry$$00000009  c_p.l(__rtentry2.o)
    0x0800014a   0x0800014a   0x00000004   Code   RO         1229    .ARM.Collect$$rtentry$$0000000A  c_p.l(__rtentry2.o)
    0x0800014e   0x0800014e   0x00000000   Code   RO         1231    .ARM.Collect$$rtentry$$0000000C  c_p.l(__rtentry2.o)
    0x0800014e   0x0800014e   0x00000008   Code   RO         1232    .ARM.Collect$$rtentry$$0000000D  c_p.l(__rtentry2.o)
    0x08000156   0x08000156   0x00000002   Code   RO         1261    .ARM.Collect$$rtexit$$00000000  c_p.l(rtexit.o)
    0x08000158   0x08000158   0x00000000   Code   RO         1321    .ARM.Collect$$rtexit$$00000002  c_p.l(rtexit2.o)
    0x08000158   0x08000158   0x00000004   Code   RO         1322    .ARM.Collect$$rtexit$$00000003  c_p.l(rtexit2.o)
    0x0800015c   0x0800015c   0x00000006   Code   RO         1323    .ARM.Collect$$rtexit$$00000004  c_p.l(rtexit2.o)
    0x08000162   0x08000162   0x00000002   PAD
    0x08000164   0x08000164   0x00000038   Code   RO         1173    .emb_text           c_p.l(rt_memcpy.o)
    0x0800019c   0x0800019c   0x0000007c   Code   RO         1151    .text               startup_mm32spin06xx_s_keil.o
    0x08000218   0x08000218   0x00000082   Code   RO         1174    .text               c_p.l(rt_memcpy.o)
    0x0800029a   0x0800029a   0x00000006   Code   RO         1185    .text               c_p.l(heapauxi.o)
    0x080002a0   0x080002a0   0x0000007c   Code   RO         1189    .text               fz_ps.l(d2f.o)
    0x0800031c   0x0800031c   0x00000448   Code   RO         1191    .text               fz_ps.l(ddiv.o)
    0x08000764   0x08000764   0x0000006c   Code   RO         1194    .text               fz_ps.l(dfixi.o)
    0x080007d0   0x080007d0   0x00000048   Code   RO         1196    .text               fz_ps.l(dfixui.o)
    0x08000818   0x08000818   0x00000058   Code   RO         1198    .text               fz_ps.l(dflti.o)
    0x08000870   0x08000870   0x00000248   Code   RO         1200    .text               fz_ps.l(dmul.o)
    0x08000ab8   0x08000ab8   0x00000054   Code   RO         1202    .text               fz_ps.l(f2d.o)
    0x08000b0c   0x08000b0c   0x00000160   Code   RO         1210    .text               fz_ps.l(fdiv.o)
    0x08000c6c   0x08000c6c   0x0000004c   Code   RO         1213    .text               fz_ps.l(ffixi.o)
    0x08000cb8   0x08000cb8   0x0000005e   Code   RO         1215    .text               fz_ps.l(fflti.o)
    0x08000d16   0x08000d16   0x0000003e   Code   RO         1242    .text               c_p.l(sys_stackheap_outer.o)
    0x08000d54   0x08000d54   0x00000010   Code   RO         1245    .text               c_p.l(exit.o)
    0x08000d64   0x08000d64   0x00000008   Code   RO         1257    .text               c_p.l(libspace.o)
    0x08000d6c   0x08000d6c   0x0000000c   Code   RO         1316    .text               c_p.l(sys_exit.o)
    0x08000d78   0x08000d78   0x00000002   Code   RO         1339    .text               c_p.l(use_no_semi.o)
    0x08000d7a   0x08000d7a   0x00000000   Code   RO         1341    .text               c_p.l(indicate_semi.o)
    0x08000d7a   0x08000d7a   0x00000002   PAD
    0x08000d7c   0x08000d7c   0x00000250   Code   RO          107    .text.ADC1_COMP_IRQHandler  interrupt.o
    0x08000fcc   0x08000fcc   0x00000012   Code   RO          276    .text.ADC_AnalogWatchdogCmd  hal_adc.o
    0x08000fde   0x08000fde   0x00000014   Code   RO          280    .text.ADC_AnalogWatchdogSingleChannelConfig  hal_adc.o
    0x08000ff2   0x08000ff2   0x00000008   Code   RO          278    .text.ADC_AnalogWatchdogThresholdsConfig  hal_adc.o
    0x08000ffa   0x08000ffa   0x0000000e   Code   RO          290    .text.ADC_ClearFlag  hal_adc.o
    0x08001008   0x08001008   0x0000000e   Code   RO          294    .text.ADC_ClearITPendingBit  hal_adc.o
    0x08001016   0x08001016   0x00000010   Code   RO          252    .text.ADC_Cmd       hal_adc.o
    0x08001026   0x08001026   0x00000012   Code   RO          266    .text.ADC_ExternalTrigConvCmd  hal_adc.o
    0x08001038   0x08001038   0x00000010   Code   RO          288    .text.ADC_GetFlagStatus  hal_adc.o
    0x08001048   0x08001048   0x00000010   Code   RO          292    .text.ADC_GetITStatus  hal_adc.o
    0x08001058   0x08001058   0x0000001e   Code   RO          256    .text.ADC_ITConfig  hal_adc.o
    0x08001076   0x08001076   0x00000002   PAD
    0x08001078   0x08001078   0x00000038   Code   RO          248    .text.ADC_Init      hal_adc.o
    0x080010b0   0x080010b0   0x0000003c   Code   RO          262    .text.ADC_RegularChannelConfig  hal_adc.o
    0x080010ec   0x080010ec   0x00000014   Code   RO          258    .text.ADC_SoftwareStartConvCmd  hal_adc.o
    0x08001100   0x08001100   0x0000001c   Code   RO          284    .text.ADC_VrefintCmd  hal_adc.o
    0x0800111c   0x0800111c   0x000000a8   Code   RO           79    .text.BLDC_init     initialize.o
    0x080011c4   0x080011c4   0x0000004c   Code   RO           37    .text.DELAY_Init    delay.o
    0x08001210   0x08001210   0x00000018   Code   RO           41    .text.DELAY_Ms      delay.o
    0x08001228   0x08001228   0x0000001a   Code   RO          103    .text.DMA1_Channel2_3_IRQHandler  interrupt.o
    0x08001242   0x08001242   0x0000001a   Code   RO          105    .text.DMA1_Channel4_5_IRQHandler  interrupt.o
    0x0800125c   0x0800125c   0x00000008   Code   RO          395    .text.DMA_ClearITPendingBit  hal_dma.o
    0x08001264   0x08001264   0x0000000c   Code   RO          383    .text.DMA_Cmd       hal_dma.o
    0x08001270   0x08001270   0x00000030   Code   RO          377    .text.DMA_DeInit    hal_dma.o
    0x080012a0   0x080012a0   0x00000010   Code   RO          393    .text.DMA_GetITStatus  hal_dma.o
    0x080012b0   0x080012b0   0x00000014   Code   RO          385    .text.DMA_ITConfig  hal_dma.o
    0x080012c4   0x080012c4   0x0000004c   Code   RO          379    .text.DMA_Init      hal_dma.o
    0x08001310   0x08001310   0x0000005c   Code   RO           87    .text.DMA_NVIC_Config  initialize.o
    0x0800136c   0x0800136c   0x00000016   Code   RO          381    .text.DMA_StructInit  hal_dma.o
    0x08001382   0x08001382   0x00000090   Code   RO          521    .text.GPIO_Init     hal_gpio.o
    0x08001412   0x08001412   0x00000020   Code   RO          545    .text.GPIO_PinAFConfig  hal_gpio.o
    0x08001432   0x08001432   0x0000000a   Code   RO          525    .text.GPIO_ReadInputDataBit  hal_gpio.o
    0x0800143c   0x0800143c   0x00000014   Code   RO          523    .text.GPIO_StructInit  hal_gpio.o
    0x08001450   0x08001450   0x00000010   Code   RO          537    .text.GPIO_WriteBit  hal_gpio.o
    0x08001460   0x08001460   0x00000108   Code   RO           75    .text.HALLTIM_Init  initialize.o
    0x08001568   0x08001568   0x00000020   Code   RO           73    .text.HALL_Init     initialize.o
    0x08001588   0x08001588   0x00000010   Code   RO          629    .text.IWDG_ReloadCounter  hal_iwdg.o
    0x08001598   0x08001598   0x00000018   Code   RO           77    .text.NVIC_Configure  initialize.o
    0x080015b0   0x080015b0   0x00000050   Code   RO          653    .text.NVIC_Init     hal_misc.o
    0x08001600   0x08001600   0x0000005c   Code   RO          168    .text.PID           calculation.o
    0x0800165c   0x0800165c   0x00000040   Code   RO          176    .text.PID2PWM       calculation.o
    0x0800169c   0x0800169c   0x0000001c   Code   RO          166    .text.PIDrst        calculation.o
    0x080016b8   0x080016b8   0x0000001c   Code   RO          731    .text.RCC_AHBPeriphClockCmd  hal_rcc.o
    0x080016d4   0x080016d4   0x0000001c   Code   RO          735    .text.RCC_APB1PeriphClockCmd  hal_rcc.o
    0x080016f0   0x080016f0   0x0000001c   Code   RO          733    .text.RCC_APB2PeriphClockCmd  hal_rcc.o
    0x0800170c   0x0800170c   0x0000002c   Code   RO          725    .text.RCC_GetPCLK1Freq  hal_rcc.o
    0x08001738   0x08001738   0x0000003c   Code   RO          727    .text.RCC_GetPCLK2Freq  hal_rcc.o
    0x08001774   0x08001774   0x000000d8   Code   RO          145    .text.RemoteUpdate  remoteuartbus.o
    0x0800184c   0x0800184c   0x0000001c   Code   RO           39    .text.SysTick_Handler  delay.o
    0x08001868   0x08001868   0x00000174   Code   RO         1158    .text.SystemInit    system_mm32spin06xx_s.o
    0x080019dc   0x080019dc   0x0000000c   Code   RO          101    .text.TIM1_BRK_UP_TRG_COM_IRQHandler  interrupt.o
    0x080019e8   0x080019e8   0x00000108   Code   RO           81    .text.TIM1_init     initialize.o
    0x08001af0   0x08001af0   0x00000058   Code   RO          109    .text.TIM2_IRQHandler  interrupt.o
    0x08001b48   0x08001b48   0x00000064   Code   RO          111    .text.TIM3_IRQHandler  interrupt.o
    0x08001bac   0x08001bac   0x0000001e   Code   RO          854    .text.TIM_BDTRConfig  hal_tim.o
    0x08001bca   0x08001bca   0x00000012   Code   RO          862    .text.TIM_BDTRStructInit  hal_tim.o
    0x08001bdc   0x08001bdc   0x00000010   Code   RO          910    .text.TIM_CCPreloadControl  hal_tim.o
    0x08001bec   0x08001bec   0x00000010   Code   RO          950    .text.TIM_CCxCmd    hal_tim.o
    0x08001bfc   0x08001bfc   0x00000014   Code   RO          952    .text.TIM_CCxNCmd   hal_tim.o
    0x08001c10   0x08001c10   0x00000008   Code   RO         1002    .text.TIM_ClearITPendingBit  hal_tim.o
    0x08001c18   0x08001c18   0x00000010   Code   RO          864    .text.TIM_Cmd       hal_tim.o
    0x08001c28   0x08001c28   0x00000014   Code   RO          866    .text.TIM_CtrlPWMOutputs  hal_tim.o
    0x08001c3c   0x08001c3c   0x00000004   Code   RO          870    .text.TIM_GenerateEvent  hal_tim.o
    0x08001c40   0x08001c40   0x00000014   Code   RO         1000    .text.TIM_GetITStatus  hal_tim.o
    0x08001c54   0x08001c54   0x000000f2   Code   RO          842    .text.TIM_ICInit    hal_tim.o
    0x08001d46   0x08001d46   0x0000000c   Code   RO          860    .text.TIM_ICStructInit  hal_tim.o
    0x08001d52   0x08001d52   0x00000014   Code   RO          868    .text.TIM_ITConfig  hal_tim.o
    0x08001d66   0x08001d66   0x00000002   PAD
    0x08001d68   0x08001d68   0x0000005c   Code   RO          834    .text.TIM_OC1Init   hal_tim.o
    0x08001dc4   0x08001dc4   0x0000005c   Code   RO          836    .text.TIM_OC2Init   hal_tim.o
    0x08001e20   0x08001e20   0x0000005c   Code   RO          838    .text.TIM_OC3Init   hal_tim.o
    0x08001e7c   0x08001e7c   0x0000000e   Code   RO          858    .text.TIM_OCStructInit  hal_tim.o
    0x08001e8a   0x08001e8a   0x00000012   Code   RO          960    .text.TIM_SelectHallSensor  hal_tim.o
    0x08001e9c   0x08001e9c   0x0000000c   Code   RO          880    .text.TIM_SelectInputTrigger  hal_tim.o
    0x08001ea8   0x08001ea8   0x0000000c   Code   RO          968    .text.TIM_SelectMasterSlaveMode  hal_tim.o
    0x08001eb4   0x08001eb4   0x00000058   Code   RO          954    .text.TIM_SelectOCxM  hal_tim.o
    0x08001f0c   0x08001f0c   0x0000000c   Code   RO          966    .text.TIM_SelectSlaveMode  hal_tim.o
    0x08001f18   0x08001f18   0x00000084   Code   RO          832    .text.TIM_TimeBaseInit  hal_tim.o
    0x08001f9c   0x08001f9c   0x00000010   Code   RO          856    .text.TIM_TimeBaseStructInit  hal_tim.o
    0x08001fac   0x08001fac   0x0000000c   Code   RO          958    .text.TIM_UpdateRequestConfig  hal_tim.o
    0x08001fb8   0x08001fb8   0x0000005c   Code   RO           83    .text.UARTX_Init    initialize.o
    0x08002014   0x08002014   0x0000000c   Code   RO         1042    .text.UART_Cmd      hal_uart.o
    0x08002020   0x08002020   0x0000000e   Code   RO         1046    .text.UART_DMACmd   hal_uart.o
    0x0800202e   0x0800202e   0x00000002   PAD
    0x08002030   0x08002030   0x00000048   Code   RO           85    .text.UART_GPIO_Init  initialize.o
    0x08002078   0x08002078   0x0000000a   Code   RO         1052    .text.UART_GetFlagStatus  hal_uart.o
    0x08002082   0x08002082   0x00000002   PAD
    0x08002084   0x08002084   0x00000074   Code   RO         1038    .text.UART_Init     hal_uart.o
    0x080020f8   0x080020f8   0x00000006   Code   RO         1048    .text.UART_SendData  hal_uart.o
    0x080020fe   0x080020fe   0x00000002   PAD
    0x08002100   0x08002100   0x00000048   Code   RO          133    .text.UART_SendString  uart.o
    0x08002148   0x08002148   0x0000005c   Code   RO          131    .text.UART_Send_Group  uart.o
    0x080021a4   0x080021a4   0x00000018   Code   RO         1040    .text.UART_StructInit  hal_uart.o
    0x080021bc   0x080021bc   0x000000c4   Code   RO           89    .text.adc_Init      initialize.o
    0x08002280   0x08002280   0x00000090   Code   RO          210    .text.analogRead    hardware.o
    0x08002310   0x08002310   0x00000048   Code   RO          174    .text.avgItotal     calculation.o
    0x08002358   0x08002358   0x00000048   Code   RO          170    .text.avgspeed      calculation.o
    0x080023a0   0x080023a0   0x00000048   Code   RO          172    .text.avgvbat       calculation.o
    0x080023e8   0x080023e8   0x000002a0   Code   RO           54    .text.commutate     bldc.o
    0x08002688   0x08002688   0x00000038   Code   RO          206    .text.digitalRead   hardware.o
    0x080026c0   0x080026c0   0x00000048   Code   RO          208    .text.digitalWrite  hardware.o
    0x08002708   0x08002708   0x0000003c   Code   RO           52    .text.hallpos       bldc.o
    0x08002744   0x08002744   0x00000080   Code   RO           71    .text.io_init       initialize.o
    0x080027c4   0x080027c4   0x000003fc   Code   RO            2    .text.main          main.o
    0x08002bc0   0x08002bc0   0x00000044   Code   RO          202    .text.pinMode       hardware.o
    0x08002c04   0x08002c04   0x00000048   Code   RO          204    .text.pinModeAF     hardware.o
    0x08002c4c   0x08002c4c   0x000000e8   Code   RO          236    .text.restorecfg    sim_eeprom.o
    0x08002d34   0x08002d34   0x00000120   Code   RO          149    .text.serialit      remoteuartbus.o
    0x08002e54   0x08002e54   0x000000f0   Code   RO           56    .text.speedupdate   bldc.o
    0x08002f44   0x08002f44   0x00000020   Code   RO          178    .text.updateMotorRPM  calculation.o
    0x08002f64   0x08002f64   0x000001f6   Code   RO         1178    .text_divfast       c_p.l(aeabi_sdivfast.o)
    0x0800315a   0x0800315a   0x00000002   PAD
    0x0800315c   0x0800315c   0x0000008c   Code   RO         1204    x$fpl$fadd          fz_ps.l(faddsub.o)
    0x080031e8   0x080031e8   0x000000b0   Code   RO         1217    x$fpl$fmul          fz_ps.l(fmul.o)
    0x08003298   0x08003298   0x000000d0   Code   RO         1206    x$fpl$fsub          fz_ps.l(faddsub.o)
    0x08003368   0x08003368   0x00000000   Code   RO         1224    x$fpl$usenofp       fz_ps.l(usenofp.o)
    0x08003368   0x08003368   0x00000080   Data   RO         1192    .constdata          fz_ps.l(ddiv.o)
    0x080033e8   0x080033e8   0x00000040   Data   RO         1211    .constdata          fz_ps.l(fdiv.o)
    0x08003428   0x08003428   0x00000028   Data   RO          213    .rodata.adcs        hardware.o
    0x08003450   0x08003450   0x00000008   Data   RO           60    .rodata.hall_to_pos  bldc.o
    0x08003458   0x08003458   0x0000002a   Data   RO          214    .rodata.halltims    hardware.o
    0x08003482   0x08003482   0x00000010   Data   RO          216    .rodata.ocps        hardware.o
    0x08003492   0x08003492   0x000000c6   Data   RO          212    .rodata.pins        hardware.o
    0x08003558   0x08003558   0x00000028   Data   RO          215    .rodata.uarts       hardware.o
    0x08003580   0x08003580   0x00000020   Data   RO         1394    Region$$Table       anon$$obj.o


    Execution Region RW_IRAM1 (Exec base: 0x20000000, Load base: 0x080035a0, Size: 0x00000a98, Max: 0x00001000, ABSOLUTE)

    Exec Addr    Load Addr    Size         Type   Attr      Idx    E Section Name        Object

    0x20000000   0x080035a0   0x00000004   Data   RW         1162    .data.SystemCoreClock  system_mm32spin06xx_s.o
    0x20000004   0x080035a4   0x00000001   Data   RW            6    .data.dir           main.o
    0x20000005   0x080035a5   0x00000001   Data   RW            9    .data.hallposprev   main.o
    0x20000006   0x080035a6   0x00000002   PAD
    0x20000008   0x080035a8   0x00000004   Data   RW          180    .data.max           calculation.o
    0x2000000c   0x080035ac   0x00000004   Data   RW          181    .data.min           calculation.o
    0x20000010   0x080035b0   0x00000080   Data   RW           16    .data.pinstorage    main.o
    0x20000090   0x08003630   0x00000001   Data   RW            4    .data.step          main.o
    0x20000091   0x08003631   0x00000010   Data   RW          765    .data.tbPresc       hal_rcc.o
    0x200000a1   0x08003641   0x00000001   Data   RW           15    .data.uarten        main.o
    0x200000a2   0x08003642   0x00000006   PAD
    0x200000a8        -       0x00000060   Zero   RW         1258    .bss                c_p.l(libspace.o)
    0x20000108        -       0x00000004   Zero   RW          217    .bss.GPIO_InitStruct  hardware.o
    0x2000010c        -       0x000000ff   Zero   RW          155    .bss.aReceiveBuffer  remoteuartbus.o
    0x2000020b   0x08003642   0x00000001   PAD
    0x2000020c        -       0x00000100   Zero   RW          193    .bss.aavgarr        calculation.o
    0x2000030c        -       0x00000004   Zero   RW          192    .bss.adatasum       calculation.o
    0x20000310        -       0x00000001   Zero   RW          191    .bss.aindex         calculation.o
    0x20000311   0x08003642   0x00000003   PAD
    0x20000314        -       0x00000080   Zero   RW          187    .bss.avgarr         calculation.o
    0x20000394        -       0x00000001   Zero   RW          151    .bss.bAnswerMaster  remoteuartbus.o
    0x20000395   0x08003642   0x00000003   PAD
    0x20000398        -       0x00000004   Zero   RW          186    .bss.datasum        calculation.o
    0x2000039c        -       0x00000004   Zero   RW           27    .bss.fitotal        main.o
    0x200003a0        -       0x00000001   Zero   RW           14    .bss.flicker        main.o
    0x200003a1   0x08003642   0x00000003   PAD
    0x200003a4        -       0x00000004   Zero   RW           13    .bss.frealspeed     main.o
    0x200003a8        -       0x00000004   Zero   RW           26    .bss.fvbat          main.o
    0x200003ac        -       0x00000004   Zero   RW           22    .bss.iOdom          main.o
    0x200003b0        -       0x00000002   Zero   RW          154    .bss.iReceivePos    remoteuartbus.o
    0x200003b2        -       0x00000001   Zero   RW          157    .bss.iRxDataSize    remoteuartbus.o
    0x200003b3        -       0x00000001   Zero   RW          156    .bss.iRxDataType    remoteuartbus.o
    0x200003b4        -       0x00000004   Zero   RW          152    .bss.iTimeLastRx    remoteuartbus.o
    0x200003b8        -       0x00000001   Zero   RW          185    .bss.index          calculation.o
    0x200003b9   0x08003642   0x00000003   PAD
    0x200003bc        -       0x00000004   Zero   RW           25    .bss.itotal         main.o
    0x200003c0        -       0x00000004   Zero   RW          113    .bss.itotaloffset   interrupt.o
    0x200003c4        -       0x00000004   Zero   RW           61    .bss.lastcommutate  bldc.o
    0x200003c8        -       0x00000004   Zero   RW          183    .bss.lasterr        calculation.o
    0x200003cc        -       0x00000004   Zero   RW           20    .bss.lastflicker    main.o
    0x200003d0        -       0x00000004   Zero   RW           19    .bss.lastupdate     main.o
    0x200003d4        -       0x00000004   Zero   RW           18    .bss.millis         main.o
    0x200003d8        -       0x00000001   Zero   RW          114    .bss.poweron        interrupt.o
    0x200003d9   0x08003642   0x00000003   PAD
    0x200003dc        -       0x00000004   Zero   RW          184    .bss.prevpwm        calculation.o
    0x200003e0        -       0x00000004   Zero   RW           11    .bss.pwm            main.o
    0x200003e4        -       0x00000004   Zero   RW          182    .bss.qdSum          calculation.o
    0x200003e8        -       0x00000001   Zero   RW          117    .bss.realdir        interrupt.o
    0x200003e9   0x08003642   0x00000003   PAD
    0x200003ec        -       0x00000004   Zero   RW           12    .bss.realspeed      main.o
    0x200003f0        -       0x0000000a   Zero   RW            8    .bss.sRxBuffer      main.o
    0x200003fa   0x08003642   0x00000002   PAD
    0x200003fc        -       0x00000004   Zero   RW           43    .bss.sTimingDelay   delay.o
    0x20000400        -       0x00000004   Zero   RW           10    .bss.speed          main.o
    0x20000404        -       0x00000080   Zero   RW          190    .bss.vavgarr        calculation.o
    0x20000484        -       0x00000004   Zero   RW           17    .bss.vbat           main.o
    0x20000488        -       0x00000004   Zero   RW          118    .bss.vcc            interrupt.o
    0x2000048c        -       0x00000004   Zero   RW          189    .bss.vdatasum       calculation.o
    0x20000490        -       0x00000001   Zero   RW          188    .bss.vindex         calculation.o
    0x20000491        -       0x00000001   Zero   RW           28    .bss.wState         main.o
    0x20000492   0x08003642   0x00000006   PAD
    0x20000498        -       0x00000200   Zero   RW         1149    HEAP                startup_mm32spin06xx_s_keil.o
    0x20000698        -       0x00000400   Zero   RW         1148    STACK               startup_mm32spin06xx_s_keil.o


==============================================================================

Image component sizes


      Code (inc. data)   RO Data    RW Data    ZI Data      Debug   Object Name

       972         72          8          0          4       3386   bldc.o
       432         88          0          8        539       2525   calculation.o
       128         24          0          0          4       3160   delay.o
       334         12          0          0          0       9140   hal_adc.o
       202         12          0          0          0       4655   hal_dma.o
       222          8          0          0          0       5407   hal_gpio.o
        16          8          0          0          0       2973   hal_iwdg.o
        80         12          0          0          0       2933   hal_misc.o
       188         28          0         16          0      11530   hal_rcc.o
      1034         36          0          0          0      27808   hal_tim.o
       182          4          0          0          0       6348   hal_uart.o
       412         70        336          0          4       4747   hardware.o
      1332         44          0          0          0      17427   initialize.o
       844        104          0          0         10       5006   interrupt.o
      1020        116          0        132         60       6161   main.o
       504         76          0          0        264       3698   remoteuartbus.o
       232         12          0          0          0       6670   sim_eeprom.o
       124         58        192          0       1536        740   startup_mm32spin06xx_s_keil.o
       372         40          0          4          0       3445   system_mm32spin06xx_s.o
       164         12          0          0          0       1964   uart.o

    ----------------------------------------------------------------------
      8804        836        568        164       2452     129723   Object Totals
         0          0         32          0          0          0   (incl. Generated)
        10          0          0          4         31          0   (incl. Padding)

    ----------------------------------------------------------------------

      Code (inc. data)   RO Data    RW Data    ZI Data      Debug   Library Member Name

         8          0          0          0          0         68   __main.o
         0          0          0          0          0          0   __rtentry.o
        12          0          0          0          0          0   __rtentry2.o
         6          0          0          0          0          0   __rtentry4.o
        60          8          0          0          0          0   __scatter.o
        26          0          0          0          0          0   __scatter_copy.o
        28          0          0          0          0          0   __scatter_zi.o
       502          0          0          0          0         92   aeabi_sdivfast.o
        16          0          0          0          0         68   exit.o
         6          0          0          0          0        136   heapauxi.o
         0          0          0          0          0          0   indicate_semi.o
         2          0          0          0          0          0   libinit.o
         2          0          0          0          0          0   libinit2.o
         2          0          0          0          0          0   libshutdown.o
         2          0          0          0          0          0   libshutdown2.o
         8          4          0          0         96         68   libspace.o
       186          0          0          0          0        144   rt_memcpy.o
         2          0          0          0          0          0   rtexit.o
        10          0          0          0          0          0   rtexit2.o
        12          4          0          0          0         60   sys_exit.o
        62          0          0          0          0         80   sys_stackheap_outer.o
         2          0          0          0          0         68   use_no_semi.o
       124          4          0          0          0         72   d2f.o
      1096         26        128          0          0        112   ddiv.o
       108         10          0          0          0         72   dfixi.o
        72          4          0          0          0         68   dfixui.o
        88          0          0          0          0         92   dflti.o
       584         26          0          0          0         84   dmul.o
        84          4          0          0          0         60   f2d.o
       348          8          0          0          0        160   faddsub.o
       352         10         64          0          0         92   fdiv.o
        76          0          0          0          0         68   ffixi.o
        94          0          0          0          0         92   fflti.o
       176          4          0          0          0         80   fmul.o
         0          0          0          0          0          0   usenofp.o

    ----------------------------------------------------------------------
      4164        112        192          0         96       1836   Library Totals
         8          0          0          0          0          0   (incl. Padding)

    ----------------------------------------------------------------------

      Code (inc. data)   RO Data    RW Data    ZI Data      Debug   Library Name

       954         16          0          0         96        784   c_p.l
      3202         96        192          0          0       1052   fz_ps.l

    ----------------------------------------------------------------------
      4164        112        192          0         96       1836   Library Totals

    ----------------------------------------------------------------------

==============================================================================


      Code (inc. data)   RO Data    RW Data    ZI Data      Debug   

     12968        948        760        164       2548     130363   Grand Totals
     12968        948        760        164       2548     130363   ELF Image Totals
     12968        948        760        164          0          0   ROM Totals

==============================================================================

    Total RO  Size (Code + RO Data)                13728 (  13.41kB)
    Total RW  Size (RW Data + ZI Data)              2712 (   2.65kB)
    Total ROM Size (Code + RO Data + RW Data)      13892 (  13.57kB)

==============================================================================

