Component: Arm Compiler for Embedded 6.19 Tool: armlink [5e73cb00]

==============================================================================

Section Cross References

    main.o(.text.main) refers to hal_rcc.o(.text.RCC_AHBPeriphClockCmd) for RCC_AHBPeriphClockCmd
    main.o(.text.main) refers to delay.o(.text.DELAY_Init) for DELAY_Init
    main.o(.text.main) refers to initialize.o(.text.BLDC_init) for BLDC_init
    main.o(.text.main) refers to initialize.o(.text.TIM1_init) for TIM1_init
    main.o(.text.main) refers to initialize.o(.text.UARTX_Init) for UARTX_Init
    main.o(.text.main) refers to initialize.o(.text.exNVIC_Configure) for exNVIC_Configure
    main.o(.text.main) refers to initialize.o(.text.DMA_NVIC_Config) for DMA_NVIC_Config
    main.o(.text.main) refers to autodetect.o(.text.restorecfg) for restorecfg
    main.o(.text.main) refers to hardware.o(.text.pinMode) for pinMode
    main.o(.text.main) refers to initialize.o(.text.vref_Init) for vref_Init
    main.o(.text.main) refers to delay.o(.text.DELAY_Ms) for DELAY_Ms
    main.o(.text.main) refers to dflti.o(.text) for __aeabi_i2d
    main.o(.text.main) refers to ddiv.o(.text) for __aeabi_ddiv
    main.o(.text.main) refers to d2f.o(.text) for __aeabi_d2f
    main.o(.text.main) refers to autodetect.o(.text.selfhold) for selfhold
    main.o(.text.main) refers to autodetect.o(.text.detectSelfHold) for detectSelfHold
    main.o(.text.main) refers to initialize.o(.text.UART_GPIO_Init) for UART_GPIO_Init
    main.o(.text.main) refers to autodetect.o(.text.autoDetectInit) for autoDetectInit
    main.o(.text.main) refers to autodetect.o(.text.testrotateloop) for testrotateloop
    main.o(.text.main) refers to autodetect.o(.text.finduartloop) for finduartloop
    main.o(.text.main) refers to uart.o(.text.UART_SendString) for UART_SendString
    main.o(.text.main) refers to uart.o(.text.UART_Send_Group) for UART_Send_Group
    main.o(.text.main) refers to autodetect.o(.text.simhallupdate) for simhallupdate
    main.o(.text.main) refers to autodetect.o(.text.blinkLEDupdate) for blinkLEDupdate
    main.o(.text.main) refers to autodetect.o(.text.printvoltage) for printvoltage
    main.o(.text.main) refers to autodetect.o(.text.checkbutton) for checkbutton
    main.o(.text.main) refers to main.o(.bss.sRxBuffer) for sRxBuffer
    main.o(.text.main) refers to main.o(.data.pinstorage) for pinstorage
    main.o(.text.main) refers to main.o(.bss.masterslave) for masterslave
    main.o(.text.main) refers to main.o(.bss.vcc) for vcc
    main.o(.text.main) refers to autodetect.o(.bss.mode) for mode
    main.o(.text.main) refers to autodetect.o(.bss.init) for init
    main.o(.text.main) refers to autodetect.o(.data.banner) for banner
    main.o(.ARM.exidx.text.main) refers to main.o(.text.main) for [Anonymous Symbol]
    delay.o(.text.DELAY_Init) refers to aeabi_sdivfast.o(.text_divfast) for __aeabi_uidiv
    delay.o(.text.DELAY_Init) refers to system_mm32spin06xx_s_1.o(.data.SystemCoreClock) for SystemCoreClock
    delay.o(.ARM.exidx.text.DELAY_Init) refers to delay.o(.text.DELAY_Init) for [Anonymous Symbol]
    delay.o(.text.SysTick_Handler) refers to delay.o(.bss.sTimingDelay) for sTimingDelay
    delay.o(.text.SysTick_Handler) refers to main.o(.bss.millis) for millis
    delay.o(.ARM.exidx.text.SysTick_Handler) refers to delay.o(.text.SysTick_Handler) for [Anonymous Symbol]
    delay.o(.text.DELAY_Ms) refers to delay.o(.bss.sTimingDelay) for sTimingDelay
    delay.o(.ARM.exidx.text.DELAY_Ms) refers to delay.o(.text.DELAY_Ms) for [Anonymous Symbol]
    bldc.o(.text.hallpos) refers to hardware.o(.text.digitalRead) for digitalRead
    bldc.o(.text.hallpos) refers to main.o(.data.pinstorage) for pinstorage
    bldc.o(.text.hallpos) refers to bldc.o(.rodata.hall_to_pos) for hall_to_pos
    bldc.o(.ARM.exidx.text.hallpos) refers to bldc.o(.text.hallpos) for [Anonymous Symbol]
    bldc.o(.text.commutate) refers to hal_tim.o(.text.TIM_CCxCmd) for TIM_CCxCmd
    bldc.o(.text.commutate) refers to hal_tim.o(.text.TIM_CCxNCmd) for TIM_CCxNCmd
    bldc.o(.text.commutate) refers to hal_tim.o(.text.TIM_SelectOCxM) for TIM_SelectOCxM
    bldc.o(.text.commutate) refers to hal_tim.o(.text.TIM_GenerateEvent) for TIM_GenerateEvent
    bldc.o(.text.commutate) refers to main.o(.data.step) for step
    bldc.o(.ARM.exidx.text.commutate) refers to bldc.o(.text.commutate) for [Anonymous Symbol]
    initialize.o(.text.BLDC_init) refers to hal_gpio.o(.text.GPIO_PinAFConfig) for GPIO_PinAFConfig
    initialize.o(.text.BLDC_init) refers to hal_gpio.o(.text.GPIO_StructInit) for GPIO_StructInit
    initialize.o(.text.BLDC_init) refers to hal_gpio.o(.text.GPIO_Init) for GPIO_Init
    initialize.o(.ARM.exidx.text.BLDC_init) refers to initialize.o(.text.BLDC_init) for [Anonymous Symbol]
    initialize.o(.text.TIM1_init) refers to hal_rcc.o(.text.RCC_APB2PeriphClockCmd) for RCC_APB2PeriphClockCmd
    initialize.o(.text.TIM1_init) refers to hal_tim.o(.text.TIM_DeInit) for TIM_DeInit
[...]
    __arm_cp.3_97                            0x08003b9c   Number         4  autodetect.o(.text.autoDetectSerialIt)
    __arm_cp.3_100                           0x08003ba8   Number         4  autodetect.o(.text.autoDetectSerialIt)
    __arm_cp.3_101                           0x08003bac   Number         4  autodetect.o(.text.autoDetectSerialIt)
    __arm_cp.3_102                           0x08003bb0   Number         4  autodetect.o(.text.autoDetectSerialIt)
    __arm_cp.3_103                           0x08003bb4   Number         4  autodetect.o(.text.autoDetectSerialIt)
    __arm_cp.3_104                           0x08003bb8   Number         4  autodetect.o(.text.autoDetectSerialIt)
    __arm_cp.3_105                           0x08003bbc   Number         4  autodetect.o(.text.autoDetectSerialIt)
    __arm_cp.3_106                           0x08003bc0   Number         4  autodetect.o(.text.autoDetectSerialIt)
    __arm_cp.3_108                           0x08003bdc   Number         4  autodetect.o(.text.autoDetectSerialIt)
    __arm_cp.3_109                           0x08003be0   Number         4  autodetect.o(.text.autoDetectSerialIt)
    __arm_cp.3_110                           0x08003be4   Number         4  autodetect.o(.text.autoDetectSerialIt)
    __arm_cp.3_111                           0x08003be8   Number         4  autodetect.o(.text.autoDetectSerialIt)
    __arm_cp.3_112                           0x08003bec   Number         4  autodetect.o(.text.autoDetectSerialIt)
    __arm_cp.3_113                           0x08003bf0   Number         4  autodetect.o(.text.autoDetectSerialIt)
    __arm_cp.3_114                           0x08003bf4   Number         4  autodetect.o(.text.autoDetectSerialIt)
    __arm_cp.3_115                           0x08003bf8   Number         4  autodetect.o(.text.autoDetectSerialIt)
    __arm_cp.3_117                           0x08003c00   Number         4  autodetect.o(.text.autoDetectSerialIt)
    __arm_cp.3_118                           0x08003c04   Number         4  autodetect.o(.text.autoDetectSerialIt)
    __arm_cp.3_119                           0x08003c08   Number         4  autodetect.o(.text.autoDetectSerialIt)
    __arm_cp.3_2                             0x08003db4   Number         4  autodetect.o(.text.autoDetectSerialIt)
    __arm_cp.3_12                            0x08003db8   Number         4  autodetect.o(.text.autoDetectSerialIt)
    __arm_cp.3_13                            0x08003dbc   Number         4  autodetect.o(.text.autoDetectSerialIt)
    __arm_cp.3_19                            0x08003e04   Number         4  autodetect.o(.text.autoDetectSerialIt)
    __arm_cp.3_20                            0x08003e08   Number         4  autodetect.o(.text.autoDetectSerialIt)
    __arm_cp.3_22                            0x08003e18   Number         4  autodetect.o(.text.autoDetectSerialIt)
    __arm_cp.3_23                            0x08003e1c   Number         4  autodetect.o(.text.autoDetectSerialIt)
    __arm_cp.3_24                            0x08003e20   Number         4  autodetect.o(.text.autoDetectSerialIt)
    __arm_cp.3_25                            0x08003e24   Number         4  autodetect.o(.text.autoDetectSerialIt)
    __arm_cp.3_26                            0x08003e28   Number         4  autodetect.o(.text.autoDetectSerialIt)
    __arm_cp.3_27                            0x08003e2c   Number         4  autodetect.o(.text.autoDetectSerialIt)
    __arm_cp.3_28                            0x08003e30   Number         4  autodetect.o(.text.autoDetectSerialIt)
    __arm_cp.3_29                            0x08003e34   Number         4  autodetect.o(.text.autoDetectSerialIt)
    __arm_cp.3_30                            0x08003e38   Number         4  autodetect.o(.text.autoDetectSerialIt)
    __arm_cp.3_31                            0x08003e3c   Number         4  autodetect.o(.text.autoDetectSerialIt)
    __arm_cp.3_32                            0x08003e40   Number         4  autodetect.o(.text.autoDetectSerialIt)
    __arm_cp.3_33                            0x08003e44   Number         4  autodetect.o(.text.autoDetectSerialIt)
    __arm_cp.3_35                            0x08003e50   Number         4  autodetect.o(.text.autoDetectSerialIt)
    __arm_cp.3_36                            0x08003e54   Number         4  autodetect.o(.text.autoDetectSerialIt)
    __arm_cp.3_38                            0x08003e68   Number         4  autodetect.o(.text.autoDetectSerialIt)
    __arm_cp.3_63                            0x08003e6c   Number         4  autodetect.o(.text.autoDetectSerialIt)
    [Anonymous Symbol]                       0x08003e70   Section        0  autodetect.o(.text.blinkLEDupdate)
    __arm_cp.7_0                             0x08003ea4   Number         4  autodetect.o(.text.blinkLEDupdate)
    __arm_cp.7_1                             0x08003ea8   Number         4  autodetect.o(.text.blinkLEDupdate)
    __arm_cp.7_2                             0x08003eac   Number         4  autodetect.o(.text.blinkLEDupdate)
    __arm_cp.7_3                             0x08003eb0   Number         4  autodetect.o(.text.blinkLEDupdate)
    [Anonymous Symbol]                       0x08003eb4   Section        0  autodetect.o(.text.checkbutton)
    __arm_cp.9_0                             0x08003fd8   Number         4  autodetect.o(.text.checkbutton)
    __arm_cp.9_1                             0x08003fdc   Number         4  autodetect.o(.text.checkbutton)
    __arm_cp.9_2                             0x08003fe0   Number         4  autodetect.o(.text.checkbutton)
    __arm_cp.9_4                             0x08003ff8   Number         4  autodetect.o(.text.checkbutton)
    __arm_cp.9_5                             0x08003ffc   Number         4  autodetect.o(.text.checkbutton)
    __arm_cp.9_7                             0x0800400c   Number         4  autodetect.o(.text.checkbutton)
    [Anonymous Symbol]                       0x08004010   Section        0  bldc.o(.text.commutate)
    __arm_cp.1_0                             0x08004220   Number         4  bldc.o(.text.commutate)
    __arm_cp.1_1                             0x08004224   Number         4  bldc.o(.text.commutate)
    [Anonymous Symbol]                       0x08004228   Section        0  autodetect.o(.text.detectSelfHold)
    __arm_cp.2_0                             0x08004318   Number         4  autodetect.o(.text.detectSelfHold)
    __arm_cp.2_2                             0x0800431c   Number         4  autodetect.o(.text.detectSelfHold)
    __arm_cp.2_3                             0x08004320   Number         4  autodetect.o(.text.detectSelfHold)
    __arm_cp.2_4                             0x08004324   Number         4  autodetect.o(.text.detectSelfHold)
    __arm_cp.2_5                             0x08004328   Number         4  autodetect.o(.text.detectSelfHold)
    __arm_cp.2_6                             0x0800432c   Number         4  autodetect.o(.text.detectSelfHold)
    __arm_cp.2_7                             0x08004330   Number         4  autodetect.o(.text.detectSelfHold)
    [Anonymous Symbol]                       0x08004334   Section        0  hardware.o(.text.digitalRead)
    __arm_cp.2_0                             0x0800436c   Number         4  hardware.o(.text.digitalRead)
    __arm_cp.2_1                             0x08004370   Number         4  hardware.o(.text.digitalRead)
    __arm_cp.2_2                             0x08004374   Number         4  hardware.o(.text.digitalRead)
    __arm_cp.2_3                             0x08004378   Number         4  hardware.o(.text.digitalRead)
    [Anonymous Symbol]                       0x0800437c   Section        0  initialize.o(.text.exNVIC_Configure)
    [Anonymous Symbol]                       0x08004394   Section        0  hal_rcc.o(.text.exRCC_APB1PeriphReset)
    __arm_cp.30_0                            0x080043a4   Number         4  hal_rcc.o(.text.exRCC_APB1PeriphReset)
    [Anonymous Symbol]                       0x080043a8   Section        0  hal_rcc.o(.text.exRCC_APB2PeriphReset)
    __arm_cp.32_0                            0x080043b8   Number         4  hal_rcc.o(.text.exRCC_APB2PeriphReset)
    [Anonymous Symbol]                       0x080043bc   Section        0  autodetect.o(.text.finduartloop)
    __arm_cp.13_0                            0x080045f0   Number         4  autodetect.o(.text.finduartloop)
    __arm_cp.13_1                            0x080045f4   Number         4  autodetect.o(.text.finduartloop)
    __arm_cp.13_2                            0x080045f8   Number         4  autodetect.o(.text.finduartloop)
    [Anonymous Symbol]                       0x08004608   Section        0  bldc.o(.text.hallpos)
    __arm_cp.0_0                             0x08004640   Number         4  bldc.o(.text.hallpos)
    __arm_cp.0_1                             0x08004644   Number         4  bldc.o(.text.hallpos)
    [Anonymous Symbol]                       0x08004648   Section        0  main.o(.text.main)
    __arm_cp.0_0                             0x0800479c   Number         4  main.o(.text.main)
    __arm_cp.0_1                             0x080047a0   Number         4  main.o(.text.main)
    __arm_cp.0_2                             0x080047a4   Number         4  main.o(.text.main)
    __arm_cp.0_3                             0x080047a8   Number         4  main.o(.text.main)
    __arm_cp.0_4                             0x080047ac   Number         4  main.o(.text.main)
    __arm_cp.0_5                             0x080047b0   Number         4  main.o(.text.main)
    __arm_cp.0_6                             0x080047b4   Number         4  main.o(.text.main)
    __arm_cp.0_7                             0x080047b8   Number         4  main.o(.text.main)
    __arm_cp.0_8                             0x080047bc   Number         4  main.o(.text.main)
    __arm_cp.0_9                             0x080047c0   Number         4  main.o(.text.main)
    __arm_cp.0_10                            0x080047c4   Number         4  main.o(.text.main)
    __arm_cp.0_12                            0x080047d0   Number         4  main.o(.text.main)
    [Anonymous Symbol]                       0x08004808   Section        0  hardware.o(.text.pinMode)
    __arm_cp.0_4                             0x08004848   Number         4  hardware.o(.text.pinMode)
    [Anonymous Symbol]                       0x0800484c   Section        0  hardware.o(.text.pinModeAF)
    __arm_cp.1_0                             0x08004884   Number         4  hardware.o(.text.pinModeAF)
    __arm_cp.1_1                             0x08004888   Number         4  hardware.o(.text.pinModeAF)
    __arm_cp.1_2                             0x0800488c   Number         4  hardware.o(.text.pinModeAF)
    __arm_cp.1_3                             0x08004890   Number         4  hardware.o(.text.pinModeAF)
    [Anonymous Symbol]                       0x08004894   Section        0  autodetect.o(.text.printstorage)
    __arm_cp.4_0                             0x08004918   Number         4  autodetect.o(.text.printstorage)
    __arm_cp.4_1                             0x0800491c   Number         4  autodetect.o(.text.printstorage)
    __arm_cp.4_2                             0x08004920   Number         4  autodetect.o(.text.printstorage)
    __arm_cp.4_4                             0x08004930   Number         4  autodetect.o(.text.printstorage)
    [Anonymous Symbol]                       0x0800493c   Section        0  autodetect.o(.text.printvoltage)
    __arm_cp.8_0                             0x080049fc   Number         4  autodetect.o(.text.printvoltage)
    __arm_cp.8_1                             0x08004a00   Number         4  autodetect.o(.text.printvoltage)
    __arm_cp.8_2                             0x08004a04   Number         4  autodetect.o(.text.printvoltage)
    __arm_cp.8_3                             0x08004a08   Number         4  autodetect.o(.text.printvoltage)
    __arm_cp.8_4                             0x08004a0c   Number         4  autodetect.o(.text.printvoltage)
    __arm_cp.8_5                             0x08004a10   Number         4  autodetect.o(.text.printvoltage)
    __arm_cp.8_6                             0x08004a14   Number         4  autodetect.o(.text.printvoltage)
    __arm_cp.8_7                             0x08004a18   Number         4  autodetect.o(.text.printvoltage)
    __arm_cp.8_9                             0x08004a24   Number         4  autodetect.o(.text.printvoltage)
    [Anonymous Symbol]                       0x08004a44   Section        0  autodetect.o(.text.restorecfg)
    __arm_cp.10_0                            0x08004a74   Number         4  autodetect.o(.text.restorecfg)
    [Anonymous Symbol]                       0x08004a78   Section        0  autodetect.o(.text.saveNexit)
    __arm_cp.12_1                            0x08004adc   Number         4  autodetect.o(.text.saveNexit)
    __arm_cp.12_2                            0x08004ae0   Number         4  autodetect.o(.text.saveNexit)
    __arm_cp.12_3                            0x08004ae4   Number         4  autodetect.o(.text.saveNexit)
    __arm_cp.12_4                            0x08004ae8   Number         4  autodetect.o(.text.saveNexit)
    [Anonymous Symbol]                       0x08004aec   Section        0  autodetect.o(.text.selfhold)
    __arm_cp.0_0                             0x08004b40   Number         4  autodetect.o(.text.selfhold)
    [Anonymous Symbol]                       0x08004b44   Section        0  autodetect.o(.text.simhallupdate)
    __arm_cp.5_0                             0x08004e80   Number         4  autodetect.o(.text.simhallupdate)
    __arm_cp.5_1                             0x08004e84   Number         4  autodetect.o(.text.simhallupdate)
    __arm_cp.5_2                             0x08004e88   Number         4  autodetect.o(.text.simhallupdate)
    __arm_cp.5_3                             0x08004e8c   Number         4  autodetect.o(.text.simhallupdate)
    __arm_cp.5_4                             0x08004e90   Number         4  autodetect.o(.text.simhallupdate)
    __arm_cp.5_5                             0x08004e94   Number         4  autodetect.o(.text.simhallupdate)
    __arm_cp.5_9                             0x08004ebc   Number         4  autodetect.o(.text.simhallupdate)
    __arm_cp.5_10                            0x08004ec0   Number         4  autodetect.o(.text.simhallupdate)
    __arm_cp.5_12                            0x08004edc   Number         4  autodetect.o(.text.simhallupdate)
    __arm_cp.5_13                            0x08004ee0   Number         4  autodetect.o(.text.simhallupdate)
    [Anonymous Symbol]                       0x08004ee4   Section        0  autodetect.o(.text.testrotateloop)
    __arm_cp.11_0                            0x08004f40   Number         4  autodetect.o(.text.testrotateloop)
    __arm_cp.11_1                            0x08004f44   Number         4  autodetect.o(.text.testrotateloop)
    __arm_cp.11_2                            0x08004f48   Number         4  autodetect.o(.text.testrotateloop)
    __arm_cp.11_3                            0x08004f4c   Number         4  autodetect.o(.text.testrotateloop)
    __arm_cp.11_4                            0x08004f50   Number         4  autodetect.o(.text.testrotateloop)
    __arm_cp.11_5                            0x08004f54   Number         4  autodetect.o(.text.testrotateloop)
    __arm_cp.11_6                            0x08004f58   Number         4  autodetect.o(.text.testrotateloop)
    [Anonymous Symbol]                       0x08004f5c   Section        0  initialize.o(.text.vref_Init)
    __arm_cp.7_0                             0x08004fb4   Number         4  initialize.o(.text.vref_Init)
    .text_divfast                            0x08004fb8   Section      502  aeabi_sdivfast.o(.text_divfast)
    i.__ARM_common_ll_muluu                  0x080051ae   Section        0  btod.o(i.__ARM_common_ll_muluu)
    i.__ARM_fpclassify                       0x080051e0   Section        0  fpclassify.o(i.__ARM_fpclassify)
    i._fgeq                                  0x0800520c   Section        0  fcmp.o(i._fgeq)
    i._fleq                                  0x08005222   Section        0  fcmp.o(i._fleq)
    i._is_digit                              0x0800523c   Section        0  __printf_wp.o(i._is_digit)
    locale$$code                             0x0800524c   Section       44  lc_numeric_c.o(locale$$code)
    x$fpl$fgeqf                              0x08005278   Section       84  fgef.o(x$fpl$fgeqf)
    x$fpl$fleqf                              0x080052cc   Section       84  flef.o(x$fpl$fleqf)
    x$fpl$printf1                            0x08005320   Section       16  printf1.o(x$fpl$printf1)
    uc_hextab                                0x08005330   Data          20  _printf_hex_int.o(.constdata)
    .constdata                               0x08005330   Section       40  _printf_hex_int.o(.constdata)
    x$fpl$usenofp                            0x08005330   Section        0  usenofp.o(x$fpl$usenofp)
    lc_hextab                                0x08005344   Data          20  _printf_hex_int.o(.constdata)
    maptable                                 0x08005358   Data          17  __printf_flags_wp.o(.constdata)
    .constdata                               0x08005358   Section       17  __printf_flags_wp.o(.constdata)
    ddiv_reciptbl                            0x08005369   Data         128  ddiv.o(.constdata)
    .constdata                               0x08005369   Section      128  ddiv.o(.constdata)
    tenpwrs_x                                0x080053ec   Data          60  bigflt0.o(.constdata)
    .constdata                               0x080053ec   Section      148  bigflt0.o(.constdata)
    tenpwrs_i                                0x08005428   Data          64  bigflt0.o(.constdata)
    [Anonymous Symbol]                       0x080055a0   Section        0  autodetect.o(.rodata.str1.1)
    locale$$data                             0x08006050   Section       28  lc_numeric_c.o(locale$$data)
    __lcnum_c_name                           0x08006054   Data           2  lc_numeric_c.o(locale$$data)
    __lcnum_c_start                          0x0800605c   Data           0  lc_numeric_c.o(locale$$data)
    __lcnum_c_point                          0x08006068   Data           0  lc_numeric_c.o(locale$$data)
    __lcnum_c_thousands                      0x0800606a   Data           0  lc_numeric_c.o(locale$$data)
    __lcnum_c_grouping                       0x0800606b   Data           0  lc_numeric_c.o(locale$$data)
    __lcnum_c_end                            0x0800606c   Data           0  lc_numeric_c.o(locale$$data)
    .bss                                     0x20000690   Section       96  libspace.o(.bss)
    Heap_Mem                                 0x20000850   Data         512  startup_mm32spin06xx_s_keil_1.o(HEAP)
    HEAP                                     0x20000850   Section      512  startup_mm32spin06xx_s_keil_1.o(HEAP)
    Stack_Mem                                0x20000a50   Data        1024  startup_mm32spin06xx_s_keil_1.o(STACK)
    STACK                                    0x20000a50   Section     1024  startup_mm32spin06xx_s_keil_1.o(STACK)
    __initial_sp                             0x20000e50   Data           0  startup_mm32spin06xx_s_keil_1.o(STACK)

    Global Symbols

    Symbol Name                              Value     Ov Type        Size  Object(Section)

    BuildAttributes$$THM_ISAv3M$S$PE$A:L22$X:L11$S22$IEEE1$IW$~IW$USESV6$~STKCKD$USESV7$~SHL$OTIME$ROPI$IEEEJ$EBA8$UX$STANDARDLIB$REQ8$PRES8$EABIv2 0x00000000   Number         0  anon$$obj.o ABSOLUTE
    _printf_flags                            0x00000000   Number         0  printf_stubs.o ABSOLUTE
    _printf_return_value                     0x00000000   Number         0  printf_stubs.o ABSOLUTE
    _printf_sizespec                         0x00000000   Number         0  printf_stubs.o ABSOLUTE
    _printf_widthprec                        0x00000000   Number         0  printf_stubs.o ABSOLUTE
    __ARM_exceptions_init                     - Undefined Weak Reference
    __alloca_initialize                       - Undefined Weak Reference
    __arm_preinit_                            - Undefined Weak Reference
    __arm_relocate_pie_                       - Undefined Weak Reference
    __cpp_initialize__aeabi_                  - Undefined Weak Reference
    __cxa_finalize                            - Undefined Weak Reference
    __sigvec_lookup                           - Undefined Weak Reference
    _atexit_init                              - Undefined Weak Reference
    _call_atexit_fns                          - Undefined Weak Reference
    _clock_init                               - Undefined Weak Reference
    _fp_trap_init                             - Undefined Weak Reference
    _fp_trap_shutdown                         - Undefined Weak Reference
    _get_lc_collate                           - Undefined Weak Reference
    _get_lc_ctype                             - Undefined Weak Reference
    _get_lc_monetary                          - Undefined Weak Reference
    _get_lc_time                              - Undefined Weak Reference
    _getenv_init                              - Undefined Weak Reference
    _handle_redirection                       - Undefined Weak Reference
    _init_alloc                               - Undefined Weak Reference
    _init_user_alloc                          - Undefined Weak Reference
    _initio                                   - Undefined Weak Reference
    _printf_truncate_signed                   - Undefined Weak Reference
    _printf_truncate_unsigned                 - Undefined Weak Reference
    _rand_init                                - Undefined Weak Reference
    _signal_finish                            - Undefined Weak Reference
    _signal_init                              - Undefined Weak Reference
    _terminate_alloc                          - Undefined Weak Reference
    _terminate_user_alloc                     - Undefined Weak Reference
    _terminateio                              - Undefined Weak Reference
    __Vectors_Size                           0x000000c0   Number         0  startup_mm32spin06xx_s_keil_1.o ABSOLUTE
    __Vectors                                0x08000000   Data           4  startup_mm32spin06xx_s_keil_1.o(RESET)
    __Vectors_End                            0x080000c0   Data           0  startup_mm32spin06xx_s_keil_1.o(RESET)
    __main                                   0x080000c1   Thumb Code     8  __main.o(!!!main)
    __scatterload                            0x080000c9   Thumb Code     0  __scatter.o(!!!scatter)
    __scatterload_rt2                        0x080000c9   Thumb Code    52  __scatter.o(!!!scatter)
    __scatterload_rt2_thumb_only             0x080000c9   Thumb Code     0  __scatter.o(!!!scatter)
    __scatterload_null                       0x080000d9   Thumb Code     0  __scatter.o(!!!scatter)
    __scatterload_zeroinit                   0x08000105   Thumb Code    28  __scatter_zi.o(!!handler_zi)
    _printf_percent                          0x08000121   Thumb Code     0  _printf_percent.o(.ARM.Collect$$_printf_percent$$00000000)
    _printf_f                                0x08000123   Thumb Code     0  _printf_f.o(.ARM.Collect$$_printf_percent$$00000003)
    _printf_i                                0x0800012d   Thumb Code     0  _printf_i.o(.ARM.Collect$$_printf_percent$$00000008)
    _printf_x                                0x08000137   Thumb Code     0  _printf_x.o(.ARM.Collect$$_printf_percent$$0000000C)
    _printf_percent_end                      0x08000141   Thumb Code     0  _printf_percent_end.o(.ARM.Collect$$_printf_percent$$00000017)
    __rt_lib_init                            0x08000145   Thumb Code     0  libinit.o(.ARM.Collect$$libinit$$00000000)
    __rt_lib_init_fp_1                       0x08000147   Thumb Code     0  libinit2.o(.ARM.Collect$$libinit$$00000002)
    __rt_lib_init_heap_1                     0x08000147   Thumb Code     0  libinit2.o(.ARM.Collect$$libinit$$0000000C)
    __rt_lib_init_lc_common                  0x08000147   Thumb Code     0  libinit2.o(.ARM.Collect$$libinit$$00000011)
    __rt_lib_init_preinit_1                  0x08000147   Thumb Code     0  libinit2.o(.ARM.Collect$$libinit$$00000006)
    __rt_lib_init_rand_1                     0x08000147   Thumb Code     0  libinit2.o(.ARM.Collect$$libinit$$00000010)
    __rt_lib_init_relocate_pie_1             0x08000147   Thumb Code     0  libinit2.o(.ARM.Collect$$libinit$$00000004)
    __rt_lib_init_user_alloc_1               0x08000147   Thumb Code     0  libinit2.o(.ARM.Collect$$libinit$$0000000E)
    __rt_lib_init_lc_collate_1               0x0800014d   Thumb Code     0  libinit2.o(.ARM.Collect$$libinit$$00000013)
    __rt_lib_init_lc_ctype_1                 0x0800014d   Thumb Code     0  libinit2.o(.ARM.Collect$$libinit$$00000015)
    __rt_lib_init_lc_monetary_1              0x0800014d   Thumb Code     0  libinit2.o(.ARM.Collect$$libinit$$00000017)
    __rt_lib_init_lc_numeric_2               0x0800014d   Thumb Code     0  libinit2.o(.ARM.Collect$$libinit$$00000018)
    __rt_lib_init_alloca_1                   0x08000157   Thumb Code     0  libinit2.o(.ARM.Collect$$libinit$$00000030)
    __rt_lib_init_argv_1                     0x08000157   Thumb Code     0  libinit2.o(.ARM.Collect$$libinit$$0000002E)
    __rt_lib_init_atexit_1                   0x08000157   Thumb Code     0  libinit2.o(.ARM.Collect$$libinit$$0000001D)
    __rt_lib_init_clock_1                    0x08000157   Thumb Code     0  libinit2.o(.ARM.Collect$$libinit$$00000023)
    __rt_lib_init_cpp_1                      0x08000157   Thumb Code     0  libinit2.o(.ARM.Collect$$libinit$$00000034)
    __rt_lib_init_exceptions_1               0x08000157   Thumb Code     0  libinit2.o(.ARM.Collect$$libinit$$00000032)
    __rt_lib_init_fp_trap_1                  0x08000157   Thumb Code     0  libinit2.o(.ARM.Collect$$libinit$$00000021)
    __rt_lib_init_getenv_1                   0x08000157   Thumb Code     0  libinit2.o(.ARM.Collect$$libinit$$00000025)
    __rt_lib_init_lc_numeric_1               0x08000157   Thumb Code     0  libinit2.o(.ARM.Collect$$libinit$$00000019)
    __rt_lib_init_lc_time_1                  0x08000157   Thumb Code     0  libinit2.o(.ARM.Collect$$libinit$$0000001B)
    __rt_lib_init_return                     0x08000157   Thumb Code     0  libinit2.o(.ARM.Collect$$libinit$$00000035)
    __rt_lib_init_signal_1                   0x08000157   Thumb Code     0  libinit2.o(.ARM.Collect$$libinit$$0000001F)
    __rt_lib_init_stdio_1                    0x08000157   Thumb Code     0  libinit2.o(.ARM.Collect$$libinit$$00000027)
    __rt_lib_shutdown                        0x08000159   Thumb Code     0  libshutdown.o(.ARM.Collect$$libshutdown$$00000000)
    __rt_lib_shutdown_cpp_1                  0x0800015b   Thumb Code     0  libshutdown2.o(.ARM.Collect$$libshutdown$$00000002)
    __rt_lib_shutdown_fp_trap_1              0x0800015b   Thumb Code     0  libshutdown2.o(.ARM.Collect$$libshutdown$$00000007)
    __rt_lib_shutdown_heap_1                 0x0800015b   Thumb Code     0  libshutdown2.o(.ARM.Collect$$libshutdown$$0000000F)
    __rt_lib_shutdown_return                 0x0800015b   Thumb Code     0  libshutdown2.o(.ARM.Collect$$libshutdown$$00000010)
    __rt_lib_shutdown_signal_1               0x0800015b   Thumb Code     0  libshutdown2.o(.ARM.Collect$$libshutdown$$0000000A)
    __rt_lib_shutdown_stdio_1                0x0800015b   Thumb Code     0  libshutdown2.o(.ARM.Collect$$libshutdown$$00000004)
    __rt_lib_shutdown_user_alloc_1           0x0800015b   Thumb Code     0  libshutdown2.o(.ARM.Collect$$libshutdown$$0000000C)
    __rt_entry                               0x0800015d   Thumb Code     0  __rtentry.o(.ARM.Collect$$rtentry$$00000000)
    __rt_entry_presh_1                       0x0800015d   Thumb Code     0  __rtentry2.o(.ARM.Collect$$rtentry$$00000002)
    __rt_entry_sh                            0x0800015d   Thumb Code     0  __rtentry4.o(.ARM.Collect$$rtentry$$00000004)
    __rt_entry_li                            0x08000163   Thumb Code     0  __rtentry2.o(.ARM.Collect$$rtentry$$0000000A)
    __rt_entry_postsh_1                      0x08000163   Thumb Code     0  __rtentry2.o(.ARM.Collect$$rtentry$$00000009)
    __rt_entry_main                          0x08000167   Thumb Code     0  __rtentry2.o(.ARM.Collect$$rtentry$$0000000D)
    __rt_entry_postli_1                      0x08000167   Thumb Code     0  __rtentry2.o(.ARM.Collect$$rtentry$$0000000C)
    __rt_exit                                0x0800016f   Thumb Code     0  rtexit.o(.ARM.Collect$$rtexit$$00000000)
    __rt_exit_ls                             0x08000171   Thumb Code     0  rtexit2.o(.ARM.Collect$$rtexit$$00000003)
    __rt_exit_prels_1                        0x08000171   Thumb Code     0  rtexit2.o(.ARM.Collect$$rtexit$$00000002)
    __rt_exit_exit                           0x08000175   Thumb Code     0  rtexit2.o(.ARM.Collect$$rtexit$$00000004)
    __aeabi_memcpy4                          0x0800017d   Thumb Code    56  rt_memcpy.o(.emb_text)
    __aeabi_memcpy8                          0x0800017d   Thumb Code     0  rt_memcpy.o(.emb_text)
    Reset_Handler                            0x080001b5   Thumb Code    44  startup_mm32spin06xx_s_keil_1.o(.text)
    NMI_Handler                              0x080001e1   Thumb Code     2  startup_mm32spin06xx_s_keil_1.o(.text)
    HardFault_Handler                        0x080001e3   Thumb Code     2  startup_mm32spin06xx_s_keil_1.o(.text)
    SVC_Handler                              0x080001e5   Thumb Code     2  startup_mm32spin06xx_s_keil_1.o(.text)
    PendSV_Handler                           0x080001e7   Thumb Code     2  startup_mm32spin06xx_s_keil_1.o(.text)
    CAN_IRQHandler                           0x080001eb   Thumb Code     0  startup_mm32spin06xx_s_keil_1.o(.text)
    DMA1_Channel1_IRQHandler                 0x080001eb   Thumb Code     0  startup_mm32spin06xx_s_keil_1.o(.text)
    DMA1_Channel4_5_IRQHandler               0x080001eb   Thumb Code     0  startup_mm32spin06xx_s_keil_1.o(.text)
    EXTI0_1_IRQHandler                       0x080001eb   Thumb Code     0  startup_mm32spin06xx_s_keil_1.o(.text)
    EXTI2_3_IRQHandler                       0x080001eb   Thumb Code     0  startup_mm32spin06xx_s_keil_1.o(.text)
    EXTI4_15_IRQHandler                      0x080001eb   Thumb Code     0  startup_mm32spin06xx_s_keil_1.o(.text)
    FLASH_IRQHandler                         0x080001eb   Thumb Code     0  startup_mm32spin06xx_s_keil_1.o(.text)
    HWDIV_IRQHandler                         0x080001eb   Thumb Code     0  startup_mm32spin06xx_s_keil_1.o(.text)
    I2C1_IRQHandler                          0x080001eb   Thumb Code     0  startup_mm32spin06xx_s_keil_1.o(.text)
    PVD_IRQHandler                           0x080001eb   Thumb Code     0  startup_mm32spin06xx_s_keil_1.o(.text)
    RCC_CRS_IRQHandler                       0x080001eb   Thumb Code     0  startup_mm32spin06xx_s_keil_1.o(.text)
    RTC_BKP_IRQHandler                       0x080001eb   Thumb Code     0  startup_mm32spin06xx_s_keil_1.o(.text)
    SPI1_IRQHandler                          0x080001eb   Thumb Code     0  startup_mm32spin06xx_s_keil_1.o(.text)
    SPI2_IRQHandler                          0x080001eb   Thumb Code     0  startup_mm32spin06xx_s_keil_1.o(.text)
    TIM14_IRQHandler                         0x080001eb   Thumb Code     0  startup_mm32spin06xx_s_keil_1.o(.text)
    TIM16_IRQHandler                         0x080001eb   Thumb Code     0  startup_mm32spin06xx_s_keil_1.o(.text)
    TIM17_IRQHandler                         0x080001eb   Thumb Code     0  startup_mm32spin06xx_s_keil_1.o(.text)
    TIM1_BRK_UP_TRG_COM_IRQHandler           0x080001eb   Thumb Code     0  startup_mm32spin06xx_s_keil_1.o(.text)
    TIM1_CC_IRQHandler                       0x080001eb   Thumb Code     0  startup_mm32spin06xx_s_keil_1.o(.text)
    TIM2_IRQHandler                          0x080001eb   Thumb Code     0  startup_mm32spin06xx_s_keil_1.o(.text)
    TIM3_IRQHandler                          0x080001eb   Thumb Code     0  startup_mm32spin06xx_s_keil_1.o(.text)
    UART1_IRQHandler                         0x080001eb   Thumb Code     0  startup_mm32spin06xx_s_keil_1.o(.text)
    UART2_IRQHandler                         0x080001eb   Thumb Code     0  startup_mm32spin06xx_s_keil_1.o(.text)
    WWDG_IRQHandler                          0x080001eb   Thumb Code     0  startup_mm32spin06xx_s_keil_1.o(.text)
    __user_initial_stackheap                 0x080001ed   Thumb Code     0  startup_mm32spin06xx_s_keil_1.o(.text)
    __2sprintf                               0x08000231   Thumb Code    36  noretval__2sprintf.o(.text)
    _printf_pre_padding                      0x08000259   Thumb Code    44  _printf_pad.o(.text)
    _printf_post_padding                     0x08000285   Thumb Code    34  _printf_pad.o(.text)
    _printf_int_dec                          0x080002a9   Thumb Code    90  _printf_dec.o(.text)
    _printf_int_hex                          0x08000315   Thumb Code    84  _printf_hex_int.o(.text)
    _printf_longlong_hex                     0x08000315   Thumb Code     0  _printf_hex_int.o(.text)
    __printf                                 0x0800036d   Thumb Code   306  __printf_flags_wp.o(.text)
    strlen                                   0x080004a5   Thumb Code    62  strlen.o(.text)
    __aeabi_memcpy                           0x080004e9   Thumb Code   130  rt_memcpy.o(.text)
    __rt_memcpy                              0x080004e9   Thumb Code     0  rt_memcpy.o(.text)
    __aeabi_memset4                          0x0800056b   Thumb Code    18  aeabi_memset4.o(.text)
    __aeabi_memset8                          0x0800056b   Thumb Code     0  aeabi_memset4.o(.text)
    strcmp                                   0x0800057d   Thumb Code   176  strcmpv6m.o(.text)
    __aeabi_uidivmod                         0x0800062d   Thumb Code    28  aeabi_sdivfast.o(.text)
    __aeabi_idivmod                          0x08000649   Thumb Code   472  aeabi_sdivfast.o(.text)
    __use_two_region_memory                  0x08000825   Thumb Code     2  heapauxi.o(.text)
    __rt_heap_escrow$2region                 0x08000827   Thumb Code     2  heapauxi.o(.text)
    __rt_heap_expand$2region                 0x08000829   Thumb Code     2  heapauxi.o(.text)
    __aeabi_d2f                              0x0800082d   Thumb Code     0  d2f.o(.text)
    _d2f                                     0x0800082d   Thumb Code   120  d2f.o(.text)
    __aeabi_ddiv                             0x080008a9   Thumb Code     0  ddiv.o(.text)
    _ddiv                                    0x080008a9   Thumb Code  1072  ddiv.o(.text)
    _drdiv                                   0x08000cd9   Thumb Code    20  ddiv.o(.text)
    __aeabi_d2uiz                            0x08000cf1   Thumb Code     0  dfixui.o(.text)
    _dfixu                                   0x08000cf1   Thumb Code    68  dfixui.o(.text)
    __aeabi_i2d_normalise                    0x08000d39   Thumb Code    66  dflti.o(.text)
    __aeabi_i2d                              0x08000d7b   Thumb Code    16  dflti.o(.text)
    _dflt                                    0x08000d7b   Thumb Code     0  dflti.o(.text)
    __aeabi_ui2d                             0x08000d8b   Thumb Code     6  dflti.o(.text)
    _dfltu                                   0x08000d8b   Thumb Code     0  dflti.o(.text)
    __aeabi_dmul                             0x08000d91   Thumb Code     0  dmul.o(.text)
    _dmul                                    0x08000d91   Thumb Code   558  dmul.o(.text)
    __aeabi_f2d                              0x08000fd9   Thumb Code     0  f2d.o(.text)
    _f2d                                     0x08000fd9   Thumb Code    80  f2d.o(.text)
    _printf_int_common                       0x0800102d   Thumb Code   176  _printf_intcommon.o(.text)
    _printf_fp_dec_real                      0x08001279   Thumb Code   620  _printf_fp_dec.o(.text)
    _printf_char_common                      0x080014fb   Thumb Code    32  _printf_char_common.o(.text)
    _sputc                                   0x08001521   Thumb Code    10  _sputc.o(.text)
    _memset_w                                0x0800152b   Thumb Code    26  rt_memclr.o(.text)
    _memset                                  0x08001545   Thumb Code    30  rt_memclr.o(.text)
    __aeabi_memclr                           0x08001563   Thumb Code     4  rt_memclr.o(.text)
    __rt_memclr                              0x08001563   Thumb Code     0  rt_memclr.o(.text)
    __aeabi_memclr4                          0x08001567   Thumb Code     0  rt_memclr.o(.text)
    __aeabi_memclr8                          0x08001567   Thumb Code     0  rt_memclr.o(.text)
    __rt_memclr_w                            0x08001567   Thumb Code     4  rt_memclr.o(.text)
    __rt_udiv10                              0x0800156b   Thumb Code    40  rtudiv10.o(.text)
    __rt_locale                              0x08001595   Thumb Code     8  rt_locale_intlibspace.o(.text)
    _ll_udiv10                               0x0800159d   Thumb Code   122  lludiv10.o(.text)
    _printf_fp_infnan                        0x08001619   Thumb Code   120  _printf_fp_infnan.o(.text)
    _btod_etento                             0x080016a1   Thumb Code   210  bigflt0.o(.text)
    _btod_d2e                                0x08001779   Thumb Code    64  btod.o(.text)
    _btod_emul                               0x08001bad   Thumb Code    28  btod.o(.text)
    _btod_emuld                              0x08001bc9   Thumb Code   144  btod.o(.text)
    _btod_ediv                               0x08001c59   Thumb Code    26  btod.o(.text)
    _btod_edivd                              0x08001c73   Thumb Code   124  btod.o(.text)
    __fpl_fcmp_InfNaN                        0x08001cf9   Thumb Code    96  fcmpin.o(.text)
    __user_libspace                          0x08001d5d   Thumb Code     8  libspace.o(.text)
    __user_perproc_libspace                  0x08001d5d   Thumb Code     0  libspace.o(.text)
    __user_perthread_libspace                0x08001d5d   Thumb Code     0  libspace.o(.text)
    __user_setup_stackheap                   0x08001d65   Thumb Code    62  sys_stackheap_outer.o(.text)
    exit                                     0x08001da3   Thumb Code    16  exit.o(.text)
    __fpl_cmpreturn                          0x08001db3   Thumb Code    46  cmpret.o(.text)
    __fpl_fcheck_NaN2                        0x08001de1   Thumb Code    10  fnan2.o(.text)
    __fpl_return_NaN                         0x08001df1   Thumb Code    94  retnan.o(.text)
    _sys_exit                                0x08001e51   Thumb Code     8  sys_exit.o(.text)
    __I$use$semihosting                      0x08001e5d   Thumb Code     0  use_no_semi.o(.text)
    __use_no_semihosting_swi                 0x08001e5d   Thumb Code     2  use_no_semi.o(.text)
    __decompress                             0x08001e5f   Thumb Code     0  __dczerorl2.o(.text)
    __decompress1                            0x08001e5f   Thumb Code    86  __dczerorl2.o(.text)
    __semihosting_library_function           0x08001e5f   Thumb Code     0  indicate_semi.o(.text)
    ADC1_COMP_IRQHandler                     0x08001eb5   Thumb Code     2  interrupt.o(.text.ADC1_COMP_IRQHandler)
    ADCALL_Init                              0x08001eb9   Thumb Code    60  initialize.o(.text.ADCALL_Init)
    ADC_Cmd                                  0x08001ef5   Thumb Code    16  hal_adc.o(.text.ADC_Cmd)
    ADC_DeInit                               0x08001f05   Thumb Code    20  hal_adc.o(.text.ADC_DeInit)
    ADC_Init                                 0x08001f1d   Thumb Code    48  hal_adc.o(.text.ADC_Init)
    ADC_RegularChannelConfig                 0x08001f55   Thumb Code    60  hal_adc.o(.text.ADC_RegularChannelConfig)
    ADC_SoftwareStartConvCmd                 0x08001f91   Thumb Code    20  hal_adc.o(.text.ADC_SoftwareStartConvCmd)
    ADC_VrefintCmd                           0x08001fa5   Thumb Code    24  hal_adc.o(.text.ADC_VrefintCmd)
    BLDC_init                                0x08001fc1   Thumb Code   160  initialize.o(.text.BLDC_init)
    DELAY_Init                               0x08002069   Thumb Code    60  delay.o(.text.DELAY_Init)
    DELAY_Ms                                 0x080020b5   Thumb Code    20  delay.o(.text.DELAY_Ms)
    DMA1_Channel2_3_IRQHandler               0x080020cd   Thumb Code    48  interrupt.o(.text.DMA1_Channel2_3_IRQHandler)
    DMA_ClearITPendingBit                    0x08002109   Thumb Code     8  hal_dma.o(.text.DMA_ClearITPendingBit)
    DMA_Cmd                                  0x08002111   Thumb Code    12  hal_dma.o(.text.DMA_Cmd)
    DMA_DeInit                               0x0800211d   Thumb Code    44  hal_dma.o(.text.DMA_DeInit)
    DMA_GetITStatus                          0x0800214d   Thumb Code    12  hal_dma.o(.text.DMA_GetITStatus)
    DMA_ITConfig                             0x0800215d   Thumb Code    20  hal_dma.o(.text.DMA_ITConfig)
    DMA_Init                                 0x08002171   Thumb Code    72  hal_dma.o(.text.DMA_Init)
    DMA_NVIC_Config                          0x080021bd   Thumb Code   104  initialize.o(.text.DMA_NVIC_Config)
    DMA_StructInit                           0x08002229   Thumb Code    22  hal_dma.o(.text.DMA_StructInit)
    EEPROM_Read                              0x08002241   Thumb Code   168  sim_eeprom.o(.text.EEPROM_Read)
    EEPROM_Write                             0x080022e9   Thumb Code   356  sim_eeprom.o(.text.EEPROM_Write)
    FLASH_ErasePage                          0x08002459   Thumb Code    84  hal_flash.o(.text.FLASH_ErasePage)
    FLASH_Lock                               0x080024b1   Thumb Code    12  hal_flash.o(.text.FLASH_Lock)
    FLASH_ProgramHalfWord                    0x080024c1   Thumb Code    76  hal_flash.o(.text.FLASH_ProgramHalfWord)
    FLASH_Unlock                             0x08002511   Thumb Code    12  hal_flash.o(.text.FLASH_Unlock)
    GPIO_Init                                0x08002529   Thumb Code   144  hal_gpio.o(.text.GPIO_Init)
    GPIO_PinAFConfig                         0x080025b9   Thumb Code    32  hal_gpio.o(.text.GPIO_PinAFConfig)
    GPIO_ReadInputDataBit                    0x080025d9   Thumb Code    10  hal_gpio.o(.text.GPIO_ReadInputDataBit)
    GPIO_StructInit                          0x080025e5   Thumb Code    12  hal_gpio.o(.text.GPIO_StructInit)
    GetChipUID                               0x080025f9   Thumb Code    20  hal_uid.o(.text.GetChipUID)
    NVIC_Init                                0x08002615   Thumb Code    68  hal_misc.o(.text.NVIC_Init)
    RCC_AHBPeriphClockCmd                    0x08002665   Thumb Code    24  hal_rcc.o(.text.RCC_AHBPeriphClockCmd)
    RCC_APB1PeriphClockCmd                   0x08002681   Thumb Code    24  hal_rcc.o(.text.RCC_APB1PeriphClockCmd)
    RCC_APB2PeriphClockCmd                   0x0800269d   Thumb Code    24  hal_rcc.o(.text.RCC_APB2PeriphClockCmd)
    RCC_GetPCLK1Freq                         0x080026b9   Thumb Code    44  hal_rcc.o(.text.RCC_GetPCLK1Freq)
    RCC_GetPCLK2Freq                         0x080026e5   Thumb Code    44  hal_rcc.o(.text.RCC_GetPCLK2Freq)
    SysTick_Handler                          0x08002721   Thumb Code    24  delay.o(.text.SysTick_Handler)
    SystemInit                               0x08002741   Thumb Code   348  system_mm32spin06xx_s_1.o(.text.SystemInit)
    TIM1_init                                0x080028c5   Thumb Code   184  initialize.o(.text.TIM1_init)
    TIM_BDTRConfig                           0x08002989   Thumb Code    30  hal_tim.o(.text.TIM_BDTRConfig)
    TIM_BDTRStructInit                       0x080029a7   Thumb Code    18  hal_tim.o(.text.TIM_BDTRStructInit)
    TIM_CCPreloadControl                     0x080029b9   Thumb Code    16  hal_tim.o(.text.TIM_CCPreloadControl)
    TIM_CCxCmd                               0x080029c9   Thumb Code    16  hal_tim.o(.text.TIM_CCxCmd)
    TIM_CCxNCmd                              0x080029d9   Thumb Code    20  hal_tim.o(.text.TIM_CCxNCmd)
    TIM_Cmd                                  0x080029ed   Thumb Code    16  hal_tim.o(.text.TIM_Cmd)
    TIM_CtrlPWMOutputs                       0x080029fd   Thumb Code    20  hal_tim.o(.text.TIM_CtrlPWMOutputs)
    TIM_DeInit                               0x08002a11   Thumb Code   100  hal_tim.o(.text.TIM_DeInit)
    TIM_GenerateEvent                        0x08002a7d   Thumb Code     4  hal_tim.o(.text.TIM_GenerateEvent)
    TIM_ITConfig                             0x08002a81   Thumb Code    20  hal_tim.o(.text.TIM_ITConfig)
    TIM_OC1Init                              0x08002a95   Thumb Code    88  hal_tim.o(.text.TIM_OC1Init)
    TIM_OC2Init                              0x08002aed   Thumb Code    92  hal_tim.o(.text.TIM_OC2Init)
    TIM_OC3Init                              0x08002b49   Thumb Code    88  hal_tim.o(.text.TIM_OC3Init)
    TIM_OCStructInit                         0x08002ba5   Thumb Code    14  hal_tim.o(.text.TIM_OCStructInit)
    TIM_SelectOCxM                           0x08002bb5   Thumb Code    88  hal_tim.o(.text.TIM_SelectOCxM)
    TIM_TimeBaseInit                         0x08002c0d   Thumb Code   112  hal_tim.o(.text.TIM_TimeBaseInit)
    TIM_TimeBaseStructInit                   0x08002c91   Thumb Code    16  hal_tim.o(.text.TIM_TimeBaseStructInit)
    UARTX_Init                               0x08002ca1   Thumb Code    72  initialize.o(.text.UARTX_Init)
    UART_Cmd                                 0x08002ce9   Thumb Code    12  hal_uart.o(.text.UART_Cmd)
    UART_DMACmd                              0x08002cf5   Thumb Code    14  hal_uart.o(.text.UART_DMACmd)
    UART_GPIO_Init                           0x08002d05   Thumb Code    64  initialize.o(.text.UART_GPIO_Init)
    UART_GetFlagStatus                       0x08002d4d   Thumb Code    10  hal_uart.o(.text.UART_GetFlagStatus)
    UART_Init                                0x08002d59   Thumb Code   112  hal_uart.o(.text.UART_Init)
    UART_SendData                            0x08002dcd   Thumb Code     6  hal_uart.o(.text.UART_SendData)
    UART_SendString                          0x08002dd5   Thumb Code    44  uart.o(.text.UART_SendString)
    UART_Send_Byte                           0x08002e01   Thumb Code    28  uart.o(.text.UART_Send_Byte)
    UART_Send_Group                          0x08002e1d   Thumb Code    44  uart.o(.text.UART_Send_Group)
    UART_StructInit                          0x08002e4d   Thumb Code    24  hal_uart.o(.text.UART_StructInit)
    analogRead                               0x08002e65   Thumb Code   136  hardware.o(.text.analogRead)
    autoDetectInit                           0x08002ef5   Thumb Code  1028  autodetect.o(.text.autoDetectInit)
    autoDetectSerialIt                       0x0800342d   Thumb Code  2440  autodetect.o(.text.autoDetectSerialIt)
    blinkLEDupdate                           0x08003e71   Thumb Code    52  autodetect.o(.text.blinkLEDupdate)
    checkbutton                              0x08003eb5   Thumb Code   292  autodetect.o(.text.checkbutton)
    commutate                                0x08004011   Thumb Code   528  bldc.o(.text.commutate)
    detectSelfHold                           0x08004229   Thumb Code   240  autodetect.o(.text.detectSelfHold)
    digitalRead                              0x08004335   Thumb Code    56  hardware.o(.text.digitalRead)
    exNVIC_Configure                         0x0800437d   Thumb Code    24  initialize.o(.text.exNVIC_Configure)
    exRCC_APB1PeriphReset                    0x08004395   Thumb Code    16  hal_rcc.o(.text.exRCC_APB1PeriphReset)
    exRCC_APB2PeriphReset                    0x080043a9   Thumb Code    16  hal_rcc.o(.text.exRCC_APB2PeriphReset)
    finduartloop                             0x080043bd   Thumb Code   564  autodetect.o(.text.finduartloop)
    hallpos                                  0x08004609   Thumb Code    56  bldc.o(.text.hallpos)
    main                                     0x08004649   Thumb Code   340  main.o(.text.main)
    pinMode                                  0x08004809   Thumb Code    64  hardware.o(.text.pinMode)
    pinModeAF                                0x0800484d   Thumb Code    56  hardware.o(.text.pinModeAF)
    printstorage                             0x08004895   Thumb Code   132  autodetect.o(.text.printstorage)
    printvoltage                             0x0800493d   Thumb Code   192  autodetect.o(.text.printvoltage)
    restorecfg                               0x08004a45   Thumb Code    48  autodetect.o(.text.restorecfg)
    saveNexit                                0x08004a79   Thumb Code   100  autodetect.o(.text.saveNexit)
    selfhold                                 0x08004aed   Thumb Code    84  autodetect.o(.text.selfhold)
    simhallupdate                            0x08004b45   Thumb Code   828  autodetect.o(.text.simhallupdate)
    testrotateloop                           0x08004ee5   Thumb Code    92  autodetect.o(.text.testrotateloop)
    vref_Init                                0x08004f5d   Thumb Code    88  initialize.o(.text.vref_Init)
    __aeabi_uidiv                            0x08004fb9   Thumb Code    68  aeabi_sdivfast.o(.text_divfast)
    __aeabi_idiv                             0x08004ffd   Thumb Code   434  aeabi_sdivfast.o(.text_divfast)
    __ARM_common_ll_muluu                    0x080051af   Thumb Code    48  btod.o(i.__ARM_common_ll_muluu)
    __ARM_fpclassify                         0x080051e1   Thumb Code    40  fpclassify.o(i.__ARM_fpclassify)
    __aeabi_fcmpge                           0x0800520d   Thumb Code     0  fcmp.o(i._fgeq)
    _fgeq                                    0x0800520d   Thumb Code    22  fcmp.o(i._fgeq)
    __aeabi_fcmple                           0x08005223   Thumb Code     0  fcmp.o(i._fleq)
    _fleq                                    0x08005223   Thumb Code    26  fcmp.o(i._fleq)
    _is_digit                                0x0800523d   Thumb Code    14  __printf_wp.o(i._is_digit)
    _get_lc_numeric                          0x0800524d   Thumb Code    44  lc_numeric_c.o(locale$$code)
    _fcmpge                                  0x08005279   Thumb Code    78  fgef.o(x$fpl$fgeqf)
    __aeabi_cfcmple                          0x080052cd   Thumb Code     0  flef.o(x$fpl$fleqf)
    _fcmple                                  0x080052cd   Thumb Code    78  flef.o(x$fpl$fleqf)
    _printf_fp_dec                           0x08005321   Thumb Code    16  printf1.o(x$fpl$printf1)
    __I$use$fp                               0x08005330   Number         0  usenofp.o(x$fpl$usenofp)
    adcs                                     0x08005480   Data          40  hardware.o(.rodata.adcs)
    hall_to_pos                              0x080054a8   Data           8  bldc.o(.rodata.hall_to_pos)
    halltims                                 0x080054b0   Data          42  hardware.o(.rodata.halltims)
    pins                                     0x080054da   Data         198  hardware.o(.rodata.pins)
    uarts                                    0x08006021   Data          12  hardware.o(.rodata.uarts)
    Region$$Table$$Base                      0x08006030   Number         0  anon$$obj.o(Region$$Table)
    Region$$Table$$Limit                     0x08006050   Number         0  anon$$obj.o(Region$$Table)
    PXX                                      0x20000000   Data         165  autodetect.o(.data.PXX)
    SystemCoreClock                          0x200000a8   Data           4  system_mm32spin06xx_s_1.o(.data.SystemCoreClock)
    addrdescription                          0x200000ac   Data         896  autodetect.o(.data.addrdescription)
    banner                                   0x2000042c   Data         464  autodetect.o(.data.banner)
    dir                                      0x200005fc   Data           1  main.o(.data.dir)
    hallposprev                              0x200005fd   Data           1  main.o(.data.hallposprev)
    pinstorage                               0x200005fe   Data         128  main.o(.data.pinstorage)
    step                                     0x2000067e   Data           1  main.o(.data.step)
    tbPresc                                  0x2000067f   Data          16  hal_rcc.o(.data.tbPresc)
    __libspace_start                         0x20000690   Data          96  libspace.o(.bss)
    GPIO_InitStruct                          0x200006f0   Data           4  main.o(.bss.GPIO_InitStruct)
    __temporary_stack_top$libspace           0x200006f0   Data           0  libspace.o(.bss)
    adcleft                                  0x200006f4   Data          10  autodetect.o(.bss.adcleft)
    address                                  0x200006fe   Data           1  autodetect.o(.bss.address)
    addrlen                                  0x200006ff   Data           1  autodetect.o(.bss.addrlen)
    addrparsemode                            0x20000700   Data           1  autodetect.o(.bss.addrparsemode)
    addrstr                                  0x20000701   Data          16  autodetect.o(.bss.addrstr)
    blinkstate                               0x20000711   Data           1  autodetect.o(.bss.blinkstate)
    command                                  0x20000712   Data           1  autodetect.o(.bss.command)
    data                                     0x20000714   Data           2  autodetect.o(.bss.data)
    datalen                                  0x20000716   Data           1  autodetect.o(.bss.datalen)
    dataparsemode                            0x20000717   Data           1  autodetect.o(.bss.dataparsemode)
    datastr                                  0x20000718   Data           4  autodetect.o(.bss.datastr)
    detectall                                0x2000071c   Data           1  autodetect.o(.bss.detectall)
    device_id_data                           0x2000071d   Data          12  hal_uid.o(.bss.device_id_data)
    doinloop                                 0x20000729   Data           1  autodetect.o(.bss.doinloop)
    hallA                                    0x2000072c   Data          33  autodetect.o(.bss.hallA)
    hallB                                    0x20000750   Data          33  autodetect.o(.bss.hallB)
    hallC                                    0x20000774   Data          33  autodetect.o(.bss.hallC)
    init                                     0x20000795   Data           1  autodetect.o(.bss.init)
    lastblink                                0x20000798   Data           4  autodetect.o(.bss.lastblink)
    masterslave                              0x2000079c   Data           1  main.o(.bss.masterslave)
    millis                                   0x200007a0   Data           4  main.o(.bss.millis)
    mode                                     0x200007a4   Data           1  autodetect.o(.bss.mode)
    prevpinstorage                           0x200007a8   Data         128  autodetect.o(.bss.prevpinstorage)
    receiveuart                              0x20000828   Data           1  autodetect.o(.bss.receiveuart)
    sRxBuffer                                0x20000829   Data          10  main.o(.bss.sRxBuffer)
    sTimingDelay                             0x20000834   Data           4  delay.o(.bss.sTimingDelay)
    selpin                                   0x20000838   Data           1  autodetect.o(.bss.selpin)
    showalladc                               0x20000839   Data           1  autodetect.o(.bss.showalladc)
    stage                                    0x2000083a   Data           1  autodetect.o(.bss.stage)
    testrotatespeed                          0x2000083c   Data           4  autodetect.o(.bss.testrotatespeed)
    tmp                                      0x20000840   Data           4  autodetect.o(.bss.tmp)
    vcc                                      0x20000844   Data           4  main.o(.bss.vcc)
    wait                                     0x20000848   Data           1  autodetect.o(.bss.wait)



==============================================================================

Memory Map of the image

  Image Entry point : 0x080000c1

  Load Region LR_IROM1 (Base: 0x08000000, Size: 0x00006700, Max: 0x00010000, ABSOLUTE, COMPRESSED[0x000062c8])

    Execution Region ER_IROM1 (Exec base: 0x08000000, Load base: 0x08000000, Size: 0x0000606c, Max: 0x00010000, ABSOLUTE)

    Exec Addr    Load Addr    Size         Type   Attr      Idx    E Section Name        Object

    0x08000000   0x08000000   0x000000c0   Data   RO         1174    RESET               startup_mm32spin06xx_s_keil_1.o
    0x080000c0   0x080000c0   0x00000008   Code   RO         1272  * !!!main             c_p.l(__main.o)
    0x080000c8   0x080000c8   0x0000003c   Code   RO         1539    !!!scatter          c_p.l(__scatter.o)
    0x08000104   0x08000104   0x0000001c   Code   RO         1541    !!handler_zi        c_p.l(__scatter_zi.o)
    0x08000120   0x08000120   0x00000002   Code   RO         1251    .ARM.Collect$$_printf_percent$$00000000  c_p.l(_printf_percent.o)
    0x08000122   0x08000122   0x0000000a   Code   RO         1250    .ARM.Collect$$_printf_percent$$00000003  c_p.l(_printf_f.o)
    0x0800012c   0x0800012c   0x0000000a   Code   RO         1249    .ARM.Collect$$_printf_percent$$00000008  c_p.l(_printf_i.o)
    0x08000136   0x08000136   0x0000000a   Code   RO         1248    .ARM.Collect$$_printf_percent$$0000000C  c_p.l(_printf_x.o)
    0x08000140   0x08000140   0x00000004   Code   RO         1316    .ARM.Collect$$_printf_percent$$00000017  c_p.l(_printf_percent_end.o)
    0x08000144   0x08000144   0x00000002   Code   RO         1393    .ARM.Collect$$libinit$$00000000  c_p.l(libinit.o)
    0x08000146   0x08000146   0x00000000   Code   RO         1395    .ARM.Collect$$libinit$$00000002  c_p.l(libinit2.o)
    0x08000146   0x08000146   0x00000000   Code   RO         1397    .ARM.Collect$$libinit$$00000004  c_p.l(libinit2.o)
    0x08000146   0x08000146   0x00000000   Code   RO         1399    .ARM.Collect$$libinit$$00000006  c_p.l(libinit2.o)
    0x08000146   0x08000146   0x00000000   Code   RO         1402    .ARM.Collect$$libinit$$0000000C  c_p.l(libinit2.o)
    0x08000146   0x08000146   0x00000000   Code   RO         1404    .ARM.Collect$$libinit$$0000000E  c_p.l(libinit2.o)
    0x08000146   0x08000146   0x00000000   Code   RO         1406    .ARM.Collect$$libinit$$00000010  c_p.l(libinit2.o)
    0x08000146   0x08000146   0x00000006   Code   RO         1407    .ARM.Collect$$libinit$$00000011  c_p.l(libinit2.o)
    0x0800014c   0x0800014c   0x00000000   Code   RO         1409    .ARM.Collect$$libinit$$00000013  c_p.l(libinit2.o)
    0x0800014c   0x0800014c   0x00000000   Code   RO         1411    .ARM.Collect$$libinit$$00000015  c_p.l(libinit2.o)
    0x0800014c   0x0800014c   0x00000000   Code   RO         1413    .ARM.Collect$$libinit$$00000017  c_p.l(libinit2.o)
    0x0800014c   0x0800014c   0x0000000a   Code   RO         1414    .ARM.Collect$$libinit$$00000018  c_p.l(libinit2.o)
    0x08000156   0x08000156   0x00000000   Code   RO         1415    .ARM.Collect$$libinit$$00000019  c_p.l(libinit2.o)
    0x08000156   0x08000156   0x00000000   Code   RO         1417    .ARM.Collect$$libinit$$0000001B  c_p.l(libinit2.o)
    0x08000156   0x08000156   0x00000000   Code   RO         1419    .ARM.Collect$$libinit$$0000001D  c_p.l(libinit2.o)
    0x08000156   0x08000156   0x00000000   Code   RO         1421    .ARM.Collect$$libinit$$0000001F  c_p.l(libinit2.o)
    0x08000156   0x08000156   0x00000000   Code   RO         1423    .ARM.Collect$$libinit$$00000021  c_p.l(libinit2.o)
    0x08000156   0x08000156   0x00000000   Code   RO         1425    .ARM.Collect$$libinit$$00000023  c_p.l(libinit2.o)
    0x08000156   0x08000156   0x00000000   Code   RO         1427    .ARM.Collect$$libinit$$00000025  c_p.l(libinit2.o)
    0x08000156   0x08000156   0x00000000   Code   RO         1429    .ARM.Collect$$libinit$$00000027  c_p.l(libinit2.o)
    0x08000156   0x08000156   0x00000000   Code   RO         1433    .ARM.Collect$$libinit$$0000002E  c_p.l(libinit2.o)
    0x08000156   0x08000156   0x00000000   Code   RO         1435    .ARM.Collect$$libinit$$00000030  c_p.l(libinit2.o)
    0x08000156   0x08000156   0x00000000   Code   RO         1437    .ARM.Collect$$libinit$$00000032  c_p.l(libinit2.o)
    0x08000156   0x08000156   0x00000000   Code   RO         1439    .ARM.Collect$$libinit$$00000034  c_p.l(libinit2.o)
    0x08000156   0x08000156   0x00000002   Code   RO         1440    .ARM.Collect$$libinit$$00000035  c_p.l(libinit2.o)
    0x08000158   0x08000158   0x00000002   Code   RO         1502    .ARM.Collect$$libshutdown$$00000000  c_p.l(libshutdown.o)
    0x0800015a   0x0800015a   0x00000000   Code   RO         1520    .ARM.Collect$$libshutdown$$00000002  c_p.l(libshutdown2.o)
    0x0800015a   0x0800015a   0x00000000   Code   RO         1522    .ARM.Collect$$libshutdown$$00000004  c_p.l(libshutdown2.o)
    0x0800015a   0x0800015a   0x00000000   Code   RO         1525    .ARM.Collect$$libshutdown$$00000007  c_p.l(libshutdown2.o)
    0x0800015a   0x0800015a   0x00000000   Code   RO         1528    .ARM.Collect$$libshutdown$$0000000A  c_p.l(libshutdown2.o)
    0x0800015a   0x0800015a   0x00000000   Code   RO         1530    .ARM.Collect$$libshutdown$$0000000C  c_p.l(libshutdown2.o)
    0x0800015a   0x0800015a   0x00000000   Code   RO         1533    .ARM.Collect$$libshutdown$$0000000F  c_p.l(libshutdown2.o)
    0x0800015a   0x0800015a   0x00000002   Code   RO         1534    .ARM.Collect$$libshutdown$$00000010  c_p.l(libshutdown2.o)
    0x0800015c   0x0800015c   0x00000000   Code   RO         1301    .ARM.Collect$$rtentry$$00000000  c_p.l(__rtentry.o)
    0x0800015c   0x0800015c   0x00000000   Code   RO         1329    .ARM.Collect$$rtentry$$00000002  c_p.l(__rtentry2.o)
    0x0800015c   0x0800015c   0x00000006   Code   RO         1341    .ARM.Collect$$rtentry$$00000004  c_p.l(__rtentry4.o)
    0x08000162   0x08000162   0x00000000   Code   RO         1331    .ARM.Collect$$rtentry$$00000009  c_p.l(__rtentry2.o)
    0x08000162   0x08000162   0x00000004   Code   RO         1332    .ARM.Collect$$rtentry$$0000000A  c_p.l(__rtentry2.o)
    0x08000166   0x08000166   0x00000000   Code   RO         1334    .ARM.Collect$$rtentry$$0000000C  c_p.l(__rtentry2.o)
    0x08000166   0x08000166   0x00000008   Code   RO         1335    .ARM.Collect$$rtentry$$0000000D  c_p.l(__rtentry2.o)
    0x0800016e   0x0800016e   0x00000002   Code   RO         1446    .ARM.Collect$$rtexit$$00000000  c_p.l(rtexit.o)
    0x08000170   0x08000170   0x00000000   Code   RO         1467    .ARM.Collect$$rtexit$$00000002  c_p.l(rtexit2.o)
    0x08000170   0x08000170   0x00000004   Code   RO         1468    .ARM.Collect$$rtexit$$00000003  c_p.l(rtexit2.o)
    0x08000174   0x08000174   0x00000006   Code   RO         1469    .ARM.Collect$$rtexit$$00000004  c_p.l(rtexit2.o)
    0x0800017a   0x0800017a   0x00000002   PAD
    0x0800017c   0x0800017c   0x00000038   Code   RO         1254    .emb_text           c_p.l(rt_memcpy.o)
    0x080001b4   0x080001b4   0x0000007c   Code   RO         1175    .text               startup_mm32spin06xx_s_keil_1.o
    0x08000230   0x08000230   0x00000028   Code   RO         1199    .text               c_p.l(noretval__2sprintf.o)
    0x08000258   0x08000258   0x0000004e   Code   RO         1203    .text               c_p.l(_printf_pad.o)
    0x080002a6   0x080002a6   0x00000002   PAD
    0x080002a8   0x080002a8   0x0000006c   Code   RO         1205    .text               c_p.l(_printf_dec.o)
    0x08000314   0x08000314   0x00000058   Code   RO         1210    .text               c_p.l(_printf_hex_int.o)
    0x0800036c   0x0800036c   0x00000138   Code   RO         1240    .text               c_p.l(__printf_flags_wp.o)
    0x080004a4   0x080004a4   0x00000044   Code   RO         1252    .text               c_p.l(strlen.o)
    0x080004e8   0x080004e8   0x00000082   Code   RO         1255    .text               c_p.l(rt_memcpy.o)
    0x0800056a   0x0800056a   0x00000012   Code   RO         1258    .text               c_p.l(aeabi_memset4.o)
    0x0800057c   0x0800057c   0x000000b0   Code   RO         1260    .text               c_p.l(strcmpv6m.o)
    0x0800062c   0x0800062c   0x000001f8   Code   RO         1262    .text               c_p.l(aeabi_sdivfast.o)
    0x08000824   0x08000824   0x00000006   Code   RO         1270    .text               c_p.l(heapauxi.o)
    0x0800082a   0x0800082a   0x00000002   PAD
    0x0800082c   0x0800082c   0x0000007c   Code   RO         1274    .text               fz_ps.l(d2f.o)
    0x080008a8   0x080008a8   0x00000448   Code   RO         1276    .text               fz_ps.l(ddiv.o)
    0x08000cf0   0x08000cf0   0x00000048   Code   RO         1279    .text               fz_ps.l(dfixui.o)
    0x08000d38   0x08000d38   0x00000058   Code   RO         1281    .text               fz_ps.l(dflti.o)
    0x08000d90   0x08000d90   0x00000248   Code   RO         1283    .text               fz_ps.l(dmul.o)
    0x08000fd8   0x08000fd8   0x00000054   Code   RO         1285    .text               fz_ps.l(f2d.o)
    0x0800102c   0x0800102c   0x000000b0   Code   RO         1306    .text               c_p.l(_printf_intcommon.o)
    0x080010dc   0x080010dc   0x00000414   Code   RO         1308    .text               c_p.l(_printf_fp_dec.o)
    0x080014f0   0x080014f0   0x00000030   Code   RO         1312    .text               c_p.l(_printf_char_common.o)
    0x08001520   0x08001520   0x0000000a   Code   RO         1314    .text               c_p.l(_sputc.o)
    0x0800152a   0x0800152a   0x00000040   Code   RO         1317    .text               c_p.l(rt_memclr.o)
    0x0800156a   0x0800156a   0x00000028   Code   RO         1319    .text               c_p.l(rtudiv10.o)
    0x08001592   0x08001592   0x00000002   PAD
    0x08001594   0x08001594   0x00000008   Code   RO         1348    .text               c_p.l(rt_locale_intlibspace.o)
    0x0800159c   0x0800159c   0x0000007a   Code   RO         1350    .text               c_p.l(lludiv10.o)
    0x08001616   0x08001616   0x00000002   PAD
    0x08001618   0x08001618   0x00000088   Code   RO         1352    .text               c_p.l(_printf_fp_infnan.o)
    0x080016a0   0x080016a0   0x000000d8   Code   RO         1356    .text               c_p.l(bigflt0.o)
    0x08001778   0x08001778   0x00000580   Code   RO         1359    .text               c_p.l(btod.o)
    0x08001cf8   0x08001cf8   0x00000064   Code   RO         1368    .text               fz_ps.l(fcmpin.o)
    0x08001d5c   0x08001d5c   0x00000008   Code   RO         1374    .text               c_p.l(libspace.o)
    0x08001d64   0x08001d64   0x0000003e   Code   RO         1377    .text               c_p.l(sys_stackheap_outer.o)
    0x08001da2   0x08001da2   0x00000010   Code   RO         1382    .text               c_p.l(exit.o)
    0x08001db2   0x08001db2   0x0000002e   Code   RO         1441    .text               fz_ps.l(cmpret.o)
    0x08001de0   0x08001de0   0x00000010   Code   RO         1443    .text               fz_ps.l(fnan2.o)
    0x08001df0   0x08001df0   0x0000005e   Code   RO         1460    .text               fz_ps.l(retnan.o)
    0x08001e4e   0x08001e4e   0x00000002   PAD
    0x08001e50   0x08001e50   0x0000000c   Code   RO         1462    .text               c_p.l(sys_exit.o)
    0x08001e5c   0x08001e5c   0x00000002   Code   RO         1489    .text               c_p.l(use_no_semi.o)
    0x08001e5e   0x08001e5e   0x00000000   Code   RO         1491    .text               c_p.l(indicate_semi.o)
    0x08001e5e   0x08001e5e   0x00000056   Code   RO         1537    .text               c_p.l(__dczerorl2.o)
    0x08001eb4   0x08001eb4   0x00000002   Code   RO           96    .text.ADC1_COMP_IRQHandler  interrupt.o
    0x08001eb6   0x08001eb6   0x00000002   PAD
    0x08001eb8   0x08001eb8   0x0000003c   Code   RO           84    .text.ADCALL_Init   initialize.o
    0x08001ef4   0x08001ef4   0x00000010   Code   RO          276    .text.ADC_Cmd       hal_adc.o
    0x08001f04   0x08001f04   0x00000018   Code   RO          270    .text.ADC_DeInit    hal_adc.o
    0x08001f1c   0x08001f1c   0x00000038   Code   RO          272    .text.ADC_Init      hal_adc.o
    0x08001f54   0x08001f54   0x0000003c   Code   RO          286    .text.ADC_RegularChannelConfig  hal_adc.o
    0x08001f90   0x08001f90   0x00000014   Code   RO          282    .text.ADC_SoftwareStartConvCmd  hal_adc.o
    0x08001fa4   0x08001fa4   0x0000001c   Code   RO          308    .text.ADC_VrefintCmd  hal_adc.o
    0x08001fc0   0x08001fc0   0x000000a8   Code   RO           68    .text.BLDC_init     initialize.o
    0x08002068   0x08002068   0x0000004c   Code   RO           36    .text.DELAY_Init    delay.o
    0x080020b4   0x080020b4   0x00000018   Code   RO           40    .text.DELAY_Ms      delay.o
    0x080020cc   0x080020cc   0x0000003c   Code   RO           94    .text.DMA1_Channel2_3_IRQHandler  interrupt.o
    0x08002108   0x08002108   0x00000008   Code   RO          419    .text.DMA_ClearITPendingBit  hal_dma.o
    0x08002110   0x08002110   0x0000000c   Code   RO          407    .text.DMA_Cmd       hal_dma.o
    0x0800211c   0x0800211c   0x00000030   Code   RO          401    .text.DMA_DeInit    hal_dma.o
    0x0800214c   0x0800214c   0x00000010   Code   RO          417    .text.DMA_GetITStatus  hal_dma.o
    0x0800215c   0x0800215c   0x00000014   Code   RO          409    .text.DMA_ITConfig  hal_dma.o
    0x08002170   0x08002170   0x0000004c   Code   RO          403    .text.DMA_Init      hal_dma.o
    0x080021bc   0x080021bc   0x0000006c   Code   RO           78    .text.DMA_NVIC_Config  initialize.o
    0x08002228   0x08002228   0x00000016   Code   RO          405    .text.DMA_StructInit  hal_dma.o
    0x0800223e   0x0800223e   0x00000002   PAD
    0x08002240   0x08002240   0x000000a8   Code   RO          256    .text.EEPROM_Read   sim_eeprom.o
    0x080022e8   0x080022e8   0x00000170   Code   RO          258    .text.EEPROM_Write  sim_eeprom.o
    0x08002458   0x08002458   0x00000058   Code   RO          483    .text.FLASH_ErasePage  hal_flash.o
    0x080024b0   0x080024b0   0x00000010   Code   RO          477    .text.FLASH_Lock    hal_flash.o
    0x080024c0   0x080024c0   0x00000050   Code   RO          493    .text.FLASH_ProgramHalfWord  hal_flash.o
    0x08002510   0x08002510   0x00000018   Code   RO          479    .text.FLASH_Unlock  hal_flash.o
    0x08002528   0x08002528   0x00000090   Code   RO          545    .text.GPIO_Init     hal_gpio.o
    0x080025b8   0x080025b8   0x00000020   Code   RO          569    .text.GPIO_PinAFConfig  hal_gpio.o
    0x080025d8   0x080025d8   0x0000000a   Code   RO          549    .text.GPIO_ReadInputDataBit  hal_gpio.o
    0x080025e2   0x080025e2   0x00000002   PAD
    0x080025e4   0x080025e4   0x00000014   Code   RO          547    .text.GPIO_StructInit  hal_gpio.o
    0x080025f8   0x080025f8   0x0000001c   Code   RO         1116    .text.GetChipUID    hal_uid.o
    0x08002614   0x08002614   0x00000050   Code   RO          677    .text.NVIC_Init     hal_misc.o
    0x08002664   0x08002664   0x0000001c   Code   RO          755    .text.RCC_AHBPeriphClockCmd  hal_rcc.o
    0x08002680   0x08002680   0x0000001c   Code   RO          759    .text.RCC_APB1PeriphClockCmd  hal_rcc.o
    0x0800269c   0x0800269c   0x0000001c   Code   RO          757    .text.RCC_APB2PeriphClockCmd  hal_rcc.o
    0x080026b8   0x080026b8   0x0000002c   Code   RO          749    .text.RCC_GetPCLK1Freq  hal_rcc.o
    0x080026e4   0x080026e4   0x0000003c   Code   RO          751    .text.RCC_GetPCLK2Freq  hal_rcc.o
    0x08002720   0x08002720   0x00000020   Code   RO           38    .text.SysTick_Handler  delay.o
    0x08002740   0x08002740   0x00000184   Code   RO         1182    .text.SystemInit    system_mm32spin06xx_s_1.o
    0x080028c4   0x080028c4   0x000000c4   Code   RO           70    .text.TIM1_init     initialize.o
    0x08002988   0x08002988   0x0000001e   Code   RO          878    .text.TIM_BDTRConfig  hal_tim.o
    0x080029a6   0x080029a6   0x00000012   Code   RO          886    .text.TIM_BDTRStructInit  hal_tim.o
    0x080029b8   0x080029b8   0x00000010   Code   RO          934    .text.TIM_CCPreloadControl  hal_tim.o
    0x080029c8   0x080029c8   0x00000010   Code   RO          974    .text.TIM_CCxCmd    hal_tim.o
    0x080029d8   0x080029d8   0x00000014   Code   RO          976    .text.TIM_CCxNCmd   hal_tim.o
    0x080029ec   0x080029ec   0x00000010   Code   RO          888    .text.TIM_Cmd       hal_tim.o
    0x080029fc   0x080029fc   0x00000014   Code   RO          890    .text.TIM_CtrlPWMOutputs  hal_tim.o
    0x08002a10   0x08002a10   0x0000006c   Code   RO          854    .text.TIM_DeInit    hal_tim.o
    0x08002a7c   0x08002a7c   0x00000004   Code   RO          894    .text.TIM_GenerateEvent  hal_tim.o
    0x08002a80   0x08002a80   0x00000014   Code   RO          892    .text.TIM_ITConfig  hal_tim.o
    0x08002a94   0x08002a94   0x00000058   Code   RO          858    .text.TIM_OC1Init   hal_tim.o
    0x08002aec   0x08002aec   0x0000005c   Code   RO          860    .text.TIM_OC2Init   hal_tim.o
    0x08002b48   0x08002b48   0x0000005c   Code   RO          862    .text.TIM_OC3Init   hal_tim.o
    0x08002ba4   0x08002ba4   0x0000000e   Code   RO          882    .text.TIM_OCStructInit  hal_tim.o
    0x08002bb2   0x08002bb2   0x00000002   PAD
    0x08002bb4   0x08002bb4   0x00000058   Code   RO          978    .text.TIM_SelectOCxM  hal_tim.o
    0x08002c0c   0x08002c0c   0x00000084   Code   RO          856    .text.TIM_TimeBaseInit  hal_tim.o
    0x08002c90   0x08002c90   0x00000010   Code   RO          880    .text.TIM_TimeBaseStructInit  hal_tim.o
    0x08002ca0   0x08002ca0   0x00000048   Code   RO           74    .text.UARTX_Init    initialize.o
    0x08002ce8   0x08002ce8   0x0000000c   Code   RO         1066    .text.UART_Cmd      hal_uart.o
    0x08002cf4   0x08002cf4   0x0000000e   Code   RO         1070    .text.UART_DMACmd   hal_uart.o
    0x08002d02   0x08002d02   0x00000002   PAD
    0x08002d04   0x08002d04   0x00000048   Code   RO           76    .text.UART_GPIO_Init  initialize.o
    0x08002d4c   0x08002d4c   0x0000000a   Code   RO         1076    .text.UART_GetFlagStatus  hal_uart.o
    0x08002d56   0x08002d56   0x00000002   PAD
    0x08002d58   0x08002d58   0x00000074   Code   RO         1062    .text.UART_Init     hal_uart.o
    0x08002dcc   0x08002dcc   0x00000006   Code   RO         1072    .text.UART_SendData  hal_uart.o
    0x08002dd2   0x08002dd2   0x00000002   PAD
    0x08002dd4   0x08002dd4   0x0000002c   Code   RO          115    .text.UART_SendString  uart.o
    0x08002e00   0x08002e00   0x0000001c   Code   RO          111    .text.UART_Send_Byte  uart.o
    0x08002e1c   0x08002e1c   0x00000030   Code   RO          113    .text.UART_Send_Group  uart.o
    0x08002e4c   0x08002e4c   0x00000018   Code   RO         1064    .text.UART_StructInit  hal_uart.o
    0x08002e64   0x08002e64   0x00000090   Code   RO          237    .text.analogRead    hardware.o
    0x08002ef4   0x08002ef4   0x00000538   Code   RO          171    .text.autoDetectInit  autodetect.o
    0x0800342c   0x0800342c   0x00000a44   Code   RO          165    .text.autoDetectSerialIt  autodetect.o
    0x08003e70   0x08003e70   0x00000044   Code   RO          173    .text.blinkLEDupdate  autodetect.o
    0x08003eb4   0x08003eb4   0x0000015c   Code   RO          177    .text.checkbutton   autodetect.o
    0x08004010   0x08004010   0x00000218   Code   RO           53    .text.commutate     bldc.o
    0x08004228   0x08004228   0x0000010c   Code   RO          163    .text.detectSelfHold  autodetect.o
    0x08004334   0x08004334   0x00000048   Code   RO          233    .text.digitalRead   hardware.o
    0x0800437c   0x0800437c   0x00000018   Code   RO           72    .text.exNVIC_Configure  initialize.o
    0x08004394   0x08004394   0x00000014   Code   RO          779    .text.exRCC_APB1PeriphReset  hal_rcc.o
    0x080043a8   0x080043a8   0x00000014   Code   RO          783    .text.exRCC_APB2PeriphReset  hal_rcc.o
    0x080043bc   0x080043bc   0x0000024c   Code   RO          185    .text.finduartloop  autodetect.o
    0x08004608   0x08004608   0x00000040   Code   RO           51    .text.hallpos       bldc.o
    0x08004648   0x08004648   0x000001c0   Code   RO            2    .text.main          main.o
    0x08004808   0x08004808   0x00000044   Code   RO          229    .text.pinMode       hardware.o
    0x0800484c   0x0800484c   0x00000048   Code   RO          231    .text.pinModeAF     hardware.o
    0x08004894   0x08004894   0x000000a8   Code   RO          167    .text.printstorage  autodetect.o
    0x0800493c   0x0800493c   0x00000108   Code   RO          175    .text.printvoltage  autodetect.o
    0x08004a44   0x08004a44   0x00000034   Code   RO          179    .text.restorecfg    autodetect.o
    0x08004a78   0x08004a78   0x00000074   Code   RO          183    .text.saveNexit     autodetect.o
    0x08004aec   0x08004aec   0x00000058   Code   RO          159    .text.selfhold      autodetect.o
    0x08004b44   0x08004b44   0x000003a0   Code   RO          169    .text.simhallupdate  autodetect.o
    0x08004ee4   0x08004ee4   0x00000078   Code   RO          181    .text.testrotateloop  autodetect.o
    0x08004f5c   0x08004f5c   0x0000005c   Code   RO           82    .text.vref_Init     initialize.o
    0x08004fb8   0x08004fb8   0x000001f6   Code   RO         1263    .text_divfast       c_p.l(aeabi_sdivfast.o)
    0x080051ae   0x080051ae   0x00000030   Code   RO         1361    i.__ARM_common_ll_muluu  c_p.l(btod.o)
    0x080051de   0x080051de   0x00000002   PAD
    0x080051e0   0x080051e0   0x0000002c   Code   RO         1372    i.__ARM_fpclassify  m_ps.l(fpclassify.o)
    0x0800520c   0x0800520c   0x00000016   Code   RO         1288    i._fgeq             fz_ps.l(fcmp.o)
    0x08005222   0x08005222   0x0000001a   Code   RO         1290    i._fleq             fz_ps.l(fcmp.o)
    0x0800523c   0x0800523c   0x0000000e   Code   RO         1238    i._is_digit         c_p.l(__printf_wp.o)
    0x0800524a   0x0800524a   0x00000002   PAD
    0x0800524c   0x0800524c   0x0000002c   Code   RO         1366    locale$$code        c_p.l(lc_numeric_c.o)
    0x08005278   0x08005278   0x00000054   Code   RO         1323    x$fpl$fgeqf         fz_ps.l(fgef.o)
    0x080052cc   0x080052cc   0x00000054   Code   RO         1325    x$fpl$fleqf         fz_ps.l(flef.o)
    0x08005320   0x08005320   0x00000010   Code   RO         1299    x$fpl$printf1       fz_ps.l(printf1.o)
    0x08005330   0x08005330   0x00000000   Code   RO         1327    x$fpl$usenofp       fz_ps.l(usenofp.o)
    0x08005330   0x08005330   0x00000028   Data   RO         1211    .constdata          c_p.l(_printf_hex_int.o)
    0x08005358   0x08005358   0x00000011   Data   RO         1241    .constdata          c_p.l(__printf_flags_wp.o)
    0x08005369   0x08005369   0x00000080   Data   RO         1277    .constdata          fz_ps.l(ddiv.o)
    0x080053e9   0x080053e9   0x00000003   PAD
    0x080053ec   0x080053ec   0x00000094   Data   RO         1357    .constdata          c_p.l(bigflt0.o)
    0x08005480   0x08005480   0x00000028   Data   RO          240    .rodata.adcs        hardware.o
    0x080054a8   0x080054a8   0x00000008   Data   RO           57    .rodata.hall_to_pos  bldc.o
    0x080054b0   0x080054b0   0x0000002a   Data   RO          241    .rodata.halltims    hardware.o
    0x080054da   0x080054da   0x000000c6   Data   RO          239    .rodata.pins        hardware.o
    0x080055a0   0x080055a0   0x00000a81   Data   RO          201    .rodata.str1.1      autodetect.o
    0x08006021   0x08006021   0x0000000c   Data   RO          242    .rodata.uarts       hardware.o
    0x0800602d   0x0800602d   0x00000003   PAD
    0x08006030   0x08006030   0x00000020   Data   RO         1536    Region$$Table       anon$$obj.o
    0x08006050   0x08006050   0x0000001c   Data   RO         1365    locale$$data        c_p.l(lc_numeric_c.o)


    Execution Region RW_IRAM1 (Exec base: 0x20000000, Load base: 0x08006070, Size: 0x00000e50, Max: 0x00004000, ABSOLUTE, COMPRESSED[0x00000258])

    Exec Addr    Load Addr    Size         Type   Attr      Idx    E Section Name        Object

    0x20000000   COMPRESSED   0x000000a5   Data   RW          198    .data.PXX           autodetect.o
    0x200000a5   COMPRESSED   0x00000003   PAD
    0x200000a8   COMPRESSED   0x00000004   Data   RW         1186    .data.SystemCoreClock  system_mm32spin06xx_s_1.o
    0x200000ac   COMPRESSED   0x00000380   Data   RW          199    .data.addrdescription  autodetect.o
    0x2000042c   COMPRESSED   0x000001d0   Data   RW          197    .data.banner        autodetect.o
    0x200005fc   COMPRESSED   0x00000001   Data   RW            6    .data.dir           main.o
    0x200005fd   COMPRESSED   0x00000001   Data   RW            9    .data.hallposprev   main.o
    0x200005fe   COMPRESSED   0x00000080   Data   RW           14    .data.pinstorage    main.o
    0x2000067e   COMPRESSED   0x00000001   Data   RW            4    .data.step          main.o
    0x2000067f   COMPRESSED   0x00000010   Data   RW          789    .data.tbPresc       hal_rcc.o
    0x2000068f   COMPRESSED   0x00000001   PAD
    0x20000690        -       0x00000060   Zero   RW         1375    .bss                c_p.l(libspace.o)
    0x200006f0        -       0x00000004   Zero   RW           27    .bss.GPIO_InitStruct  main.o
    0x200006f4        -       0x0000000a   Zero   RW          216    .bss.adcleft        autodetect.o
    0x200006fe        -       0x00000001   Zero   RW          206    .bss.address        autodetect.o
    0x200006ff        -       0x00000001   Zero   RW          195    .bss.addrlen        autodetect.o
    0x20000700        -       0x00000001   Zero   RW          204    .bss.addrparsemode  autodetect.o
    0x20000701        -       0x00000010   Zero   RW          205    .bss.addrstr        autodetect.o
    0x20000711        -       0x00000001   Zero   RW          191    .bss.blinkstate     autodetect.o
    0x20000712        -       0x00000001   Zero   RW          203    .bss.command        autodetect.o
    0x20000713   COMPRESSED   0x00000001   PAD
    0x20000714        -       0x00000002   Zero   RW          209    .bss.data           autodetect.o
    0x20000716        -       0x00000001   Zero   RW          196    .bss.datalen        autodetect.o
    0x20000717        -       0x00000001   Zero   RW          207    .bss.dataparsemode  autodetect.o
    0x20000718        -       0x00000004   Zero   RW          208    .bss.datastr        autodetect.o
    0x2000071c        -       0x00000001   Zero   RW          193    .bss.detectall      autodetect.o
    0x2000071d        -       0x0000000c   Zero   RW         1118    .bss.device_id_data  hal_uid.o
    0x20000729        -       0x00000001   Zero   RW          194    .bss.doinloop       autodetect.o
    0x2000072a   COMPRESSED   0x00000002   PAD
    0x2000072c        -       0x00000021   Zero   RW          212    .bss.hallA          autodetect.o
    0x2000074d   COMPRESSED   0x00000003   PAD
    0x20000750        -       0x00000021   Zero   RW          213    .bss.hallB          autodetect.o
    0x20000771   COMPRESSED   0x00000003   PAD
    0x20000774        -       0x00000021   Zero   RW          214    .bss.hallC          autodetect.o
    0x20000795        -       0x00000001   Zero   RW          188    .bss.init           autodetect.o
    0x20000796   COMPRESSED   0x00000002   PAD
    0x20000798        -       0x00000004   Zero   RW          217    .bss.lastblink      autodetect.o
    0x2000079c        -       0x00000001   Zero   RW           15    .bss.masterslave    main.o
    0x2000079d   COMPRESSED   0x00000003   PAD
    0x200007a0        -       0x00000004   Zero   RW           17    .bss.millis         main.o
    0x200007a4        -       0x00000001   Zero   RW          187    .bss.mode           autodetect.o
    0x200007a5   COMPRESSED   0x00000003   PAD
    0x200007a8        -       0x00000080   Zero   RW          215    .bss.prevpinstorage  autodetect.o
    0x20000828        -       0x00000001   Zero   RW          218    .bss.receiveuart    autodetect.o
    0x20000829        -       0x0000000a   Zero   RW            8    .bss.sRxBuffer      main.o
    0x20000833   COMPRESSED   0x00000001   PAD
    0x20000834        -       0x00000004   Zero   RW           42    .bss.sTimingDelay   delay.o
    0x20000838        -       0x00000001   Zero   RW          190    .bss.selpin         autodetect.o
    0x20000839        -       0x00000001   Zero   RW          192    .bss.showalladc     autodetect.o
    0x2000083a        -       0x00000001   Zero   RW          210    .bss.stage          autodetect.o
    0x2000083b   COMPRESSED   0x00000001   PAD
    0x2000083c        -       0x00000004   Zero   RW          211    .bss.testrotatespeed  autodetect.o
    0x20000840        -       0x00000004   Zero   RW          200    .bss.tmp            autodetect.o
    0x20000844        -       0x00000004   Zero   RW           16    .bss.vcc            main.o
    0x20000848        -       0x00000001   Zero   RW          202    .bss.wait           autodetect.o
    0x20000849   COMPRESSED   0x00000007   PAD
    0x20000850        -       0x00000200   Zero   RW         1173    HEAP                startup_mm32spin06xx_s_keil_1.o
    0x20000a50        -       0x00000400   Zero   RW         1172    STACK               startup_mm32spin06xx_s_keil_1.o


==============================================================================

Image component sizes


      Code (inc. data)   RO Data    RW Data    ZI Data      Debug   Object Name

      6972       1358       2689       1525        287      18883   autodetect.o
       600         22          8          0          0       2977   bldc.o
       132         28          0          0          4       3162   delay.o
       204         16          0          0          0       9140   hal_adc.o
       202         12          0          0          0       4655   hal_dma.o
       208         24          0          0          0      18168   hal_flash.o
       206          8          0          0          0       5407   hal_gpio.o
        80         12          0          0          0       2933   hal_misc.o
       228         36          0         16          0      11530   hal_rcc.o
       790         36          0          0          0      27808   hal_tim.o
       182          4          0          0          0       6348   hal_uart.o
        28          8          0          0         12        862   hal_uid.o
       356         66        292          0          0       4500   hardware.o
       792         36          0          0          0      13783   initialize.o
        62         12          0          0          0       1328   interrupt.o
       448        118          0        131         23       5221   main.o
       536         12          0          0          0       5887   sim_eeprom.o
       124         58        192          0       1536        740   startup_mm32spin06xx_s_keil_1.o
       388         40          0          4          0       3460   system_mm32spin06xx_s_1.o
       120          4          0          0          0       1803   uart.o

    ----------------------------------------------------------------------
     12672       1910       3216       1680       1888     148595   Object Totals
         0          0         32          0          0          0   (incl. Generated)
        14          0          3          4         26          0   (incl. Padding)

    ----------------------------------------------------------------------

      Code (inc. data)   RO Data    RW Data    ZI Data      Debug   Library Member Name

        86          0          0          0          0          0   __dczerorl2.o
         8          0          0          0          0         68   __main.o
       312          6         17          0          0         76   __printf_flags_wp.o
        14          0          0          0          0         60   __printf_wp.o
         0          0          0          0          0          0   __rtentry.o
        12          0          0          0          0          0   __rtentry2.o
         6          0          0          0          0          0   __rtentry4.o
        60          8          0          0          0          0   __scatter.o
        28          0          0          0          0          0   __scatter_zi.o
        48          6          0          0          0         88   _printf_char_common.o
       108         18          0          0          0         76   _printf_dec.o
        10          0          0          0          0          0   _printf_f.o
      1044         12          0          0          0        116   _printf_fp_dec.o
       136         16          0          0          0         76   _printf_fp_infnan.o
        88          4         40          0          0         72   _printf_hex_int.o
        10          0          0          0          0          0   _printf_i.o
       176          0          0          0          0         84   _printf_intcommon.o
        78          0          0          0          0        100   _printf_pad.o
         2          0          0          0          0          0   _printf_percent.o
         4          0          0          0          0          0   _printf_percent_end.o
        10          0          0          0          0          0   _printf_x.o
        10          0          0          0          0         60   _sputc.o
        18          0          0          0          0         68   aeabi_memset4.o
      1006          4          0          0          0        184   aeabi_sdivfast.o
       216          6        148          0          0         80   bigflt0.o
      1456         30          0          0          0        336   btod.o
        16          0          0          0          0         68   exit.o
         6          0          0          0          0        136   heapauxi.o
         0          0          0          0          0          0   indicate_semi.o
        44         10         28          0          0         76   lc_numeric_c.o
         2          0          0          0          0          0   libinit.o
        18          0          0          0          0          0   libinit2.o
         2          0          0          0          0          0   libshutdown.o
         2          0          0          0          0          0   libshutdown2.o
         8          4          0          0         96         68   libspace.o
       122          0          0          0          0         72   lludiv10.o
        40          4          0          0          0         84   noretval__2sprintf.o
         8          4          0          0          0         68   rt_locale_intlibspace.o
        64          0          0          0          0        108   rt_memclr.o
       186          0          0          0          0        144   rt_memcpy.o
         2          0          0          0          0          0   rtexit.o
        10          0          0          0          0          0   rtexit2.o
        40          0          0          0          0         60   rtudiv10.o
       176          4          0          0          0         80   strcmpv6m.o
        68          6          0          0          0         72   strlen.o
        12          4          0          0          0         60   sys_exit.o
        62          0          0          0          0         80   sys_stackheap_outer.o
         2          0          0          0          0         68   use_no_semi.o
        46          0          0          0          0         60   cmpret.o
       124          4          0          0          0         72   d2f.o
      1096         26        128          0          0        112   ddiv.o
        72          4          0          0          0         68   dfixui.o
        88          0          0          0          0         92   dflti.o
       584         26          0          0          0         84   dmul.o
        84          4          0          0          0         60   f2d.o
        48          0          0          0          0        136   fcmp.o
       100          4          0          0          0         68   fcmpin.o
        84          4          0          0          0         76   fgef.o
        84          4          0          0          0         76   flef.o
        16          6          0          0          0         68   fnan2.o
        16          4          0          0          0         76   printf1.o
        94          0          0          0          0         68   retnan.o
         0          0          0          0          0          0   usenofp.o
        44          4          0          0          0         60   fpclassify.o

    ----------------------------------------------------------------------
      8432        236        364          0         96       3964   Library Totals
        16          0          3          0          0          0   (incl. Padding)

    ----------------------------------------------------------------------

      Code (inc. data)   RO Data    RW Data    ZI Data      Debug   Library Name

      5836        146        233          0         96       2788   c_p.l
      2536         86        128          0          0       1116   fz_ps.l
        44          4          0          0          0         60   m_ps.l

    ----------------------------------------------------------------------
      8432        236        364          0         96       3964   Library Totals

    ----------------------------------------------------------------------

==============================================================================


      Code (inc. data)   RO Data    RW Data    ZI Data      Debug   

     21104       2146       3580       1680       1984     150191   Grand Totals
     21104       2146       3580        600       1984     150191   ELF Image Totals (compressed)
     21104       2146       3580        600          0          0   ROM Totals

==============================================================================

    Total RO  Size (Code + RO Data)                24684 (  24.11kB)
    Total RW  Size (RW Data + ZI Data)              3664 (   3.58kB)
    Total ROM Size (Code + RO Data + RW Data)      25284 (  24.69kB)

==============================================================================

