Component: Arm Compiler for Embedded 6.19 Tool: armlink [5e73cb00]

==============================================================================

Section Cross References

    main.o(.text.main) refers to hal_rcc.o(.text.RCC_AHBPeriphClockCmd) for RCC_AHBPeriphClockCmd
    main.o(.text.main) refers to autodetect.o(.text.selfhold) for selfhold
    main.o(.text.main) refers to delay.o(.text.DELAY_Init) for DELAY_Init
    main.o(.text.main) refers to initialize.o(.text.BLDC_init) for BLDC_init
    main.o(.text.main) refers to initialize.o(.text.TIM1_init) for TIM1_init
    main.o(.text.main) refers to initialize.o(.text.UARTX_Init) for UARTX_Init
    main.o(.text.main) refers to initialize.o(.text.exNVIC_Configure) for exNVIC_Configure
    main.o(.text.main) refers to initialize.o(.text.DMA_NVIC_Config) for DMA_NVIC_Config
    main.o(.text.main) refers to delay.o(.text.DELAY_Ms) for DELAY_Ms
    main.o(.text.main) refers to autodetect.o(.text.detectSelfHold) for detectSelfHold
    main.o(.text.main) refers to autodetect.o(.text.simhallupdate) for simhallupdate
    main.o(.text.main) refers to autodetect.o(.text.autoDetectInit) for autoDetectInit
    main.o(.text.main) refers to uart.o(.text.UART_SendString) for UART_SendString
    main.o(.text.main) refers to uart.o(.text.UART_Send_Group) for UART_Send_Group
    main.o(.text.main) refers to autodetect.o(.bss.pinstorage) for pinstorage
    main.o(.text.main) refers to main.o(.bss.sRxBuffer) for sRxBuffer
    main.o(.text.main) refers to main.o(.bss.masterslave) for masterslave
    main.o(.text.main) refers to autodetect.o(.bss.mode) for mode
    main.o(.text.main) refers to autodetect.o(.bss.init) for init
    main.o(.text.main) refers to autodetect.o(.rodata.banner) for banner
    main.o(.ARM.exidx.text.main) refers to main.o(.text.main) for [Anonymous Symbol]
    delay.o(.text.DELAY_Init) refers to aeabi_sdivfast.o(.text_divfast) for __aeabi_uidiv
    delay.o(.text.DELAY_Init) refers to system_mm32spin06xx_s.o(.data.SystemCoreClock) for SystemCoreClock
    delay.o(.ARM.exidx.text.DELAY_Init) refers to delay.o(.text.DELAY_Init) for [Anonymous Symbol]
    delay.o(.text.SysTick_Handler) refers to delay.o(.bss.sTimingDelay) for sTimingDelay
    delay.o(.text.SysTick_Handler) refers to main.o(.bss.millis) for millis
    delay.o(.ARM.exidx.text.SysTick_Handler) refers to delay.o(.text.SysTick_Handler) for [Anonymous Symbol]
    delay.o(.text.DELAY_Ms) refers to delay.o(.bss.sTimingDelay) for sTimingDelay
    delay.o(.ARM.exidx.text.DELAY_Ms) refers to delay.o(.text.DELAY_Ms) for [Anonymous Symbol]
    bldc.o(.text.hallpos) refers to hal_gpio.o(.text.GPIO_ReadInputDataBit) for GPIO_ReadInputDataBit
    bldc.o(.text.hallpos) refers to bldc.o(.rodata.hall_to_pos) for hall_to_pos
    bldc.o(.ARM.exidx.text.hallpos) refers to bldc.o(.text.hallpos) for [Anonymous Symbol]
    bldc.o(.text.commutate) refers to hal_tim.o(.text.TIM_CCxCmd) for TIM_CCxCmd
    bldc.o(.text.commutate) refers to hal_tim.o(.text.TIM_CCxNCmd) for TIM_CCxNCmd
    bldc.o(.text.commutate) refers to hal_tim.o(.text.TIM_SelectOCxM) for TIM_SelectOCxM
    bldc.o(.text.commutate) refers to hal_tim.o(.text.TIM_GenerateEvent) for TIM_GenerateEvent
    bldc.o(.text.commutate) refers to main.o(.data.step) for step
    bldc.o(.ARM.exidx.text.commutate) refers to bldc.o(.text.commutate) for [Anonymous Symbol]
    bldc.o(.text.speedupdate) refers to remoteuartbus.o(.text.RemoteUpdate) for RemoteUpdate
    bldc.o(.text.speedupdate) refers to calculation.o(.text.avgspeed) for avgspeed
    bldc.o(.text.speedupdate) refers to calculation.o(.text.PID) for PID
    bldc.o(.text.speedupdate) refers to aeabi_sdivfast.o(.text_divfast) for __aeabi_idiv
    bldc.o(.text.speedupdate) refers to calculation.o(.text.PID2PWM) for PID2PWM
    bldc.o(.text.speedupdate) refers to dflti.o(.text) for __aeabi_i2d
    bldc.o(.text.speedupdate) refers to dfixui.o(.text) for __aeabi_d2uiz
    bldc.o(.text.speedupdate) refers to interrupt.o(.bss.poweron) for poweron
    bldc.o(.text.speedupdate) refers to bldc.o(.bss.lastcommutate) for lastcommutate
    bldc.o(.text.speedupdate) refers to main.o(.bss.millis) for millis
    bldc.o(.text.speedupdate) refers to main.o(.bss.frealspeed) for frealspeed
    bldc.o(.text.speedupdate) refers to main.o(.bss.realspeed) for realspeed
    bldc.o(.text.speedupdate) refers to main.o(.bss.speed) for speed
    bldc.o(.text.speedupdate) refers to main.o(.bss.pwm) for pwm
    bldc.o(.text.speedupdate) refers to main.o(.data.dir) for dir
    bldc.o(.ARM.exidx.text.speedupdate) refers to bldc.o(.text.speedupdate) for [Anonymous Symbol]
    initialize.o(.text.io_init) refers to hal_rcc.o(.text.RCC_AHBPeriphClockCmd) for RCC_AHBPeriphClockCmd
    initialize.o(.text.io_init) refers to hal_gpio.o(.text.GPIO_Init) for GPIO_Init
    initialize.o(.ARM.exidx.text.io_init) refers to initialize.o(.text.io_init) for [Anonymous Symbol]
[...]
    Removing hal_uart.o(.text.UART_SetGuardTime), (16 bytes).
    Removing hal_uart.o(.ARM.exidx.text.UART_SetGuardTime), (8 bytes).
    Removing hal_uart.o(.text.UART_SmartCardCmd), (12 bytes).
    Removing hal_uart.o(.ARM.exidx.text.UART_SmartCardCmd), (8 bytes).
    Removing hal_uart.o(.text.UART_SmartCardNACKCmd), (14 bytes).
    Removing hal_uart.o(.ARM.exidx.text.UART_SmartCardNACKCmd), (8 bytes).
    Removing hal_uart.o(.text.UART_SendBreak), (10 bytes).
    Removing hal_uart.o(.ARM.exidx.text.UART_SendBreak), (8 bytes).
    Removing hal_uid.o(.text), (0 bytes).
    Removing hal_uid.o(.text.GetChipUID), (28 bytes).
    Removing hal_uid.o(.ARM.exidx.text.GetChipUID), (8 bytes).
    Removing hal_uid.o(.bss.device_id_data), (12 bytes).
    Removing hal_ver.o(.text), (0 bytes).
    Removing hal_ver.o(.text.Get_MM32LibVersion), (8 bytes).
    Removing hal_ver.o(.ARM.exidx.text.Get_MM32LibVersion), (8 bytes).
    Removing hal_ver.o(.text.Get_MM32LibReleaseDate), (8 bytes).
    Removing hal_ver.o(.ARM.exidx.text.Get_MM32LibReleaseDate), (8 bytes).
    Removing hal_ver.o(.text.Get_ChipsetREVID), (16 bytes).
    Removing hal_ver.o(.ARM.exidx.text.Get_ChipsetREVID), (8 bytes).
    Removing hal_ver.o(.text.Get_ChipsetDEVID), (12 bytes).
    Removing hal_ver.o(.ARM.exidx.text.Get_ChipsetDEVID), (8 bytes).
    Removing hal_ver.o(.text.Get_ChipsetUIDw0), (12 bytes).
    Removing hal_ver.o(.ARM.exidx.text.Get_ChipsetUIDw0), (8 bytes).
    Removing hal_ver.o(.text.Get_ChipsetUIDw1), (12 bytes).
    Removing hal_ver.o(.ARM.exidx.text.Get_ChipsetUIDw1), (8 bytes).
    Removing hal_ver.o(.text.Get_ChipsetUIDw2), (12 bytes).
    Removing hal_ver.o(.ARM.exidx.text.Get_ChipsetUIDw2), (8 bytes).
    Removing hal_wwdg.o(.text), (0 bytes).
    Removing hal_wwdg.o(.text.WWDG_DeInit), (12 bytes).
    Removing hal_wwdg.o(.ARM.exidx.text.WWDG_DeInit), (8 bytes).
    Removing hal_wwdg.o(.text.WWDG_SetPrescaler), (20 bytes).
    Removing hal_wwdg.o(.ARM.exidx.text.WWDG_SetPrescaler), (8 bytes).
    Removing hal_wwdg.o(.text.WWDG_SetWindowValue), (20 bytes).
    Removing hal_wwdg.o(.ARM.exidx.text.WWDG_SetWindowValue), (8 bytes).
    Removing hal_wwdg.o(.text.WWDG_EnableIT), (20 bytes).
    Removing hal_wwdg.o(.ARM.exidx.text.WWDG_EnableIT), (8 bytes).
    Removing hal_wwdg.o(.text.WWDG_SetCounter), (16 bytes).
    Removing hal_wwdg.o(.ARM.exidx.text.WWDG_SetCounter), (8 bytes).
    Removing hal_wwdg.o(.text.WWDG_GetCounter), (16 bytes).
    Removing hal_wwdg.o(.ARM.exidx.text.WWDG_GetCounter), (8 bytes).
    Removing hal_wwdg.o(.text.WWDG_Enable), (16 bytes).
    Removing hal_wwdg.o(.ARM.exidx.text.WWDG_Enable), (8 bytes).
    Removing hal_wwdg.o(.text.WWDG_GetFlagStatus), (16 bytes).
    Removing hal_wwdg.o(.ARM.exidx.text.WWDG_GetFlagStatus), (8 bytes).
    Removing hal_wwdg.o(.text.WWDG_ClearFlag), (16 bytes).
    Removing hal_wwdg.o(.ARM.exidx.text.WWDG_ClearFlag), (8 bytes).
    Removing system_mm32spin06xx_s.o(.text), (0 bytes).
    Removing system_mm32spin06xx_s.o(.ARM.exidx.text.SystemInit), (8 bytes).
    Removing system_mm32spin06xx_s.o(.text.AutoCalPllFactor), (108 bytes).
    Removing system_mm32spin06xx_s.o(.ARM.exidx.text.AutoCalPllFactor), (8 bytes).
    Removing system_mm32spin06xx_s.o(.rodata.AHBPrescTable), (16 bytes).

825 unused section(s) (total 16329 bytes) removed from the image.

==============================================================================

Image Symbol Table

    Local Symbols

    Symbol Name                              Value     Ov Type        Size  Object(Section)

    ../clib/angel/boardlib.s                 0x00000000   Number         0  boardinit1.o ABSOLUTE
    ../clib/angel/boardlib.s                 0x00000000   Number         0  boardinit2.o ABSOLUTE
    ../clib/angel/boardlib.s                 0x00000000   Number         0  boardinit3.o ABSOLUTE
    ../clib/angel/boardlib.s                 0x00000000   Number         0  boardshut.o ABSOLUTE
    ../clib/angel/handlers.s                 0x00000000   Number         0  __scatter_copy.o ABSOLUTE
    ../clib/angel/handlers.s                 0x00000000   Number         0  __scatter_zi.o ABSOLUTE
    ../clib/angel/kernel.s                   0x00000000   Number         0  __rtentry.o ABSOLUTE
    ../clib/angel/kernel.s                   0x00000000   Number         0  __rtentry2.o ABSOLUTE
    ../clib/angel/kernel.s                   0x00000000   Number         0  __rtentry4.o ABSOLUTE
    ../clib/angel/kernel.s                   0x00000000   Number         0  rtexit.o ABSOLUTE
    ../clib/angel/kernel.s                   0x00000000   Number         0  rtexit2.o ABSOLUTE
    ../clib/angel/rt.s                       0x00000000   Number         0  aeabi_idiv0.o ABSOLUTE
    ../clib/angel/rt.s                       0x00000000   Number         0  aeabi_idiv0_sigfpe.o ABSOLUTE
    ../clib/angel/rt.s                       0x00000000   Number         0  rt_div0.o ABSOLUTE
    ../clib/angel/rt.s                       0x00000000   Number         0  rt_raise.o ABSOLUTE
    ../clib/angel/scatterp.s                 0x00000000   Number         0  __scatter.o ABSOLUTE
    ../clib/angel/startup.s                  0x00000000   Number         0  __main.o ABSOLUTE
    ../clib/angel/sys.s                      0x00000000   Number         0  sys_stackheap_outer.o ABSOLUTE
    ../clib/angel/sys.s                      0x00000000   Number         0  libspace.o ABSOLUTE
    ../clib/angel/sys.s                      0x00000000   Number         0  tempstk.o ABSOLUTE
    ../clib/angel/sys.s                      0x00000000   Number         0  use_no_semi.o ABSOLUTE
    ../clib/angel/sys.s                      0x00000000   Number         0  indicate_semi.o ABSOLUTE
    ../clib/angel/sysapp.c                   0x00000000   Number         0  sys_exit.o ABSOLUTE
    ../clib/angel/sysapp.c                   0x00000000   Number         0  sys_exit_hlt.o ABSOLUTE
    ../clib/angel/sysapp.c                   0x00000000   Number         0  sys_wrch.o ABSOLUTE
    ../clib/angel/sysapp.c                   0x00000000   Number         0  sys_wrch_hlt.o ABSOLUTE
    ../clib/angel/sysapp.c                   0x00000000   Number         0  sys_command.o ABSOLUTE
    ../clib/angel/sysapp.c                   0x00000000   Number         0  sys_command_hlt.o ABSOLUTE
    ../clib/armsys.c                         0x00000000   Number         0  argv_veneer.o ABSOLUTE
    ../clib/armsys.c                         0x00000000   Number         0  _get_argv_nomalloc.o ABSOLUTE
    ../clib/armsys.c                         0x00000000   Number         0  no_argv.o ABSOLUTE
    ../clib/division.s                       0x00000000   Number         0  aeabi_sdivfast.o ABSOLUTE
    ../clib/division.s                       0x00000000   Number         0  aeabi_sdivfast_div0.o ABSOLUTE
    ../clib/heapalloc.c                      0x00000000   Number         0  hrguard.o ABSOLUTE
    ../clib/heapaux.c                        0x00000000   Number         0  heapauxi.o ABSOLUTE
    ../clib/libinit.s                        0x00000000   Number         0  libinit.o ABSOLUTE
    ../clib/libinit.s                        0x00000000   Number         0  libinit2.o ABSOLUTE
    ../clib/libinit.s                        0x00000000   Number         0  libshutdown.o ABSOLUTE
    ../clib/libinit.s                        0x00000000   Number         0  libshutdown2.o ABSOLUTE
    ../clib/signal.c                         0x00000000   Number         0  defsig_fpe_outer.o ABSOLUTE
    ../clib/signal.c                         0x00000000   Number         0  defsig_fpe_formal.o ABSOLUTE
    ../clib/signal.c                         0x00000000   Number         0  defsig_exit.o ABSOLUTE
    ../clib/signal.c                         0x00000000   Number         0  defsig_fpe_inner.o ABSOLUTE
    ../clib/signal.c                         0x00000000   Number         0  __raise.o ABSOLUTE
    ../clib/signal.c                         0x00000000   Number         0  defsig_general.o ABSOLUTE
    ../clib/signal.c                         0x00000000   Number         0  defsig_abrt_inner.o ABSOLUTE
    ../clib/signal.c                         0x00000000   Number         0  defsig_rtred_inner.o ABSOLUTE
    ../clib/signal.c                         0x00000000   Number         0  defsig_rtmem_inner.o ABSOLUTE
    ../clib/signal.c                         0x00000000   Number         0  defsig_rtmem_outer.o ABSOLUTE
    ../clib/signal.c                         0x00000000   Number         0  defsig_rtmem_formal.o ABSOLUTE
    ../clib/signal.c                         0x00000000   Number         0  defsig_stak_inner.o ABSOLUTE
    ../clib/signal.c                         0x00000000   Number         0  defsig_pvfn_inner.o ABSOLUTE
    ../clib/signal.c                         0x00000000   Number         0  defsig_cppl_inner.o ABSOLUTE
    ../clib/signal.c                         0x00000000   Number         0  defsig_segv_inner.o ABSOLUTE
    ../clib/signal.c                         0x00000000   Number         0  defsig_other.o ABSOLUTE
    ../clib/signal.s                         0x00000000   Number         0  defsig.o ABSOLUTE
    ../clib/stdlib.c                         0x00000000   Number         0  exit.o ABSOLUTE
    ../fplib/cfplib/dmul.c                   0x00000000   Number         0  dmul.o ABSOLUTE
    ../fplib/cfplib/ffix.c                   0x00000000   Number         0  dfixi.o ABSOLUTE
    ../fplib/cfplib/ffix.c                   0x00000000   Number         0  dfixui.o ABSOLUTE
    ../fplib/cfplib/fflt.c                   0x00000000   Number         0  dflti.o ABSOLUTE
    ../fplib/cfplib/fpinit.c                 0x00000000   Number         0  fpinit.o ABSOLUTE
    ../fplib/usenofp.s                       0x00000000   Number         0  usenofp.o ABSOLUTE
    RTE/Device/MM32SPIN05PF/startup_mm32spin06xx_s_keil.s 0x00000000   Number         0  startup_mm32spin06xx_s_keil.o ABSOLUTE
    autodetect.c                             0x00000000   Number         0  autodetect.o ABSOLUTE
    bldc.c                                   0x00000000   Number         0  bldc.o ABSOLUTE
    calculation.c                            0x00000000   Number         0  calculation.o ABSOLUTE
    dc.s                                     0x00000000   Number         0  dc.o ABSOLUTE
    delay.c                                  0x00000000   Number         0  delay.o ABSOLUTE
    hal_adc.c                                0x00000000   Number         0  hal_adc.o ABSOLUTE
    hal_comp.c                               0x00000000   Number         0  hal_comp.o ABSOLUTE
    hal_crc.c                                0x00000000   Number         0  hal_crc.o ABSOLUTE
    hal_dbg.c                                0x00000000   Number         0  hal_dbg.o ABSOLUTE
    hal_div.c                                0x00000000   Number         0  hal_div.o ABSOLUTE
    hal_dma.c                                0x00000000   Number         0  hal_dma.o ABSOLUTE
    hal_exti.c                               0x00000000   Number         0  hal_exti.o ABSOLUTE
    hal_flash.c                              0x00000000   Number         0  hal_flash.o ABSOLUTE
    hal_gpio.c                               0x00000000   Number         0  hal_gpio.o ABSOLUTE
    hal_i2c.c                                0x00000000   Number         0  hal_i2c.o ABSOLUTE
    hal_iwdg.c                               0x00000000   Number         0  hal_iwdg.o ABSOLUTE
    hal_misc.c                               0x00000000   Number         0  hal_misc.o ABSOLUTE
    hal_pwr.c                                0x00000000   Number         0  hal_pwr.o ABSOLUTE
    hal_rcc.c                                0x00000000   Number         0  hal_rcc.o ABSOLUTE
    hal_spi.c                                0x00000000   Number         0  hal_spi.o ABSOLUTE
    hal_tim.c                                0x00000000   Number         0  hal_tim.o ABSOLUTE
    hal_uart.c                               0x00000000   Number         0  hal_uart.o ABSOLUTE
    hal_uid.c                                0x00000000   Number         0  hal_uid.o ABSOLUTE
    hal_ver.c                                0x00000000   Number         0  hal_ver.o ABSOLUTE
    hal_wwdg.c                               0x00000000   Number         0  hal_wwdg.o ABSOLUTE
    hardware.c                               0x00000000   Number         0  hardware.o ABSOLUTE
    initialize.c                             0x00000000   Number         0  initialize.o ABSOLUTE
    interrupt.c                              0x00000000   Number         0  interrupt.o ABSOLUTE
    main.c                                   0x00000000   Number         0  main.o ABSOLUTE
    remoteUartBus.c                          0x00000000   Number         0  remoteuartbus.o ABSOLUTE
    system_mm32spin06xx_s.c                  0x00000000   Number         0  system_mm32spin06xx_s.o ABSOLUTE
    uart.c                                   0x00000000   Number         0  uart.o ABSOLUTE
    RESET                                    0x08000000   Section      192  startup_mm32spin06xx_s_keil.o(RESET)
    !!!main                                  0x080000c0   Section        8  __main.o(!!!main)
    !!!scatter                               0x080000c8   Section       60  __scatter.o(!!!scatter)
    !!handler_copy                           0x08000104   Section       26  __scatter_copy.o(!!handler_copy)
    !!handler_zi                             0x08000120   Section       28  __scatter_zi.o(!!handler_zi)
    .ARM.Collect$$libinit$$00000000          0x0800013c   Section        2  libinit.o(.ARM.Collect$$libinit$$00000000)
    .ARM.Collect$$libinit$$00000002          0x0800013e   Section        0  libinit2.o(.ARM.Collect$$libinit$$00000002)
    .ARM.Collect$$libinit$$00000004          0x0800013e   Section        0  libinit2.o(.ARM.Collect$$libinit$$00000004)
    .ARM.Collect$$libinit$$00000006          0x0800013e   Section        0  libinit2.o(.ARM.Collect$$libinit$$00000006)
    .ARM.Collect$$libinit$$0000000C          0x0800013e   Section        0  libinit2.o(.ARM.Collect$$libinit$$0000000C)
    .ARM.Collect$$libinit$$0000000E          0x0800013e   Section        0  libinit2.o(.ARM.Collect$$libinit$$0000000E)
    .ARM.Collect$$libinit$$00000010          0x0800013e   Section        0  libinit2.o(.ARM.Collect$$libinit$$00000010)
    .ARM.Collect$$libinit$$00000013          0x0800013e   Section        0  libinit2.o(.ARM.Collect$$libinit$$00000013)
    .ARM.Collect$$libinit$$00000015          0x0800013e   Section        0  libinit2.o(.ARM.Collect$$libinit$$00000015)
    .ARM.Collect$$libinit$$00000017          0x0800013e   Section        0  libinit2.o(.ARM.Collect$$libinit$$00000017)
    .ARM.Collect$$libinit$$00000019          0x0800013e   Section        0  libinit2.o(.ARM.Collect$$libinit$$00000019)
    .ARM.Collect$$libinit$$0000001B          0x0800013e   Section        0  libinit2.o(.ARM.Collect$$libinit$$0000001B)
    .ARM.Collect$$libinit$$0000001D          0x0800013e   Section        0  libinit2.o(.ARM.Collect$$libinit$$0000001D)
    .ARM.Collect$$libinit$$0000001F          0x0800013e   Section        0  libinit2.o(.ARM.Collect$$libinit$$0000001F)
    .ARM.Collect$$libinit$$00000021          0x0800013e   Section        0  libinit2.o(.ARM.Collect$$libinit$$00000021)
    .ARM.Collect$$libinit$$00000023          0x0800013e   Section        0  libinit2.o(.ARM.Collect$$libinit$$00000023)
    .ARM.Collect$$libinit$$00000025          0x0800013e   Section        0  libinit2.o(.ARM.Collect$$libinit$$00000025)
    .ARM.Collect$$libinit$$00000027          0x0800013e   Section        0  libinit2.o(.ARM.Collect$$libinit$$00000027)
    .ARM.Collect$$libinit$$0000002E          0x0800013e   Section        0  libinit2.o(.ARM.Collect$$libinit$$0000002E)
    .ARM.Collect$$libinit$$00000030          0x0800013e   Section        0  libinit2.o(.ARM.Collect$$libinit$$00000030)
    .ARM.Collect$$libinit$$00000032          0x0800013e   Section        0  libinit2.o(.ARM.Collect$$libinit$$00000032)
    .ARM.Collect$$libinit$$00000034          0x0800013e   Section        0  libinit2.o(.ARM.Collect$$libinit$$00000034)
    .ARM.Collect$$libinit$$00000035          0x0800013e   Section        2  libinit2.o(.ARM.Collect$$libinit$$00000035)
    .ARM.Collect$$libshutdown$$00000000      0x08000140   Section        2  libshutdown.o(.ARM.Collect$$libshutdown$$00000000)
    .ARM.Collect$$libshutdown$$00000002      0x08000142   Section        0  libshutdown2.o(.ARM.Collect$$libshutdown$$00000002)
    .ARM.Collect$$libshutdown$$00000004      0x08000142   Section        0  libshutdown2.o(.ARM.Collect$$libshutdown$$00000004)
    .ARM.Collect$$libshutdown$$00000007      0x08000142   Section        0  libshutdown2.o(.ARM.Collect$$libshutdown$$00000007)
    .ARM.Collect$$libshutdown$$0000000A      0x08000142   Section        0  libshutdown2.o(.ARM.Collect$$libshutdown$$0000000A)
    .ARM.Collect$$libshutdown$$0000000C      0x08000142   Section        0  libshutdown2.o(.ARM.Collect$$libshutdown$$0000000C)
    .ARM.Collect$$libshutdown$$0000000F      0x08000142   Section        0  libshutdown2.o(.ARM.Collect$$libshutdown$$0000000F)
    .ARM.Collect$$libshutdown$$00000010      0x08000142   Section        2  libshutdown2.o(.ARM.Collect$$libshutdown$$00000010)
    .ARM.Collect$$rtentry$$00000000          0x08000144   Section        0  __rtentry.o(.ARM.Collect$$rtentry$$00000000)
    .ARM.Collect$$rtentry$$00000002          0x08000144   Section        0  __rtentry2.o(.ARM.Collect$$rtentry$$00000002)
    .ARM.Collect$$rtentry$$00000004          0x08000144   Section        6  __rtentry4.o(.ARM.Collect$$rtentry$$00000004)
    .ARM.Collect$$rtentry$$00000009          0x0800014a   Section        0  __rtentry2.o(.ARM.Collect$$rtentry$$00000009)
    .ARM.Collect$$rtentry$$0000000A          0x0800014a   Section        4  __rtentry2.o(.ARM.Collect$$rtentry$$0000000A)
    .ARM.Collect$$rtentry$$0000000C          0x0800014e   Section        0  __rtentry2.o(.ARM.Collect$$rtentry$$0000000C)
    .ARM.Collect$$rtentry$$0000000D          0x0800014e   Section        8  __rtentry2.o(.ARM.Collect$$rtentry$$0000000D)
    .ARM.Collect$$rtexit$$00000000           0x08000156   Section        2  rtexit.o(.ARM.Collect$$rtexit$$00000000)
    .ARM.Collect$$rtexit$$00000002           0x08000158   Section        0  rtexit2.o(.ARM.Collect$$rtexit$$00000002)
    .ARM.Collect$$rtexit$$00000003           0x08000158   Section        4  rtexit2.o(.ARM.Collect$$rtexit$$00000003)
    .ARM.Collect$$rtexit$$00000004           0x0800015c   Section        6  rtexit2.o(.ARM.Collect$$rtexit$$00000004)
    .text                                    0x08000164   Section      124  startup_mm32spin06xx_s_keil.o(.text)
    .text                                    0x080001e0   Section        0  heapauxi.o(.text)
    .text                                    0x080001e8   Section        0  dfixi.o(.text)
    .text                                    0x08000254   Section        0  dflti.o(.text)
    .text                                    0x080002ac   Section        0  dmul.o(.text)
    .text                                    0x080004f4   Section       62  sys_stackheap_outer.o(.text)
    .text                                    0x08000532   Section        0  exit.o(.text)
    .text                                    0x08000544   Section        8  libspace.o(.text)
    .text                                    0x0800054c   Section        0  sys_exit.o(.text)
    .text                                    0x08000558   Section        2  use_no_semi.o(.text)
    .text                                    0x0800055a   Section        0  indicate_semi.o(.text)
    [Anonymous Symbol]                       0x0800055c   Section        0  interrupt.o(.text.ADC1_COMP_IRQHandler)
    __arm_cp.2_0                             0x08000678   Number         4  interrupt.o(.text.ADC1_COMP_IRQHandler)
    __arm_cp.2_1                             0x0800067c   Number         4  interrupt.o(.text.ADC1_COMP_IRQHandler)
    __arm_cp.2_2                             0x08000680   Number         4  interrupt.o(.text.ADC1_COMP_IRQHandler)
    __arm_cp.2_3                             0x08000684   Number         4  interrupt.o(.text.ADC1_COMP_IRQHandler)
    __arm_cp.2_4                             0x08000688   Number         4  interrupt.o(.text.ADC1_COMP_IRQHandler)
    __arm_cp.2_5                             0x0800068c   Number         4  interrupt.o(.text.ADC1_COMP_IRQHandler)
    __arm_cp.2_6                             0x08000690   Number         4  interrupt.o(.text.ADC1_COMP_IRQHandler)
    __arm_cp.2_7                             0x08000694   Number         4  interrupt.o(.text.ADC1_COMP_IRQHandler)
    __arm_cp.2_8                             0x08000698   Number         4  interrupt.o(.text.ADC1_COMP_IRQHandler)
    __arm_cp.2_9                             0x0800069c   Number         4  interrupt.o(.text.ADC1_COMP_IRQHandler)
    __arm_cp.2_10                            0x080006a0   Number         4  interrupt.o(.text.ADC1_COMP_IRQHandler)
    __arm_cp.2_11                            0x080006a4   Number         4  interrupt.o(.text.ADC1_COMP_IRQHandler)
    __arm_cp.2_12                            0x080006a8   Number         4  interrupt.o(.text.ADC1_COMP_IRQHandler)
    __arm_cp.2_13                            0x080006ac   Number         4  interrupt.o(.text.ADC1_COMP_IRQHandler)
    __arm_cp.2_14                            0x080006b0   Number         4  interrupt.o(.text.ADC1_COMP_IRQHandler)
    [Anonymous Symbol]                       0x080006b4   Section        0  hal_adc.o(.text.ADC_AnalogWatchdogCmd)
    [Anonymous Symbol]                       0x080006c6   Section        0  hal_adc.o(.text.ADC_AnalogWatchdogSingleChannelConfig)
    [Anonymous Symbol]                       0x080006da   Section        0  hal_adc.o(.text.ADC_AnalogWatchdogThresholdsConfig)
    [Anonymous Symbol]                       0x080006e2   Section        0  hal_adc.o(.text.ADC_ClearFlag)
    [Anonymous Symbol]                       0x080006f0   Section        0  hal_adc.o(.text.ADC_ClearITPendingBit)
    [Anonymous Symbol]                       0x080006fe   Section        0  hal_adc.o(.text.ADC_Cmd)
    [Anonymous Symbol]                       0x0800070e   Section        0  hal_adc.o(.text.ADC_GetFlagStatus)
    [Anonymous Symbol]                       0x0800071e   Section        0  hal_adc.o(.text.ADC_GetITStatus)
    [Anonymous Symbol]                       0x0800072e   Section        0  hal_adc.o(.text.ADC_ITConfig)
    [Anonymous Symbol]                       0x0800074c   Section        0  hal_adc.o(.text.ADC_Init)
    __arm_cp.1_0                             0x0800077c   Number         4  hal_adc.o(.text.ADC_Init)
    __arm_cp.1_1                             0x08000780   Number         4  hal_adc.o(.text.ADC_Init)
    [Anonymous Symbol]                       0x08000784   Section        0  hal_adc.o(.text.ADC_RegularChannelConfig)
    [Anonymous Symbol]                       0x080007c0   Section        0  hal_adc.o(.text.ADC_SoftwareStartConvCmd)
    [Anonymous Symbol]                       0x080007d4   Section        0  hal_adc.o(.text.ADC_TempSensorVrefintCmd)
    __arm_cp.9_0                             0x080007ec   Number         4  hal_adc.o(.text.ADC_TempSensorVrefintCmd)
    [Anonymous Symbol]                       0x080007f0   Section        0  initialize.o(.text.BLDC_init)
    __arm_cp.3_0                             0x08000890   Number         4  initialize.o(.text.BLDC_init)
    __arm_cp.3_1                             0x08000894   Number         4  initialize.o(.text.BLDC_init)
    [Anonymous Symbol]                       0x08000898   Section        0  delay.o(.text.DELAY_Init)
    __arm_cp.0_0                             0x080008d4   Number         4  delay.o(.text.DELAY_Init)
    __arm_cp.0_1                             0x080008d8   Number         4  delay.o(.text.DELAY_Init)
    __arm_cp.0_2                             0x080008dc   Number         4  delay.o(.text.DELAY_Init)
    __arm_cp.0_3                             0x080008e0   Number         4  delay.o(.text.DELAY_Init)
    [Anonymous Symbol]                       0x080008e4   Section        0  delay.o(.text.DELAY_Ms)
    [Anonymous Symbol]                       0x080008f8   Section        0  interrupt.o(.text.DMA1_Channel2_3_IRQHandler)
    __arm_cp.1_0                             0x0800091c   Number         4  interrupt.o(.text.DMA1_Channel2_3_IRQHandler)
    [Anonymous Symbol]                       0x08000920   Section        0  hal_dma.o(.text.DMA_ClearITPendingBit)
    [Anonymous Symbol]                       0x08000928   Section        0  hal_dma.o(.text.DMA_Cmd)
    [Anonymous Symbol]                       0x08000934   Section        0  hal_dma.o(.text.DMA_DeInit)
    __arm_cp.0_0                             0x08000960   Number         4  hal_dma.o(.text.DMA_DeInit)
    [Anonymous Symbol]                       0x08000964   Section        0  hal_dma.o(.text.DMA_GetITStatus)
    __arm_cp.8_0                             0x08000970   Number         4  hal_dma.o(.text.DMA_GetITStatus)
    [Anonymous Symbol]                       0x08000974   Section        0  hal_dma.o(.text.DMA_ITConfig)
    [Anonymous Symbol]                       0x08000988   Section        0  hal_dma.o(.text.DMA_Init)
    __arm_cp.1_0                             0x080009d0   Number         4  hal_dma.o(.text.DMA_Init)
    [Anonymous Symbol]                       0x080009d4   Section        0  initialize.o(.text.DMA_NVIC_Config)
    __arm_cp.9_0                             0x08000a40   Number         4  initialize.o(.text.DMA_NVIC_Config)
    [Anonymous Symbol]                       0x08000a44   Section        0  hal_dma.o(.text.DMA_StructInit)
    [Anonymous Symbol]                       0x08000a5a   Section        0  hal_gpio.o(.text.GPIO_Init)
    [Anonymous Symbol]                       0x08000aea   Section        0  hal_gpio.o(.text.GPIO_PinAFConfig)
    [Anonymous Symbol]                       0x08000b0a   Section        0  hal_gpio.o(.text.GPIO_ReadInputDataBit)
    [Anonymous Symbol]                       0x08000b14   Section        0  hal_gpio.o(.text.GPIO_StructInit)
    __arm_cp.3_0                             0x08000b20   Number         4  hal_gpio.o(.text.GPIO_StructInit)
    __arm_cp.3_1                             0x08000b24   Number         4  hal_gpio.o(.text.GPIO_StructInit)
    [Anonymous Symbol]                       0x08000b28   Section        0  hal_rcc.o(.text.RCC_AHBPeriphClockCmd)
    __arm_cp.18_0                            0x08000b40   Number         4  hal_rcc.o(.text.RCC_AHBPeriphClockCmd)
    [Anonymous Symbol]                       0x08000b44   Section        0  hal_rcc.o(.text.RCC_APB1PeriphClockCmd)
    __arm_cp.20_0                            0x08000b5c   Number         4  hal_rcc.o(.text.RCC_APB1PeriphClockCmd)
    [Anonymous Symbol]                       0x08000b60   Section        0  hal_rcc.o(.text.RCC_APB2PeriphClockCmd)
    __arm_cp.19_0                            0x08000b78   Number         4  hal_rcc.o(.text.RCC_APB2PeriphClockCmd)
    [Anonymous Symbol]                       0x08000b7c   Section        0  hal_rcc.o(.text.RCC_GetPCLK1Freq)
    [Anonymous Symbol]                       0x08000ba8   Section        0  hal_rcc.o(.text.RCC_GetPCLK2Freq)
    __arm_cp.16_0                            0x08000bd4   Number         4  hal_rcc.o(.text.RCC_GetPCLK2Freq)
    __arm_cp.16_1                            0x08000bd8   Number         4  hal_rcc.o(.text.RCC_GetPCLK2Freq)
    __arm_cp.16_2                            0x08000bdc   Number         4  hal_rcc.o(.text.RCC_GetPCLK2Freq)
    __arm_cp.16_3                            0x08000be0   Number         4  hal_rcc.o(.text.RCC_GetPCLK2Freq)
    [Anonymous Symbol]                       0x08000be4   Section        0  delay.o(.text.SysTick_Handler)
    __arm_cp.1_0                             0x08000bfc   Number         4  delay.o(.text.SysTick_Handler)
    [Anonymous Symbol]                       0x08000c00   Section        0  system_mm32spin06xx_s.o(.text.SystemInit)
    __arm_cp.0_0                             0x08000d4c   Number         4  system_mm32spin06xx_s.o(.text.SystemInit)
    __arm_cp.0_1                             0x08000d50   Number         4  system_mm32spin06xx_s.o(.text.SystemInit)
    __arm_cp.0_2                             0x08000d54   Number         4  system_mm32spin06xx_s.o(.text.SystemInit)
    __arm_cp.0_3                             0x08000d58   Number         4  system_mm32spin06xx_s.o(.text.SystemInit)
    __arm_cp.0_4                             0x08000d5c   Number         4  system_mm32spin06xx_s.o(.text.SystemInit)
    __arm_cp.0_5                             0x08000d60   Number         4  system_mm32spin06xx_s.o(.text.SystemInit)
    __arm_cp.0_6                             0x08000d64   Number         4  system_mm32spin06xx_s.o(.text.SystemInit)
    __arm_cp.0_7                             0x08000d68   Number         4  system_mm32spin06xx_s.o(.text.SystemInit)
    __arm_cp.0_8                             0x08000d6c   Number         4  system_mm32spin06xx_s.o(.text.SystemInit)
    __arm_cp.0_9                             0x08000d70   Number         4  system_mm32spin06xx_s.o(.text.SystemInit)
    [Anonymous Symbol]                       0x08000d74   Section        0  interrupt.o(.text.TIM1_BRK_UP_TRG_COM_IRQHandler)
    [Anonymous Symbol]                       0x08000d80   Section        0  initialize.o(.text.TIM1_init)
    __arm_cp.4_1                             0x08000e2c   Number         4  initialize.o(.text.TIM1_init)
    __arm_cp.4_2                             0x08000e30   Number         4  initialize.o(.text.TIM1_init)
    [Anonymous Symbol]                       0x08000e34   Section        0  interrupt.o(.text.TIM2_IRQHandler)
    [Anonymous Symbol]                       0x08000e80   Section        0  interrupt.o(.text.TIM3_IRQHandler)
    __arm_cp.4_1                             0x08000ecc   Number         4  interrupt.o(.text.TIM3_IRQHandler)
    __arm_cp.4_2                             0x08000ed0   Number         4  interrupt.o(.text.TIM3_IRQHandler)
    __arm_cp.4_3                             0x08000ed4   Number         4  interrupt.o(.text.TIM3_IRQHandler)
    __arm_cp.4_4                             0x08000ed8   Number         4  interrupt.o(.text.TIM3_IRQHandler)
    __arm_cp.4_5                             0x08000edc   Number         4  interrupt.o(.text.TIM3_IRQHandler)
    [Anonymous Symbol]                       0x08000ee0   Section        0  hal_tim.o(.text.TIM_BDTRConfig)
    [Anonymous Symbol]                       0x08000efe   Section        0  hal_tim.o(.text.TIM_BDTRStructInit)
    [Anonymous Symbol]                       0x08000f10   Section        0  hal_tim.o(.text.TIM_CCPreloadControl)
    [Anonymous Symbol]                       0x08000f20   Section        0  hal_tim.o(.text.TIM_CCxCmd)
    [Anonymous Symbol]                       0x08000f30   Section        0  hal_tim.o(.text.TIM_CCxNCmd)
    [Anonymous Symbol]                       0x08000f44   Section        0  hal_tim.o(.text.TIM_ClearITPendingBit)
    [Anonymous Symbol]                       0x08000f4c   Section        0  hal_tim.o(.text.TIM_Cmd)
    [Anonymous Symbol]                       0x08000f5c   Section        0  hal_tim.o(.text.TIM_CtrlPWMOutputs)
    [Anonymous Symbol]                       0x08000f70   Section        0  hal_tim.o(.text.TIM_GenerateEvent)
    [Anonymous Symbol]                       0x08000f74   Section        0  hal_tim.o(.text.TIM_GetITStatus)
    [Anonymous Symbol]                       0x08000f88   Section        0  hal_tim.o(.text.TIM_ITConfig)
    [Anonymous Symbol]                       0x08000f9c   Section        0  hal_tim.o(.text.TIM_OC1Init)
    __arm_cp.2_0                             0x08000ff4   Number         4  hal_tim.o(.text.TIM_OC1Init)
    [Anonymous Symbol]                       0x08000ff8   Section        0  hal_tim.o(.text.TIM_OC2Init)
    [Anonymous Symbol]                       0x08001054   Section        0  hal_tim.o(.text.TIM_OC3Init)
    __arm_cp.4_0                             0x080010ac   Number         4  hal_tim.o(.text.TIM_OC3Init)
    [Anonymous Symbol]                       0x080010b0   Section        0  hal_tim.o(.text.TIM_OCStructInit)
    [Anonymous Symbol]                       0x080010c0   Section        0  hal_tim.o(.text.TIM_SelectOCxM)
    [Anonymous Symbol]                       0x08001118   Section        0  hal_tim.o(.text.TIM_TimeBaseInit)
    __arm_cp.1_0                             0x08001188   Number         4  hal_tim.o(.text.TIM_TimeBaseInit)
    __arm_cp.1_1                             0x0800118c   Number         4  hal_tim.o(.text.TIM_TimeBaseInit)
    __arm_cp.1_2                             0x08001190   Number         4  hal_tim.o(.text.TIM_TimeBaseInit)
    __arm_cp.1_3                             0x08001194   Number         4  hal_tim.o(.text.TIM_TimeBaseInit)
    __arm_cp.1_4                             0x08001198   Number         4  hal_tim.o(.text.TIM_TimeBaseInit)
    [Anonymous Symbol]                       0x0800119c   Section        0  hal_tim.o(.text.TIM_TimeBaseStructInit)
    [Anonymous Symbol]                       0x080011ac   Section        0  initialize.o(.text.UARTX_Init)
    __arm_cp.7_1                             0x08001230   Number         4  initialize.o(.text.UARTX_Init)
    __arm_cp.7_2                             0x08001234   Number         4  initialize.o(.text.UARTX_Init)
    [Anonymous Symbol]                       0x08001238   Section        0  hal_uart.o(.text.UART_Cmd)
    [Anonymous Symbol]                       0x08001244   Section        0  hal_uart.o(.text.UART_DMACmd)
    [Anonymous Symbol]                       0x08001252   Section        0  hal_uart.o(.text.UART_GetFlagStatus)
    [Anonymous Symbol]                       0x0800125c   Section        0  hal_uart.o(.text.UART_Init)
    __arm_cp.1_1                             0x080012cc   Number         4  hal_uart.o(.text.UART_Init)
    [Anonymous Symbol]                       0x080012d0   Section        0  hal_uart.o(.text.UART_SendData)
    [Anonymous Symbol]                       0x080012d8   Section        0  uart.o(.text.UART_SendString)
    [Anonymous Symbol]                       0x08001304   Section        0  uart.o(.text.UART_Send_Byte)
    [Anonymous Symbol]                       0x08001320   Section        0  uart.o(.text.UART_Send_Group)
    __arm_cp.1_0                             0x0800134c   Number         4  uart.o(.text.UART_Send_Group)
    [Anonymous Symbol]                       0x08001350   Section        0  hal_uart.o(.text.UART_StructInit)
    [Anonymous Symbol]                       0x08001368   Section        0  autodetect.o(.text.autoDetectInit)
    __arm_cp.5_1                             0x08001380   Number         4  autodetect.o(.text.autoDetectInit)
    [Anonymous Symbol]                       0x08001384   Section        0  autodetect.o(.text.autoDetectSerialIt)
    __arm_cp.3_0                             0x080013a0   Number         4  autodetect.o(.text.autoDetectSerialIt)
    __arm_cp.3_1                             0x080013a4   Number         4  autodetect.o(.text.autoDetectSerialIt)
    __arm_cp.3_2                             0x080013a8   Number         4  autodetect.o(.text.autoDetectSerialIt)
    [Anonymous Symbol]                       0x080013ac   Section        0  calculation.o(.text.avgItotal)
    __arm_cp.3_0                             0x080013e0   Number         4  calculation.o(.text.avgItotal)
    __arm_cp.3_1                             0x080013e4   Number         4  calculation.o(.text.avgItotal)
    __arm_cp.3_2                             0x080013e8   Number         4  calculation.o(.text.avgItotal)
    __arm_cp.3_3                             0x080013ec   Number         4  calculation.o(.text.avgItotal)
    __arm_cp.3_4                             0x080013f0   Number         4  calculation.o(.text.avgItotal)
    [Anonymous Symbol]                       0x080013f4   Section        0  calculation.o(.text.avgvbat)
    __arm_cp.2_0                             0x08001428   Number         4  calculation.o(.text.avgvbat)
    __arm_cp.2_1                             0x0800142c   Number         4  calculation.o(.text.avgvbat)
    __arm_cp.2_2                             0x08001430   Number         4  calculation.o(.text.avgvbat)
    __arm_cp.2_3                             0x08001434   Number         4  calculation.o(.text.avgvbat)
    __arm_cp.2_4                             0x08001438   Number         4  calculation.o(.text.avgvbat)
    [Anonymous Symbol]                       0x0800143c   Section        0  bldc.o(.text.commutate)
    __arm_cp.1_0                             0x080016d4   Number         4  bldc.o(.text.commutate)
    __arm_cp.1_1                             0x080016d8   Number         4  bldc.o(.text.commutate)
    [Anonymous Symbol]                       0x080016dc   Section        0  autodetect.o(.text.detectSelfHold)
    __arm_cp.2_0                             0x0800178c   Number         4  autodetect.o(.text.detectSelfHold)
    __arm_cp.2_4                             0x08001790   Number         4  autodetect.o(.text.detectSelfHold)
    [Anonymous Symbol]                       0x08001794   Section        0  initialize.o(.text.exNVIC_Configure)
    [Anonymous Symbol]                       0x080017b0   Section        0  hal_misc.o(.text.exNVIC_Init)
    __arm_cp.1_0                             0x080017f4   Number         4  hal_misc.o(.text.exNVIC_Init)
    __arm_cp.1_1                             0x080017f8   Number         4  hal_misc.o(.text.exNVIC_Init)
    __arm_cp.1_2                             0x080017fc   Number         4  hal_misc.o(.text.exNVIC_Init)
    [Anonymous Symbol]                       0x08001800   Section        0  bldc.o(.text.hallpos)
    __arm_cp.0_1                             0x08001864   Number         4  bldc.o(.text.hallpos)
    [Anonymous Symbol]                       0x08001868   Section        0  main.o(.text.main)
    __arm_cp.0_0                             0x08001934   Number         4  main.o(.text.main)
    __arm_cp.0_1                             0x08001938   Number         4  main.o(.text.main)
    __arm_cp.0_2                             0x0800193c   Number         4  main.o(.text.main)
    __arm_cp.0_3                             0x08001940   Number         4  main.o(.text.main)
    __arm_cp.0_4                             0x08001944   Number         4  main.o(.text.main)
    __arm_cp.0_5                             0x08001948   Number         4  main.o(.text.main)
    __arm_cp.0_6                             0x0800194c   Number         4  main.o(.text.main)
    __arm_cp.0_8                             0x08001958   Number         4  main.o(.text.main)
    [Anonymous Symbol]                       0x08001990   Section        0  hardware.o(.text.pinMode)
    __arm_cp.0_0                             0x080019c4   Number         4  hardware.o(.text.pinMode)
    __arm_cp.0_1                             0x080019c8   Number         4  hardware.o(.text.pinMode)
    __arm_cp.0_2                             0x080019cc   Number         4  hardware.o(.text.pinMode)
    __arm_cp.0_3                             0x080019d0   Number         4  hardware.o(.text.pinMode)
    [Anonymous Symbol]                       0x080019d4   Section        0  autodetect.o(.text.selfhold)
    __arm_cp.0_0                             0x08001a14   Number         4  autodetect.o(.text.selfhold)
    __arm_cp.0_1                             0x08001a18   Number         4  autodetect.o(.text.selfhold)
    [Anonymous Symbol]                       0x08001a1c   Section        0  autodetect.o(.text.simhallupdate)
    __arm_cp.4_0                             0x08001a48   Number         4  autodetect.o(.text.simhallupdate)
    __arm_cp.4_1                             0x08001a4c   Number         4  autodetect.o(.text.simhallupdate)
    __arm_cp.4_2                             0x08001a50   Number         4  autodetect.o(.text.simhallupdate)
    [Anonymous Symbol]                       0x08001a54   Section        0  calculation.o(.text.updateMotorRPM)
    __arm_cp.5_0                             0x08001a64   Number         4  calculation.o(.text.updateMotorRPM)
    [Anonymous Symbol]                       0x08001a68   Section        0  initialize.o(.text.vref_Init)
    __arm_cp.12_0                            0x08001ab0   Number         4  initialize.o(.text.vref_Init)
    .text_divfast                            0x08001ab4   Section      502  aeabi_sdivfast.o(.text_divfast)
    x$fpl$usenofp                            0x08001caa   Section        0  usenofp.o(x$fpl$usenofp)
    .bss                                     0x20000018   Section       96  libspace.o(.bss)
    Heap_Mem                                 0x20000268   Data         512  startup_mm32spin06xx_s_keil.o(HEAP)
    HEAP                                     0x20000268   Section      512  startup_mm32spin06xx_s_keil.o(HEAP)
    Stack_Mem                                0x20000468   Data        1024  startup_mm32spin06xx_s_keil.o(STACK)
    STACK                                    0x20000468   Section     1024  startup_mm32spin06xx_s_keil.o(STACK)
    __initial_sp                             0x20000868   Data           0  startup_mm32spin06xx_s_keil.o(STACK)

    Global Symbols

    Symbol Name                              Value     Ov Type        Size  Object(Section)

    BuildAttributes$$THM_ISAv3M$S$PE$A:L22$X:L11$S22$IEEE1$IW$~IW$USESV6$~STKCKD$USESV7$~SHL$OTIME$ROPI$EBA8$UX$STANDARDLIB$REQ8$PRES8$EABIv2 0x00000000   Number         0  anon$$obj.o ABSOLUTE
    __ARM_exceptions_init                     - Undefined Weak Reference
    __alloca_initialize                       - Undefined Weak Reference
    __arm_preinit_                            - Undefined Weak Reference
    __arm_relocate_pie_                       - Undefined Weak Reference
    __cpp_initialize__aeabi_                  - Undefined Weak Reference
    __cxa_finalize                            - Undefined Weak Reference
    __rt_locale                               - Undefined Weak Reference
    __sigvec_lookup                           - Undefined Weak Reference
    _atexit_init                              - Undefined Weak Reference
    _call_atexit_fns                          - Undefined Weak Reference
    _clock_init                               - Undefined Weak Reference
    _fp_trap_init                             - Undefined Weak Reference
    _fp_trap_shutdown                         - Undefined Weak Reference
    _get_lc_collate                           - Undefined Weak Reference
    _get_lc_ctype                             - Undefined Weak Reference
    _get_lc_monetary                          - Undefined Weak Reference
    _get_lc_numeric                           - Undefined Weak Reference
    _get_lc_time                              - Undefined Weak Reference
    _getenv_init                              - Undefined Weak Reference
    _handle_redirection                       - Undefined Weak Reference
    _init_alloc                               - Undefined Weak Reference
    _init_user_alloc                          - Undefined Weak Reference
    _initio                                   - Undefined Weak Reference
    _rand_init                                - Undefined Weak Reference
    _signal_finish                            - Undefined Weak Reference
    _signal_init                              - Undefined Weak Reference
    _terminate_alloc                          - Undefined Weak Reference
    _terminate_user_alloc                     - Undefined Weak Reference
    _terminateio                              - Undefined Weak Reference
    __Vectors_Size                           0x000000c0   Number         0  startup_mm32spin06xx_s_keil.o ABSOLUTE
    __Vectors                                0x08000000   Data           4  startup_mm32spin06xx_s_keil.o(RESET)
    __Vectors_End                            0x080000c0   Data           0  startup_mm32spin06xx_s_keil.o(RESET)
    __main                                   0x080000c1   Thumb Code     8  __main.o(!!!main)
    __scatterload                            0x080000c9   Thumb Code     0  __scatter.o(!!!scatter)
    __scatterload_rt2                        0x080000c9   Thumb Code    52  __scatter.o(!!!scatter)
    __scatterload_rt2_thumb_only             0x080000c9   Thumb Code     0  __scatter.o(!!!scatter)
    __scatterload_null                       0x080000d9   Thumb Code     0  __scatter.o(!!!scatter)
    __scatterload_copy                       0x08000105   Thumb Code    26  __scatter_copy.o(!!handler_copy)
    __scatterload_zeroinit                   0x08000121   Thumb Code    28  __scatter_zi.o(!!handler_zi)
    __rt_lib_init                            0x0800013d   Thumb Code     0  libinit.o(.ARM.Collect$$libinit$$00000000)
    __rt_lib_init_alloca_1                   0x0800013f   Thumb Code     0  libinit2.o(.ARM.Collect$$libinit$$00000030)
    __rt_lib_init_argv_1                     0x0800013f   Thumb Code     0  libinit2.o(.ARM.Collect$$libinit$$0000002E)
    __rt_lib_init_atexit_1                   0x0800013f   Thumb Code     0  libinit2.o(.ARM.Collect$$libinit$$0000001D)
    __rt_lib_init_clock_1                    0x0800013f   Thumb Code     0  libinit2.o(.ARM.Collect$$libinit$$00000023)
    __rt_lib_init_cpp_1                      0x0800013f   Thumb Code     0  libinit2.o(.ARM.Collect$$libinit$$00000034)
    __rt_lib_init_exceptions_1               0x0800013f   Thumb Code     0  libinit2.o(.ARM.Collect$$libinit$$00000032)
    __rt_lib_init_fp_1                       0x0800013f   Thumb Code     0  libinit2.o(.ARM.Collect$$libinit$$00000002)
    __rt_lib_init_fp_trap_1                  0x0800013f   Thumb Code     0  libinit2.o(.ARM.Collect$$libinit$$00000021)
    __rt_lib_init_getenv_1                   0x0800013f   Thumb Code     0  libinit2.o(.ARM.Collect$$libinit$$00000025)
    __rt_lib_init_heap_1                     0x0800013f   Thumb Code     0  libinit2.o(.ARM.Collect$$libinit$$0000000C)
    __rt_lib_init_lc_collate_1               0x0800013f   Thumb Code     0  libinit2.o(.ARM.Collect$$libinit$$00000013)
    __rt_lib_init_lc_ctype_1                 0x0800013f   Thumb Code     0  libinit2.o(.ARM.Collect$$libinit$$00000015)
    __rt_lib_init_lc_monetary_1              0x0800013f   Thumb Code     0  libinit2.o(.ARM.Collect$$libinit$$00000017)
    __rt_lib_init_lc_numeric_1               0x0800013f   Thumb Code     0  libinit2.o(.ARM.Collect$$libinit$$00000019)
    __rt_lib_init_lc_time_1                  0x0800013f   Thumb Code     0  libinit2.o(.ARM.Collect$$libinit$$0000001B)
    __rt_lib_init_preinit_1                  0x0800013f   Thumb Code     0  libinit2.o(.ARM.Collect$$libinit$$00000006)
    __rt_lib_init_rand_1                     0x0800013f   Thumb Code     0  libinit2.o(.ARM.Collect$$libinit$$00000010)
    __rt_lib_init_relocate_pie_1             0x0800013f   Thumb Code     0  libinit2.o(.ARM.Collect$$libinit$$00000004)
    __rt_lib_init_return                     0x0800013f   Thumb Code     0  libinit2.o(.ARM.Collect$$libinit$$00000035)
    __rt_lib_init_signal_1                   0x0800013f   Thumb Code     0  libinit2.o(.ARM.Collect$$libinit$$0000001F)
    __rt_lib_init_stdio_1                    0x0800013f   Thumb Code     0  libinit2.o(.ARM.Collect$$libinit$$00000027)
    __rt_lib_init_user_alloc_1               0x0800013f   Thumb Code     0  libinit2.o(.ARM.Collect$$libinit$$0000000E)
    __rt_lib_shutdown                        0x08000141   Thumb Code     0  libshutdown.o(.ARM.Collect$$libshutdown$$00000000)
    __rt_lib_shutdown_cpp_1                  0x08000143   Thumb Code     0  libshutdown2.o(.ARM.Collect$$libshutdown$$00000002)
    __rt_lib_shutdown_fp_trap_1              0x08000143   Thumb Code     0  libshutdown2.o(.ARM.Collect$$libshutdown$$00000007)
    __rt_lib_shutdown_heap_1                 0x08000143   Thumb Code     0  libshutdown2.o(.ARM.Collect$$libshutdown$$0000000F)
    __rt_lib_shutdown_return                 0x08000143   Thumb Code     0  libshutdown2.o(.ARM.Collect$$libshutdown$$00000010)
    __rt_lib_shutdown_signal_1               0x08000143   Thumb Code     0  libshutdown2.o(.ARM.Collect$$libshutdown$$0000000A)
    __rt_lib_shutdown_stdio_1                0x08000143   Thumb Code     0  libshutdown2.o(.ARM.Collect$$libshutdown$$00000004)
    __rt_lib_shutdown_user_alloc_1           0x08000143   Thumb Code     0  libshutdown2.o(.ARM.Collect$$libshutdown$$0000000C)
    __rt_entry                               0x08000145   Thumb Code     0  __rtentry.o(.ARM.Collect$$rtentry$$00000000)
    __rt_entry_presh_1                       0x08000145   Thumb Code     0  __rtentry2.o(.ARM.Collect$$rtentry$$00000002)
    __rt_entry_sh                            0x08000145   Thumb Code     0  __rtentry4.o(.ARM.Collect$$rtentry$$00000004)
    __rt_entry_li                            0x0800014b   Thumb Code     0  __rtentry2.o(.ARM.Collect$$rtentry$$0000000A)
    __rt_entry_postsh_1                      0x0800014b   Thumb Code     0  __rtentry2.o(.ARM.Collect$$rtentry$$00000009)
    __rt_entry_main                          0x0800014f   Thumb Code     0  __rtentry2.o(.ARM.Collect$$rtentry$$0000000D)
    __rt_entry_postli_1                      0x0800014f   Thumb Code     0  __rtentry2.o(.ARM.Collect$$rtentry$$0000000C)
    __rt_exit                                0x08000157   Thumb Code     0  rtexit.o(.ARM.Collect$$rtexit$$00000000)
    __rt_exit_ls                             0x08000159   Thumb Code     0  rtexit2.o(.ARM.Collect$$rtexit$$00000003)
    __rt_exit_prels_1                        0x08000159   Thumb Code     0  rtexit2.o(.ARM.Collect$$rtexit$$00000002)
    __rt_exit_exit                           0x0800015d   Thumb Code     0  rtexit2.o(.ARM.Collect$$rtexit$$00000004)
    Reset_Handler                            0x08000165   Thumb Code    44  startup_mm32spin06xx_s_keil.o(.text)
    NMI_Handler                              0x08000191   Thumb Code     2  startup_mm32spin06xx_s_keil.o(.text)
    HardFault_Handler                        0x08000193   Thumb Code     2  startup_mm32spin06xx_s_keil.o(.text)
    SVC_Handler                              0x08000195   Thumb Code     2  startup_mm32spin06xx_s_keil.o(.text)
    PendSV_Handler                           0x08000197   Thumb Code     2  startup_mm32spin06xx_s_keil.o(.text)
    CAN_IRQHandler                           0x0800019b   Thumb Code     0  startup_mm32spin06xx_s_keil.o(.text)
    DMA1_Channel1_IRQHandler                 0x0800019b   Thumb Code     0  startup_mm32spin06xx_s_keil.o(.text)
    DMA1_Channel4_5_IRQHandler               0x0800019b   Thumb Code     0  startup_mm32spin06xx_s_keil.o(.text)
    EXTI0_1_IRQHandler                       0x0800019b   Thumb Code     0  startup_mm32spin06xx_s_keil.o(.text)
    EXTI2_3_IRQHandler                       0x0800019b   Thumb Code     0  startup_mm32spin06xx_s_keil.o(.text)
    EXTI4_15_IRQHandler                      0x0800019b   Thumb Code     0  startup_mm32spin06xx_s_keil.o(.text)
    FLASH_IRQHandler                         0x0800019b   Thumb Code     0  startup_mm32spin06xx_s_keil.o(.text)
    HWDIV_IRQHandler                         0x0800019b   Thumb Code     0  startup_mm32spin06xx_s_keil.o(.text)
    I2C1_IRQHandler                          0x0800019b   Thumb Code     0  startup_mm32spin06xx_s_keil.o(.text)
    PVD_IRQHandler                           0x0800019b   Thumb Code     0  startup_mm32spin06xx_s_keil.o(.text)
    RCC_CRS_IRQHandler                       0x0800019b   Thumb Code     0  startup_mm32spin06xx_s_keil.o(.text)
    RTC_BKP_IRQHandler                       0x0800019b   Thumb Code     0  startup_mm32spin06xx_s_keil.o(.text)
    SPI1_IRQHandler                          0x0800019b   Thumb Code     0  startup_mm32spin06xx_s_keil.o(.text)
    SPI2_IRQHandler                          0x0800019b   Thumb Code     0  startup_mm32spin06xx_s_keil.o(.text)
    TIM14_IRQHandler                         0x0800019b   Thumb Code     0  startup_mm32spin06xx_s_keil.o(.text)
    TIM16_IRQHandler                         0x0800019b   Thumb Code     0  startup_mm32spin06xx_s_keil.o(.text)
    TIM17_IRQHandler                         0x0800019b   Thumb Code     0  startup_mm32spin06xx_s_keil.o(.text)
    TIM1_CC_IRQHandler                       0x0800019b   Thumb Code     0  startup_mm32spin06xx_s_keil.o(.text)
    UART1_IRQHandler                         0x0800019b   Thumb Code     0  startup_mm32spin06xx_s_keil.o(.text)
    UART2_IRQHandler                         0x0800019b   Thumb Code     0  startup_mm32spin06xx_s_keil.o(.text)
    WWDG_IRQHandler                          0x0800019b   Thumb Code     0  startup_mm32spin06xx_s_keil.o(.text)
    __user_initial_stackheap                 0x0800019d   Thumb Code     0  startup_mm32spin06xx_s_keil.o(.text)
    __use_two_region_memory                  0x080001e1   Thumb Code     2  heapauxi.o(.text)
    __rt_heap_escrow$2region                 0x080001e3   Thumb Code     2  heapauxi.o(.text)
    __rt_heap_expand$2region                 0x080001e5   Thumb Code     2  heapauxi.o(.text)
    __aeabi_d2iz                             0x080001e9   Thumb Code     0  dfixi.o(.text)
    _dfix                                    0x080001e9   Thumb Code    98  dfixi.o(.text)
    __aeabi_i2d_normalise                    0x08000255   Thumb Code    66  dflti.o(.text)
    __aeabi_i2d                              0x08000297   Thumb Code    16  dflti.o(.text)
    _dflt                                    0x08000297   Thumb Code     0  dflti.o(.text)
    __aeabi_ui2d                             0x080002a7   Thumb Code     6  dflti.o(.text)
    _dfltu                                   0x080002a7   Thumb Code     0  dflti.o(.text)
    __aeabi_dmul                             0x080002ad   Thumb Code     0  dmul.o(.text)
    _dmul                                    0x080002ad   Thumb Code   558  dmul.o(.text)
    __user_setup_stackheap                   0x080004f5   Thumb Code    62  sys_stackheap_outer.o(.text)
    exit                                     0x08000533   Thumb Code    16  exit.o(.text)
    __user_libspace                          0x08000545   Thumb Code     8  libspace.o(.text)
    __user_perproc_libspace                  0x08000545   Thumb Code     0  libspace.o(.text)
    __user_perthread_libspace                0x08000545   Thumb Code     0  libspace.o(.text)
    _sys_exit                                0x0800054d   Thumb Code     8  sys_exit.o(.text)
    __I$use$semihosting                      0x08000559   Thumb Code     0  use_no_semi.o(.text)
    __use_no_semihosting_swi                 0x08000559   Thumb Code     2  use_no_semi.o(.text)
    __semihosting_library_function           0x0800055b   Thumb Code     0  indicate_semi.o(.text)
    ADC1_COMP_IRQHandler                     0x0800055d   Thumb Code   284  interrupt.o(.text.ADC1_COMP_IRQHandler)
    ADC_AnalogWatchdogCmd                    0x080006b5   Thumb Code    18  hal_adc.o(.text.ADC_AnalogWatchdogCmd)
    ADC_AnalogWatchdogSingleChannelConfig    0x080006c7   Thumb Code    20  hal_adc.o(.text.ADC_AnalogWatchdogSingleChannelConfig)
    ADC_AnalogWatchdogThresholdsConfig       0x080006db   Thumb Code     8  hal_adc.o(.text.ADC_AnalogWatchdogThresholdsConfig)
    ADC_ClearFlag                            0x080006e3   Thumb Code    14  hal_adc.o(.text.ADC_ClearFlag)
    ADC_ClearITPendingBit                    0x080006f1   Thumb Code    14  hal_adc.o(.text.ADC_ClearITPendingBit)
    ADC_Cmd                                  0x080006ff   Thumb Code    16  hal_adc.o(.text.ADC_Cmd)
    ADC_GetFlagStatus                        0x0800070f   Thumb Code    16  hal_adc.o(.text.ADC_GetFlagStatus)
    ADC_GetITStatus                          0x0800071f   Thumb Code    16  hal_adc.o(.text.ADC_GetITStatus)
    ADC_ITConfig                             0x0800072f   Thumb Code    30  hal_adc.o(.text.ADC_ITConfig)
    ADC_Init                                 0x0800074d   Thumb Code    48  hal_adc.o(.text.ADC_Init)
    ADC_RegularChannelConfig                 0x08000785   Thumb Code    60  hal_adc.o(.text.ADC_RegularChannelConfig)
    ADC_SoftwareStartConvCmd                 0x080007c1   Thumb Code    20  hal_adc.o(.text.ADC_SoftwareStartConvCmd)
    ADC_TempSensorVrefintCmd                 0x080007d5   Thumb Code    24  hal_adc.o(.text.ADC_TempSensorVrefintCmd)
    BLDC_init                                0x080007f1   Thumb Code   160  initialize.o(.text.BLDC_init)
    DELAY_Init                               0x08000899   Thumb Code    60  delay.o(.text.DELAY_Init)
    DELAY_Ms                                 0x080008e5   Thumb Code    20  delay.o(.text.DELAY_Ms)
    DMA1_Channel2_3_IRQHandler               0x080008f9   Thumb Code    36  interrupt.o(.text.DMA1_Channel2_3_IRQHandler)
    DMA_ClearITPendingBit                    0x08000921   Thumb Code     8  hal_dma.o(.text.DMA_ClearITPendingBit)
    DMA_Cmd                                  0x08000929   Thumb Code    12  hal_dma.o(.text.DMA_Cmd)
    DMA_DeInit                               0x08000935   Thumb Code    44  hal_dma.o(.text.DMA_DeInit)
    DMA_GetITStatus                          0x08000965   Thumb Code    12  hal_dma.o(.text.DMA_GetITStatus)
    DMA_ITConfig                             0x08000975   Thumb Code    20  hal_dma.o(.text.DMA_ITConfig)
    DMA_Init                                 0x08000989   Thumb Code    72  hal_dma.o(.text.DMA_Init)
    DMA_NVIC_Config                          0x080009d5   Thumb Code   108  initialize.o(.text.DMA_NVIC_Config)
    DMA_StructInit                           0x08000a45   Thumb Code    22  hal_dma.o(.text.DMA_StructInit)
    GPIO_Init                                0x08000a5b   Thumb Code   144  hal_gpio.o(.text.GPIO_Init)
    GPIO_PinAFConfig                         0x08000aeb   Thumb Code    32  hal_gpio.o(.text.GPIO_PinAFConfig)
    GPIO_ReadInputDataBit                    0x08000b0b   Thumb Code    10  hal_gpio.o(.text.GPIO_ReadInputDataBit)
    GPIO_StructInit                          0x08000b15   Thumb Code    12  hal_gpio.o(.text.GPIO_StructInit)
    RCC_AHBPeriphClockCmd                    0x08000b29   Thumb Code    24  hal_rcc.o(.text.RCC_AHBPeriphClockCmd)
    RCC_APB1PeriphClockCmd                   0x08000b45   Thumb Code    24  hal_rcc.o(.text.RCC_APB1PeriphClockCmd)
    RCC_APB2PeriphClockCmd                   0x08000b61   Thumb Code    24  hal_rcc.o(.text.RCC_APB2PeriphClockCmd)
    RCC_GetPCLK1Freq                         0x08000b7d   Thumb Code    44  hal_rcc.o(.text.RCC_GetPCLK1Freq)
    RCC_GetPCLK2Freq                         0x08000ba9   Thumb Code    44  hal_rcc.o(.text.RCC_GetPCLK2Freq)
    SysTick_Handler                          0x08000be5   Thumb Code    24  delay.o(.text.SysTick_Handler)
    SystemInit                               0x08000c01   Thumb Code   332  system_mm32spin06xx_s.o(.text.SystemInit)
    TIM1_BRK_UP_TRG_COM_IRQHandler           0x08000d75   Thumb Code    12  interrupt.o(.text.TIM1_BRK_UP_TRG_COM_IRQHandler)
    TIM1_init                                0x08000d81   Thumb Code   172  initialize.o(.text.TIM1_init)
    TIM2_IRQHandler                          0x08000e35   Thumb Code    76  interrupt.o(.text.TIM2_IRQHandler)
    TIM3_IRQHandler                          0x08000e81   Thumb Code    76  interrupt.o(.text.TIM3_IRQHandler)
    TIM_BDTRConfig                           0x08000ee1   Thumb Code    30  hal_tim.o(.text.TIM_BDTRConfig)
    TIM_BDTRStructInit                       0x08000eff   Thumb Code    18  hal_tim.o(.text.TIM_BDTRStructInit)
    TIM_CCPreloadControl                     0x08000f11   Thumb Code    16  hal_tim.o(.text.TIM_CCPreloadControl)
    TIM_CCxCmd                               0x08000f21   Thumb Code    16  hal_tim.o(.text.TIM_CCxCmd)
    TIM_CCxNCmd                              0x08000f31   Thumb Code    20  hal_tim.o(.text.TIM_CCxNCmd)
    TIM_ClearITPendingBit                    0x08000f45   Thumb Code     8  hal_tim.o(.text.TIM_ClearITPendingBit)
    TIM_Cmd                                  0x08000f4d   Thumb Code    16  hal_tim.o(.text.TIM_Cmd)
    TIM_CtrlPWMOutputs                       0x08000f5d   Thumb Code    20  hal_tim.o(.text.TIM_CtrlPWMOutputs)
    TIM_GenerateEvent                        0x08000f71   Thumb Code     4  hal_tim.o(.text.TIM_GenerateEvent)
    TIM_GetITStatus                          0x08000f75   Thumb Code    20  hal_tim.o(.text.TIM_GetITStatus)
    TIM_ITConfig                             0x08000f89   Thumb Code    20  hal_tim.o(.text.TIM_ITConfig)
    TIM_OC1Init                              0x08000f9d   Thumb Code    88  hal_tim.o(.text.TIM_OC1Init)
    TIM_OC2Init                              0x08000ff9   Thumb Code    92  hal_tim.o(.text.TIM_OC2Init)
    TIM_OC3Init                              0x08001055   Thumb Code    88  hal_tim.o(.text.TIM_OC3Init)
    TIM_OCStructInit                         0x080010b1   Thumb Code    14  hal_tim.o(.text.TIM_OCStructInit)
    TIM_SelectOCxM                           0x080010c1   Thumb Code    88  hal_tim.o(.text.TIM_SelectOCxM)
    TIM_TimeBaseInit                         0x08001119   Thumb Code   112  hal_tim.o(.text.TIM_TimeBaseInit)
    TIM_TimeBaseStructInit                   0x0800119d   Thumb Code    16  hal_tim.o(.text.TIM_TimeBaseStructInit)
    UARTX_Init                               0x080011ad   Thumb Code   132  initialize.o(.text.UARTX_Init)
    UART_Cmd                                 0x08001239   Thumb Code    12  hal_uart.o(.text.UART_Cmd)
    UART_DMACmd                              0x08001245   Thumb Code    14  hal_uart.o(.text.UART_DMACmd)
    UART_GetFlagStatus                       0x08001253   Thumb Code    10  hal_uart.o(.text.UART_GetFlagStatus)
    UART_Init                                0x0800125d   Thumb Code   112  hal_uart.o(.text.UART_Init)
    UART_SendData                            0x080012d1   Thumb Code     6  hal_uart.o(.text.UART_SendData)
    UART_SendString                          0x080012d9   Thumb Code    44  uart.o(.text.UART_SendString)
    UART_Send_Byte                           0x08001305   Thumb Code    28  uart.o(.text.UART_Send_Byte)
    UART_Send_Group                          0x08001321   Thumb Code    44  uart.o(.text.UART_Send_Group)
    UART_StructInit                          0x08001351   Thumb Code    24  hal_uart.o(.text.UART_StructInit)
    autoDetectInit                           0x08001369   Thumb Code    24  autodetect.o(.text.autoDetectInit)
    autoDetectSerialIt                       0x08001385   Thumb Code    28  autodetect.o(.text.autoDetectSerialIt)
    avgItotal                                0x080013ad   Thumb Code    52  calculation.o(.text.avgItotal)
    avgvbat                                  0x080013f5   Thumb Code    52  calculation.o(.text.avgvbat)
    commutate                                0x0800143d   Thumb Code   664  bldc.o(.text.commutate)
    detectSelfHold                           0x080016dd   Thumb Code   176  autodetect.o(.text.detectSelfHold)
    exNVIC_Configure                         0x08001795   Thumb Code    26  initialize.o(.text.exNVIC_Configure)
    exNVIC_Init                              0x080017b1   Thumb Code    68  hal_misc.o(.text.exNVIC_Init)
    hallpos                                  0x08001801   Thumb Code   100  bldc.o(.text.hallpos)
    main                                     0x08001869   Thumb Code   204  main.o(.text.main)
    pinMode                                  0x08001991   Thumb Code    52  hardware.o(.text.pinMode)
    selfhold                                 0x080019d5   Thumb Code    64  autodetect.o(.text.selfhold)
    simhallupdate                            0x08001a1d   Thumb Code    44  autodetect.o(.text.simhallupdate)
    updateMotorRPM                           0x08001a55   Thumb Code    16  calculation.o(.text.updateMotorRPM)
    vref_Init                                0x08001a69   Thumb Code    72  initialize.o(.text.vref_Init)
    __aeabi_uidiv                            0x08001ab5   Thumb Code    68  aeabi_sdivfast.o(.text_divfast)
    __aeabi_idiv                             0x08001af9   Thumb Code   434  aeabi_sdivfast.o(.text_divfast)
    __I$use$fp                               0x08001caa   Number         0  usenofp.o(x$fpl$usenofp)
    banner                                   0x08001caa   Data         457  autodetect.o(.rodata.banner)
    hall_to_pos                              0x08001e73   Data           8  bldc.o(.rodata.hall_to_pos)
    pins                                     0x08001e7c   Data         396  hardware.o(.rodata.pins)
    Region$$Table$$Base                      0x08002008   Number         0  anon$$obj.o(Region$$Table)
    Region$$Table$$Limit                     0x08002028   Number         0  anon$$obj.o(Region$$Table)
    SystemCoreClock                          0x20000000   Data           4  system_mm32spin06xx_s.o(.data.SystemCoreClock)
    dir                                      0x20000004   Data           1  main.o(.data.dir)
    hallposprev                              0x20000005   Data           1  main.o(.data.hallposprev)
    step                                     0x20000006   Data           1  main.o(.data.step)
    tbPresc                                  0x20000007   Data          16  hal_rcc.o(.data.tbPresc)
    __libspace_start                         0x20000018   Data          96  libspace.o(.bss)
    GPIO_InitStruct                          0x20000078   Data           4  main.o(.bss.GPIO_InitStruct)
    __temporary_stack_top$libspace           0x20000078   Data           0  libspace.o(.bss)
    aavgarr                                  0x2000007c   Data         256  calculation.o(.bss.aavgarr)
    adatasum                                 0x2000017c   Data           4  calculation.o(.bss.adatasum)
    aindex                                   0x20000180   Data           1  calculation.o(.bss.aindex)
    fitotal                                  0x20000184   Data           4  main.o(.bss.fitotal)
    fvbat                                    0x20000188   Data           4  main.o(.bss.fvbat)
    iOdom                                    0x2000018c   Data           4  main.o(.bss.iOdom)
    init                                     0x20000190   Data           1  autodetect.o(.bss.init)
    itotal                                   0x20000194   Data           4  main.o(.bss.itotal)
    itotaloffset                             0x20000198   Data           4  interrupt.o(.bss.itotaloffset)
    lastCommutation                          0x2000019c   Data           4  autodetect.o(.bss.lastCommutation)
    lastcommutate                            0x200001a0   Data           4  bldc.o(.bss.lastcommutate)
    masterslave                              0x200001a4   Data           1  main.o(.bss.masterslave)
    millis                                   0x200001a8   Data           4  main.o(.bss.millis)
    mode                                     0x200001ac   Data           1  autodetect.o(.bss.mode)
    pinstorage                               0x200001ad   Data          16  autodetect.o(.bss.pinstorage)
    poweron                                  0x200001bd   Data           1  interrupt.o(.bss.poweron)
    realspeed                                0x200001c0   Data           4  main.o(.bss.realspeed)
    sRxBuffer                                0x200001c4   Data          10  main.o(.bss.sRxBuffer)
    sTimingDelay                             0x200001d0   Data           4  delay.o(.bss.sTimingDelay)
    tmp                                      0x200001d4   Data           4  autodetect.o(.bss.tmp)
    vavgarr                                  0x200001d8   Data         128  calculation.o(.bss.vavgarr)
    vbat                                     0x20000258   Data           4  main.o(.bss.vbat)
    vdatasum                                 0x2000025c   Data           4  calculation.o(.bss.vdatasum)
    vindex                                   0x20000260   Data           1  calculation.o(.bss.vindex)



==============================================================================

Memory Map of the image

  Image Entry point : 0x080000c1

  Load Region LR_IROM1 (Base: 0x08000000, Size: 0x00002040, Max: 0x00008000, ABSOLUTE)

    Execution Region ER_IROM1 (Exec base: 0x08000000, Load base: 0x08000000, Size: 0x00002028, Max: 0x00008000, ABSOLUTE)

    Exec Addr    Load Addr    Size         Type   Attr      Idx    E Section Name        Object

    0x08000000   0x08000000   0x000000c0   Data   RO         1144    RESET               startup_mm32spin06xx_s_keil.o
    0x080000c0   0x080000c0   0x00000008   Code   RO         1177  * !!!main             c_p.l(__main.o)
    0x080000c8   0x080000c8   0x0000003c   Code   RO         1363    !!!scatter          c_p.l(__scatter.o)
    0x08000104   0x08000104   0x0000001a   Code   RO         1365    !!handler_copy      c_p.l(__scatter_copy.o)
    0x0800011e   0x0800011e   0x00000002   PAD
    0x08000120   0x08000120   0x0000001c   Code   RO         1367    !!handler_zi        c_p.l(__scatter_zi.o)
    0x0800013c   0x0800013c   0x00000002   Code   RO         1224    .ARM.Collect$$libinit$$00000000  c_p.l(libinit.o)
    0x0800013e   0x0800013e   0x00000000   Code   RO         1238    .ARM.Collect$$libinit$$00000002  c_p.l(libinit2.o)
    0x0800013e   0x0800013e   0x00000000   Code   RO         1240    .ARM.Collect$$libinit$$00000004  c_p.l(libinit2.o)
    0x0800013e   0x0800013e   0x00000000   Code   RO         1242    .ARM.Collect$$libinit$$00000006  c_p.l(libinit2.o)
    0x0800013e   0x0800013e   0x00000000   Code   RO         1245    .ARM.Collect$$libinit$$0000000C  c_p.l(libinit2.o)
    0x0800013e   0x0800013e   0x00000000   Code   RO         1247    .ARM.Collect$$libinit$$0000000E  c_p.l(libinit2.o)
    0x0800013e   0x0800013e   0x00000000   Code   RO         1249    .ARM.Collect$$libinit$$00000010  c_p.l(libinit2.o)
    0x0800013e   0x0800013e   0x00000000   Code   RO         1252    .ARM.Collect$$libinit$$00000013  c_p.l(libinit2.o)
    0x0800013e   0x0800013e   0x00000000   Code   RO         1254    .ARM.Collect$$libinit$$00000015  c_p.l(libinit2.o)
    0x0800013e   0x0800013e   0x00000000   Code   RO         1256    .ARM.Collect$$libinit$$00000017  c_p.l(libinit2.o)
    0x0800013e   0x0800013e   0x00000000   Code   RO         1258    .ARM.Collect$$libinit$$00000019  c_p.l(libinit2.o)
    0x0800013e   0x0800013e   0x00000000   Code   RO         1260    .ARM.Collect$$libinit$$0000001B  c_p.l(libinit2.o)
    0x0800013e   0x0800013e   0x00000000   Code   RO         1262    .ARM.Collect$$libinit$$0000001D  c_p.l(libinit2.o)
    0x0800013e   0x0800013e   0x00000000   Code   RO         1264    .ARM.Collect$$libinit$$0000001F  c_p.l(libinit2.o)
    0x0800013e   0x0800013e   0x00000000   Code   RO         1266    .ARM.Collect$$libinit$$00000021  c_p.l(libinit2.o)
    0x0800013e   0x0800013e   0x00000000   Code   RO         1268    .ARM.Collect$$libinit$$00000023  c_p.l(libinit2.o)
    0x0800013e   0x0800013e   0x00000000   Code   RO         1270    .ARM.Collect$$libinit$$00000025  c_p.l(libinit2.o)
    0x0800013e   0x0800013e   0x00000000   Code   RO         1272    .ARM.Collect$$libinit$$00000027  c_p.l(libinit2.o)
    0x0800013e   0x0800013e   0x00000000   Code   RO         1276    .ARM.Collect$$libinit$$0000002E  c_p.l(libinit2.o)
    0x0800013e   0x0800013e   0x00000000   Code   RO         1278    .ARM.Collect$$libinit$$00000030  c_p.l(libinit2.o)
    0x0800013e   0x0800013e   0x00000000   Code   RO         1280    .ARM.Collect$$libinit$$00000032  c_p.l(libinit2.o)
    0x0800013e   0x0800013e   0x00000000   Code   RO         1282    .ARM.Collect$$libinit$$00000034  c_p.l(libinit2.o)
    0x0800013e   0x0800013e   0x00000002   Code   RO         1283    .ARM.Collect$$libinit$$00000035  c_p.l(libinit2.o)
    0x08000140   0x08000140   0x00000002   Code   RO         1318    .ARM.Collect$$libshutdown$$00000000  c_p.l(libshutdown.o)
    0x08000142   0x08000142   0x00000000   Code   RO         1346    .ARM.Collect$$libshutdown$$00000002  c_p.l(libshutdown2.o)
    0x08000142   0x08000142   0x00000000   Code   RO         1348    .ARM.Collect$$libshutdown$$00000004  c_p.l(libshutdown2.o)
    0x08000142   0x08000142   0x00000000   Code   RO         1351    .ARM.Collect$$libshutdown$$00000007  c_p.l(libshutdown2.o)
    0x08000142   0x08000142   0x00000000   Code   RO         1354    .ARM.Collect$$libshutdown$$0000000A  c_p.l(libshutdown2.o)
    0x08000142   0x08000142   0x00000000   Code   RO         1356    .ARM.Collect$$libshutdown$$0000000C  c_p.l(libshutdown2.o)
    0x08000142   0x08000142   0x00000000   Code   RO         1359    .ARM.Collect$$libshutdown$$0000000F  c_p.l(libshutdown2.o)
    0x08000142   0x08000142   0x00000002   Code   RO         1360    .ARM.Collect$$libshutdown$$00000010  c_p.l(libshutdown2.o)
    0x08000144   0x08000144   0x00000000   Code   RO         1187    .ARM.Collect$$rtentry$$00000000  c_p.l(__rtentry.o)
    0x08000144   0x08000144   0x00000000   Code   RO         1194    .ARM.Collect$$rtentry$$00000002  c_p.l(__rtentry2.o)
    0x08000144   0x08000144   0x00000006   Code   RO         1206    .ARM.Collect$$rtentry$$00000004  c_p.l(__rtentry4.o)
    0x0800014a   0x0800014a   0x00000000   Code   RO         1196    .ARM.Collect$$rtentry$$00000009  c_p.l(__rtentry2.o)
    0x0800014a   0x0800014a   0x00000004   Code   RO         1197    .ARM.Collect$$rtentry$$0000000A  c_p.l(__rtentry2.o)
    0x0800014e   0x0800014e   0x00000000   Code   RO         1199    .ARM.Collect$$rtentry$$0000000C  c_p.l(__rtentry2.o)
    0x0800014e   0x0800014e   0x00000008   Code   RO         1200    .ARM.Collect$$rtentry$$0000000D  c_p.l(__rtentry2.o)
    0x08000156   0x08000156   0x00000002   Code   RO         1229    .ARM.Collect$$rtexit$$00000000  c_p.l(rtexit.o)
    0x08000158   0x08000158   0x00000000   Code   RO         1289    .ARM.Collect$$rtexit$$00000002  c_p.l(rtexit2.o)
    0x08000158   0x08000158   0x00000004   Code   RO         1290    .ARM.Collect$$rtexit$$00000003  c_p.l(rtexit2.o)
    0x0800015c   0x0800015c   0x00000006   Code   RO         1291    .ARM.Collect$$rtexit$$00000004  c_p.l(rtexit2.o)
    0x08000162   0x08000162   0x00000002   PAD
    0x08000164   0x08000164   0x0000007c   Code   RO         1145    .text               startup_mm32spin06xx_s_keil.o
    0x080001e0   0x080001e0   0x00000006   Code   RO         1175    .text               c_p.l(heapauxi.o)
    0x080001e6   0x080001e6   0x00000002   PAD
    0x080001e8   0x080001e8   0x0000006c   Code   RO         1179    .text               fz_ps.l(dfixi.o)
    0x08000254   0x08000254   0x00000058   Code   RO         1183    .text               fz_ps.l(dflti.o)
    0x080002ac   0x080002ac   0x00000248   Code   RO         1185    .text               fz_ps.l(dmul.o)
    0x080004f4   0x080004f4   0x0000003e   Code   RO         1210    .text               c_p.l(sys_stackheap_outer.o)
    0x08000532   0x08000532   0x00000010   Code   RO         1213    .text               c_p.l(exit.o)
    0x08000542   0x08000542   0x00000002   PAD
    0x08000544   0x08000544   0x00000008   Code   RO         1225    .text               c_p.l(libspace.o)
    0x0800054c   0x0800054c   0x0000000c   Code   RO         1284    .text               c_p.l(sys_exit.o)
    0x08000558   0x08000558   0x00000002   Code   RO         1307    .text               c_p.l(use_no_semi.o)
    0x0800055a   0x0800055a   0x00000000   Code   RO         1309    .text               c_p.l(indicate_semi.o)
    0x0800055a   0x0800055a   0x00000002   PAD
    0x0800055c   0x0800055c   0x00000158   Code   RO          106    .text.ADC1_COMP_IRQHandler  interrupt.o
    0x080006b4   0x080006b4   0x00000012   Code   RO          270    .text.ADC_AnalogWatchdogCmd  hal_adc.o
    0x080006c6   0x080006c6   0x00000014   Code   RO          274    .text.ADC_AnalogWatchdogSingleChannelConfig  hal_adc.o
    0x080006da   0x080006da   0x00000008   Code   RO          272    .text.ADC_AnalogWatchdogThresholdsConfig  hal_adc.o
    0x080006e2   0x080006e2   0x0000000e   Code   RO          284    .text.ADC_ClearFlag  hal_adc.o
    0x080006f0   0x080006f0   0x0000000e   Code   RO          288    .text.ADC_ClearITPendingBit  hal_adc.o
    0x080006fe   0x080006fe   0x00000010   Code   RO          246    .text.ADC_Cmd       hal_adc.o
    0x0800070e   0x0800070e   0x00000010   Code   RO          282    .text.ADC_GetFlagStatus  hal_adc.o
    0x0800071e   0x0800071e   0x00000010   Code   RO          286    .text.ADC_GetITStatus  hal_adc.o
    0x0800072e   0x0800072e   0x0000001e   Code   RO          250    .text.ADC_ITConfig  hal_adc.o
    0x0800074c   0x0800074c   0x00000038   Code   RO          242    .text.ADC_Init      hal_adc.o
    0x08000784   0x08000784   0x0000003c   Code   RO          256    .text.ADC_RegularChannelConfig  hal_adc.o
    0x080007c0   0x080007c0   0x00000014   Code   RO          252    .text.ADC_SoftwareStartConvCmd  hal_adc.o
    0x080007d4   0x080007d4   0x0000001c   Code   RO          258    .text.ADC_TempSensorVrefintCmd  hal_adc.o
    0x080007f0   0x080007f0   0x000000a8   Code   RO           74    .text.BLDC_init     initialize.o
    0x08000898   0x08000898   0x0000004c   Code   RO           34    .text.DELAY_Init    delay.o
    0x080008e4   0x080008e4   0x00000014   Code   RO           38    .text.DELAY_Ms      delay.o
    0x080008f8   0x080008f8   0x00000028   Code   RO          104    .text.DMA1_Channel2_3_IRQHandler  interrupt.o
    0x08000920   0x08000920   0x00000008   Code   RO          389    .text.DMA_ClearITPendingBit  hal_dma.o
    0x08000928   0x08000928   0x0000000c   Code   RO          377    .text.DMA_Cmd       hal_dma.o
    0x08000934   0x08000934   0x00000030   Code   RO          371    .text.DMA_DeInit    hal_dma.o
    0x08000964   0x08000964   0x00000010   Code   RO          387    .text.DMA_GetITStatus  hal_dma.o
    0x08000974   0x08000974   0x00000014   Code   RO          379    .text.DMA_ITConfig  hal_dma.o
    0x08000988   0x08000988   0x0000004c   Code   RO          373    .text.DMA_Init      hal_dma.o
    0x080009d4   0x080009d4   0x00000070   Code   RO           86    .text.DMA_NVIC_Config  initialize.o
    0x08000a44   0x08000a44   0x00000016   Code   RO          375    .text.DMA_StructInit  hal_dma.o
    0x08000a5a   0x08000a5a   0x00000090   Code   RO          515    .text.GPIO_Init     hal_gpio.o
    0x08000aea   0x08000aea   0x00000020   Code   RO          539    .text.GPIO_PinAFConfig  hal_gpio.o
    0x08000b0a   0x08000b0a   0x0000000a   Code   RO          519    .text.GPIO_ReadInputDataBit  hal_gpio.o
    0x08000b14   0x08000b14   0x00000014   Code   RO          517    .text.GPIO_StructInit  hal_gpio.o
    0x08000b28   0x08000b28   0x0000001c   Code   RO          725    .text.RCC_AHBPeriphClockCmd  hal_rcc.o
    0x08000b44   0x08000b44   0x0000001c   Code   RO          729    .text.RCC_APB1PeriphClockCmd  hal_rcc.o
    0x08000b60   0x08000b60   0x0000001c   Code   RO          727    .text.RCC_APB2PeriphClockCmd  hal_rcc.o
    0x08000b7c   0x08000b7c   0x0000002c   Code   RO          719    .text.RCC_GetPCLK1Freq  hal_rcc.o
    0x08000ba8   0x08000ba8   0x0000003c   Code   RO          721    .text.RCC_GetPCLK2Freq  hal_rcc.o
    0x08000be4   0x08000be4   0x0000001c   Code   RO           36    .text.SysTick_Handler  delay.o
    0x08000c00   0x08000c00   0x00000174   Code   RO         1152    .text.SystemInit    system_mm32spin06xx_s.o
    0x08000d74   0x08000d74   0x0000000c   Code   RO          102    .text.TIM1_BRK_UP_TRG_COM_IRQHandler  interrupt.o
    0x08000d80   0x08000d80   0x000000b4   Code   RO           76    .text.TIM1_init     initialize.o
    0x08000e34   0x08000e34   0x0000004c   Code   RO          108    .text.TIM2_IRQHandler  interrupt.o
    0x08000e80   0x08000e80   0x00000060   Code   RO          110    .text.TIM3_IRQHandler  interrupt.o
    0x08000ee0   0x08000ee0   0x0000001e   Code   RO          848    .text.TIM_BDTRConfig  hal_tim.o
    0x08000efe   0x08000efe   0x00000012   Code   RO          856    .text.TIM_BDTRStructInit  hal_tim.o
    0x08000f10   0x08000f10   0x00000010   Code   RO          904    .text.TIM_CCPreloadControl  hal_tim.o
    0x08000f20   0x08000f20   0x00000010   Code   RO          944    .text.TIM_CCxCmd    hal_tim.o
    0x08000f30   0x08000f30   0x00000014   Code   RO          946    .text.TIM_CCxNCmd   hal_tim.o
    0x08000f44   0x08000f44   0x00000008   Code   RO          996    .text.TIM_ClearITPendingBit  hal_tim.o
    0x08000f4c   0x08000f4c   0x00000010   Code   RO          858    .text.TIM_Cmd       hal_tim.o
    0x08000f5c   0x08000f5c   0x00000014   Code   RO          860    .text.TIM_CtrlPWMOutputs  hal_tim.o
    0x08000f70   0x08000f70   0x00000004   Code   RO          864    .text.TIM_GenerateEvent  hal_tim.o
    0x08000f74   0x08000f74   0x00000014   Code   RO          994    .text.TIM_GetITStatus  hal_tim.o
    0x08000f88   0x08000f88   0x00000014   Code   RO          862    .text.TIM_ITConfig  hal_tim.o
    0x08000f9c   0x08000f9c   0x0000005c   Code   RO          828    .text.TIM_OC1Init   hal_tim.o
    0x08000ff8   0x08000ff8   0x0000005c   Code   RO          830    .text.TIM_OC2Init   hal_tim.o
    0x08001054   0x08001054   0x0000005c   Code   RO          832    .text.TIM_OC3Init   hal_tim.o
    0x080010b0   0x080010b0   0x0000000e   Code   RO          852    .text.TIM_OCStructInit  hal_tim.o
    0x080010be   0x080010be   0x00000002   PAD
    0x080010c0   0x080010c0   0x00000058   Code   RO          948    .text.TIM_SelectOCxM  hal_tim.o
    0x08001118   0x08001118   0x00000084   Code   RO          826    .text.TIM_TimeBaseInit  hal_tim.o
    0x0800119c   0x0800119c   0x00000010   Code   RO          850    .text.TIM_TimeBaseStructInit  hal_tim.o
    0x080011ac   0x080011ac   0x0000008c   Code   RO           82    .text.UARTX_Init    initialize.o
    0x08001238   0x08001238   0x0000000c   Code   RO         1036    .text.UART_Cmd      hal_uart.o
    0x08001244   0x08001244   0x0000000e   Code   RO         1040    .text.UART_DMACmd   hal_uart.o
    0x08001252   0x08001252   0x0000000a   Code   RO         1046    .text.UART_GetFlagStatus  hal_uart.o
    0x0800125c   0x0800125c   0x00000074   Code   RO         1032    .text.UART_Init     hal_uart.o
    0x080012d0   0x080012d0   0x00000006   Code   RO         1042    .text.UART_SendData  hal_uart.o
    0x080012d6   0x080012d6   0x00000002   PAD
    0x080012d8   0x080012d8   0x0000002c   Code   RO          130    .text.UART_SendString  uart.o
    0x08001304   0x08001304   0x0000001c   Code   RO          126    .text.UART_Send_Byte  uart.o
    0x08001320   0x08001320   0x00000030   Code   RO          128    .text.UART_Send_Group  uart.o
    0x08001350   0x08001350   0x00000018   Code   RO         1034    .text.UART_StructInit  hal_uart.o
    0x08001368   0x08001368   0x0000001c   Code   RO          207    .text.autoDetectInit  autodetect.o
    0x08001384   0x08001384   0x00000028   Code   RO          203    .text.autoDetectSerialIt  autodetect.o
    0x080013ac   0x080013ac   0x00000048   Code   RO          169    .text.avgItotal     calculation.o
    0x080013f4   0x080013f4   0x00000048   Code   RO          167    .text.avgvbat       calculation.o
    0x0800143c   0x0800143c   0x000002a0   Code   RO           51    .text.commutate     bldc.o
    0x080016dc   0x080016dc   0x000000b8   Code   RO          201    .text.detectSelfHold  autodetect.o
    0x08001794   0x08001794   0x0000001a   Code   RO           80    .text.exNVIC_Configure  initialize.o
    0x080017ae   0x080017ae   0x00000002   PAD
    0x080017b0   0x080017b0   0x00000050   Code   RO          649    .text.exNVIC_Init   hal_misc.o
    0x08001800   0x08001800   0x00000068   Code   RO           49    .text.hallpos       bldc.o
    0x08001868   0x08001868   0x00000128   Code   RO            2    .text.main          main.o
    0x08001990   0x08001990   0x00000044   Code   RO          225    .text.pinMode       hardware.o
    0x080019d4   0x080019d4   0x00000048   Code   RO          197    .text.selfhold      autodetect.o
    0x08001a1c   0x08001a1c   0x00000038   Code   RO          205    .text.simhallupdate  autodetect.o
    0x08001a54   0x08001a54   0x00000014   Code   RO          173    .text.updateMotorRPM  calculation.o
    0x08001a68   0x08001a68   0x0000004c   Code   RO           92    .text.vref_Init     initialize.o
    0x08001ab4   0x08001ab4   0x000001f6   Code   RO         1168    .text_divfast       c_p.l(aeabi_sdivfast.o)
    0x08001caa   0x08001caa   0x00000000   Code   RO         1192    x$fpl$usenofp       fz_ps.l(usenofp.o)
    0x08001caa   0x08001caa   0x000001c9   Data   RO          211    .rodata.banner      autodetect.o
    0x08001e73   0x08001e73   0x00000008   Data   RO           57    .rodata.hall_to_pos  bldc.o
    0x08001e7b   0x08001e7b   0x00000001   PAD
    0x08001e7c   0x08001e7c   0x0000018c   Data   RO          231    .rodata.pins        hardware.o
    0x08002008   0x08002008   0x00000020   Data   RO         1362    Region$$Table       anon$$obj.o


    Execution Region RW_IRAM1 (Exec base: 0x20000000, Load base: 0x08002028, Size: 0x00000868, Max: 0x00001000, ABSOLUTE)

    Exec Addr    Load Addr    Size         Type   Attr      Idx    E Section Name        Object

    0x20000000   0x08002028   0x00000004   Data   RW         1156    .data.SystemCoreClock  system_mm32spin06xx_s.o
    0x20000004   0x0800202c   0x00000001   Data   RW            6    .data.dir           main.o
    0x20000005   0x0800202d   0x00000001   Data   RW            9    .data.hallposprev   main.o
    0x20000006   0x0800202e   0x00000001   Data   RW            4    .data.step          main.o
    0x20000007   0x0800202f   0x00000010   Data   RW          759    .data.tbPresc       hal_rcc.o
    0x20000017   0x0800203f   0x00000001   PAD
    0x20000018        -       0x00000060   Zero   RW         1226    .bss                c_p.l(libspace.o)
    0x20000078        -       0x00000004   Zero   RW           25    .bss.GPIO_InitStruct  main.o
    0x2000007c        -       0x00000100   Zero   RW          188    .bss.aavgarr        calculation.o
    0x2000017c        -       0x00000004   Zero   RW          187    .bss.adatasum       calculation.o
    0x20000180        -       0x00000001   Zero   RW          186    .bss.aindex         calculation.o
    0x20000181   0x0800203f   0x00000003   PAD
    0x20000184        -       0x00000004   Zero   RW           23    .bss.fitotal        main.o
    0x20000188        -       0x00000004   Zero   RW           22    .bss.fvbat          main.o
    0x2000018c        -       0x00000004   Zero   RW           17    .bss.iOdom          main.o
    0x20000190        -       0x00000001   Zero   RW          210    .bss.init           autodetect.o
    0x20000191   0x0800203f   0x00000003   PAD
    0x20000194        -       0x00000004   Zero   RW           21    .bss.itotal         main.o
    0x20000198        -       0x00000004   Zero   RW          112    .bss.itotaloffset   interrupt.o
    0x2000019c        -       0x00000004   Zero   RW          215    .bss.lastCommutation  autodetect.o
    0x200001a0        -       0x00000004   Zero   RW           58    .bss.lastcommutate  bldc.o
    0x200001a4        -       0x00000001   Zero   RW           14    .bss.masterslave    main.o
    0x200001a5   0x0800203f   0x00000003   PAD
    0x200001a8        -       0x00000004   Zero   RW           15    .bss.millis         main.o
    0x200001ac        -       0x00000001   Zero   RW          209    .bss.mode           autodetect.o
    0x200001ad        -       0x00000010   Zero   RW          214    .bss.pinstorage     autodetect.o
    0x200001bd        -       0x00000001   Zero   RW          113    .bss.poweron        interrupt.o
    0x200001be   0x0800203f   0x00000002   PAD
    0x200001c0        -       0x00000004   Zero   RW           12    .bss.realspeed      main.o
    0x200001c4        -       0x0000000a   Zero   RW            8    .bss.sRxBuffer      main.o
    0x200001ce   0x0800203f   0x00000002   PAD
    0x200001d0        -       0x00000004   Zero   RW           40    .bss.sTimingDelay   delay.o
    0x200001d4        -       0x00000004   Zero   RW          213    .bss.tmp            autodetect.o
    0x200001d8        -       0x00000080   Zero   RW          185    .bss.vavgarr        calculation.o
    0x20000258        -       0x00000004   Zero   RW           20    .bss.vbat           main.o
    0x2000025c        -       0x00000004   Zero   RW          184    .bss.vdatasum       calculation.o
    0x20000260        -       0x00000001   Zero   RW          183    .bss.vindex         calculation.o
    0x20000261   0x0800203f   0x00000007   PAD
    0x20000268        -       0x00000200   Zero   RW         1143    HEAP                startup_mm32spin06xx_s_keil.o
    0x20000468        -       0x00000400   Zero   RW         1142    STACK               startup_mm32spin06xx_s_keil.o


==============================================================================

Image component sizes


      Code (inc. data)   RO Data    RW Data    ZI Data      Debug   Object Name

       380         44        457          0         26       4760   autodetect.o
       776         24          8          0          4       3647   bldc.o
       164         44          0          0        394       2410   calculation.o
       124         20          0          0          4       3162   delay.o
       316         12          0          0          0       9090   hal_adc.o
       202         12          0          0          0       4598   hal_dma.o
       206          8          0          0          0       5350   hal_gpio.o
        80         12          0          0          0       2876   hal_misc.o
       188         28          0         16          0      11473   hal_rcc.o
       714         32          0          0          0      27751   hal_tim.o
       182          4          0          0          0       6291   hal_uart.o
        68         20        396          0          0       2249   hardware.o
       702         32          0          0          0      16226   initialize.o
       568         84          0          0          5       4572   interrupt.o
       296         92          0          3         43       3538   main.o
       124         58        192          0       1536        740   startup_mm32spin06xx_s_keil.o
       372         40          0          4          0       3445   system_mm32spin06xx_s.o
       120          4          0          0          0       1803   uart.o

    ----------------------------------------------------------------------
      5588        570       1086         24       2032     113981   Object Totals
         0          0         32          0          0          0   (incl. Generated)
         6          0          1          1         20          0   (incl. Padding)

    ----------------------------------------------------------------------

      Code (inc. data)   RO Data    RW Data    ZI Data      Debug   Library Member Name

         8          0          0          0          0         68   __main.o
         0          0          0          0          0          0   __rtentry.o
        12          0          0          0          0          0   __rtentry2.o
         6          0          0          0          0          0   __rtentry4.o
        60          8          0          0          0          0   __scatter.o
        26          0          0          0          0          0   __scatter_copy.o
        28          0          0          0          0          0   __scatter_zi.o
       502          0          0          0          0         92   aeabi_sdivfast.o
        16          0          0          0          0         68   exit.o
         6          0          0          0          0        136   heapauxi.o
         0          0          0          0          0          0   indicate_semi.o
         2          0          0          0          0          0   libinit.o
         2          0          0          0          0          0   libinit2.o
         2          0          0          0          0          0   libshutdown.o
         2          0          0          0          0          0   libshutdown2.o
         8          4          0          0         96         68   libspace.o
         2          0          0          0          0          0   rtexit.o
        10          0          0          0          0          0   rtexit2.o
        12          4          0          0          0         60   sys_exit.o
        62          0          0          0          0         80   sys_stackheap_outer.o
         2          0          0          0          0         68   use_no_semi.o
       108         10          0          0          0         72   dfixi.o
        88          0          0          0          0         92   dflti.o
       584         26          0          0          0         84   dmul.o
         0          0          0          0          0          0   usenofp.o

    ----------------------------------------------------------------------
      1558         52          0          0         96        888   Library Totals
        10          0          0          0          0          0   (incl. Padding)

    ----------------------------------------------------------------------

      Code (inc. data)   RO Data    RW Data    ZI Data      Debug   Library Name

       768         16          0          0         96        640   c_p.l
       780         36          0          0          0        248   fz_ps.l

    ----------------------------------------------------------------------
      1558         52          0          0         96        888   Library Totals

    ----------------------------------------------------------------------

==============================================================================


      Code (inc. data)   RO Data    RW Data    ZI Data      Debug   

      7146        622       1086         24       2128     114273   Grand Totals
      7146        622       1086         24       2128     114273   ELF Image Totals
      7146        622       1086         24          0          0   ROM Totals

==============================================================================

    Total RO  Size (Code + RO Data)                 8232 (   8.04kB)
    Total RW  Size (RW Data + ZI Data)              2152 (   2.10kB)
    Total ROM Size (Code + RO Data + RW Data)       8256 (   8.06kB)

==============================================================================

