Component: Arm Compiler for Embedded 6.19 Tool: armlink [5e73cb00]

==============================================================================

Section Cross References

    main.o(.text) refers (Special) to _printf_percent.o(.ARM.Collect$$_printf_percent$$00000000) for _printf_percent
    main.o(.text) refers (Special) to _printf_i.o(.ARM.Collect$$_printf_percent$$00000008) for _printf_i
    main.o(.text) refers (Special) to _printf_dec.o(.text) for _printf_int_dec
    main.o(.text.main) refers (Special) to _printf_percent.o(.ARM.Collect$$_printf_percent$$00000000) for _printf_percent
    main.o(.text.main) refers (Special) to _printf_i.o(.ARM.Collect$$_printf_percent$$00000008) for _printf_i
    main.o(.text.main) refers (Special) to _printf_dec.o(.text) for _printf_int_dec
    main.o(.text.main) refers to initialize.o(.text.io_init) for io_init
    main.o(.text.main) refers to initialize.o(.text.HALL_Init) for HALL_Init
    main.o(.text.main) refers to initialize.o(.text.TIM2_Init) for TIM2_Init
    main.o(.text.main) refers to initialize.o(.text.BLDC_init) for BLDC_init
    main.o(.text.main) refers to initialize.o(.text.TIM1_init) for TIM1_init
    main.o(.text.main) refers to delay.o(.text.DELAY_Init) for DELAY_Init
    main.o(.text.main) refers to initialize.o(.text.NVIC_Configure) for NVIC_Configure
    main.o(.text.main) refers to initialize.o(.text.adc_Init) for adc_Init
    main.o(.text.main) refers to initialize.o(.text.exNVIC_Configure) for exNVIC_Configure
    main.o(.text.main) refers to initialize.o(.text.UART1_Init) for UART1_Init
    main.o(.text.main) refers to initialize.o(.text.DMA_NVIC_Config) for DMA_NVIC_Config
    main.o(.text.main) refers to hal_gpio.o(.text.GPIO_WriteBit) for GPIO_WriteBit
    main.o(.text.main) refers to hal_gpio.o(.text.GPIO_ReadInputDataBit) for GPIO_ReadInputDataBit
    main.o(.text.main) refers to delay.o(.text.DELAY_Ms) for DELAY_Ms
    main.o(.text.main) refers to hal_iwdg.o(.text.IWDG_ReloadCounter) for IWDG_ReloadCounter
    main.o(.text.main) refers to hal_adc.o(.text.ADC_SoftwareStartConvCmd) for ADC_SoftwareStartConvCmd
    main.o(.text.main) refers to hal_adc.o(.text.ADC_ITConfig) for ADC_ITConfig
    main.o(.text.main) refers to uart.o(.text.UART1_Send_Byte) for UART1_Send_Byte
    main.o(.text.main) refers to noretval__2sprintf.o(.text) for __2sprintf
    main.o(.text.main) refers to uart.o(.text.UART1_SendString) for UART1_SendString
    main.o(.text.main) refers to bldc.o(.text.speedupdate) for speedupdate
    main.o(.text.main) refers to main.o(.bss.sRxBuffer) for sRxBuffer
    main.o(.text.main) refers to main.o(.bss.uart) for uart
    main.o(.text.main) refers to main.o(.bss.adc) for adc
    main.o(.text.main) refers to main.o(.bss.vbat) for vbat
    main.o(.text.main) refers to main.o(.bss.lastupdate) for lastupdate
    main.o(.text.main) refers to main.o(.bss.millis) for millis
    main.o(.ARM.exidx.text.main) refers (Special) to _printf_percent.o(.ARM.Collect$$_printf_percent$$00000000) for _printf_percent
    main.o(.ARM.exidx.text.main) refers (Special) to _printf_i.o(.ARM.Collect$$_printf_percent$$00000008) for _printf_i
    main.o(.ARM.exidx.text.main) refers (Special) to _printf_dec.o(.text) for _printf_int_dec
    main.o(.ARM.exidx.text.main) refers to main.o(.text.main) for [Anonymous Symbol]
    main.o(.data.step) refers (Special) to _printf_percent.o(.ARM.Collect$$_printf_percent$$00000000) for _printf_percent
    main.o(.data.step) refers (Special) to _printf_i.o(.ARM.Collect$$_printf_percent$$00000008) for _printf_i
    main.o(.data.step) refers (Special) to _printf_dec.o(.text) for _printf_int_dec
    main.o(.data.comm) refers (Special) to _printf_percent.o(.ARM.Collect$$_printf_percent$$00000000) for _printf_percent
    main.o(.data.comm) refers (Special) to _printf_i.o(.ARM.Collect$$_printf_percent$$00000008) for _printf_i
    main.o(.data.comm) refers (Special) to _printf_dec.o(.text) for _printf_int_dec
    main.o(.data.dir) refers (Special) to _printf_percent.o(.ARM.Collect$$_printf_percent$$00000000) for _printf_percent
    main.o(.data.dir) refers (Special) to _printf_i.o(.ARM.Collect$$_printf_percent$$00000008) for _printf_i
    main.o(.data.dir) refers (Special) to _printf_dec.o(.text) for _printf_int_dec
    main.o(.bss.uartBuffer) refers (Special) to _printf_percent.o(.ARM.Collect$$_printf_percent$$00000000) for _printf_percent
    main.o(.bss.uartBuffer) refers (Special) to _printf_i.o(.ARM.Collect$$_printf_percent$$00000008) for _printf_i
    main.o(.bss.uartBuffer) refers (Special) to _printf_dec.o(.text) for _printf_int_dec
    main.o(.bss.sRxBuffer) refers (Special) to _printf_percent.o(.ARM.Collect$$_printf_percent$$00000000) for _printf_percent
    main.o(.bss.sRxBuffer) refers (Special) to _printf_i.o(.ARM.Collect$$_printf_percent$$00000008) for _printf_i
    main.o(.bss.sRxBuffer) refers (Special) to _printf_dec.o(.text) for _printf_int_dec
[...]
    Removing hal_uart.o(.text.UART_Enable9bit), (16 bytes).
    Removing hal_uart.o(.ARM.exidx.text.UART_Enable9bit), (8 bytes).
    Removing hal_uart.o(.text.UART_Set9bitLevel), (16 bytes).
    Removing hal_uart.o(.ARM.exidx.text.UART_Set9bitLevel), (8 bytes).
    Removing hal_uart.o(.text.UART_Set9bitPolarity), (14 bytes).
    Removing hal_uart.o(.ARM.exidx.text.UART_Set9bitPolarity), (8 bytes).
    Removing hal_uart.o(.text.UART_Set9bitAutomaticToggle), (16 bytes).
    Removing hal_uart.o(.ARM.exidx.text.UART_Set9bitAutomaticToggle), (8 bytes).
    Removing hal_uart.o(.text.UART_HalfDuplexCmd), (16 bytes).
    Removing hal_uart.o(.ARM.exidx.text.UART_HalfDuplexCmd), (8 bytes).
    Removing hal_uart.o(.text.UART_SetGuardTime), (16 bytes).
    Removing hal_uart.o(.ARM.exidx.text.UART_SetGuardTime), (8 bytes).
    Removing hal_uart.o(.text.UART_SmartCardCmd), (12 bytes).
    Removing hal_uart.o(.ARM.exidx.text.UART_SmartCardCmd), (8 bytes).
    Removing hal_uart.o(.text.UART_SmartCardNACKCmd), (14 bytes).
    Removing hal_uart.o(.ARM.exidx.text.UART_SmartCardNACKCmd), (8 bytes).
    Removing hal_uart.o(.text.UART_SendBreak), (10 bytes).
    Removing hal_uart.o(.ARM.exidx.text.UART_SendBreak), (8 bytes).
    Removing hal_uid.o(.text), (0 bytes).
    Removing hal_uid.o(.text.GetChipUID), (28 bytes).
    Removing hal_uid.o(.ARM.exidx.text.GetChipUID), (8 bytes).
    Removing hal_uid.o(.bss.device_id_data), (12 bytes).
    Removing hal_ver.o(.text), (0 bytes).
    Removing hal_ver.o(.text.Get_MM32LibVersion), (8 bytes).
    Removing hal_ver.o(.ARM.exidx.text.Get_MM32LibVersion), (8 bytes).
    Removing hal_ver.o(.text.Get_MM32LibReleaseDate), (8 bytes).
    Removing hal_ver.o(.ARM.exidx.text.Get_MM32LibReleaseDate), (8 bytes).
    Removing hal_ver.o(.text.Get_ChipsetREVID), (16 bytes).
    Removing hal_ver.o(.ARM.exidx.text.Get_ChipsetREVID), (8 bytes).
    Removing hal_ver.o(.text.Get_ChipsetDEVID), (12 bytes).
    Removing hal_ver.o(.ARM.exidx.text.Get_ChipsetDEVID), (8 bytes).
    Removing hal_ver.o(.text.Get_ChipsetUIDw0), (12 bytes).
    Removing hal_ver.o(.ARM.exidx.text.Get_ChipsetUIDw0), (8 bytes).
    Removing hal_ver.o(.text.Get_ChipsetUIDw1), (12 bytes).
    Removing hal_ver.o(.ARM.exidx.text.Get_ChipsetUIDw1), (8 bytes).
    Removing hal_ver.o(.text.Get_ChipsetUIDw2), (12 bytes).
    Removing hal_ver.o(.ARM.exidx.text.Get_ChipsetUIDw2), (8 bytes).
    Removing hal_wwdg.o(.text), (0 bytes).
    Removing hal_wwdg.o(.text.WWDG_DeInit), (12 bytes).
    Removing hal_wwdg.o(.ARM.exidx.text.WWDG_DeInit), (8 bytes).
    Removing hal_wwdg.o(.text.WWDG_SetPrescaler), (20 bytes).
    Removing hal_wwdg.o(.ARM.exidx.text.WWDG_SetPrescaler), (8 bytes).
    Removing hal_wwdg.o(.text.WWDG_SetWindowValue), (20 bytes).
    Removing hal_wwdg.o(.ARM.exidx.text.WWDG_SetWindowValue), (8 bytes).
    Removing hal_wwdg.o(.text.WWDG_EnableIT), (20 bytes).
    Removing hal_wwdg.o(.ARM.exidx.text.WWDG_EnableIT), (8 bytes).
    Removing hal_wwdg.o(.text.WWDG_SetCounter), (16 bytes).
    Removing hal_wwdg.o(.ARM.exidx.text.WWDG_SetCounter), (8 bytes).
    Removing hal_wwdg.o(.text.WWDG_GetCounter), (16 bytes).
    Removing hal_wwdg.o(.ARM.exidx.text.WWDG_GetCounter), (8 bytes).
    Removing hal_wwdg.o(.text.WWDG_Enable), (16 bytes).
    Removing hal_wwdg.o(.ARM.exidx.text.WWDG_Enable), (8 bytes).
    Removing hal_wwdg.o(.text.WWDG_GetFlagStatus), (16 bytes).
    Removing hal_wwdg.o(.ARM.exidx.text.WWDG_GetFlagStatus), (8 bytes).
    Removing hal_wwdg.o(.text.WWDG_ClearFlag), (16 bytes).
    Removing hal_wwdg.o(.ARM.exidx.text.WWDG_ClearFlag), (8 bytes).
    Removing system_mm32spin06xx_s.o(.text), (0 bytes).
    Removing system_mm32spin06xx_s.o(.ARM.exidx.text.SystemInit), (8 bytes).
    Removing system_mm32spin06xx_s.o(.text.AutoCalPllFactor), (108 bytes).
    Removing system_mm32spin06xx_s.o(.ARM.exidx.text.AutoCalPllFactor), (8 bytes).
    Removing system_mm32spin06xx_s.o(.rodata.AHBPrescTable), (16 bytes).

751 unused section(s) (total 13507 bytes) removed from the image.

==============================================================================

Image Symbol Table

    Local Symbols

    Symbol Name                              Value     Ov Type        Size  Object(Section)

    ../clib/angel/boardlib.s                 0x00000000   Number         0  boardinit1.o ABSOLUTE
    ../clib/angel/boardlib.s                 0x00000000   Number         0  boardinit2.o ABSOLUTE
    ../clib/angel/boardlib.s                 0x00000000   Number         0  boardinit3.o ABSOLUTE
    ../clib/angel/boardlib.s                 0x00000000   Number         0  boardshut.o ABSOLUTE
    ../clib/angel/handlers.s                 0x00000000   Number         0  __scatter_copy.o ABSOLUTE
    ../clib/angel/handlers.s                 0x00000000   Number         0  __scatter_zi.o ABSOLUTE
    ../clib/angel/kernel.s                   0x00000000   Number         0  __rtentry.o ABSOLUTE
    ../clib/angel/kernel.s                   0x00000000   Number         0  __rtentry2.o ABSOLUTE
    ../clib/angel/kernel.s                   0x00000000   Number         0  __rtentry4.o ABSOLUTE
    ../clib/angel/kernel.s                   0x00000000   Number         0  rtexit.o ABSOLUTE
    ../clib/angel/kernel.s                   0x00000000   Number         0  rtexit2.o ABSOLUTE
    ../clib/angel/rt.s                       0x00000000   Number         0  aeabi_idiv0.o ABSOLUTE
    ../clib/angel/rt.s                       0x00000000   Number         0  aeabi_idiv0_sigfpe.o ABSOLUTE
    ../clib/angel/rt.s                       0x00000000   Number         0  rt_div0.o ABSOLUTE
    ../clib/angel/rt.s                       0x00000000   Number         0  rt_raise.o ABSOLUTE
    ../clib/angel/scatterp.s                 0x00000000   Number         0  __scatter.o ABSOLUTE
    ../clib/angel/startup.s                  0x00000000   Number         0  __main.o ABSOLUTE
    ../clib/angel/sys.s                      0x00000000   Number         0  sys_stackheap_outer.o ABSOLUTE
    ../clib/angel/sys.s                      0x00000000   Number         0  libspace.o ABSOLUTE
    ../clib/angel/sys.s                      0x00000000   Number         0  tempstk.o ABSOLUTE
    ../clib/angel/sys.s                      0x00000000   Number         0  use_no_semi.o ABSOLUTE
    ../clib/angel/sys.s                      0x00000000   Number         0  indicate_semi.o ABSOLUTE
    ../clib/angel/sysapp.c                   0x00000000   Number         0  sys_exit.o ABSOLUTE
    ../clib/angel/sysapp.c                   0x00000000   Number         0  sys_exit_hlt.o ABSOLUTE
    ../clib/angel/sysapp.c                   0x00000000   Number         0  sys_wrch.o ABSOLUTE
    ../clib/angel/sysapp.c                   0x00000000   Number         0  sys_wrch_hlt.o ABSOLUTE
    ../clib/angel/sysapp.c                   0x00000000   Number         0  sys_command.o ABSOLUTE
    ../clib/angel/sysapp.c                   0x00000000   Number         0  sys_command_hlt.o ABSOLUTE
    ../clib/armsys.c                         0x00000000   Number         0  argv_veneer.o ABSOLUTE
    ../clib/armsys.c                         0x00000000   Number         0  _get_argv_nomalloc.o ABSOLUTE
    ../clib/armsys.c                         0x00000000   Number         0  no_argv.o ABSOLUTE
    ../clib/division.c                       0x00000000   Number         0  rtudiv10.o ABSOLUTE
    ../clib/division.s                       0x00000000   Number         0  aeabi_sdivfast.o ABSOLUTE
    ../clib/division.s                       0x00000000   Number         0  aeabi_sdivfast_div0.o ABSOLUTE
    ../clib/heapalloc.c                      0x00000000   Number         0  hrguard.o ABSOLUTE
    ../clib/heapaux.c                        0x00000000   Number         0  heapauxi.o ABSOLUTE
    ../clib/libinit.s                        0x00000000   Number         0  libinit.o ABSOLUTE
    ../clib/libinit.s                        0x00000000   Number         0  libinit2.o ABSOLUTE
    ../clib/libinit.s                        0x00000000   Number         0  libshutdown.o ABSOLUTE
    ../clib/libinit.s                        0x00000000   Number         0  libshutdown2.o ABSOLUTE
    ../clib/printf.c                         0x00000000   Number         0  __2sprintf.o ABSOLUTE
    ../clib/printf.c                         0x00000000   Number         0  noretval__2sprintf.o ABSOLUTE
    ../clib/printf.c                         0x00000000   Number         0  __printf.o ABSOLUTE
    ../clib/printf.c                         0x00000000   Number         0  _printf_dec.o ABSOLUTE
    ../clib/printf.c                         0x00000000   Number         0  __printf_flags.o ABSOLUTE
    ../clib/printf.c                         0x00000000   Number         0  __printf_ss.o ABSOLUTE
    ../clib/printf.c                         0x00000000   Number         0  __printf_flags_ss.o ABSOLUTE
    ../clib/printf.c                         0x00000000   Number         0  __printf_wp.o ABSOLUTE
    ../clib/printf.c                         0x00000000   Number         0  __printf_flags_wp.o ABSOLUTE
    ../clib/printf.c                         0x00000000   Number         0  __printf_ss_wp.o ABSOLUTE
    ../clib/printf.c                         0x00000000   Number         0  __printf_flags_ss_wp.o ABSOLUTE
    ../clib/printf.c                         0x00000000   Number         0  _printf_intcommon.o ABSOLUTE
    ../clib/printf.c                         0x00000000   Number         0  _printf_char_common.o ABSOLUTE
    ../clib/printf.c                         0x00000000   Number         0  _sputc.o ABSOLUTE
    ../clib/printf.c                         0x00000000   Number         0  __printf_nopercent.o ABSOLUTE
    ../clib/printf_percent.s                 0x00000000   Number         0  _printf_i.o ABSOLUTE
    ../clib/printf_percent.s                 0x00000000   Number         0  _printf_percent.o ABSOLUTE
    ../clib/printf_percent.s                 0x00000000   Number         0  _printf_percent_end.o ABSOLUTE
    ../clib/signal.c                         0x00000000   Number         0  defsig_fpe_outer.o ABSOLUTE
    ../clib/signal.c                         0x00000000   Number         0  defsig_fpe_formal.o ABSOLUTE
    ../clib/signal.c                         0x00000000   Number         0  defsig_exit.o ABSOLUTE
    ../clib/signal.c                         0x00000000   Number         0  defsig_fpe_inner.o ABSOLUTE
    ../clib/signal.c                         0x00000000   Number         0  __raise.o ABSOLUTE
    ../clib/signal.c                         0x00000000   Number         0  defsig_general.o ABSOLUTE
    ../clib/signal.c                         0x00000000   Number         0  defsig_abrt_inner.o ABSOLUTE
    ../clib/signal.c                         0x00000000   Number         0  defsig_rtred_inner.o ABSOLUTE
    ../clib/signal.c                         0x00000000   Number         0  defsig_rtmem_inner.o ABSOLUTE
    ../clib/signal.c                         0x00000000   Number         0  defsig_rtmem_outer.o ABSOLUTE
    ../clib/signal.c                         0x00000000   Number         0  defsig_rtmem_formal.o ABSOLUTE
    ../clib/signal.c                         0x00000000   Number         0  defsig_stak_inner.o ABSOLUTE
    ../clib/signal.c                         0x00000000   Number         0  defsig_pvfn_inner.o ABSOLUTE
    ../clib/signal.c                         0x00000000   Number         0  defsig_cppl_inner.o ABSOLUTE
    ../clib/signal.c                         0x00000000   Number         0  defsig_segv_inner.o ABSOLUTE
    ../clib/signal.c                         0x00000000   Number         0  defsig_other.o ABSOLUTE
    ../clib/signal.s                         0x00000000   Number         0  defsig.o ABSOLUTE
    ../clib/stdlib.c                         0x00000000   Number         0  exit.o ABSOLUTE
    ../fplib/cfplib/ffix.c                   0x00000000   Number         0  dfixui.o ABSOLUTE
    ../fplib/cfplib/fflt.c                   0x00000000   Number         0  dflti.o ABSOLUTE
    ../fplib/cfplib/fpinit.c                 0x00000000   Number         0  fpinit.o ABSOLUTE
    ../fplib/usenofp.s                       0x00000000   Number         0  usenofp.o ABSOLUTE
    RTE/Device/MM32SPIN05PF/startup_mm32spin06xx_s_keil.s 0x00000000   Number         0  startup_mm32spin06xx_s_keil.o ABSOLUTE
    bldc.c                                   0x00000000   Number         0  bldc.o ABSOLUTE
    dc.s                                     0x00000000   Number         0  dc.o ABSOLUTE
    delay.c                                  0x00000000   Number         0  delay.o ABSOLUTE
    hal_adc.c                                0x00000000   Number         0  hal_adc.o ABSOLUTE
    hal_comp.c                               0x00000000   Number         0  hal_comp.o ABSOLUTE
    hal_crc.c                                0x00000000   Number         0  hal_crc.o ABSOLUTE
    hal_dbg.c                                0x00000000   Number         0  hal_dbg.o ABSOLUTE
    hal_div.c                                0x00000000   Number         0  hal_div.o ABSOLUTE
    hal_dma.c                                0x00000000   Number         0  hal_dma.o ABSOLUTE
    hal_exti.c                               0x00000000   Number         0  hal_exti.o ABSOLUTE
    hal_flash.c                              0x00000000   Number         0  hal_flash.o ABSOLUTE
    hal_gpio.c                               0x00000000   Number         0  hal_gpio.o ABSOLUTE
    hal_i2c.c                                0x00000000   Number         0  hal_i2c.o ABSOLUTE
    hal_iwdg.c                               0x00000000   Number         0  hal_iwdg.o ABSOLUTE
    hal_misc.c                               0x00000000   Number         0  hal_misc.o ABSOLUTE
    hal_pwr.c                                0x00000000   Number         0  hal_pwr.o ABSOLUTE
    hal_rcc.c                                0x00000000   Number         0  hal_rcc.o ABSOLUTE
    hal_spi.c                                0x00000000   Number         0  hal_spi.o ABSOLUTE
    hal_tim.c                                0x00000000   Number         0  hal_tim.o ABSOLUTE
    hal_uart.c                               0x00000000   Number         0  hal_uart.o ABSOLUTE
    hal_uid.c                                0x00000000   Number         0  hal_uid.o ABSOLUTE
    hal_ver.c                                0x00000000   Number         0  hal_ver.o ABSOLUTE
    hal_wwdg.c                               0x00000000   Number         0  hal_wwdg.o ABSOLUTE
    initialize.c                             0x00000000   Number         0  initialize.o ABSOLUTE
    interrupt.c                              0x00000000   Number         0  interrupt.o ABSOLUTE
    main.c                                   0x00000000   Number         0  main.o ABSOLUTE
    system_mm32spin06xx_s.c                  0x00000000   Number         0  system_mm32spin06xx_s.o ABSOLUTE
    uart.c                                   0x00000000   Number         0  uart.o ABSOLUTE
    RESET                                    0x08000000   Section      192  startup_mm32spin06xx_s_keil.o(RESET)
    !!!main                                  0x080000c0   Section        8  __main.o(!!!main)
    !!!scatter                               0x080000c8   Section       60  __scatter.o(!!!scatter)
    !!handler_copy                           0x08000104   Section       26  __scatter_copy.o(!!handler_copy)
    !!handler_zi                             0x08000120   Section       28  __scatter_zi.o(!!handler_zi)
    .ARM.Collect$$_printf_percent$$00000000  0x0800013c   Section        2  _printf_percent.o(.ARM.Collect$$_printf_percent$$00000000)
    .ARM.Collect$$_printf_percent$$00000008  0x0800013e   Section       10  _printf_i.o(.ARM.Collect$$_printf_percent$$00000008)
    .ARM.Collect$$_printf_percent$$00000017  0x08000148   Section        4  _printf_percent_end.o(.ARM.Collect$$_printf_percent$$00000017)
    .ARM.Collect$$libinit$$00000000          0x0800014c   Section        2  libinit.o(.ARM.Collect$$libinit$$00000000)
    .ARM.Collect$$libinit$$00000002          0x0800014e   Section        0  libinit2.o(.ARM.Collect$$libinit$$00000002)
    .ARM.Collect$$libinit$$00000004          0x0800014e   Section        0  libinit2.o(.ARM.Collect$$libinit$$00000004)
    .ARM.Collect$$libinit$$00000006          0x0800014e   Section        0  libinit2.o(.ARM.Collect$$libinit$$00000006)
    .ARM.Collect$$libinit$$0000000C          0x0800014e   Section        0  libinit2.o(.ARM.Collect$$libinit$$0000000C)
    .ARM.Collect$$libinit$$0000000E          0x0800014e   Section        0  libinit2.o(.ARM.Collect$$libinit$$0000000E)
    .ARM.Collect$$libinit$$00000010          0x0800014e   Section        0  libinit2.o(.ARM.Collect$$libinit$$00000010)
    .ARM.Collect$$libinit$$00000013          0x0800014e   Section        0  libinit2.o(.ARM.Collect$$libinit$$00000013)
    .ARM.Collect$$libinit$$00000015          0x0800014e   Section        0  libinit2.o(.ARM.Collect$$libinit$$00000015)
    .ARM.Collect$$libinit$$00000017          0x0800014e   Section        0  libinit2.o(.ARM.Collect$$libinit$$00000017)
    .ARM.Collect$$libinit$$00000019          0x0800014e   Section        0  libinit2.o(.ARM.Collect$$libinit$$00000019)
    .ARM.Collect$$libinit$$0000001B          0x0800014e   Section        0  libinit2.o(.ARM.Collect$$libinit$$0000001B)
    .ARM.Collect$$libinit$$0000001D          0x0800014e   Section        0  libinit2.o(.ARM.Collect$$libinit$$0000001D)
    .ARM.Collect$$libinit$$0000001F          0x0800014e   Section        0  libinit2.o(.ARM.Collect$$libinit$$0000001F)
    .ARM.Collect$$libinit$$00000021          0x0800014e   Section        0  libinit2.o(.ARM.Collect$$libinit$$00000021)
    .ARM.Collect$$libinit$$00000023          0x0800014e   Section        0  libinit2.o(.ARM.Collect$$libinit$$00000023)
    .ARM.Collect$$libinit$$00000025          0x0800014e   Section        0  libinit2.o(.ARM.Collect$$libinit$$00000025)
    .ARM.Collect$$libinit$$00000027          0x0800014e   Section        0  libinit2.o(.ARM.Collect$$libinit$$00000027)
    .ARM.Collect$$libinit$$0000002E          0x0800014e   Section        0  libinit2.o(.ARM.Collect$$libinit$$0000002E)
    .ARM.Collect$$libinit$$00000030          0x0800014e   Section        0  libinit2.o(.ARM.Collect$$libinit$$00000030)
    .ARM.Collect$$libinit$$00000032          0x0800014e   Section        0  libinit2.o(.ARM.Collect$$libinit$$00000032)
    .ARM.Collect$$libinit$$00000034          0x0800014e   Section        0  libinit2.o(.ARM.Collect$$libinit$$00000034)
    .ARM.Collect$$libinit$$00000035          0x0800014e   Section        2  libinit2.o(.ARM.Collect$$libinit$$00000035)
    .ARM.Collect$$libshutdown$$00000000      0x08000150   Section        2  libshutdown.o(.ARM.Collect$$libshutdown$$00000000)
    .ARM.Collect$$libshutdown$$00000002      0x08000152   Section        0  libshutdown2.o(.ARM.Collect$$libshutdown$$00000002)
    .ARM.Collect$$libshutdown$$00000004      0x08000152   Section        0  libshutdown2.o(.ARM.Collect$$libshutdown$$00000004)
    .ARM.Collect$$libshutdown$$00000007      0x08000152   Section        0  libshutdown2.o(.ARM.Collect$$libshutdown$$00000007)
    .ARM.Collect$$libshutdown$$0000000A      0x08000152   Section        0  libshutdown2.o(.ARM.Collect$$libshutdown$$0000000A)
    .ARM.Collect$$libshutdown$$0000000C      0x08000152   Section        0  libshutdown2.o(.ARM.Collect$$libshutdown$$0000000C)
    .ARM.Collect$$libshutdown$$0000000F      0x08000152   Section        0  libshutdown2.o(.ARM.Collect$$libshutdown$$0000000F)
    .ARM.Collect$$libshutdown$$00000010      0x08000152   Section        2  libshutdown2.o(.ARM.Collect$$libshutdown$$00000010)
    .ARM.Collect$$rtentry$$00000000          0x08000154   Section        0  __rtentry.o(.ARM.Collect$$rtentry$$00000000)
    .ARM.Collect$$rtentry$$00000002          0x08000154   Section        0  __rtentry2.o(.ARM.Collect$$rtentry$$00000002)
    .ARM.Collect$$rtentry$$00000004          0x08000154   Section        6  __rtentry4.o(.ARM.Collect$$rtentry$$00000004)
    .ARM.Collect$$rtentry$$00000009          0x0800015a   Section        0  __rtentry2.o(.ARM.Collect$$rtentry$$00000009)
    .ARM.Collect$$rtentry$$0000000A          0x0800015a   Section        4  __rtentry2.o(.ARM.Collect$$rtentry$$0000000A)
    .ARM.Collect$$rtentry$$0000000C          0x0800015e   Section        0  __rtentry2.o(.ARM.Collect$$rtentry$$0000000C)
    .ARM.Collect$$rtentry$$0000000D          0x0800015e   Section        8  __rtentry2.o(.ARM.Collect$$rtentry$$0000000D)
    .ARM.Collect$$rtexit$$00000000           0x08000166   Section        2  rtexit.o(.ARM.Collect$$rtexit$$00000000)
    .ARM.Collect$$rtexit$$00000002           0x08000168   Section        0  rtexit2.o(.ARM.Collect$$rtexit$$00000002)
    .ARM.Collect$$rtexit$$00000003           0x08000168   Section        4  rtexit2.o(.ARM.Collect$$rtexit$$00000003)
    .ARM.Collect$$rtexit$$00000004           0x0800016c   Section        6  rtexit2.o(.ARM.Collect$$rtexit$$00000004)
    .text                                    0x08000174   Section      124  startup_mm32spin06xx_s_keil.o(.text)
    .text                                    0x080001f0   Section        0  noretval__2sprintf.o(.text)
    .text                                    0x08000218   Section        0  __printf.o(.text)
    .text                                    0x08000284   Section        0  _printf_dec.o(.text)
    .text                                    0x080002f0   Section        0  heapauxi.o(.text)
    .text                                    0x080002f8   Section        0  dfixui.o(.text)
    .text                                    0x08000340   Section        0  dflti.o(.text)
    .text                                    0x08000398   Section        0  _printf_intcommon.o(.text)
    _printf_input_char                       0x08000449   Thumb Code    10  _printf_char_common.o(.text)
    .text                                    0x08000448   Section        0  _printf_char_common.o(.text)
    .text                                    0x08000478   Section        0  _sputc.o(.text)
    .text                                    0x08000482   Section        0  rtudiv10.o(.text)
    .text                                    0x080004aa   Section       62  sys_stackheap_outer.o(.text)
    .text                                    0x080004e8   Section        0  exit.o(.text)
    .text                                    0x080004f8   Section        8  libspace.o(.text)
    .text                                    0x08000500   Section        0  sys_exit.o(.text)
    .text                                    0x0800050c   Section        2  use_no_semi.o(.text)
    .text                                    0x0800050e   Section        0  indicate_semi.o(.text)
    [Anonymous Symbol]                       0x08000510   Section        0  interrupt.o(.text.ADC1_COMP_IRQHandler)
    __arm_cp.2_0                             0x0800055c   Number         4  interrupt.o(.text.ADC1_COMP_IRQHandler)
    __arm_cp.2_1                             0x08000560   Number         4  interrupt.o(.text.ADC1_COMP_IRQHandler)
    __arm_cp.2_2                             0x08000564   Number         4  interrupt.o(.text.ADC1_COMP_IRQHandler)
    __arm_cp.2_3                             0x08000568   Number         4  interrupt.o(.text.ADC1_COMP_IRQHandler)
    __arm_cp.2_4                             0x0800056c   Number         4  interrupt.o(.text.ADC1_COMP_IRQHandler)
    __arm_cp.2_5                             0x08000570   Number         4  interrupt.o(.text.ADC1_COMP_IRQHandler)
    __arm_cp.2_6                             0x08000574   Number         4  interrupt.o(.text.ADC1_COMP_IRQHandler)
    [Anonymous Symbol]                       0x08000578   Section        0  hal_adc.o(.text.ADC_ClearITPendingBit)
    [Anonymous Symbol]                       0x08000586   Section        0  hal_adc.o(.text.ADC_Cmd)
    [Anonymous Symbol]                       0x08000596   Section        0  hal_adc.o(.text.ADC_ExternalTrigConvCmd)
    [Anonymous Symbol]                       0x080005a8   Section        0  hal_adc.o(.text.ADC_GetITStatus)
    [Anonymous Symbol]                       0x080005b8   Section        0  hal_adc.o(.text.ADC_ITConfig)
    [Anonymous Symbol]                       0x080005d8   Section        0  hal_adc.o(.text.ADC_Init)
    __arm_cp.1_0                             0x08000608   Number         4  hal_adc.o(.text.ADC_Init)
    __arm_cp.1_1                             0x0800060c   Number         4  hal_adc.o(.text.ADC_Init)
    [Anonymous Symbol]                       0x08000610   Section        0  hal_adc.o(.text.ADC_RegularChannelConfig)
    __arm_cp.8_0                             0x0800064c   Number         4  hal_adc.o(.text.ADC_RegularChannelConfig)
    [Anonymous Symbol]                       0x08000650   Section        0  hal_adc.o(.text.ADC_SoftwareStartConvCmd)
    [Anonymous Symbol]                       0x08000664   Section        0  initialize.o(.text.BLDC_init)
    __arm_cp.3_0                             0x08000704   Number         4  initialize.o(.text.BLDC_init)
    __arm_cp.3_1                             0x08000708   Number         4  initialize.o(.text.BLDC_init)
    [Anonymous Symbol]                       0x0800070c   Section        0  delay.o(.text.DELAY_Init)
    __arm_cp.0_0                             0x08000748   Number         4  delay.o(.text.DELAY_Init)
    __arm_cp.0_1                             0x0800074c   Number         4  delay.o(.text.DELAY_Init)
    __arm_cp.0_2                             0x08000750   Number         4  delay.o(.text.DELAY_Init)
    __arm_cp.0_3                             0x08000754   Number         4  delay.o(.text.DELAY_Init)
    [Anonymous Symbol]                       0x08000758   Section        0  delay.o(.text.DELAY_Ms)
    __arm_cp.2_0                             0x0800076c   Number         4  delay.o(.text.DELAY_Ms)
    [Anonymous Symbol]                       0x08000770   Section        0  interrupt.o(.text.DMA1_Channel2_3_IRQHandler)
    __arm_cp.1_0                             0x0800078c   Number         4  interrupt.o(.text.DMA1_Channel2_3_IRQHandler)
    [Anonymous Symbol]                       0x08000790   Section        0  hal_dma.o(.text.DMA_ClearITPendingBit)
    [Anonymous Symbol]                       0x08000798   Section        0  hal_dma.o(.text.DMA_Cmd)
    [Anonymous Symbol]                       0x080007a4   Section        0  hal_dma.o(.text.DMA_DeInit)
    __arm_cp.0_0                             0x080007d0   Number         4  hal_dma.o(.text.DMA_DeInit)
    [Anonymous Symbol]                       0x080007d4   Section        0  hal_dma.o(.text.DMA_GetITStatus)
    __arm_cp.8_0                             0x080007e0   Number         4  hal_dma.o(.text.DMA_GetITStatus)
    [Anonymous Symbol]                       0x080007e4   Section        0  hal_dma.o(.text.DMA_ITConfig)
    [Anonymous Symbol]                       0x080007f8   Section        0  hal_dma.o(.text.DMA_Init)
    __arm_cp.1_0                             0x08000840   Number         4  hal_dma.o(.text.DMA_Init)
    [Anonymous Symbol]                       0x08000844   Section        0  initialize.o(.text.DMA_NVIC_Config)
    __arm_cp.9_0                             0x080008b0   Number         4  initialize.o(.text.DMA_NVIC_Config)
    [Anonymous Symbol]                       0x080008b4   Section        0  hal_dma.o(.text.DMA_StructInit)
    [Anonymous Symbol]                       0x080008ca   Section        0  hal_gpio.o(.text.GPIO_Init)
    [Anonymous Symbol]                       0x0800095a   Section        0  hal_gpio.o(.text.GPIO_PinAFConfig)
    [Anonymous Symbol]                       0x0800097a   Section        0  hal_gpio.o(.text.GPIO_ReadInputDataBit)
    [Anonymous Symbol]                       0x08000984   Section        0  hal_gpio.o(.text.GPIO_StructInit)
    __arm_cp.3_0                             0x08000990   Number         4  hal_gpio.o(.text.GPIO_StructInit)
    __arm_cp.3_1                             0x08000994   Number         4  hal_gpio.o(.text.GPIO_StructInit)
    [Anonymous Symbol]                       0x08000998   Section        0  hal_gpio.o(.text.GPIO_WriteBit)
    [Anonymous Symbol]                       0x080009a8   Section        0  initialize.o(.text.HALL_Init)
    __arm_cp.1_0                             0x080009fc   Number         4  initialize.o(.text.HALL_Init)
    __arm_cp.1_1                             0x08000a00   Number         4  initialize.o(.text.HALL_Init)
    [Anonymous Symbol]                       0x08000a04   Section        0  hal_iwdg.o(.text.IWDG_ReloadCounter)
    __arm_cp.6_0                             0x08000a0c   Number         4  hal_iwdg.o(.text.IWDG_ReloadCounter)
    __arm_cp.6_1                             0x08000a10   Number         4  hal_iwdg.o(.text.IWDG_ReloadCounter)
    [Anonymous Symbol]                       0x08000a14   Section        0  initialize.o(.text.NVIC_Configure)
    [Anonymous Symbol]                       0x08000a2c   Section        0  hal_misc.o(.text.NVIC_Init)
    __arm_cp.0_0                             0x08000a70   Number         4  hal_misc.o(.text.NVIC_Init)
    __arm_cp.0_1                             0x08000a74   Number         4  hal_misc.o(.text.NVIC_Init)
    __arm_cp.0_2                             0x08000a78   Number         4  hal_misc.o(.text.NVIC_Init)
    [Anonymous Symbol]                       0x08000a7c   Section        0  hal_rcc.o(.text.RCC_AHBPeriphClockCmd)
    __arm_cp.18_0                            0x08000a94   Number         4  hal_rcc.o(.text.RCC_AHBPeriphClockCmd)
    [Anonymous Symbol]                       0x08000a98   Section        0  hal_rcc.o(.text.RCC_APB1PeriphClockCmd)
    __arm_cp.20_0                            0x08000ab0   Number         4  hal_rcc.o(.text.RCC_APB1PeriphClockCmd)
    [Anonymous Symbol]                       0x08000ab4   Section        0  hal_rcc.o(.text.RCC_APB2PeriphClockCmd)
    __arm_cp.19_0                            0x08000acc   Number         4  hal_rcc.o(.text.RCC_APB2PeriphClockCmd)
    [Anonymous Symbol]                       0x08000ad0   Section        0  hal_rcc.o(.text.RCC_GetPCLK1Freq)
    [Anonymous Symbol]                       0x08000afc   Section        0  hal_rcc.o(.text.RCC_GetPCLK2Freq)
    __arm_cp.16_0                            0x08000b28   Number         4  hal_rcc.o(.text.RCC_GetPCLK2Freq)
    __arm_cp.16_1                            0x08000b2c   Number         4  hal_rcc.o(.text.RCC_GetPCLK2Freq)
    __arm_cp.16_3                            0x08000b30   Number         4  hal_rcc.o(.text.RCC_GetPCLK2Freq)
    [Anonymous Symbol]                       0x08000b34   Section        0  delay.o(.text.SysTick_Handler)
    __arm_cp.1_0                             0x08000b4c   Number         4  delay.o(.text.SysTick_Handler)
    __arm_cp.1_1                             0x08000b50   Number         4  delay.o(.text.SysTick_Handler)
    [Anonymous Symbol]                       0x08000b54   Section        0  system_mm32spin06xx_s.o(.text.SystemInit)
    __arm_cp.0_0                             0x08000cec   Number         4  system_mm32spin06xx_s.o(.text.SystemInit)
    __arm_cp.0_1                             0x08000cf0   Number         4  system_mm32spin06xx_s.o(.text.SystemInit)
    __arm_cp.0_2                             0x08000cf4   Number         4  system_mm32spin06xx_s.o(.text.SystemInit)
    __arm_cp.0_3                             0x08000cf8   Number         4  system_mm32spin06xx_s.o(.text.SystemInit)
    __arm_cp.0_4                             0x08000cfc   Number         4  system_mm32spin06xx_s.o(.text.SystemInit)
    __arm_cp.0_5                             0x08000d00   Number         4  system_mm32spin06xx_s.o(.text.SystemInit)
    __arm_cp.0_6                             0x08000d04   Number         4  system_mm32spin06xx_s.o(.text.SystemInit)
    __arm_cp.0_7                             0x08000d08   Number         4  system_mm32spin06xx_s.o(.text.SystemInit)
    __arm_cp.0_8                             0x08000d0c   Number         4  system_mm32spin06xx_s.o(.text.SystemInit)
    __arm_cp.0_9                             0x08000d10   Number         4  system_mm32spin06xx_s.o(.text.SystemInit)
    [Anonymous Symbol]                       0x08000d14   Section        0  interrupt.o(.text.TIM1_BRK_UP_TRG_COM_IRQHandler)
    [Anonymous Symbol]                       0x08000d20   Section        0  initialize.o(.text.TIM1_init)
    __arm_cp.4_0                             0x08000dd0   Number         4  initialize.o(.text.TIM1_init)
    __arm_cp.4_2                             0x08000dd4   Number         4  initialize.o(.text.TIM1_init)
    __arm_cp.4_3                             0x08000dd8   Number         4  initialize.o(.text.TIM1_init)
    [Anonymous Symbol]                       0x08000ddc   Section        0  interrupt.o(.text.TIM2_IRQHandler)
    [Anonymous Symbol]                       0x08000de0   Section        0  initialize.o(.text.TIM2_Init)
    [Anonymous Symbol]                       0x08000e64   Section        0  hal_tim.o(.text.TIM_BDTRConfig)
    [Anonymous Symbol]                       0x08000e82   Section        0  hal_tim.o(.text.TIM_BDTRStructInit)
    [Anonymous Symbol]                       0x08000e94   Section        0  hal_tim.o(.text.TIM_CCPreloadControl)
    [Anonymous Symbol]                       0x08000ea4   Section        0  hal_tim.o(.text.TIM_CCxCmd)
    [Anonymous Symbol]                       0x08000eb4   Section        0  hal_tim.o(.text.TIM_CCxNCmd)
    [Anonymous Symbol]                       0x08000ec8   Section        0  hal_tim.o(.text.TIM_ClearITPendingBit)
    [Anonymous Symbol]                       0x08000ed0   Section        0  hal_tim.o(.text.TIM_Cmd)
    [Anonymous Symbol]                       0x08000ee0   Section        0  hal_tim.o(.text.TIM_CtrlPWMOutputs)
    [Anonymous Symbol]                       0x08000ef4   Section        0  hal_tim.o(.text.TIM_GenerateEvent)
    [Anonymous Symbol]                       0x08000ef8   Section        0  hal_tim.o(.text.TIM_ICInit)
    [Anonymous Symbol]                       0x08000fea   Section        0  hal_tim.o(.text.TIM_ICStructInit)
    [Anonymous Symbol]                       0x08000ff6   Section        0  hal_tim.o(.text.TIM_ITConfig)
    [Anonymous Symbol]                       0x0800100c   Section        0  hal_tim.o(.text.TIM_OC1Init)
    __arm_cp.2_0                             0x08001064   Number         4  hal_tim.o(.text.TIM_OC1Init)
    [Anonymous Symbol]                       0x08001068   Section        0  hal_tim.o(.text.TIM_OC2Init)
    [Anonymous Symbol]                       0x080010c4   Section        0  hal_tim.o(.text.TIM_OC3Init)
    __arm_cp.4_0                             0x0800111c   Number         4  hal_tim.o(.text.TIM_OC3Init)
    [Anonymous Symbol]                       0x08001120   Section        0  hal_tim.o(.text.TIM_OCStructInit)
    [Anonymous Symbol]                       0x0800112e   Section        0  hal_tim.o(.text.TIM_SelectHallSensor)
    [Anonymous Symbol]                       0x08001140   Section        0  hal_tim.o(.text.TIM_SelectInputTrigger)
    [Anonymous Symbol]                       0x0800114c   Section        0  hal_tim.o(.text.TIM_SelectMasterSlaveMode)
    [Anonymous Symbol]                       0x08001158   Section        0  hal_tim.o(.text.TIM_SelectOCxM)
    [Anonymous Symbol]                       0x080011b0   Section        0  hal_tim.o(.text.TIM_SelectSlaveMode)
    [Anonymous Symbol]                       0x080011bc   Section        0  hal_tim.o(.text.TIM_TimeBaseInit)
    __arm_cp.1_0                             0x0800122c   Number         4  hal_tim.o(.text.TIM_TimeBaseInit)
    __arm_cp.1_1                             0x08001230   Number         4  hal_tim.o(.text.TIM_TimeBaseInit)
    __arm_cp.1_2                             0x08001234   Number         4  hal_tim.o(.text.TIM_TimeBaseInit)
    __arm_cp.1_3                             0x08001238   Number         4  hal_tim.o(.text.TIM_TimeBaseInit)
    __arm_cp.1_4                             0x0800123c   Number         4  hal_tim.o(.text.TIM_TimeBaseInit)
    [Anonymous Symbol]                       0x08001240   Section        0  hal_tim.o(.text.TIM_TimeBaseStructInit)
    [Anonymous Symbol]                       0x08001250   Section        0  hal_tim.o(.text.TIM_UpdateRequestConfig)
    [Anonymous Symbol]                       0x0800125c   Section        0  initialize.o(.text.UART1_Init)
    __arm_cp.7_2                             0x080012d8   Number         4  initialize.o(.text.UART1_Init)
    [Anonymous Symbol]                       0x080012dc   Section        0  uart.o(.text.UART1_SendString)
    [Anonymous Symbol]                       0x08001308   Section        0  uart.o(.text.UART1_Send_Byte)
    [Anonymous Symbol]                       0x08001324   Section        0  hal_uart.o(.text.UART_Cmd)
    [Anonymous Symbol]                       0x08001330   Section        0  hal_uart.o(.text.UART_DMACmd)
    [Anonymous Symbol]                       0x0800133e   Section        0  hal_uart.o(.text.UART_GetFlagStatus)
    [Anonymous Symbol]                       0x08001348   Section        0  hal_uart.o(.text.UART_Init)
    __arm_cp.1_0                             0x080013bc   Number         4  hal_uart.o(.text.UART_Init)
    [Anonymous Symbol]                       0x080013c0   Section        0  hal_uart.o(.text.UART_SendData)
    [Anonymous Symbol]                       0x080013c6   Section        0  hal_uart.o(.text.UART_StructInit)
    [Anonymous Symbol]                       0x080013e0   Section        0  initialize.o(.text.adc_Init)
    __arm_cp.10_0                            0x0800145c   Number         4  initialize.o(.text.adc_Init)
    __arm_cp.10_1                            0x08001460   Number         4  initialize.o(.text.adc_Init)
    __arm_cp.10_2                            0x08001464   Number         4  initialize.o(.text.adc_Init)
    [Anonymous Symbol]                       0x08001468   Section        0  bldc.o(.text.commutate)
    __arm_cp.1_0                             0x08001700   Number         4  bldc.o(.text.commutate)
    __arm_cp.1_1                             0x08001704   Number         4  bldc.o(.text.commutate)
    [Anonymous Symbol]                       0x08001708   Section        0  initialize.o(.text.exNVIC_Configure)
    [Anonymous Symbol]                       0x08001724   Section        0  hal_misc.o(.text.exNVIC_Init)
    __arm_cp.1_0                             0x08001768   Number         4  hal_misc.o(.text.exNVIC_Init)
    __arm_cp.1_1                             0x0800176c   Number         4  hal_misc.o(.text.exNVIC_Init)
    __arm_cp.1_2                             0x08001770   Number         4  hal_misc.o(.text.exNVIC_Init)
    [Anonymous Symbol]                       0x08001774   Section        0  bldc.o(.text.hallpos)
    __arm_cp.0_1                             0x080017d8   Number         4  bldc.o(.text.hallpos)
    [Anonymous Symbol]                       0x080017dc   Section        0  initialize.o(.text.io_init)
    __arm_cp.0_0                             0x08001858   Number         4  initialize.o(.text.io_init)
    [Anonymous Symbol]                       0x0800185c   Section        0  main.o(.text.main)
    __arm_cp.0_0                             0x08001a20   Number         4  main.o(.text.main)
    __arm_cp.0_1                             0x08001a24   Number         4  main.o(.text.main)
    __arm_cp.0_2                             0x08001a28   Number         4  main.o(.text.main)
    __arm_cp.0_3                             0x08001a2c   Number         4  main.o(.text.main)
    __arm_cp.0_4                             0x08001a30   Number         4  main.o(.text.main)
    __arm_cp.0_5                             0x08001a34   Number         4  main.o(.text.main)
    __arm_cp.0_6                             0x08001a38   Number         4  main.o(.text.main)
    __arm_cp.0_7                             0x08001a3c   Number         4  main.o(.text.main)
    __arm_cp.0_8                             0x08001a40   Number         4  main.o(.text.main)
    __arm_cp.0_9                             0x08001a44   Number         4  main.o(.text.main)
    __arm_cp.0_10                            0x08001a48   Number         4  main.o(.text.main)
    __arm_cp.0_11                            0x08001a4c   Number         4  main.o(.text.main)
    __arm_cp.0_12                            0x08001a50   Number         4  main.o(.text.main)
    __arm_cp.0_14                            0x08001a64   Number         4  main.o(.text.main)
    __arm_cp.0_15                            0x08001a68   Number         4  main.o(.text.main)
    [Anonymous Symbol]                       0x08001a6c   Section        0  bldc.o(.text.speedupdate)
    __arm_cp.2_0                             0x08001abc   Number         4  bldc.o(.text.speedupdate)
    __arm_cp.2_1                             0x08001ac0   Number         4  bldc.o(.text.speedupdate)
    __arm_cp.2_2                             0x08001ac4   Number         4  bldc.o(.text.speedupdate)
    __arm_cp.2_3                             0x08001ac8   Number         4  bldc.o(.text.speedupdate)
    __arm_cp.2_4                             0x08001acc   Number         4  bldc.o(.text.speedupdate)
    __arm_cp.2_5                             0x08001ad0   Number         4  bldc.o(.text.speedupdate)
    .text_divfast                            0x08001ad4   Section      502  aeabi_sdivfast.o(.text_divfast)
    x$fpl$usenofp                            0x08001cca   Section        0  usenofp.o(x$fpl$usenofp)
    .bss                                     0x20000020   Section       96  libspace.o(.bss)
    sTimingDelay                             0x2000009c   Data           4  delay.o(.bss.sTimingDelay)
    [Anonymous Symbol]                       0x2000009c   Section        0  delay.o(.bss.sTimingDelay)
    Heap_Mem                                 0x200000b0   Data         512  startup_mm32spin06xx_s_keil.o(HEAP)
    HEAP                                     0x200000b0   Section      512  startup_mm32spin06xx_s_keil.o(HEAP)
    Stack_Mem                                0x200002b0   Data        1024  startup_mm32spin06xx_s_keil.o(STACK)
    STACK                                    0x200002b0   Section     1024  startup_mm32spin06xx_s_keil.o(STACK)
    __initial_sp                             0x200006b0   Data           0  startup_mm32spin06xx_s_keil.o(STACK)

    Global Symbols

    Symbol Name                              Value     Ov Type        Size  Object(Section)

    BuildAttributes$$THM_ISAv3M$S$PE$A:L22$X:L11$S22$IEEE1$IW$~IW$USESV6$~STKCKD$USESV7$~SHL$OTIME$ROPI$EBA8$UX$STANDARDLIB$REQ8$PRES8$EABIv2 0x00000000   Number         0  anon$$obj.o ABSOLUTE
    __ARM_exceptions_init                     - Undefined Weak Reference
    __alloca_initialize                       - Undefined Weak Reference
    __arm_preinit_                            - Undefined Weak Reference
    __arm_relocate_pie_                       - Undefined Weak Reference
    __cpp_initialize__aeabi_                  - Undefined Weak Reference
    __cxa_finalize                            - Undefined Weak Reference
    __rt_locale                               - Undefined Weak Reference
    __sigvec_lookup                           - Undefined Weak Reference
    _atexit_init                              - Undefined Weak Reference
    _call_atexit_fns                          - Undefined Weak Reference
    _clock_init                               - Undefined Weak Reference
    _fp_trap_init                             - Undefined Weak Reference
    _fp_trap_shutdown                         - Undefined Weak Reference
    _get_lc_collate                           - Undefined Weak Reference
    _get_lc_ctype                             - Undefined Weak Reference
    _get_lc_monetary                          - Undefined Weak Reference
    _get_lc_numeric                           - Undefined Weak Reference
    _get_lc_time                              - Undefined Weak Reference
    _getenv_init                              - Undefined Weak Reference
    _handle_redirection                       - Undefined Weak Reference
    _init_alloc                               - Undefined Weak Reference
    _init_user_alloc                          - Undefined Weak Reference
    _initio                                   - Undefined Weak Reference
    _printf_post_padding                      - Undefined Weak Reference
    _printf_pre_padding                       - Undefined Weak Reference
    _printf_truncate_signed                   - Undefined Weak Reference
    _printf_truncate_unsigned                 - Undefined Weak Reference
    _rand_init                                - Undefined Weak Reference
    _signal_finish                            - Undefined Weak Reference
    _signal_init                              - Undefined Weak Reference
    _terminate_alloc                          - Undefined Weak Reference
    _terminate_user_alloc                     - Undefined Weak Reference
    _terminateio                              - Undefined Weak Reference
    __Vectors_Size                           0x000000c0   Number         0  startup_mm32spin06xx_s_keil.o ABSOLUTE
    __Vectors                                0x08000000   Data           4  startup_mm32spin06xx_s_keil.o(RESET)
    __Vectors_End                            0x080000c0   Data           0  startup_mm32spin06xx_s_keil.o(RESET)
    __main                                   0x080000c1   Thumb Code     8  __main.o(!!!main)
    __scatterload                            0x080000c9   Thumb Code     0  __scatter.o(!!!scatter)
    __scatterload_rt2                        0x080000c9   Thumb Code    52  __scatter.o(!!!scatter)
    __scatterload_rt2_thumb_only             0x080000c9   Thumb Code     0  __scatter.o(!!!scatter)
    __scatterload_null                       0x080000d9   Thumb Code     0  __scatter.o(!!!scatter)
    __scatterload_copy                       0x08000105   Thumb Code    26  __scatter_copy.o(!!handler_copy)
    __scatterload_zeroinit                   0x08000121   Thumb Code    28  __scatter_zi.o(!!handler_zi)
    _printf_percent                          0x0800013d   Thumb Code     0  _printf_percent.o(.ARM.Collect$$_printf_percent$$00000000)
    _printf_i                                0x0800013f   Thumb Code     0  _printf_i.o(.ARM.Collect$$_printf_percent$$00000008)
    _printf_percent_end                      0x08000149   Thumb Code     0  _printf_percent_end.o(.ARM.Collect$$_printf_percent$$00000017)
    __rt_lib_init                            0x0800014d   Thumb Code     0  libinit.o(.ARM.Collect$$libinit$$00000000)
    __rt_lib_init_alloca_1                   0x0800014f   Thumb Code     0  libinit2.o(.ARM.Collect$$libinit$$00000030)
    __rt_lib_init_argv_1                     0x0800014f   Thumb Code     0  libinit2.o(.ARM.Collect$$libinit$$0000002E)
    __rt_lib_init_atexit_1                   0x0800014f   Thumb Code     0  libinit2.o(.ARM.Collect$$libinit$$0000001D)
    __rt_lib_init_clock_1                    0x0800014f   Thumb Code     0  libinit2.o(.ARM.Collect$$libinit$$00000023)
    __rt_lib_init_cpp_1                      0x0800014f   Thumb Code     0  libinit2.o(.ARM.Collect$$libinit$$00000034)
    __rt_lib_init_exceptions_1               0x0800014f   Thumb Code     0  libinit2.o(.ARM.Collect$$libinit$$00000032)
    __rt_lib_init_fp_1                       0x0800014f   Thumb Code     0  libinit2.o(.ARM.Collect$$libinit$$00000002)
    __rt_lib_init_fp_trap_1                  0x0800014f   Thumb Code     0  libinit2.o(.ARM.Collect$$libinit$$00000021)
    __rt_lib_init_getenv_1                   0x0800014f   Thumb Code     0  libinit2.o(.ARM.Collect$$libinit$$00000025)
    __rt_lib_init_heap_1                     0x0800014f   Thumb Code     0  libinit2.o(.ARM.Collect$$libinit$$0000000C)
    __rt_lib_init_lc_collate_1               0x0800014f   Thumb Code     0  libinit2.o(.ARM.Collect$$libinit$$00000013)
    __rt_lib_init_lc_ctype_1                 0x0800014f   Thumb Code     0  libinit2.o(.ARM.Collect$$libinit$$00000015)
    __rt_lib_init_lc_monetary_1              0x0800014f   Thumb Code     0  libinit2.o(.ARM.Collect$$libinit$$00000017)
    __rt_lib_init_lc_numeric_1               0x0800014f   Thumb Code     0  libinit2.o(.ARM.Collect$$libinit$$00000019)
    __rt_lib_init_lc_time_1                  0x0800014f   Thumb Code     0  libinit2.o(.ARM.Collect$$libinit$$0000001B)
    __rt_lib_init_preinit_1                  0x0800014f   Thumb Code     0  libinit2.o(.ARM.Collect$$libinit$$00000006)
    __rt_lib_init_rand_1                     0x0800014f   Thumb Code     0  libinit2.o(.ARM.Collect$$libinit$$00000010)
    __rt_lib_init_relocate_pie_1             0x0800014f   Thumb Code     0  libinit2.o(.ARM.Collect$$libinit$$00000004)
    __rt_lib_init_return                     0x0800014f   Thumb Code     0  libinit2.o(.ARM.Collect$$libinit$$00000035)
    __rt_lib_init_signal_1                   0x0800014f   Thumb Code     0  libinit2.o(.ARM.Collect$$libinit$$0000001F)
    __rt_lib_init_stdio_1                    0x0800014f   Thumb Code     0  libinit2.o(.ARM.Collect$$libinit$$00000027)
    __rt_lib_init_user_alloc_1               0x0800014f   Thumb Code     0  libinit2.o(.ARM.Collect$$libinit$$0000000E)
    __rt_lib_shutdown                        0x08000151   Thumb Code     0  libshutdown.o(.ARM.Collect$$libshutdown$$00000000)
    __rt_lib_shutdown_cpp_1                  0x08000153   Thumb Code     0  libshutdown2.o(.ARM.Collect$$libshutdown$$00000002)
    __rt_lib_shutdown_fp_trap_1              0x08000153   Thumb Code     0  libshutdown2.o(.ARM.Collect$$libshutdown$$00000007)
    __rt_lib_shutdown_heap_1                 0x08000153   Thumb Code     0  libshutdown2.o(.ARM.Collect$$libshutdown$$0000000F)
    __rt_lib_shutdown_return                 0x08000153   Thumb Code     0  libshutdown2.o(.ARM.Collect$$libshutdown$$00000010)
    __rt_lib_shutdown_signal_1               0x08000153   Thumb Code     0  libshutdown2.o(.ARM.Collect$$libshutdown$$0000000A)
    __rt_lib_shutdown_stdio_1                0x08000153   Thumb Code     0  libshutdown2.o(.ARM.Collect$$libshutdown$$00000004)
    __rt_lib_shutdown_user_alloc_1           0x08000153   Thumb Code     0  libshutdown2.o(.ARM.Collect$$libshutdown$$0000000C)
    __rt_entry                               0x08000155   Thumb Code     0  __rtentry.o(.ARM.Collect$$rtentry$$00000000)
    __rt_entry_presh_1                       0x08000155   Thumb Code     0  __rtentry2.o(.ARM.Collect$$rtentry$$00000002)
    __rt_entry_sh                            0x08000155   Thumb Code     0  __rtentry4.o(.ARM.Collect$$rtentry$$00000004)
    __rt_entry_li                            0x0800015b   Thumb Code     0  __rtentry2.o(.ARM.Collect$$rtentry$$0000000A)
    __rt_entry_postsh_1                      0x0800015b   Thumb Code     0  __rtentry2.o(.ARM.Collect$$rtentry$$00000009)
    __rt_entry_main                          0x0800015f   Thumb Code     0  __rtentry2.o(.ARM.Collect$$rtentry$$0000000D)
    __rt_entry_postli_1                      0x0800015f   Thumb Code     0  __rtentry2.o(.ARM.Collect$$rtentry$$0000000C)
    __rt_exit                                0x08000167   Thumb Code     0  rtexit.o(.ARM.Collect$$rtexit$$00000000)
    __rt_exit_ls                             0x08000169   Thumb Code     0  rtexit2.o(.ARM.Collect$$rtexit$$00000003)
    __rt_exit_prels_1                        0x08000169   Thumb Code     0  rtexit2.o(.ARM.Collect$$rtexit$$00000002)
    __rt_exit_exit                           0x0800016d   Thumb Code     0  rtexit2.o(.ARM.Collect$$rtexit$$00000004)
    Reset_Handler                            0x08000175   Thumb Code    44  startup_mm32spin06xx_s_keil.o(.text)
    NMI_Handler                              0x080001a1   Thumb Code     2  startup_mm32spin06xx_s_keil.o(.text)
    HardFault_Handler                        0x080001a3   Thumb Code     2  startup_mm32spin06xx_s_keil.o(.text)
    SVC_Handler                              0x080001a5   Thumb Code     2  startup_mm32spin06xx_s_keil.o(.text)
    PendSV_Handler                           0x080001a7   Thumb Code     2  startup_mm32spin06xx_s_keil.o(.text)
    CAN_IRQHandler                           0x080001ab   Thumb Code     0  startup_mm32spin06xx_s_keil.o(.text)
    DMA1_Channel1_IRQHandler                 0x080001ab   Thumb Code     0  startup_mm32spin06xx_s_keil.o(.text)
    DMA1_Channel4_5_IRQHandler               0x080001ab   Thumb Code     0  startup_mm32spin06xx_s_keil.o(.text)
    EXTI0_1_IRQHandler                       0x080001ab   Thumb Code     0  startup_mm32spin06xx_s_keil.o(.text)
    EXTI2_3_IRQHandler                       0x080001ab   Thumb Code     0  startup_mm32spin06xx_s_keil.o(.text)
    EXTI4_15_IRQHandler                      0x080001ab   Thumb Code     0  startup_mm32spin06xx_s_keil.o(.text)
    FLASH_IRQHandler                         0x080001ab   Thumb Code     0  startup_mm32spin06xx_s_keil.o(.text)
    HWDIV_IRQHandler                         0x080001ab   Thumb Code     0  startup_mm32spin06xx_s_keil.o(.text)
    I2C1_IRQHandler                          0x080001ab   Thumb Code     0  startup_mm32spin06xx_s_keil.o(.text)
    PVD_IRQHandler                           0x080001ab   Thumb Code     0  startup_mm32spin06xx_s_keil.o(.text)
    RCC_CRS_IRQHandler                       0x080001ab   Thumb Code     0  startup_mm32spin06xx_s_keil.o(.text)
    RTC_BKP_IRQHandler                       0x080001ab   Thumb Code     0  startup_mm32spin06xx_s_keil.o(.text)
    SPI1_IRQHandler                          0x080001ab   Thumb Code     0  startup_mm32spin06xx_s_keil.o(.text)
    SPI2_IRQHandler                          0x080001ab   Thumb Code     0  startup_mm32spin06xx_s_keil.o(.text)
    TIM14_IRQHandler                         0x080001ab   Thumb Code     0  startup_mm32spin06xx_s_keil.o(.text)
    TIM16_IRQHandler                         0x080001ab   Thumb Code     0  startup_mm32spin06xx_s_keil.o(.text)
    TIM17_IRQHandler                         0x080001ab   Thumb Code     0  startup_mm32spin06xx_s_keil.o(.text)
    TIM1_CC_IRQHandler                       0x080001ab   Thumb Code     0  startup_mm32spin06xx_s_keil.o(.text)
    TIM3_IRQHandler                          0x080001ab   Thumb Code     0  startup_mm32spin06xx_s_keil.o(.text)
    UART1_IRQHandler                         0x080001ab   Thumb Code     0  startup_mm32spin06xx_s_keil.o(.text)
    UART2_IRQHandler                         0x080001ab   Thumb Code     0  startup_mm32spin06xx_s_keil.o(.text)
    WWDG_IRQHandler                          0x080001ab   Thumb Code     0  startup_mm32spin06xx_s_keil.o(.text)
    __user_initial_stackheap                 0x080001ad   Thumb Code     0  startup_mm32spin06xx_s_keil.o(.text)
    __2sprintf                               0x080001f1   Thumb Code    36  noretval__2sprintf.o(.text)
    __printf                                 0x08000219   Thumb Code   108  __printf.o(.text)
    _printf_int_dec                          0x08000285   Thumb Code    90  _printf_dec.o(.text)
    __use_two_region_memory                  0x080002f1   Thumb Code     2  heapauxi.o(.text)
    __rt_heap_escrow$2region                 0x080002f3   Thumb Code     2  heapauxi.o(.text)
    __rt_heap_expand$2region                 0x080002f5   Thumb Code     2  heapauxi.o(.text)
    __aeabi_d2uiz                            0x080002f9   Thumb Code     0  dfixui.o(.text)
    _dfixu                                   0x080002f9   Thumb Code    68  dfixui.o(.text)
    __aeabi_i2d_normalise                    0x08000341   Thumb Code    66  dflti.o(.text)
    __aeabi_i2d                              0x08000383   Thumb Code    16  dflti.o(.text)
    _dflt                                    0x08000383   Thumb Code     0  dflti.o(.text)
    __aeabi_ui2d                             0x08000393   Thumb Code     6  dflti.o(.text)
    _dfltu                                   0x08000393   Thumb Code     0  dflti.o(.text)
    _printf_int_common                       0x08000399   Thumb Code   176  _printf_intcommon.o(.text)
    _printf_char_common                      0x08000453   Thumb Code    32  _printf_char_common.o(.text)
    _sputc                                   0x08000479   Thumb Code    10  _sputc.o(.text)
    __rt_udiv10                              0x08000483   Thumb Code    40  rtudiv10.o(.text)
    __user_setup_stackheap                   0x080004ab   Thumb Code    62  sys_stackheap_outer.o(.text)
    exit                                     0x080004e9   Thumb Code    16  exit.o(.text)
    __user_libspace                          0x080004f9   Thumb Code     8  libspace.o(.text)
    __user_perproc_libspace                  0x080004f9   Thumb Code     0  libspace.o(.text)
    __user_perthread_libspace                0x080004f9   Thumb Code     0  libspace.o(.text)
    _sys_exit                                0x08000501   Thumb Code     8  sys_exit.o(.text)
    __I$use$semihosting                      0x0800050d   Thumb Code     0  use_no_semi.o(.text)
    __use_no_semihosting_swi                 0x0800050d   Thumb Code     2  use_no_semi.o(.text)
    __semihosting_library_function           0x0800050f   Thumb Code     0  indicate_semi.o(.text)
    ADC1_COMP_IRQHandler                     0x08000511   Thumb Code    76  interrupt.o(.text.ADC1_COMP_IRQHandler)
    ADC_ClearITPendingBit                    0x08000579   Thumb Code    14  hal_adc.o(.text.ADC_ClearITPendingBit)
    ADC_Cmd                                  0x08000587   Thumb Code    16  hal_adc.o(.text.ADC_Cmd)
    ADC_ExternalTrigConvCmd                  0x08000597   Thumb Code    18  hal_adc.o(.text.ADC_ExternalTrigConvCmd)
    ADC_GetITStatus                          0x080005a9   Thumb Code    16  hal_adc.o(.text.ADC_GetITStatus)
    ADC_ITConfig                             0x080005b9   Thumb Code    30  hal_adc.o(.text.ADC_ITConfig)
    ADC_Init                                 0x080005d9   Thumb Code    48  hal_adc.o(.text.ADC_Init)
    ADC_RegularChannelConfig                 0x08000611   Thumb Code    60  hal_adc.o(.text.ADC_RegularChannelConfig)
    ADC_SoftwareStartConvCmd                 0x08000651   Thumb Code    20  hal_adc.o(.text.ADC_SoftwareStartConvCmd)
    BLDC_init                                0x08000665   Thumb Code   160  initialize.o(.text.BLDC_init)
    DELAY_Init                               0x0800070d   Thumb Code    60  delay.o(.text.DELAY_Init)
    DELAY_Ms                                 0x08000759   Thumb Code    20  delay.o(.text.DELAY_Ms)
    DMA1_Channel2_3_IRQHandler               0x08000771   Thumb Code    28  interrupt.o(.text.DMA1_Channel2_3_IRQHandler)
    DMA_ClearITPendingBit                    0x08000791   Thumb Code     8  hal_dma.o(.text.DMA_ClearITPendingBit)
    DMA_Cmd                                  0x08000799   Thumb Code    12  hal_dma.o(.text.DMA_Cmd)
    DMA_DeInit                               0x080007a5   Thumb Code    44  hal_dma.o(.text.DMA_DeInit)
    DMA_GetITStatus                          0x080007d5   Thumb Code    12  hal_dma.o(.text.DMA_GetITStatus)
    DMA_ITConfig                             0x080007e5   Thumb Code    20  hal_dma.o(.text.DMA_ITConfig)
    DMA_Init                                 0x080007f9   Thumb Code    72  hal_dma.o(.text.DMA_Init)
    DMA_NVIC_Config                          0x08000845   Thumb Code   108  initialize.o(.text.DMA_NVIC_Config)
    DMA_StructInit                           0x080008b5   Thumb Code    22  hal_dma.o(.text.DMA_StructInit)
    GPIO_Init                                0x080008cb   Thumb Code   144  hal_gpio.o(.text.GPIO_Init)
    GPIO_PinAFConfig                         0x0800095b   Thumb Code    32  hal_gpio.o(.text.GPIO_PinAFConfig)
    GPIO_ReadInputDataBit                    0x0800097b   Thumb Code    10  hal_gpio.o(.text.GPIO_ReadInputDataBit)
    GPIO_StructInit                          0x08000985   Thumb Code    12  hal_gpio.o(.text.GPIO_StructInit)
    GPIO_WriteBit                            0x08000999   Thumb Code    16  hal_gpio.o(.text.GPIO_WriteBit)
    HALL_Init                                0x080009a9   Thumb Code    84  initialize.o(.text.HALL_Init)
    IWDG_ReloadCounter                       0x08000a05   Thumb Code     8  hal_iwdg.o(.text.IWDG_ReloadCounter)
    NVIC_Configure                           0x08000a15   Thumb Code    24  initialize.o(.text.NVIC_Configure)
    NVIC_Init                                0x08000a2d   Thumb Code    68  hal_misc.o(.text.NVIC_Init)
    RCC_AHBPeriphClockCmd                    0x08000a7d   Thumb Code    24  hal_rcc.o(.text.RCC_AHBPeriphClockCmd)
    RCC_APB1PeriphClockCmd                   0x08000a99   Thumb Code    24  hal_rcc.o(.text.RCC_APB1PeriphClockCmd)
    RCC_APB2PeriphClockCmd                   0x08000ab5   Thumb Code    24  hal_rcc.o(.text.RCC_APB2PeriphClockCmd)
    RCC_GetPCLK1Freq                         0x08000ad1   Thumb Code    44  hal_rcc.o(.text.RCC_GetPCLK1Freq)
    RCC_GetPCLK2Freq                         0x08000afd   Thumb Code    44  hal_rcc.o(.text.RCC_GetPCLK2Freq)
    SysTick_Handler                          0x08000b35   Thumb Code    24  delay.o(.text.SysTick_Handler)
    SystemInit                               0x08000b55   Thumb Code   408  system_mm32spin06xx_s.o(.text.SystemInit)
    TIM1_BRK_UP_TRG_COM_IRQHandler           0x08000d15   Thumb Code    12  interrupt.o(.text.TIM1_BRK_UP_TRG_COM_IRQHandler)
    TIM1_init                                0x08000d21   Thumb Code   176  initialize.o(.text.TIM1_init)
    TIM2_IRQHandler                          0x08000ddd   Thumb Code     4  interrupt.o(.text.TIM2_IRQHandler)
    TIM2_Init                                0x08000de1   Thumb Code   132  initialize.o(.text.TIM2_Init)
    TIM_BDTRConfig                           0x08000e65   Thumb Code    30  hal_tim.o(.text.TIM_BDTRConfig)
    TIM_BDTRStructInit                       0x08000e83   Thumb Code    18  hal_tim.o(.text.TIM_BDTRStructInit)
    TIM_CCPreloadControl                     0x08000e95   Thumb Code    16  hal_tim.o(.text.TIM_CCPreloadControl)
    TIM_CCxCmd                               0x08000ea5   Thumb Code    16  hal_tim.o(.text.TIM_CCxCmd)
    TIM_CCxNCmd                              0x08000eb5   Thumb Code    20  hal_tim.o(.text.TIM_CCxNCmd)
    TIM_ClearITPendingBit                    0x08000ec9   Thumb Code     8  hal_tim.o(.text.TIM_ClearITPendingBit)
    TIM_Cmd                                  0x08000ed1   Thumb Code    16  hal_tim.o(.text.TIM_Cmd)
    TIM_CtrlPWMOutputs                       0x08000ee1   Thumb Code    20  hal_tim.o(.text.TIM_CtrlPWMOutputs)
    TIM_GenerateEvent                        0x08000ef5   Thumb Code     4  hal_tim.o(.text.TIM_GenerateEvent)
    TIM_ICInit                               0x08000ef9   Thumb Code   242  hal_tim.o(.text.TIM_ICInit)
    TIM_ICStructInit                         0x08000feb   Thumb Code    12  hal_tim.o(.text.TIM_ICStructInit)
    TIM_ITConfig                             0x08000ff7   Thumb Code    20  hal_tim.o(.text.TIM_ITConfig)
    TIM_OC1Init                              0x0800100d   Thumb Code    88  hal_tim.o(.text.TIM_OC1Init)
    TIM_OC2Init                              0x08001069   Thumb Code    92  hal_tim.o(.text.TIM_OC2Init)
    TIM_OC3Init                              0x080010c5   Thumb Code    88  hal_tim.o(.text.TIM_OC3Init)
    TIM_OCStructInit                         0x08001121   Thumb Code    14  hal_tim.o(.text.TIM_OCStructInit)
    TIM_SelectHallSensor                     0x0800112f   Thumb Code    18  hal_tim.o(.text.TIM_SelectHallSensor)
    TIM_SelectInputTrigger                   0x08001141   Thumb Code    12  hal_tim.o(.text.TIM_SelectInputTrigger)
    TIM_SelectMasterSlaveMode                0x0800114d   Thumb Code    12  hal_tim.o(.text.TIM_SelectMasterSlaveMode)
    TIM_SelectOCxM                           0x08001159   Thumb Code    88  hal_tim.o(.text.TIM_SelectOCxM)
    TIM_SelectSlaveMode                      0x080011b1   Thumb Code    12  hal_tim.o(.text.TIM_SelectSlaveMode)
    TIM_TimeBaseInit                         0x080011bd   Thumb Code   112  hal_tim.o(.text.TIM_TimeBaseInit)
    TIM_TimeBaseStructInit                   0x08001241   Thumb Code    16  hal_tim.o(.text.TIM_TimeBaseStructInit)
    TIM_UpdateRequestConfig                  0x08001251   Thumb Code    12  hal_tim.o(.text.TIM_UpdateRequestConfig)
    UART1_Init                               0x0800125d   Thumb Code   124  initialize.o(.text.UART1_Init)
    UART1_SendString                         0x080012dd   Thumb Code    44  uart.o(.text.UART1_SendString)
    UART1_Send_Byte                          0x08001309   Thumb Code    28  uart.o(.text.UART1_Send_Byte)
    UART_Cmd                                 0x08001325   Thumb Code    12  hal_uart.o(.text.UART_Cmd)
    UART_DMACmd                              0x08001331   Thumb Code    14  hal_uart.o(.text.UART_DMACmd)
    UART_GetFlagStatus                       0x0800133f   Thumb Code    10  hal_uart.o(.text.UART_GetFlagStatus)
    UART_Init                                0x08001349   Thumb Code   116  hal_uart.o(.text.UART_Init)
    UART_SendData                            0x080013c1   Thumb Code     6  hal_uart.o(.text.UART_SendData)
    UART_StructInit                          0x080013c7   Thumb Code    24  hal_uart.o(.text.UART_StructInit)
    adc_Init                                 0x080013e1   Thumb Code   124  initialize.o(.text.adc_Init)
    commutate                                0x08001469   Thumb Code   664  bldc.o(.text.commutate)
    exNVIC_Configure                         0x08001709   Thumb Code    26  initialize.o(.text.exNVIC_Configure)
    exNVIC_Init                              0x08001725   Thumb Code    68  hal_misc.o(.text.exNVIC_Init)
    hallpos                                  0x08001775   Thumb Code   100  bldc.o(.text.hallpos)
    io_init                                  0x080017dd   Thumb Code   124  initialize.o(.text.io_init)
    main                                     0x0800185d   Thumb Code   452  main.o(.text.main)
    speedupdate                              0x08001a6d   Thumb Code    80  bldc.o(.text.speedupdate)
    __aeabi_uidiv                            0x08001ad5   Thumb Code    68  aeabi_sdivfast.o(.text_divfast)
    __aeabi_idiv                             0x08001b19   Thumb Code   434  aeabi_sdivfast.o(.text_divfast)
    __I$use$fp                               0x08001cca   Number         0  usenofp.o(x$fpl$usenofp)
    hall_to_pos                              0x08001cca   Data           8  bldc.o(.rodata.hall_to_pos)
    Region$$Table$$Base                      0x08001cd4   Number         0  anon$$obj.o(Region$$Table)
    Region$$Table$$Limit                     0x08001cf4   Number         0  anon$$obj.o(Region$$Table)
    SystemCoreClock                          0x20000000   Data           4  system_mm32spin06xx_s.o(.data.SystemCoreClock)
    dir                                      0x20000004   Data           1  main.o(.data.dir)
    hallposprev                              0x20000005   Data           1  main.o(.data.hallposprev)
    step                                     0x20000006   Data           1  main.o(.data.step)
    tbPresc                                  0x20000007   Data          16  hal_rcc.o(.data.tbPresc)
    testrotatedir                            0x20000018   Data           4  bldc.o(.data.testrotatedir)
    __libspace_start                         0x20000020   Data          96  libspace.o(.bss)
    __temporary_stack_top$libspace           0x20000080   Data           0  libspace.o(.bss)
    adc                                      0x20000080   Data           1  main.o(.bss.adc)
    itotal                                   0x20000084   Data           4  main.o(.bss.itotal)
    lastupdate                               0x20000088   Data           4  main.o(.bss.lastupdate)
    millis                                   0x2000008c   Data           4  main.o(.bss.millis)
    sRxBuffer                                0x20000090   Data          10  main.o(.bss.sRxBuffer)
    speed                                    0x200000a0   Data           4  main.o(.bss.speed)
    uart                                     0x200000a4   Data           1  main.o(.bss.uart)
    vbat                                     0x200000a8   Data           4  main.o(.bss.vbat)



==============================================================================

Memory Map of the image

  Image Entry point : 0x080000c1

  Load Region LR_IROM1 (Base: 0x08000000, Size: 0x00001d18, Max: 0x00008000, ABSOLUTE)

    Execution Region ER_IROM1 (Exec base: 0x08000000, Load base: 0x08000000, Size: 0x00001cf4, Max: 0x00008000, ABSOLUTE)

    Exec Addr    Load Addr    Size         Type   Attr      Idx    E Section Name        Object

    0x08000000   0x08000000   0x000000c0   Data   RO         1022    RESET               startup_mm32spin06xx_s_keil.o
    0x080000c0   0x080000c0   0x00000008   Code   RO         1085  * !!!main             c_p.l(__main.o)
    0x080000c8   0x080000c8   0x0000003c   Code   RO         1278    !!!scatter          c_p.l(__scatter.o)
    0x08000104   0x08000104   0x0000001a   Code   RO         1280    !!handler_copy      c_p.l(__scatter_copy.o)
    0x0800011e   0x0800011e   0x00000002   PAD
    0x08000120   0x08000120   0x0000001c   Code   RO         1282    !!handler_zi        c_p.l(__scatter_zi.o)
    0x0800013c   0x0800013c   0x00000002   Code   RO         1074    .ARM.Collect$$_printf_percent$$00000000  c_p.l(_printf_percent.o)
    0x0800013e   0x0800013e   0x0000000a   Code   RO         1073    .ARM.Collect$$_printf_percent$$00000008  c_p.l(_printf_i.o)
    0x08000148   0x08000148   0x00000004   Code   RO         1102    .ARM.Collect$$_printf_percent$$00000017  c_p.l(_printf_percent_end.o)
    0x0800014c   0x0800014c   0x00000002   Code   RO         1139    .ARM.Collect$$libinit$$00000000  c_p.l(libinit.o)
    0x0800014e   0x0800014e   0x00000000   Code   RO         1153    .ARM.Collect$$libinit$$00000002  c_p.l(libinit2.o)
    0x0800014e   0x0800014e   0x00000000   Code   RO         1155    .ARM.Collect$$libinit$$00000004  c_p.l(libinit2.o)
    0x0800014e   0x0800014e   0x00000000   Code   RO         1157    .ARM.Collect$$libinit$$00000006  c_p.l(libinit2.o)
    0x0800014e   0x0800014e   0x00000000   Code   RO         1160    .ARM.Collect$$libinit$$0000000C  c_p.l(libinit2.o)
    0x0800014e   0x0800014e   0x00000000   Code   RO         1162    .ARM.Collect$$libinit$$0000000E  c_p.l(libinit2.o)
    0x0800014e   0x0800014e   0x00000000   Code   RO         1164    .ARM.Collect$$libinit$$00000010  c_p.l(libinit2.o)
    0x0800014e   0x0800014e   0x00000000   Code   RO         1167    .ARM.Collect$$libinit$$00000013  c_p.l(libinit2.o)
    0x0800014e   0x0800014e   0x00000000   Code   RO         1169    .ARM.Collect$$libinit$$00000015  c_p.l(libinit2.o)
    0x0800014e   0x0800014e   0x00000000   Code   RO         1171    .ARM.Collect$$libinit$$00000017  c_p.l(libinit2.o)
    0x0800014e   0x0800014e   0x00000000   Code   RO         1173    .ARM.Collect$$libinit$$00000019  c_p.l(libinit2.o)
    0x0800014e   0x0800014e   0x00000000   Code   RO         1175    .ARM.Collect$$libinit$$0000001B  c_p.l(libinit2.o)
    0x0800014e   0x0800014e   0x00000000   Code   RO         1177    .ARM.Collect$$libinit$$0000001D  c_p.l(libinit2.o)
    0x0800014e   0x0800014e   0x00000000   Code   RO         1179    .ARM.Collect$$libinit$$0000001F  c_p.l(libinit2.o)
    0x0800014e   0x0800014e   0x00000000   Code   RO         1181    .ARM.Collect$$libinit$$00000021  c_p.l(libinit2.o)
    0x0800014e   0x0800014e   0x00000000   Code   RO         1183    .ARM.Collect$$libinit$$00000023  c_p.l(libinit2.o)
    0x0800014e   0x0800014e   0x00000000   Code   RO         1185    .ARM.Collect$$libinit$$00000025  c_p.l(libinit2.o)
    0x0800014e   0x0800014e   0x00000000   Code   RO         1187    .ARM.Collect$$libinit$$00000027  c_p.l(libinit2.o)
    0x0800014e   0x0800014e   0x00000000   Code   RO         1191    .ARM.Collect$$libinit$$0000002E  c_p.l(libinit2.o)
    0x0800014e   0x0800014e   0x00000000   Code   RO         1193    .ARM.Collect$$libinit$$00000030  c_p.l(libinit2.o)
    0x0800014e   0x0800014e   0x00000000   Code   RO         1195    .ARM.Collect$$libinit$$00000032  c_p.l(libinit2.o)
    0x0800014e   0x0800014e   0x00000000   Code   RO         1197    .ARM.Collect$$libinit$$00000034  c_p.l(libinit2.o)
    0x0800014e   0x0800014e   0x00000002   Code   RO         1198    .ARM.Collect$$libinit$$00000035  c_p.l(libinit2.o)
    0x08000150   0x08000150   0x00000002   Code   RO         1233    .ARM.Collect$$libshutdown$$00000000  c_p.l(libshutdown.o)
    0x08000152   0x08000152   0x00000000   Code   RO         1261    .ARM.Collect$$libshutdown$$00000002  c_p.l(libshutdown2.o)
    0x08000152   0x08000152   0x00000000   Code   RO         1263    .ARM.Collect$$libshutdown$$00000004  c_p.l(libshutdown2.o)
    0x08000152   0x08000152   0x00000000   Code   RO         1266    .ARM.Collect$$libshutdown$$00000007  c_p.l(libshutdown2.o)
    0x08000152   0x08000152   0x00000000   Code   RO         1269    .ARM.Collect$$libshutdown$$0000000A  c_p.l(libshutdown2.o)
    0x08000152   0x08000152   0x00000000   Code   RO         1271    .ARM.Collect$$libshutdown$$0000000C  c_p.l(libshutdown2.o)
    0x08000152   0x08000152   0x00000000   Code   RO         1274    .ARM.Collect$$libshutdown$$0000000F  c_p.l(libshutdown2.o)
    0x08000152   0x08000152   0x00000002   Code   RO         1275    .ARM.Collect$$libshutdown$$00000010  c_p.l(libshutdown2.o)
    0x08000154   0x08000154   0x00000000   Code   RO         1091    .ARM.Collect$$rtentry$$00000000  c_p.l(__rtentry.o)
    0x08000154   0x08000154   0x00000000   Code   RO         1107    .ARM.Collect$$rtentry$$00000002  c_p.l(__rtentry2.o)
    0x08000154   0x08000154   0x00000006   Code   RO         1119    .ARM.Collect$$rtentry$$00000004  c_p.l(__rtentry4.o)
    0x0800015a   0x0800015a   0x00000000   Code   RO         1109    .ARM.Collect$$rtentry$$00000009  c_p.l(__rtentry2.o)
    0x0800015a   0x0800015a   0x00000004   Code   RO         1110    .ARM.Collect$$rtentry$$0000000A  c_p.l(__rtentry2.o)
    0x0800015e   0x0800015e   0x00000000   Code   RO         1112    .ARM.Collect$$rtentry$$0000000C  c_p.l(__rtentry2.o)
    0x0800015e   0x0800015e   0x00000008   Code   RO         1113    .ARM.Collect$$rtentry$$0000000D  c_p.l(__rtentry2.o)
    0x08000166   0x08000166   0x00000002   Code   RO         1144    .ARM.Collect$$rtexit$$00000000  c_p.l(rtexit.o)
    0x08000168   0x08000168   0x00000000   Code   RO         1204    .ARM.Collect$$rtexit$$00000002  c_p.l(rtexit2.o)
    0x08000168   0x08000168   0x00000004   Code   RO         1205    .ARM.Collect$$rtexit$$00000003  c_p.l(rtexit2.o)
    0x0800016c   0x0800016c   0x00000006   Code   RO         1206    .ARM.Collect$$rtexit$$00000004  c_p.l(rtexit2.o)
    0x08000172   0x08000172   0x00000002   PAD
    0x08000174   0x08000174   0x0000007c   Code   RO         1023    .text               startup_mm32spin06xx_s_keil.o
    0x080001f0   0x080001f0   0x00000028   Code   RO         1047    .text               c_p.l(noretval__2sprintf.o)
    0x08000218   0x08000218   0x0000006c   Code   RO         1049    .text               c_p.l(__printf.o)
    0x08000284   0x08000284   0x0000006c   Code   RO         1051    .text               c_p.l(_printf_dec.o)
    0x080002f0   0x080002f0   0x00000006   Code   RO         1083    .text               c_p.l(heapauxi.o)
    0x080002f6   0x080002f6   0x00000002   PAD
    0x080002f8   0x080002f8   0x00000048   Code   RO         1087    .text               fz_ps.l(dfixui.o)
    0x08000340   0x08000340   0x00000058   Code   RO         1089    .text               fz_ps.l(dflti.o)
    0x08000398   0x08000398   0x000000b0   Code   RO         1096    .text               c_p.l(_printf_intcommon.o)
    0x08000448   0x08000448   0x00000030   Code   RO         1098    .text               c_p.l(_printf_char_common.o)
    0x08000478   0x08000478   0x0000000a   Code   RO         1100    .text               c_p.l(_sputc.o)
    0x08000482   0x08000482   0x00000028   Code   RO         1103    .text               c_p.l(rtudiv10.o)
    0x080004aa   0x080004aa   0x0000003e   Code   RO         1125    .text               c_p.l(sys_stackheap_outer.o)
    0x080004e8   0x080004e8   0x00000010   Code   RO         1128    .text               c_p.l(exit.o)
    0x080004f8   0x080004f8   0x00000008   Code   RO         1140    .text               c_p.l(libspace.o)
    0x08000500   0x08000500   0x0000000c   Code   RO         1199    .text               c_p.l(sys_exit.o)
    0x0800050c   0x0800050c   0x00000002   Code   RO         1222    .text               c_p.l(use_no_semi.o)
    0x0800050e   0x0800050e   0x00000000   Code   RO         1224    .text               c_p.l(indicate_semi.o)
    0x0800050e   0x0800050e   0x00000002   PAD
    0x08000510   0x08000510   0x00000068   Code   RO           93    .text.ADC1_COMP_IRQHandler  interrupt.o
    0x08000578   0x08000578   0x0000000e   Code   RO          166    .text.ADC_ClearITPendingBit  hal_adc.o
    0x08000586   0x08000586   0x00000010   Code   RO          124    .text.ADC_Cmd       hal_adc.o
    0x08000596   0x08000596   0x00000012   Code   RO          138    .text.ADC_ExternalTrigConvCmd  hal_adc.o
    0x080005a8   0x080005a8   0x00000010   Code   RO          164    .text.ADC_GetITStatus  hal_adc.o
    0x080005b8   0x080005b8   0x0000001e   Code   RO          128    .text.ADC_ITConfig  hal_adc.o
    0x080005d6   0x080005d6   0x00000002   PAD
    0x080005d8   0x080005d8   0x00000038   Code   RO          120    .text.ADC_Init      hal_adc.o
    0x08000610   0x08000610   0x00000040   Code   RO          134    .text.ADC_RegularChannelConfig  hal_adc.o
    0x08000650   0x08000650   0x00000014   Code   RO          130    .text.ADC_SoftwareStartConvCmd  hal_adc.o
    0x08000664   0x08000664   0x000000a8   Code   RO           63    .text.BLDC_init     initialize.o
    0x0800070c   0x0800070c   0x0000004c   Code   RO           26    .text.DELAY_Init    delay.o
    0x08000758   0x08000758   0x00000018   Code   RO           30    .text.DELAY_Ms      delay.o
    0x08000770   0x08000770   0x00000020   Code   RO           91    .text.DMA1_Channel2_3_IRQHandler  interrupt.o
    0x08000790   0x08000790   0x00000008   Code   RO          267    .text.DMA_ClearITPendingBit  hal_dma.o
    0x08000798   0x08000798   0x0000000c   Code   RO          255    .text.DMA_Cmd       hal_dma.o
    0x080007a4   0x080007a4   0x00000030   Code   RO          249    .text.DMA_DeInit    hal_dma.o
    0x080007d4   0x080007d4   0x00000010   Code   RO          265    .text.DMA_GetITStatus  hal_dma.o
    0x080007e4   0x080007e4   0x00000014   Code   RO          257    .text.DMA_ITConfig  hal_dma.o
    0x080007f8   0x080007f8   0x0000004c   Code   RO          251    .text.DMA_Init      hal_dma.o
    0x08000844   0x08000844   0x00000070   Code   RO           75    .text.DMA_NVIC_Config  initialize.o
    0x080008b4   0x080008b4   0x00000016   Code   RO          253    .text.DMA_StructInit  hal_dma.o
    0x080008ca   0x080008ca   0x00000090   Code   RO          393    .text.GPIO_Init     hal_gpio.o
    0x0800095a   0x0800095a   0x00000020   Code   RO          417    .text.GPIO_PinAFConfig  hal_gpio.o
    0x0800097a   0x0800097a   0x0000000a   Code   RO          397    .text.GPIO_ReadInputDataBit  hal_gpio.o
    0x08000984   0x08000984   0x00000014   Code   RO          395    .text.GPIO_StructInit  hal_gpio.o
    0x08000998   0x08000998   0x00000010   Code   RO          409    .text.GPIO_WriteBit  hal_gpio.o
    0x080009a8   0x080009a8   0x0000005c   Code   RO           59    .text.HALL_Init     initialize.o
    0x08000a04   0x08000a04   0x00000010   Code   RO          501    .text.IWDG_ReloadCounter  hal_iwdg.o
    0x08000a14   0x08000a14   0x00000018   Code   RO           67    .text.NVIC_Configure  initialize.o
    0x08000a2c   0x08000a2c   0x00000050   Code   RO          525    .text.NVIC_Init     hal_misc.o
    0x08000a7c   0x08000a7c   0x0000001c   Code   RO          603    .text.RCC_AHBPeriphClockCmd  hal_rcc.o
    0x08000a98   0x08000a98   0x0000001c   Code   RO          607    .text.RCC_APB1PeriphClockCmd  hal_rcc.o
    0x08000ab4   0x08000ab4   0x0000001c   Code   RO          605    .text.RCC_APB2PeriphClockCmd  hal_rcc.o
    0x08000ad0   0x08000ad0   0x0000002c   Code   RO          597    .text.RCC_GetPCLK1Freq  hal_rcc.o
    0x08000afc   0x08000afc   0x00000038   Code   RO          599    .text.RCC_GetPCLK2Freq  hal_rcc.o
    0x08000b34   0x08000b34   0x00000020   Code   RO           28    .text.SysTick_Handler  delay.o
    0x08000b54   0x08000b54   0x000001c0   Code   RO         1030    .text.SystemInit    system_mm32spin06xx_s.o
    0x08000d14   0x08000d14   0x0000000c   Code   RO           89    .text.TIM1_BRK_UP_TRG_COM_IRQHandler  interrupt.o
    0x08000d20   0x08000d20   0x000000bc   Code   RO           65    .text.TIM1_init     initialize.o
    0x08000ddc   0x08000ddc   0x00000004   Code   RO           95    .text.TIM2_IRQHandler  interrupt.o
    0x08000de0   0x08000de0   0x00000084   Code   RO           61    .text.TIM2_Init     initialize.o
    0x08000e64   0x08000e64   0x0000001e   Code   RO          726    .text.TIM_BDTRConfig  hal_tim.o
    0x08000e82   0x08000e82   0x00000012   Code   RO          734    .text.TIM_BDTRStructInit  hal_tim.o
    0x08000e94   0x08000e94   0x00000010   Code   RO          782    .text.TIM_CCPreloadControl  hal_tim.o
    0x08000ea4   0x08000ea4   0x00000010   Code   RO          822    .text.TIM_CCxCmd    hal_tim.o
    0x08000eb4   0x08000eb4   0x00000014   Code   RO          824    .text.TIM_CCxNCmd   hal_tim.o
    0x08000ec8   0x08000ec8   0x00000008   Code   RO          874    .text.TIM_ClearITPendingBit  hal_tim.o
    0x08000ed0   0x08000ed0   0x00000010   Code   RO          736    .text.TIM_Cmd       hal_tim.o
    0x08000ee0   0x08000ee0   0x00000014   Code   RO          738    .text.TIM_CtrlPWMOutputs  hal_tim.o
    0x08000ef4   0x08000ef4   0x00000004   Code   RO          742    .text.TIM_GenerateEvent  hal_tim.o
    0x08000ef8   0x08000ef8   0x000000f2   Code   RO          714    .text.TIM_ICInit    hal_tim.o
    0x08000fea   0x08000fea   0x0000000c   Code   RO          732    .text.TIM_ICStructInit  hal_tim.o
    0x08000ff6   0x08000ff6   0x00000014   Code   RO          740    .text.TIM_ITConfig  hal_tim.o
    0x0800100a   0x0800100a   0x00000002   PAD
    0x0800100c   0x0800100c   0x0000005c   Code   RO          706    .text.TIM_OC1Init   hal_tim.o
    0x08001068   0x08001068   0x0000005c   Code   RO          708    .text.TIM_OC2Init   hal_tim.o
    0x080010c4   0x080010c4   0x0000005c   Code   RO          710    .text.TIM_OC3Init   hal_tim.o
    0x08001120   0x08001120   0x0000000e   Code   RO          730    .text.TIM_OCStructInit  hal_tim.o
    0x0800112e   0x0800112e   0x00000012   Code   RO          832    .text.TIM_SelectHallSensor  hal_tim.o
    0x08001140   0x08001140   0x0000000c   Code   RO          752    .text.TIM_SelectInputTrigger  hal_tim.o
    0x0800114c   0x0800114c   0x0000000c   Code   RO          840    .text.TIM_SelectMasterSlaveMode  hal_tim.o
    0x08001158   0x08001158   0x00000058   Code   RO          826    .text.TIM_SelectOCxM  hal_tim.o
    0x080011b0   0x080011b0   0x0000000c   Code   RO          838    .text.TIM_SelectSlaveMode  hal_tim.o
    0x080011bc   0x080011bc   0x00000084   Code   RO          704    .text.TIM_TimeBaseInit  hal_tim.o
    0x08001240   0x08001240   0x00000010   Code   RO          728    .text.TIM_TimeBaseStructInit  hal_tim.o
    0x08001250   0x08001250   0x0000000c   Code   RO          830    .text.TIM_UpdateRequestConfig  hal_tim.o
    0x0800125c   0x0800125c   0x00000080   Code   RO           71    .text.UART1_Init    initialize.o
    0x080012dc   0x080012dc   0x0000002c   Code   RO          108    .text.UART1_SendString  uart.o
    0x08001308   0x08001308   0x0000001c   Code   RO          104    .text.UART1_Send_Byte  uart.o
    0x08001324   0x08001324   0x0000000c   Code   RO          914    .text.UART_Cmd      hal_uart.o
    0x08001330   0x08001330   0x0000000e   Code   RO          918    .text.UART_DMACmd   hal_uart.o
    0x0800133e   0x0800133e   0x0000000a   Code   RO          924    .text.UART_GetFlagStatus  hal_uart.o
    0x08001348   0x08001348   0x00000078   Code   RO          910    .text.UART_Init     hal_uart.o
    0x080013c0   0x080013c0   0x00000006   Code   RO          920    .text.UART_SendData  hal_uart.o
    0x080013c6   0x080013c6   0x00000018   Code   RO          912    .text.UART_StructInit  hal_uart.o
    0x080013de   0x080013de   0x00000002   PAD
    0x080013e0   0x080013e0   0x00000088   Code   RO           77    .text.adc_Init      initialize.o
    0x08001468   0x08001468   0x000002a0   Code   RO           43    .text.commutate     bldc.o
    0x08001708   0x08001708   0x0000001a   Code   RO           69    .text.exNVIC_Configure  initialize.o
    0x08001722   0x08001722   0x00000002   PAD
    0x08001724   0x08001724   0x00000050   Code   RO          527    .text.exNVIC_Init   hal_misc.o
    0x08001774   0x08001774   0x00000068   Code   RO           41    .text.hallpos       bldc.o
    0x080017dc   0x080017dc   0x00000080   Code   RO           57    .text.io_init       initialize.o
    0x0800185c   0x0800185c   0x00000210   Code   RO            2    .text.main          main.o
    0x08001a6c   0x08001a6c   0x00000068   Code   RO           45    .text.speedupdate   bldc.o
    0x08001ad4   0x08001ad4   0x000001f6   Code   RO         1076    .text_divfast       c_p.l(aeabi_sdivfast.o)
    0x08001cca   0x08001cca   0x00000000   Code   RO         1105    x$fpl$usenofp       fz_ps.l(usenofp.o)
    0x08001cca   0x08001cca   0x00000008   Data   RO           48    .rodata.hall_to_pos  bldc.o
    0x08001cd2   0x08001cd2   0x00000002   PAD
    0x08001cd4   0x08001cd4   0x00000020   Data   RO         1277    Region$$Table       anon$$obj.o


    Execution Region RW_IRAM1 (Exec base: 0x20000000, Load base: 0x08001cf8, Size: 0x000006b0, Max: 0x00001000, ABSOLUTE)

    Exec Addr    Load Addr    Size         Type   Attr      Idx    E Section Name        Object

    0x20000000   0x08001cf8   0x00000004   Data   RW         1034    .data.SystemCoreClock  system_mm32spin06xx_s.o
    0x20000004   0x08001cfc   0x00000001   Data   RW            6    .data.dir           main.o
    0x20000005   0x08001cfd   0x00000001   Data   RW            9    .data.hallposprev   main.o
    0x20000006   0x08001cfe   0x00000001   Data   RW            4    .data.step          main.o
    0x20000007   0x08001cff   0x00000010   Data   RW          637    .data.tbPresc       hal_rcc.o
    0x20000017   0x08001d0f   0x00000001   PAD
    0x20000018   0x08001d10   0x00000004   Data   RW           47    .data.testrotatedir  bldc.o
    0x2000001c   0x08001d14   0x00000004   PAD
    0x20000020        -       0x00000060   Zero   RW         1141    .bss                c_p.l(libspace.o)
    0x20000080        -       0x00000001   Zero   RW           12    .bss.adc            main.o
    0x20000081   0x08001d14   0x00000003   PAD
    0x20000084        -       0x00000004   Zero   RW           17    .bss.itotal         main.o
    0x20000088        -       0x00000004   Zero   RW           15    .bss.lastupdate     main.o
    0x2000008c        -       0x00000004   Zero   RW           14    .bss.millis         main.o
    0x20000090        -       0x0000000a   Zero   RW            8    .bss.sRxBuffer      main.o
    0x2000009a   0x08001d14   0x00000002   PAD
    0x2000009c        -       0x00000004   Zero   RW           32    .bss.sTimingDelay   delay.o
    0x200000a0        -       0x00000004   Zero   RW           10    .bss.speed          main.o
    0x200000a4        -       0x00000001   Zero   RW           11    .bss.uart           main.o
    0x200000a5   0x08001d14   0x00000003   PAD
    0x200000a8        -       0x00000004   Zero   RW           13    .bss.vbat           main.o
    0x200000ac   0x08001d14   0x00000004   PAD
    0x200000b0        -       0x00000200   Zero   RW         1021    HEAP                startup_mm32spin06xx_s_keil.o
    0x200002b0        -       0x00000400   Zero   RW         1020    STACK               startup_mm32spin06xx_s_keil.o


==============================================================================

Image component sizes


      Code (inc. data)   RO Data    RW Data    ZI Data      Debug   Object Name

       880         48          8          4          0       3446   bldc.o
       132         28          0          0          4       3160   delay.o
       234         12          0          0          0       9090   hal_adc.o
       202         12          0          0          0       4598   hal_dma.o
       222          8          0          0          0       5350   hal_gpio.o
        16          8          0          0          0       2916   hal_iwdg.o
       160         24          0          0          0       2876   hal_misc.o
       184         24          0         16          0      11473   hal_rcc.o
      1014         36          0          0          0      27751   hal_tim.o
       186          4          0          0          0       6297   hal_uart.o
      1134         52          0          0          0      15884   initialize.o
       152         32          0          0          0       3063   interrupt.o
       528         76          0          3         32       5110   main.o
       124         58        192          0       1536        740   startup_mm32spin06xx_s_keil.o
       448         40          0          4          0       3694   system_mm32spin06xx_s.o
        72          0          0          0          0       1785   uart.o

    ----------------------------------------------------------------------
      5696        462        234         28       1588     107233   Object Totals
         0          0         32          0          0          0   (incl. Generated)
         8          0          2          1         16          0   (incl. Padding)

    ----------------------------------------------------------------------

      Code (inc. data)   RO Data    RW Data    ZI Data      Debug   Library Member Name

         8          0          0          0          0         68   __main.o
       108          0          0          0          0         76   __printf.o
         0          0          0          0          0          0   __rtentry.o
        12          0          0          0          0          0   __rtentry2.o
         6          0          0          0          0          0   __rtentry4.o
        60          8          0          0          0          0   __scatter.o
        26          0          0          0          0          0   __scatter_copy.o
        28          0          0          0          0          0   __scatter_zi.o
        48          6          0          0          0         88   _printf_char_common.o
       108         18          0          0          0         76   _printf_dec.o
        10          0          0          0          0          0   _printf_i.o
       176          0          0          0          0         84   _printf_intcommon.o
         2          0          0          0          0          0   _printf_percent.o
         4          0          0          0          0          0   _printf_percent_end.o
        10          0          0          0          0         60   _sputc.o
       502          0          0          0          0         92   aeabi_sdivfast.o
        16          0          0          0          0         68   exit.o
         6          0          0          0          0        136   heapauxi.o
         0          0          0          0          0          0   indicate_semi.o
         2          0          0          0          0          0   libinit.o
         2          0          0          0          0          0   libinit2.o
         2          0          0          0          0          0   libshutdown.o
         2          0          0          0          0          0   libshutdown2.o
         8          4          0          0         96         68   libspace.o
        40          4          0          0          0         84   noretval__2sprintf.o
         2          0          0          0          0          0   rtexit.o
        10          0          0          0          0          0   rtexit2.o
        40          0          0          0          0         60   rtudiv10.o
        12          4          0          0          0         60   sys_exit.o
        62          0          0          0          0         80   sys_stackheap_outer.o
         2          0          0          0          0         68   use_no_semi.o
        72          4          0          0          0         68   dfixui.o
        88          0          0          0          0         92   dflti.o
         0          0          0          0          0          0   usenofp.o

    ----------------------------------------------------------------------
      1482         48          0          0         96       1328   Library Totals
         8          0          0          0          0          0   (incl. Padding)

    ----------------------------------------------------------------------

      Code (inc. data)   RO Data    RW Data    ZI Data      Debug   Library Name

      1314         44          0          0         96       1168   c_p.l
       160          4          0          0          0        160   fz_ps.l

    ----------------------------------------------------------------------
      1482         48          0          0         96       1328   Library Totals

    ----------------------------------------------------------------------

==============================================================================


      Code (inc. data)   RO Data    RW Data    ZI Data      Debug   

      7178        510        234         28       1684     107741   Grand Totals
      7178        510        234         28       1684     107741   ELF Image Totals
      7178        510        234         28          0          0   ROM Totals

==============================================================================

    Total RO  Size (Code + RO Data)                 7412 (   7.24kB)
    Total RW  Size (RW Data + ZI Data)              1712 (   1.67kB)
    Total ROM Size (Code + RO Data + RW Data)       7440 (   7.27kB)

==============================================================================

