Component: Arm Compiler for Embedded 6.19 Tool: armlink [5e73cb00]

==============================================================================

Section Cross References

    main.o(.text.main) refers to hal_rcc.o(.text.RCC_AHBPeriphClockCmd) for RCC_AHBPeriphClockCmd
    main.o(.text.main) refers to autodetect.o(.text.selfhold) for selfhold
    main.o(.text.main) refers to delay.o(.text.DELAY_Init) for DELAY_Init
    main.o(.text.main) refers to initialize.o(.text.BLDC_init) for BLDC_init
    main.o(.text.main) refers to initialize.o(.text.TIM1_init) for TIM1_init
    main.o(.text.main) refers to initialize.o(.text.UARTX_Init) for UARTX_Init
    main.o(.text.main) refers to initialize.o(.text.exNVIC_Configure) for exNVIC_Configure
    main.o(.text.main) refers to initialize.o(.text.DMA_NVIC_Config) for DMA_NVIC_Config
    main.o(.text.main) refers to delay.o(.text.DELAY_Ms) for DELAY_Ms
    main.o(.text.main) refers to autodetect.o(.text.detectSelfHold) for detectSelfHold
    main.o(.text.main) refers to autodetect.o(.text.autoDetectInit) for autoDetectInit
    main.o(.text.main) refers to autodetect.o(.text.printvoltage) for printvoltage
    main.o(.text.main) refers to uart.o(.text.UART_SendString) for UART_SendString
    main.o(.text.main) refers to uart.o(.text.UART_Send_Group) for UART_Send_Group
    main.o(.text.main) refers to autodetect.o(.text.simhallupdate) for simhallupdate
    main.o(.text.main) refers to autodetect.o(.text.blinkLEDupdate) for blinkLEDupdate
    main.o(.text.main) refers to autodetect.o(.data.pinstorage) for pinstorage
    main.o(.text.main) refers to main.o(.bss.sRxBuffer) for sRxBuffer
    main.o(.text.main) refers to main.o(.bss.masterslave) for masterslave
    main.o(.text.main) refers to autodetect.o(.bss.mode) for mode
    main.o(.text.main) refers to autodetect.o(.bss.init) for init
    main.o(.text.main) refers to autodetect.o(.rodata.banner) for banner
    main.o(.ARM.exidx.text.main) refers to main.o(.text.main) for [Anonymous Symbol]
    delay.o(.text.DELAY_Init) refers to aeabi_sdivfast.o(.text_divfast) for __aeabi_uidiv
    delay.o(.text.DELAY_Init) refers to system_mm32spin06xx_s.o(.data.SystemCoreClock) for SystemCoreClock
    delay.o(.ARM.exidx.text.DELAY_Init) refers to delay.o(.text.DELAY_Init) for [Anonymous Symbol]
    delay.o(.text.SysTick_Handler) refers to delay.o(.bss.sTimingDelay) for sTimingDelay
    delay.o(.text.SysTick_Handler) refers to main.o(.bss.millis) for millis
    delay.o(.ARM.exidx.text.SysTick_Handler) refers to delay.o(.text.SysTick_Handler) for [Anonymous Symbol]
    delay.o(.text.DELAY_Ms) refers to delay.o(.bss.sTimingDelay) for sTimingDelay
    delay.o(.ARM.exidx.text.DELAY_Ms) refers to delay.o(.text.DELAY_Ms) for [Anonymous Symbol]
    bldc.o(.text.hallpos) refers to hal_gpio.o(.text.GPIO_ReadInputDataBit) for GPIO_ReadInputDataBit
    bldc.o(.text.hallpos) refers to bldc.o(.rodata.hall_to_pos) for hall_to_pos
    bldc.o(.ARM.exidx.text.hallpos) refers to bldc.o(.text.hallpos) for [Anonymous Symbol]
    bldc.o(.text.commutate) refers to hal_tim.o(.text.TIM_CCxCmd) for TIM_CCxCmd
    bldc.o(.text.commutate) refers to hal_tim.o(.text.TIM_CCxNCmd) for TIM_CCxNCmd
    bldc.o(.text.commutate) refers to hal_tim.o(.text.TIM_SelectOCxM) for TIM_SelectOCxM
    bldc.o(.text.commutate) refers to hal_tim.o(.text.TIM_GenerateEvent) for TIM_GenerateEvent
    bldc.o(.text.commutate) refers to main.o(.data.step) for step
    bldc.o(.ARM.exidx.text.commutate) refers to bldc.o(.text.commutate) for [Anonymous Symbol]
    bldc.o(.text.speedupdate) refers to remoteuartbus.o(.text.RemoteUpdate) for RemoteUpdate
    bldc.o(.text.speedupdate) refers to calculation.o(.text.avgspeed) for avgspeed
    bldc.o(.text.speedupdate) refers to calculation.o(.text.PID) for PID
    bldc.o(.text.speedupdate) refers to aeabi_sdivfast.o(.text_divfast) for __aeabi_idiv
    bldc.o(.text.speedupdate) refers to calculation.o(.text.PID2PWM) for PID2PWM
    bldc.o(.text.speedupdate) refers to dflti.o(.text) for __aeabi_i2d
    bldc.o(.text.speedupdate) refers to dfixui.o(.text) for __aeabi_d2uiz
    bldc.o(.text.speedupdate) refers to interrupt.o(.bss.poweron) for poweron
    bldc.o(.text.speedupdate) refers to bldc.o(.bss.lastcommutate) for lastcommutate
    bldc.o(.text.speedupdate) refers to main.o(.bss.millis) for millis
    bldc.o(.text.speedupdate) refers to main.o(.bss.frealspeed) for frealspeed
    bldc.o(.text.speedupdate) refers to main.o(.bss.realspeed) for realspeed
    bldc.o(.text.speedupdate) refers to main.o(.bss.speed) for speed
    bldc.o(.text.speedupdate) refers to main.o(.bss.pwm) for pwm
    bldc.o(.text.speedupdate) refers to main.o(.data.dir) for dir
    bldc.o(.ARM.exidx.text.speedupdate) refers to bldc.o(.text.speedupdate) for [Anonymous Symbol]
    initialize.o(.text.io_init) refers to hal_rcc.o(.text.RCC_AHBPeriphClockCmd) for RCC_AHBPeriphClockCmd
    initialize.o(.text.io_init) refers to hal_gpio.o(.text.GPIO_Init) for GPIO_Init
[...]
    [Anonymous Symbol]                       0x08001d08   Section        0  hal_adc.o(.text.ADC_GetFlagStatus)
    [Anonymous Symbol]                       0x08001d18   Section        0  hal_adc.o(.text.ADC_GetITStatus)
    [Anonymous Symbol]                       0x08001d28   Section        0  hal_adc.o(.text.ADC_ITConfig)
    [Anonymous Symbol]                       0x08001d48   Section        0  hal_adc.o(.text.ADC_Init)
    __arm_cp.1_0                             0x08001d78   Number         4  hal_adc.o(.text.ADC_Init)
    __arm_cp.1_1                             0x08001d7c   Number         4  hal_adc.o(.text.ADC_Init)
    [Anonymous Symbol]                       0x08001d80   Section        0  hal_adc.o(.text.ADC_RegularChannelConfig)
    [Anonymous Symbol]                       0x08001dbc   Section        0  hal_adc.o(.text.ADC_SoftwareStartConvCmd)
    [Anonymous Symbol]                       0x08001dd0   Section        0  hal_adc.o(.text.ADC_TempSensorVrefintCmd)
    __arm_cp.9_0                             0x08001de8   Number         4  hal_adc.o(.text.ADC_TempSensorVrefintCmd)
    [Anonymous Symbol]                       0x08001dec   Section        0  initialize.o(.text.BLDC_init)
    __arm_cp.3_0                             0x08001e8c   Number         4  initialize.o(.text.BLDC_init)
    __arm_cp.3_1                             0x08001e90   Number         4  initialize.o(.text.BLDC_init)
    [Anonymous Symbol]                       0x08001e94   Section        0  delay.o(.text.DELAY_Init)
    __arm_cp.0_0                             0x08001ed0   Number         4  delay.o(.text.DELAY_Init)
    __arm_cp.0_1                             0x08001ed4   Number         4  delay.o(.text.DELAY_Init)
    __arm_cp.0_2                             0x08001ed8   Number         4  delay.o(.text.DELAY_Init)
    __arm_cp.0_3                             0x08001edc   Number         4  delay.o(.text.DELAY_Init)
    [Anonymous Symbol]                       0x08001ee0   Section        0  delay.o(.text.DELAY_Ms)
    [Anonymous Symbol]                       0x08001ef4   Section        0  interrupt.o(.text.DMA1_Channel2_3_IRQHandler)
    __arm_cp.1_0                             0x08001f18   Number         4  interrupt.o(.text.DMA1_Channel2_3_IRQHandler)
    [Anonymous Symbol]                       0x08001f1c   Section        0  hal_dma.o(.text.DMA_ClearITPendingBit)
    [Anonymous Symbol]                       0x08001f24   Section        0  hal_dma.o(.text.DMA_Cmd)
    [Anonymous Symbol]                       0x08001f30   Section        0  hal_dma.o(.text.DMA_DeInit)
    __arm_cp.0_0                             0x08001f5c   Number         4  hal_dma.o(.text.DMA_DeInit)
    [Anonymous Symbol]                       0x08001f60   Section        0  hal_dma.o(.text.DMA_GetITStatus)
    __arm_cp.8_0                             0x08001f6c   Number         4  hal_dma.o(.text.DMA_GetITStatus)
    [Anonymous Symbol]                       0x08001f70   Section        0  hal_dma.o(.text.DMA_ITConfig)
    [Anonymous Symbol]                       0x08001f84   Section        0  hal_dma.o(.text.DMA_Init)
    __arm_cp.1_0                             0x08001fcc   Number         4  hal_dma.o(.text.DMA_Init)
    [Anonymous Symbol]                       0x08001fd0   Section        0  initialize.o(.text.DMA_NVIC_Config)
    __arm_cp.9_0                             0x0800203c   Number         4  initialize.o(.text.DMA_NVIC_Config)
    [Anonymous Symbol]                       0x08002040   Section        0  hal_dma.o(.text.DMA_StructInit)
    [Anonymous Symbol]                       0x08002056   Section        0  hal_gpio.o(.text.GPIO_Init)
    [Anonymous Symbol]                       0x080020e6   Section        0  hal_gpio.o(.text.GPIO_PinAFConfig)
    [Anonymous Symbol]                       0x08002106   Section        0  hal_gpio.o(.text.GPIO_ReadInputDataBit)
    [Anonymous Symbol]                       0x08002110   Section        0  hal_gpio.o(.text.GPIO_StructInit)
    __arm_cp.3_0                             0x0800211c   Number         4  hal_gpio.o(.text.GPIO_StructInit)
    __arm_cp.3_1                             0x08002120   Number         4  hal_gpio.o(.text.GPIO_StructInit)
    [Anonymous Symbol]                       0x08002124   Section        0  hal_rcc.o(.text.RCC_AHBPeriphClockCmd)
    __arm_cp.18_0                            0x0800213c   Number         4  hal_rcc.o(.text.RCC_AHBPeriphClockCmd)
    [Anonymous Symbol]                       0x08002140   Section        0  hal_rcc.o(.text.RCC_APB1PeriphClockCmd)
    __arm_cp.20_0                            0x08002158   Number         4  hal_rcc.o(.text.RCC_APB1PeriphClockCmd)
    [Anonymous Symbol]                       0x0800215c   Section        0  hal_rcc.o(.text.RCC_APB2PeriphClockCmd)
    __arm_cp.19_0                            0x08002174   Number         4  hal_rcc.o(.text.RCC_APB2PeriphClockCmd)
    [Anonymous Symbol]                       0x08002178   Section        0  hal_rcc.o(.text.RCC_GetPCLK1Freq)
    [Anonymous Symbol]                       0x080021a4   Section        0  hal_rcc.o(.text.RCC_GetPCLK2Freq)
    __arm_cp.16_0                            0x080021d0   Number         4  hal_rcc.o(.text.RCC_GetPCLK2Freq)
    __arm_cp.16_1                            0x080021d4   Number         4  hal_rcc.o(.text.RCC_GetPCLK2Freq)
    __arm_cp.16_2                            0x080021d8   Number         4  hal_rcc.o(.text.RCC_GetPCLK2Freq)
    __arm_cp.16_3                            0x080021dc   Number         4  hal_rcc.o(.text.RCC_GetPCLK2Freq)
    [Anonymous Symbol]                       0x080021e0   Section        0  delay.o(.text.SysTick_Handler)
    __arm_cp.1_0                             0x080021f8   Number         4  delay.o(.text.SysTick_Handler)
    [Anonymous Symbol]                       0x080021fc   Section        0  system_mm32spin06xx_s.o(.text.SystemInit)
    __arm_cp.0_0                             0x08002348   Number         4  system_mm32spin06xx_s.o(.text.SystemInit)
    __arm_cp.0_1                             0x0800234c   Number         4  system_mm32spin06xx_s.o(.text.SystemInit)
    __arm_cp.0_2                             0x08002350   Number         4  system_mm32spin06xx_s.o(.text.SystemInit)
    __arm_cp.0_3                             0x08002354   Number         4  system_mm32spin06xx_s.o(.text.SystemInit)
    __arm_cp.0_4                             0x08002358   Number         4  system_mm32spin06xx_s.o(.text.SystemInit)
    __arm_cp.0_5                             0x0800235c   Number         4  system_mm32spin06xx_s.o(.text.SystemInit)
    __arm_cp.0_6                             0x08002360   Number         4  system_mm32spin06xx_s.o(.text.SystemInit)
    __arm_cp.0_7                             0x08002364   Number         4  system_mm32spin06xx_s.o(.text.SystemInit)
    __arm_cp.0_8                             0x08002368   Number         4  system_mm32spin06xx_s.o(.text.SystemInit)
    __arm_cp.0_9                             0x0800236c   Number         4  system_mm32spin06xx_s.o(.text.SystemInit)
    [Anonymous Symbol]                       0x08002370   Section        0  interrupt.o(.text.TIM1_BRK_UP_TRG_COM_IRQHandler)
    [Anonymous Symbol]                       0x0800237c   Section        0  initialize.o(.text.TIM1_init)
    __arm_cp.4_1                             0x08002428   Number         4  initialize.o(.text.TIM1_init)
    __arm_cp.4_2                             0x0800242c   Number         4  initialize.o(.text.TIM1_init)
    [Anonymous Symbol]                       0x08002430   Section        0  interrupt.o(.text.TIM2_IRQHandler)
    [Anonymous Symbol]                       0x0800247c   Section        0  interrupt.o(.text.TIM3_IRQHandler)
    __arm_cp.4_1                             0x080024c8   Number         4  interrupt.o(.text.TIM3_IRQHandler)
    __arm_cp.4_2                             0x080024cc   Number         4  interrupt.o(.text.TIM3_IRQHandler)
    __arm_cp.4_3                             0x080024d0   Number         4  interrupt.o(.text.TIM3_IRQHandler)
    __arm_cp.4_4                             0x080024d4   Number         4  interrupt.o(.text.TIM3_IRQHandler)
    __arm_cp.4_5                             0x080024d8   Number         4  interrupt.o(.text.TIM3_IRQHandler)
    [Anonymous Symbol]                       0x080024dc   Section        0  hal_tim.o(.text.TIM_BDTRConfig)
    [Anonymous Symbol]                       0x080024fa   Section        0  hal_tim.o(.text.TIM_BDTRStructInit)
    [Anonymous Symbol]                       0x0800250c   Section        0  hal_tim.o(.text.TIM_CCPreloadControl)
    [Anonymous Symbol]                       0x0800251c   Section        0  hal_tim.o(.text.TIM_CCxCmd)
    [Anonymous Symbol]                       0x0800252c   Section        0  hal_tim.o(.text.TIM_CCxNCmd)
    [Anonymous Symbol]                       0x08002540   Section        0  hal_tim.o(.text.TIM_ClearITPendingBit)
    [Anonymous Symbol]                       0x08002548   Section        0  hal_tim.o(.text.TIM_Cmd)
    [Anonymous Symbol]                       0x08002558   Section        0  hal_tim.o(.text.TIM_CtrlPWMOutputs)
    [Anonymous Symbol]                       0x0800256c   Section        0  hal_tim.o(.text.TIM_GenerateEvent)
    [Anonymous Symbol]                       0x08002570   Section        0  hal_tim.o(.text.TIM_GetITStatus)
    [Anonymous Symbol]                       0x08002584   Section        0  hal_tim.o(.text.TIM_ITConfig)
    [Anonymous Symbol]                       0x08002598   Section        0  hal_tim.o(.text.TIM_OC1Init)
    __arm_cp.2_0                             0x080025f0   Number         4  hal_tim.o(.text.TIM_OC1Init)
    [Anonymous Symbol]                       0x080025f4   Section        0  hal_tim.o(.text.TIM_OC2Init)
    [Anonymous Symbol]                       0x08002650   Section        0  hal_tim.o(.text.TIM_OC3Init)
    __arm_cp.4_0                             0x080026a8   Number         4  hal_tim.o(.text.TIM_OC3Init)
    [Anonymous Symbol]                       0x080026ac   Section        0  hal_tim.o(.text.TIM_OCStructInit)
    [Anonymous Symbol]                       0x080026bc   Section        0  hal_tim.o(.text.TIM_SelectOCxM)
    [Anonymous Symbol]                       0x08002714   Section        0  hal_tim.o(.text.TIM_TimeBaseInit)
    __arm_cp.1_0                             0x08002784   Number         4  hal_tim.o(.text.TIM_TimeBaseInit)
    __arm_cp.1_1                             0x08002788   Number         4  hal_tim.o(.text.TIM_TimeBaseInit)
    __arm_cp.1_2                             0x0800278c   Number         4  hal_tim.o(.text.TIM_TimeBaseInit)
    __arm_cp.1_3                             0x08002790   Number         4  hal_tim.o(.text.TIM_TimeBaseInit)
    __arm_cp.1_4                             0x08002794   Number         4  hal_tim.o(.text.TIM_TimeBaseInit)
    [Anonymous Symbol]                       0x08002798   Section        0  hal_tim.o(.text.TIM_TimeBaseStructInit)
    [Anonymous Symbol]                       0x080027a8   Section        0  initialize.o(.text.UARTX_Init)
    __arm_cp.7_1                             0x0800282c   Number         4  initialize.o(.text.UARTX_Init)
    __arm_cp.7_2                             0x08002830   Number         4  initialize.o(.text.UARTX_Init)
    [Anonymous Symbol]                       0x08002834   Section        0  hal_uart.o(.text.UART_Cmd)
    [Anonymous Symbol]                       0x08002840   Section        0  hal_uart.o(.text.UART_DMACmd)
    [Anonymous Symbol]                       0x0800284e   Section        0  hal_uart.o(.text.UART_GetFlagStatus)
    [Anonymous Symbol]                       0x08002858   Section        0  hal_uart.o(.text.UART_Init)
    __arm_cp.1_1                             0x080028c8   Number         4  hal_uart.o(.text.UART_Init)
    [Anonymous Symbol]                       0x080028cc   Section        0  hal_uart.o(.text.UART_SendData)
    [Anonymous Symbol]                       0x080028d4   Section        0  uart.o(.text.UART_SendString)
    [Anonymous Symbol]                       0x08002900   Section        0  uart.o(.text.UART_Send_Byte)
    [Anonymous Symbol]                       0x0800291c   Section        0  uart.o(.text.UART_Send_Group)
    __arm_cp.1_0                             0x08002948   Number         4  uart.o(.text.UART_Send_Group)
    [Anonymous Symbol]                       0x0800294c   Section        0  hal_uart.o(.text.UART_StructInit)
    [Anonymous Symbol]                       0x08002964   Section        0  hardware.o(.text.analogRead)
    __arm_cp.3_0                             0x080029f0   Number         4  hardware.o(.text.analogRead)
    [Anonymous Symbol]                       0x080029f4   Section        0  autodetect.o(.text.autoDetectInit)
    __arm_cp.5_1                             0x08002b90   Number         4  autodetect.o(.text.autoDetectInit)
    __arm_cp.5_2                             0x08002b94   Number         4  autodetect.o(.text.autoDetectInit)
    __arm_cp.5_3                             0x08002b98   Number         4  autodetect.o(.text.autoDetectInit)
    __arm_cp.5_4                             0x08002b9c   Number         4  autodetect.o(.text.autoDetectInit)
    __arm_cp.5_7                             0x08002ba0   Number         4  autodetect.o(.text.autoDetectInit)
    __arm_cp.5_9                             0x08002ba4   Number         4  autodetect.o(.text.autoDetectInit)
    __arm_cp.5_10                            0x08002ba8   Number         4  autodetect.o(.text.autoDetectInit)
    __arm_cp.5_11                            0x08002bac   Number         4  autodetect.o(.text.autoDetectInit)
    [Anonymous Symbol]                       0x08002bb0   Section        0  autodetect.o(.text.autoDetectSerialIt)
    __arm_cp.3_0                             0x08002d04   Number         4  autodetect.o(.text.autoDetectSerialIt)
    __arm_cp.3_1                             0x08002d08   Number         4  autodetect.o(.text.autoDetectSerialIt)
    __arm_cp.3_2                             0x08002d0c   Number         4  autodetect.o(.text.autoDetectSerialIt)
    __arm_cp.3_4                             0x08002d10   Number         4  autodetect.o(.text.autoDetectSerialIt)
    __arm_cp.3_5                             0x08002d14   Number         4  autodetect.o(.text.autoDetectSerialIt)
    __arm_cp.3_6                             0x08002d18   Number         4  autodetect.o(.text.autoDetectSerialIt)
    __arm_cp.3_7                             0x08002d1c   Number         4  autodetect.o(.text.autoDetectSerialIt)
    [Anonymous Symbol]                       0x08002d20   Section        0  calculation.o(.text.avgItotal)
    __arm_cp.3_0                             0x08002d54   Number         4  calculation.o(.text.avgItotal)
    __arm_cp.3_1                             0x08002d58   Number         4  calculation.o(.text.avgItotal)
    __arm_cp.3_2                             0x08002d5c   Number         4  calculation.o(.text.avgItotal)
    __arm_cp.3_3                             0x08002d60   Number         4  calculation.o(.text.avgItotal)
    __arm_cp.3_4                             0x08002d64   Number         4  calculation.o(.text.avgItotal)
    [Anonymous Symbol]                       0x08002d68   Section        0  calculation.o(.text.avgvbat)
    __arm_cp.2_0                             0x08002d9c   Number         4  calculation.o(.text.avgvbat)
    __arm_cp.2_1                             0x08002da0   Number         4  calculation.o(.text.avgvbat)
    __arm_cp.2_2                             0x08002da4   Number         4  calculation.o(.text.avgvbat)
    __arm_cp.2_3                             0x08002da8   Number         4  calculation.o(.text.avgvbat)
    __arm_cp.2_4                             0x08002dac   Number         4  calculation.o(.text.avgvbat)
    [Anonymous Symbol]                       0x08002db0   Section        0  autodetect.o(.text.blinkLEDupdate)
    __arm_cp.6_0                             0x08002df0   Number         4  autodetect.o(.text.blinkLEDupdate)
    __arm_cp.6_2                             0x08002df4   Number         4  autodetect.o(.text.blinkLEDupdate)
    __arm_cp.6_3                             0x08002df8   Number         4  autodetect.o(.text.blinkLEDupdate)
    __arm_cp.6_4                             0x08002dfc   Number         4  autodetect.o(.text.blinkLEDupdate)
    [Anonymous Symbol]                       0x08002e00   Section        0  bldc.o(.text.commutate)
    __arm_cp.1_0                             0x08003098   Number         4  bldc.o(.text.commutate)
    __arm_cp.1_1                             0x0800309c   Number         4  bldc.o(.text.commutate)
    [Anonymous Symbol]                       0x080030a0   Section        0  autodetect.o(.text.detectSelfHold)
    __arm_cp.2_0                             0x0800316c   Number         4  autodetect.o(.text.detectSelfHold)
    __arm_cp.2_2                             0x08003170   Number         4  autodetect.o(.text.detectSelfHold)
    __arm_cp.2_3                             0x08003174   Number         4  autodetect.o(.text.detectSelfHold)
    __arm_cp.2_4                             0x08003178   Number         4  autodetect.o(.text.detectSelfHold)
    __arm_cp.2_5                             0x0800317c   Number         4  autodetect.o(.text.detectSelfHold)
    __arm_cp.2_6                             0x08003180   Number         4  autodetect.o(.text.detectSelfHold)
    [Anonymous Symbol]                       0x08003184   Section        0  hardware.o(.text.digitalRead)
    [Anonymous Symbol]                       0x080031b8   Section        0  initialize.o(.text.exNVIC_Configure)
    [Anonymous Symbol]                       0x080031d4   Section        0  hal_misc.o(.text.exNVIC_Init)
    __arm_cp.1_0                             0x08003218   Number         4  hal_misc.o(.text.exNVIC_Init)
    __arm_cp.1_1                             0x0800321c   Number         4  hal_misc.o(.text.exNVIC_Init)
    __arm_cp.1_2                             0x08003220   Number         4  hal_misc.o(.text.exNVIC_Init)
    [Anonymous Symbol]                       0x08003224   Section        0  hal_rcc.o(.text.exRCC_APB2PeriphReset)
    __arm_cp.32_0                            0x08003234   Number         4  hal_rcc.o(.text.exRCC_APB2PeriphReset)
    [Anonymous Symbol]                       0x08003238   Section        0  bldc.o(.text.hallpos)
    __arm_cp.0_1                             0x0800329c   Number         4  bldc.o(.text.hallpos)
    [Anonymous Symbol]                       0x080032a0   Section        0  main.o(.text.main)
    __arm_cp.0_0                             0x08003398   Number         4  main.o(.text.main)
    __arm_cp.0_1                             0x0800339c   Number         4  main.o(.text.main)
    __arm_cp.0_2                             0x080033a0   Number         4  main.o(.text.main)
    __arm_cp.0_3                             0x080033a4   Number         4  main.o(.text.main)
    __arm_cp.0_4                             0x080033a8   Number         4  main.o(.text.main)
    __arm_cp.0_5                             0x080033ac   Number         4  main.o(.text.main)
    __arm_cp.0_6                             0x080033b0   Number         4  main.o(.text.main)
    __arm_cp.0_8                             0x080033bc   Number         4  main.o(.text.main)
    [Anonymous Symbol]                       0x080033f4   Section        0  hardware.o(.text.pinMode)
    __arm_cp.0_0                             0x08003428   Number         4  hardware.o(.text.pinMode)
    __arm_cp.0_1                             0x0800342c   Number         4  hardware.o(.text.pinMode)
    __arm_cp.0_2                             0x08003430   Number         4  hardware.o(.text.pinMode)
    __arm_cp.0_3                             0x08003434   Number         4  hardware.o(.text.pinMode)
    [Anonymous Symbol]                       0x08003438   Section        0  autodetect.o(.text.printvoltage)
    __arm_cp.7_0                             0x080034e8   Number         4  autodetect.o(.text.printvoltage)
    __arm_cp.7_1                             0x080034ec   Number         4  autodetect.o(.text.printvoltage)
    __arm_cp.7_2                             0x080034f0   Number         4  autodetect.o(.text.printvoltage)
    __arm_cp.7_3                             0x080034f4   Number         4  autodetect.o(.text.printvoltage)
    __arm_cp.7_4                             0x080034f8   Number         4  autodetect.o(.text.printvoltage)
    __arm_cp.7_5                             0x080034fc   Number         4  autodetect.o(.text.printvoltage)
    __arm_cp.7_6                             0x08003500   Number         4  autodetect.o(.text.printvoltage)
    __arm_cp.7_7                             0x08003504   Number         4  autodetect.o(.text.printvoltage)
    __arm_cp.7_8                             0x08003508   Number         4  autodetect.o(.text.printvoltage)
    [Anonymous Symbol]                       0x08003528   Section        0  autodetect.o(.text.selfhold)
    [Anonymous Symbol]                       0x08003568   Section        0  autodetect.o(.text.simhallupdate)
    __arm_cp.4_0                             0x08003874   Number         4  autodetect.o(.text.simhallupdate)
    __arm_cp.4_1                             0x08003878   Number         4  autodetect.o(.text.simhallupdate)
    __arm_cp.4_2                             0x0800387c   Number         4  autodetect.o(.text.simhallupdate)
    __arm_cp.4_3                             0x08003880   Number         4  autodetect.o(.text.simhallupdate)
    __arm_cp.4_4                             0x08003884   Number         4  autodetect.o(.text.simhallupdate)
    __arm_cp.4_5                             0x08003888   Number         4  autodetect.o(.text.simhallupdate)
    __arm_cp.4_6                             0x0800388c   Number         4  autodetect.o(.text.simhallupdate)
    __arm_cp.4_10                            0x080038a8   Number         4  autodetect.o(.text.simhallupdate)
    [Anonymous Symbol]                       0x080038ac   Section        0  calculation.o(.text.updateMotorRPM)
    __arm_cp.5_0                             0x080038bc   Number         4  calculation.o(.text.updateMotorRPM)
    [Anonymous Symbol]                       0x080038c0   Section        0  initialize.o(.text.vref_Init)
    __arm_cp.12_0                            0x08003908   Number         4  initialize.o(.text.vref_Init)
    .text_divfast                            0x0800390c   Section      502  aeabi_sdivfast.o(.text_divfast)
    i.__ARM_common_ll_muluu                  0x08003b02   Section        0  btod.o(i.__ARM_common_ll_muluu)
    i.__ARM_fpclassify                       0x08003b34   Section        0  fpclassify.o(i.__ARM_fpclassify)
    i._fgeq                                  0x08003b60   Section        0  fcmp.o(i._fgeq)
    i._fleq                                  0x08003b76   Section        0  fcmp.o(i._fleq)
    locale$$code                             0x08003b90   Section       44  lc_numeric_c.o(locale$$code)
    x$fpl$fgeqf                              0x08003bbc   Section       84  fgef.o(x$fpl$fgeqf)
    x$fpl$fleqf                              0x08003c10   Section       84  flef.o(x$fpl$fleqf)
    x$fpl$printf1                            0x08003c64   Section       16  printf1.o(x$fpl$printf1)
    ddiv_reciptbl                            0x08003c74   Data         128  ddiv.o(.constdata)
    .constdata                               0x08003c74   Section      128  ddiv.o(.constdata)
    x$fpl$usenofp                            0x08003c74   Section        0  usenofp.o(x$fpl$usenofp)
    tenpwrs_x                                0x08003cf4   Data          60  bigflt0.o(.constdata)
    .constdata                               0x08003cf4   Section      148  bigflt0.o(.constdata)
    tenpwrs_i                                0x08003d30   Data          64  bigflt0.o(.constdata)
    locale$$data                             0x08004180   Section       28  lc_numeric_c.o(locale$$data)
    __lcnum_c_name                           0x08004184   Data           2  lc_numeric_c.o(locale$$data)
    __lcnum_c_start                          0x0800418c   Data           0  lc_numeric_c.o(locale$$data)
    __lcnum_c_point                          0x08004198   Data           0  lc_numeric_c.o(locale$$data)
    __lcnum_c_thousands                      0x0800419a   Data           0  lc_numeric_c.o(locale$$data)
    __lcnum_c_grouping                       0x0800419b   Data           0  lc_numeric_c.o(locale$$data)
    __lcnum_c_end                            0x0800419c   Data           0  lc_numeric_c.o(locale$$data)
    .bss                                     0x200000b0   Section       96  libspace.o(.bss)
    Heap_Mem                                 0x20000368   Data         512  startup_mm32spin06xx_s_keil.o(HEAP)
    HEAP                                     0x20000368   Section      512  startup_mm32spin06xx_s_keil.o(HEAP)
    Stack_Mem                                0x20000568   Data        1024  startup_mm32spin06xx_s_keil.o(STACK)
    STACK                                    0x20000568   Section     1024  startup_mm32spin06xx_s_keil.o(STACK)
    __initial_sp                             0x20000968   Data           0  startup_mm32spin06xx_s_keil.o(STACK)

    Global Symbols

    Symbol Name                              Value     Ov Type        Size  Object(Section)

    BuildAttributes$$THM_ISAv3M$S$PE$A:L22$X:L11$S22$IEEE1$IW$~IW$USESV6$~STKCKD$USESV7$~SHL$OTIME$ROPI$IEEEJ$EBA8$UX$STANDARDLIB$REQ8$PRES8$EABIv2 0x00000000   Number         0  anon$$obj.o ABSOLUTE
    __ARM_exceptions_init                     - Undefined Weak Reference
    __alloca_initialize                       - Undefined Weak Reference
    __arm_preinit_                            - Undefined Weak Reference
    __arm_relocate_pie_                       - Undefined Weak Reference
    __cpp_initialize__aeabi_                  - Undefined Weak Reference
    __cxa_finalize                            - Undefined Weak Reference
    __sigvec_lookup                           - Undefined Weak Reference
    _atexit_init                              - Undefined Weak Reference
    _call_atexit_fns                          - Undefined Weak Reference
    _clock_init                               - Undefined Weak Reference
    _fp_trap_init                             - Undefined Weak Reference
    _fp_trap_shutdown                         - Undefined Weak Reference
    _get_lc_collate                           - Undefined Weak Reference
    _get_lc_ctype                             - Undefined Weak Reference
    _get_lc_monetary                          - Undefined Weak Reference
    _get_lc_time                              - Undefined Weak Reference
    _getenv_init                              - Undefined Weak Reference
    _handle_redirection                       - Undefined Weak Reference
    _init_alloc                               - Undefined Weak Reference
    _init_user_alloc                          - Undefined Weak Reference
    _initio                                   - Undefined Weak Reference
    _printf_post_padding                      - Undefined Weak Reference
    _printf_pre_padding                       - Undefined Weak Reference
    _rand_init                                - Undefined Weak Reference
    _signal_finish                            - Undefined Weak Reference
    _signal_init                              - Undefined Weak Reference
    _terminate_alloc                          - Undefined Weak Reference
    _terminate_user_alloc                     - Undefined Weak Reference
    _terminateio                              - Undefined Weak Reference
    __Vectors_Size                           0x000000c0   Number         0  startup_mm32spin06xx_s_keil.o ABSOLUTE
    __Vectors                                0x08000000   Data           4  startup_mm32spin06xx_s_keil.o(RESET)
    __Vectors_End                            0x080000c0   Data           0  startup_mm32spin06xx_s_keil.o(RESET)
    __main                                   0x080000c1   Thumb Code     8  __main.o(!!!main)
    __scatterload                            0x080000c9   Thumb Code     0  __scatter.o(!!!scatter)
    __scatterload_rt2                        0x080000c9   Thumb Code    52  __scatter.o(!!!scatter)
    __scatterload_rt2_thumb_only             0x080000c9   Thumb Code     0  __scatter.o(!!!scatter)
    __scatterload_null                       0x080000d9   Thumb Code     0  __scatter.o(!!!scatter)
    __scatterload_copy                       0x08000105   Thumb Code    26  __scatter_copy.o(!!handler_copy)
    __scatterload_zeroinit                   0x08000121   Thumb Code    28  __scatter_zi.o(!!handler_zi)
    _printf_percent                          0x0800013d   Thumb Code     0  _printf_percent.o(.ARM.Collect$$_printf_percent$$00000000)
    _printf_f                                0x0800013f   Thumb Code     0  _printf_f.o(.ARM.Collect$$_printf_percent$$00000003)
    _printf_percent_end                      0x08000149   Thumb Code     0  _printf_percent_end.o(.ARM.Collect$$_printf_percent$$00000017)
    __rt_lib_init                            0x0800014d   Thumb Code     0  libinit.o(.ARM.Collect$$libinit$$00000000)
    __rt_lib_init_fp_1                       0x0800014f   Thumb Code     0  libinit2.o(.ARM.Collect$$libinit$$00000002)
    __rt_lib_init_heap_1                     0x0800014f   Thumb Code     0  libinit2.o(.ARM.Collect$$libinit$$0000000C)
    __rt_lib_init_lc_common                  0x0800014f   Thumb Code     0  libinit2.o(.ARM.Collect$$libinit$$00000011)
    __rt_lib_init_preinit_1                  0x0800014f   Thumb Code     0  libinit2.o(.ARM.Collect$$libinit$$00000006)
    __rt_lib_init_rand_1                     0x0800014f   Thumb Code     0  libinit2.o(.ARM.Collect$$libinit$$00000010)
    __rt_lib_init_relocate_pie_1             0x0800014f   Thumb Code     0  libinit2.o(.ARM.Collect$$libinit$$00000004)
    __rt_lib_init_user_alloc_1               0x0800014f   Thumb Code     0  libinit2.o(.ARM.Collect$$libinit$$0000000E)
    __rt_lib_init_lc_collate_1               0x08000155   Thumb Code     0  libinit2.o(.ARM.Collect$$libinit$$00000013)
    __rt_lib_init_lc_ctype_1                 0x08000155   Thumb Code     0  libinit2.o(.ARM.Collect$$libinit$$00000015)
    __rt_lib_init_lc_monetary_1              0x08000155   Thumb Code     0  libinit2.o(.ARM.Collect$$libinit$$00000017)
    __rt_lib_init_lc_numeric_2               0x08000155   Thumb Code     0  libinit2.o(.ARM.Collect$$libinit$$00000018)
    __rt_lib_init_alloca_1                   0x0800015f   Thumb Code     0  libinit2.o(.ARM.Collect$$libinit$$00000030)
    __rt_lib_init_argv_1                     0x0800015f   Thumb Code     0  libinit2.o(.ARM.Collect$$libinit$$0000002E)
    __rt_lib_init_atexit_1                   0x0800015f   Thumb Code     0  libinit2.o(.ARM.Collect$$libinit$$0000001D)
    __rt_lib_init_clock_1                    0x0800015f   Thumb Code     0  libinit2.o(.ARM.Collect$$libinit$$00000023)
    __rt_lib_init_cpp_1                      0x0800015f   Thumb Code     0  libinit2.o(.ARM.Collect$$libinit$$00000034)
    __rt_lib_init_exceptions_1               0x0800015f   Thumb Code     0  libinit2.o(.ARM.Collect$$libinit$$00000032)
    __rt_lib_init_fp_trap_1                  0x0800015f   Thumb Code     0  libinit2.o(.ARM.Collect$$libinit$$00000021)
    __rt_lib_init_getenv_1                   0x0800015f   Thumb Code     0  libinit2.o(.ARM.Collect$$libinit$$00000025)
    __rt_lib_init_lc_numeric_1               0x0800015f   Thumb Code     0  libinit2.o(.ARM.Collect$$libinit$$00000019)
    __rt_lib_init_lc_time_1                  0x0800015f   Thumb Code     0  libinit2.o(.ARM.Collect$$libinit$$0000001B)
    __rt_lib_init_return                     0x0800015f   Thumb Code     0  libinit2.o(.ARM.Collect$$libinit$$00000035)
    __rt_lib_init_signal_1                   0x0800015f   Thumb Code     0  libinit2.o(.ARM.Collect$$libinit$$0000001F)
    __rt_lib_init_stdio_1                    0x0800015f   Thumb Code     0  libinit2.o(.ARM.Collect$$libinit$$00000027)
    __rt_lib_shutdown                        0x08000161   Thumb Code     0  libshutdown.o(.ARM.Collect$$libshutdown$$00000000)
    __rt_lib_shutdown_cpp_1                  0x08000163   Thumb Code     0  libshutdown2.o(.ARM.Collect$$libshutdown$$00000002)
    __rt_lib_shutdown_fp_trap_1              0x08000163   Thumb Code     0  libshutdown2.o(.ARM.Collect$$libshutdown$$00000007)
    __rt_lib_shutdown_heap_1                 0x08000163   Thumb Code     0  libshutdown2.o(.ARM.Collect$$libshutdown$$0000000F)
    __rt_lib_shutdown_return                 0x08000163   Thumb Code     0  libshutdown2.o(.ARM.Collect$$libshutdown$$00000010)
    __rt_lib_shutdown_signal_1               0x08000163   Thumb Code     0  libshutdown2.o(.ARM.Collect$$libshutdown$$0000000A)
    __rt_lib_shutdown_stdio_1                0x08000163   Thumb Code     0  libshutdown2.o(.ARM.Collect$$libshutdown$$00000004)
    __rt_lib_shutdown_user_alloc_1           0x08000163   Thumb Code     0  libshutdown2.o(.ARM.Collect$$libshutdown$$0000000C)
    __rt_entry                               0x08000165   Thumb Code     0  __rtentry.o(.ARM.Collect$$rtentry$$00000000)
    __rt_entry_presh_1                       0x08000165   Thumb Code     0  __rtentry2.o(.ARM.Collect$$rtentry$$00000002)
    __rt_entry_sh                            0x08000165   Thumb Code     0  __rtentry4.o(.ARM.Collect$$rtentry$$00000004)
    __rt_entry_li                            0x0800016b   Thumb Code     0  __rtentry2.o(.ARM.Collect$$rtentry$$0000000A)
    __rt_entry_postsh_1                      0x0800016b   Thumb Code     0  __rtentry2.o(.ARM.Collect$$rtentry$$00000009)
    __rt_entry_main                          0x0800016f   Thumb Code     0  __rtentry2.o(.ARM.Collect$$rtentry$$0000000D)
    __rt_entry_postli_1                      0x0800016f   Thumb Code     0  __rtentry2.o(.ARM.Collect$$rtentry$$0000000C)
    __rt_exit                                0x08000177   Thumb Code     0  rtexit.o(.ARM.Collect$$rtexit$$00000000)
    __rt_exit_ls                             0x08000179   Thumb Code     0  rtexit2.o(.ARM.Collect$$rtexit$$00000003)
    __rt_exit_prels_1                        0x08000179   Thumb Code     0  rtexit2.o(.ARM.Collect$$rtexit$$00000002)
    __rt_exit_exit                           0x0800017d   Thumb Code     0  rtexit2.o(.ARM.Collect$$rtexit$$00000004)
    Reset_Handler                            0x08000185   Thumb Code    44  startup_mm32spin06xx_s_keil.o(.text)
    NMI_Handler                              0x080001b1   Thumb Code     2  startup_mm32spin06xx_s_keil.o(.text)
    HardFault_Handler                        0x080001b3   Thumb Code     2  startup_mm32spin06xx_s_keil.o(.text)
    SVC_Handler                              0x080001b5   Thumb Code     2  startup_mm32spin06xx_s_keil.o(.text)
    PendSV_Handler                           0x080001b7   Thumb Code     2  startup_mm32spin06xx_s_keil.o(.text)
    CAN_IRQHandler                           0x080001bb   Thumb Code     0  startup_mm32spin06xx_s_keil.o(.text)
    DMA1_Channel1_IRQHandler                 0x080001bb   Thumb Code     0  startup_mm32spin06xx_s_keil.o(.text)
    DMA1_Channel4_5_IRQHandler               0x080001bb   Thumb Code     0  startup_mm32spin06xx_s_keil.o(.text)
    EXTI0_1_IRQHandler                       0x080001bb   Thumb Code     0  startup_mm32spin06xx_s_keil.o(.text)
    EXTI2_3_IRQHandler                       0x080001bb   Thumb Code     0  startup_mm32spin06xx_s_keil.o(.text)
    EXTI4_15_IRQHandler                      0x080001bb   Thumb Code     0  startup_mm32spin06xx_s_keil.o(.text)
    FLASH_IRQHandler                         0x080001bb   Thumb Code     0  startup_mm32spin06xx_s_keil.o(.text)
    HWDIV_IRQHandler                         0x080001bb   Thumb Code     0  startup_mm32spin06xx_s_keil.o(.text)
    I2C1_IRQHandler                          0x080001bb   Thumb Code     0  startup_mm32spin06xx_s_keil.o(.text)
    PVD_IRQHandler                           0x080001bb   Thumb Code     0  startup_mm32spin06xx_s_keil.o(.text)
    RCC_CRS_IRQHandler                       0x080001bb   Thumb Code     0  startup_mm32spin06xx_s_keil.o(.text)
    RTC_BKP_IRQHandler                       0x080001bb   Thumb Code     0  startup_mm32spin06xx_s_keil.o(.text)
    SPI1_IRQHandler                          0x080001bb   Thumb Code     0  startup_mm32spin06xx_s_keil.o(.text)
    SPI2_IRQHandler                          0x080001bb   Thumb Code     0  startup_mm32spin06xx_s_keil.o(.text)
    TIM14_IRQHandler                         0x080001bb   Thumb Code     0  startup_mm32spin06xx_s_keil.o(.text)
    TIM16_IRQHandler                         0x080001bb   Thumb Code     0  startup_mm32spin06xx_s_keil.o(.text)
    TIM17_IRQHandler                         0x080001bb   Thumb Code     0  startup_mm32spin06xx_s_keil.o(.text)
    TIM1_CC_IRQHandler                       0x080001bb   Thumb Code     0  startup_mm32spin06xx_s_keil.o(.text)
    UART1_IRQHandler                         0x080001bb   Thumb Code     0  startup_mm32spin06xx_s_keil.o(.text)
    UART2_IRQHandler                         0x080001bb   Thumb Code     0  startup_mm32spin06xx_s_keil.o(.text)
    WWDG_IRQHandler                          0x080001bb   Thumb Code     0  startup_mm32spin06xx_s_keil.o(.text)
    __user_initial_stackheap                 0x080001bd   Thumb Code     0  startup_mm32spin06xx_s_keil.o(.text)
    __2sprintf                               0x08000201   Thumb Code    36  noretval__2sprintf.o(.text)
    __printf                                 0x08000229   Thumb Code   108  __printf.o(.text)
    __aeabi_memset4                          0x08000295   Thumb Code    18  aeabi_memset4.o(.text)
    __aeabi_memset8                          0x08000295   Thumb Code     0  aeabi_memset4.o(.text)
    __aeabi_uidivmod                         0x080002a9   Thumb Code    28  aeabi_sdivfast.o(.text)
    __aeabi_idivmod                          0x080002c5   Thumb Code   472  aeabi_sdivfast.o(.text)
    __use_two_region_memory                  0x080004a1   Thumb Code     2  heapauxi.o(.text)
    __rt_heap_escrow$2region                 0x080004a3   Thumb Code     2  heapauxi.o(.text)
    __rt_heap_expand$2region                 0x080004a5   Thumb Code     2  heapauxi.o(.text)
    __aeabi_d2f                              0x080004a9   Thumb Code     0  d2f.o(.text)
    _d2f                                     0x080004a9   Thumb Code   120  d2f.o(.text)
    __aeabi_ddiv                             0x08000525   Thumb Code     0  ddiv.o(.text)
    _ddiv                                    0x08000525   Thumb Code  1072  ddiv.o(.text)
    _drdiv                                   0x08000955   Thumb Code    20  ddiv.o(.text)
    __aeabi_d2iz                             0x0800096d   Thumb Code     0  dfixi.o(.text)
    _dfix                                    0x0800096d   Thumb Code    98  dfixi.o(.text)
    __aeabi_i2d_normalise                    0x080009d9   Thumb Code    66  dflti.o(.text)
    __aeabi_i2d                              0x08000a1b   Thumb Code    16  dflti.o(.text)
    _dflt                                    0x08000a1b   Thumb Code     0  dflti.o(.text)
    __aeabi_ui2d                             0x08000a2b   Thumb Code     6  dflti.o(.text)
    _dfltu                                   0x08000a2b   Thumb Code     0  dflti.o(.text)
    __aeabi_dmul                             0x08000a31   Thumb Code     0  dmul.o(.text)
    _dmul                                    0x08000a31   Thumb Code   558  dmul.o(.text)
    __aeabi_f2d                              0x08000c79   Thumb Code     0  f2d.o(.text)
    _f2d                                     0x08000c79   Thumb Code    80  f2d.o(.text)
    _printf_fp_dec_real                      0x08000e69   Thumb Code   620  _printf_fp_dec.o(.text)
    _printf_char_common                      0x080010eb   Thumb Code    32  _printf_char_common.o(.text)
    _sputc                                   0x08001111   Thumb Code    10  _sputc.o(.text)
    _memset_w                                0x0800111b   Thumb Code    26  rt_memclr.o(.text)
    _memset                                  0x08001135   Thumb Code    30  rt_memclr.o(.text)
    __aeabi_memclr                           0x08001153   Thumb Code     4  rt_memclr.o(.text)
    __rt_memclr                              0x08001153   Thumb Code     0  rt_memclr.o(.text)
    __aeabi_memclr4                          0x08001157   Thumb Code     0  rt_memclr.o(.text)
    __aeabi_memclr8                          0x08001157   Thumb Code     0  rt_memclr.o(.text)
    __rt_memclr_w                            0x08001157   Thumb Code     4  rt_memclr.o(.text)
    __rt_locale                              0x0800115d   Thumb Code     8  rt_locale_intlibspace.o(.text)
    _ll_udiv10                               0x08001165   Thumb Code   122  lludiv10.o(.text)
    _printf_fp_infnan                        0x080011e1   Thumb Code   120  _printf_fp_infnan.o(.text)
    _btod_etento                             0x08001269   Thumb Code   210  bigflt0.o(.text)
    _btod_d2e                                0x08001341   Thumb Code    64  btod.o(.text)
    _btod_emul                               0x08001775   Thumb Code    28  btod.o(.text)
    _btod_emuld                              0x08001791   Thumb Code   144  btod.o(.text)
    _btod_ediv                               0x08001821   Thumb Code    26  btod.o(.text)
    _btod_edivd                              0x0800183b   Thumb Code   124  btod.o(.text)
    __rt_udiv10                              0x080018c1   Thumb Code    40  rtudiv10.o(.text)
    __fpl_fcmp_InfNaN                        0x080018e9   Thumb Code    96  fcmpin.o(.text)
    __user_libspace                          0x0800194d   Thumb Code     8  libspace.o(.text)
    __user_perproc_libspace                  0x0800194d   Thumb Code     0  libspace.o(.text)
    __user_perthread_libspace                0x0800194d   Thumb Code     0  libspace.o(.text)
    __user_setup_stackheap                   0x08001955   Thumb Code    62  sys_stackheap_outer.o(.text)
    exit                                     0x08001993   Thumb Code    16  exit.o(.text)
    strcmp                                   0x080019a5   Thumb Code   176  strcmpv6m.o(.text)
    __fpl_cmpreturn                          0x08001a55   Thumb Code    46  cmpret.o(.text)
    __fpl_fcheck_NaN2                        0x08001a85   Thumb Code    10  fnan2.o(.text)
    __fpl_return_NaN                         0x08001a95   Thumb Code    94  retnan.o(.text)
    _sys_exit                                0x08001af5   Thumb Code     8  sys_exit.o(.text)
    __I$use$semihosting                      0x08001b01   Thumb Code     0  use_no_semi.o(.text)
    __use_no_semihosting_swi                 0x08001b01   Thumb Code     2  use_no_semi.o(.text)
    __semihosting_library_function           0x08001b03   Thumb Code     0  indicate_semi.o(.text)
    ADC1_COMP_IRQHandler                     0x08001b05   Thumb Code   284  interrupt.o(.text.ADC1_COMP_IRQHandler)
    ADCALL_Init                              0x08001c59   Thumb Code    60  initialize.o(.text.ADCALL_Init)
    ADC_AnalogWatchdogCmd                    0x08001c95   Thumb Code    18  hal_adc.o(.text.ADC_AnalogWatchdogCmd)
    ADC_AnalogWatchdogSingleChannelConfig    0x08001ca7   Thumb Code    20  hal_adc.o(.text.ADC_AnalogWatchdogSingleChannelConfig)
    ADC_AnalogWatchdogThresholdsConfig       0x08001cbb   Thumb Code     8  hal_adc.o(.text.ADC_AnalogWatchdogThresholdsConfig)
    ADC_ClearFlag                            0x08001cc3   Thumb Code    14  hal_adc.o(.text.ADC_ClearFlag)
    ADC_ClearITPendingBit                    0x08001cd1   Thumb Code    14  hal_adc.o(.text.ADC_ClearITPendingBit)
    ADC_Cmd                                  0x08001cdf   Thumb Code    16  hal_adc.o(.text.ADC_Cmd)
    ADC_DeInit                               0x08001cf1   Thumb Code    20  hal_adc.o(.text.ADC_DeInit)
    ADC_GetFlagStatus                        0x08001d09   Thumb Code    16  hal_adc.o(.text.ADC_GetFlagStatus)
    ADC_GetITStatus                          0x08001d19   Thumb Code    16  hal_adc.o(.text.ADC_GetITStatus)
    ADC_ITConfig                             0x08001d29   Thumb Code    30  hal_adc.o(.text.ADC_ITConfig)
    ADC_Init                                 0x08001d49   Thumb Code    48  hal_adc.o(.text.ADC_Init)
    ADC_RegularChannelConfig                 0x08001d81   Thumb Code    60  hal_adc.o(.text.ADC_RegularChannelConfig)
    ADC_SoftwareStartConvCmd                 0x08001dbd   Thumb Code    20  hal_adc.o(.text.ADC_SoftwareStartConvCmd)
    ADC_TempSensorVrefintCmd                 0x08001dd1   Thumb Code    24  hal_adc.o(.text.ADC_TempSensorVrefintCmd)
    BLDC_init                                0x08001ded   Thumb Code   160  initialize.o(.text.BLDC_init)
    DELAY_Init                               0x08001e95   Thumb Code    60  delay.o(.text.DELAY_Init)
    DELAY_Ms                                 0x08001ee1   Thumb Code    20  delay.o(.text.DELAY_Ms)
    DMA1_Channel2_3_IRQHandler               0x08001ef5   Thumb Code    36  interrupt.o(.text.DMA1_Channel2_3_IRQHandler)
    DMA_ClearITPendingBit                    0x08001f1d   Thumb Code     8  hal_dma.o(.text.DMA_ClearITPendingBit)
    DMA_Cmd                                  0x08001f25   Thumb Code    12  hal_dma.o(.text.DMA_Cmd)
    DMA_DeInit                               0x08001f31   Thumb Code    44  hal_dma.o(.text.DMA_DeInit)
    DMA_GetITStatus                          0x08001f61   Thumb Code    12  hal_dma.o(.text.DMA_GetITStatus)
    DMA_ITConfig                             0x08001f71   Thumb Code    20  hal_dma.o(.text.DMA_ITConfig)
    DMA_Init                                 0x08001f85   Thumb Code    72  hal_dma.o(.text.DMA_Init)
    DMA_NVIC_Config                          0x08001fd1   Thumb Code   108  initialize.o(.text.DMA_NVIC_Config)
    DMA_StructInit                           0x08002041   Thumb Code    22  hal_dma.o(.text.DMA_StructInit)
    GPIO_Init                                0x08002057   Thumb Code   144  hal_gpio.o(.text.GPIO_Init)
    GPIO_PinAFConfig                         0x080020e7   Thumb Code    32  hal_gpio.o(.text.GPIO_PinAFConfig)
    GPIO_ReadInputDataBit                    0x08002107   Thumb Code    10  hal_gpio.o(.text.GPIO_ReadInputDataBit)
    GPIO_StructInit                          0x08002111   Thumb Code    12  hal_gpio.o(.text.GPIO_StructInit)
    RCC_AHBPeriphClockCmd                    0x08002125   Thumb Code    24  hal_rcc.o(.text.RCC_AHBPeriphClockCmd)
    RCC_APB1PeriphClockCmd                   0x08002141   Thumb Code    24  hal_rcc.o(.text.RCC_APB1PeriphClockCmd)
    RCC_APB2PeriphClockCmd                   0x0800215d   Thumb Code    24  hal_rcc.o(.text.RCC_APB2PeriphClockCmd)
    RCC_GetPCLK1Freq                         0x08002179   Thumb Code    44  hal_rcc.o(.text.RCC_GetPCLK1Freq)
    RCC_GetPCLK2Freq                         0x080021a5   Thumb Code    44  hal_rcc.o(.text.RCC_GetPCLK2Freq)
    SysTick_Handler                          0x080021e1   Thumb Code    24  delay.o(.text.SysTick_Handler)
    SystemInit                               0x080021fd   Thumb Code   332  system_mm32spin06xx_s.o(.text.SystemInit)
    TIM1_BRK_UP_TRG_COM_IRQHandler           0x08002371   Thumb Code    12  interrupt.o(.text.TIM1_BRK_UP_TRG_COM_IRQHandler)
    TIM1_init                                0x0800237d   Thumb Code   172  initialize.o(.text.TIM1_init)
    TIM2_IRQHandler                          0x08002431   Thumb Code    76  interrupt.o(.text.TIM2_IRQHandler)
    TIM3_IRQHandler                          0x0800247d   Thumb Code    76  interrupt.o(.text.TIM3_IRQHandler)
    TIM_BDTRConfig                           0x080024dd   Thumb Code    30  hal_tim.o(.text.TIM_BDTRConfig)
    TIM_BDTRStructInit                       0x080024fb   Thumb Code    18  hal_tim.o(.text.TIM_BDTRStructInit)
    TIM_CCPreloadControl                     0x0800250d   Thumb Code    16  hal_tim.o(.text.TIM_CCPreloadControl)
    TIM_CCxCmd                               0x0800251d   Thumb Code    16  hal_tim.o(.text.TIM_CCxCmd)
    TIM_CCxNCmd                              0x0800252d   Thumb Code    20  hal_tim.o(.text.TIM_CCxNCmd)
    TIM_ClearITPendingBit                    0x08002541   Thumb Code     8  hal_tim.o(.text.TIM_ClearITPendingBit)
    TIM_Cmd                                  0x08002549   Thumb Code    16  hal_tim.o(.text.TIM_Cmd)
    TIM_CtrlPWMOutputs                       0x08002559   Thumb Code    20  hal_tim.o(.text.TIM_CtrlPWMOutputs)
    TIM_GenerateEvent                        0x0800256d   Thumb Code     4  hal_tim.o(.text.TIM_GenerateEvent)
    TIM_GetITStatus                          0x08002571   Thumb Code    20  hal_tim.o(.text.TIM_GetITStatus)
    TIM_ITConfig                             0x08002585   Thumb Code    20  hal_tim.o(.text.TIM_ITConfig)
    TIM_OC1Init                              0x08002599   Thumb Code    88  hal_tim.o(.text.TIM_OC1Init)
    TIM_OC2Init                              0x080025f5   Thumb Code    92  hal_tim.o(.text.TIM_OC2Init)
    TIM_OC3Init                              0x08002651   Thumb Code    88  hal_tim.o(.text.TIM_OC3Init)
    TIM_OCStructInit                         0x080026ad   Thumb Code    14  hal_tim.o(.text.TIM_OCStructInit)
    TIM_SelectOCxM                           0x080026bd   Thumb Code    88  hal_tim.o(.text.TIM_SelectOCxM)
    TIM_TimeBaseInit                         0x08002715   Thumb Code   112  hal_tim.o(.text.TIM_TimeBaseInit)
    TIM_TimeBaseStructInit                   0x08002799   Thumb Code    16  hal_tim.o(.text.TIM_TimeBaseStructInit)
    UARTX_Init                               0x080027a9   Thumb Code   132  initialize.o(.text.UARTX_Init)
    UART_Cmd                                 0x08002835   Thumb Code    12  hal_uart.o(.text.UART_Cmd)
    UART_DMACmd                              0x08002841   Thumb Code    14  hal_uart.o(.text.UART_DMACmd)
    UART_GetFlagStatus                       0x0800284f   Thumb Code    10  hal_uart.o(.text.UART_GetFlagStatus)
    UART_Init                                0x08002859   Thumb Code   112  hal_uart.o(.text.UART_Init)
    UART_SendData                            0x080028cd   Thumb Code     6  hal_uart.o(.text.UART_SendData)
    UART_SendString                          0x080028d5   Thumb Code    44  uart.o(.text.UART_SendString)
    UART_Send_Byte                           0x08002901   Thumb Code    28  uart.o(.text.UART_Send_Byte)
    UART_Send_Group                          0x0800291d   Thumb Code    44  uart.o(.text.UART_Send_Group)
    UART_StructInit                          0x0800294d   Thumb Code    24  hal_uart.o(.text.UART_StructInit)
    analogRead                               0x08002965   Thumb Code   140  hardware.o(.text.analogRead)
    autoDetectInit                           0x080029f5   Thumb Code   412  autodetect.o(.text.autoDetectInit)
    autoDetectSerialIt                       0x08002bb1   Thumb Code   340  autodetect.o(.text.autoDetectSerialIt)
    avgItotal                                0x08002d21   Thumb Code    52  calculation.o(.text.avgItotal)
    avgvbat                                  0x08002d69   Thumb Code    52  calculation.o(.text.avgvbat)
    blinkLEDupdate                           0x08002db1   Thumb Code    64  autodetect.o(.text.blinkLEDupdate)
    commutate                                0x08002e01   Thumb Code   664  bldc.o(.text.commutate)
    detectSelfHold                           0x080030a1   Thumb Code   204  autodetect.o(.text.detectSelfHold)
    digitalRead                              0x08003185   Thumb Code    52  hardware.o(.text.digitalRead)
    exNVIC_Configure                         0x080031b9   Thumb Code    26  initialize.o(.text.exNVIC_Configure)
    exNVIC_Init                              0x080031d5   Thumb Code    68  hal_misc.o(.text.exNVIC_Init)
    exRCC_APB2PeriphReset                    0x08003225   Thumb Code    16  hal_rcc.o(.text.exRCC_APB2PeriphReset)
    hallpos                                  0x08003239   Thumb Code   100  bldc.o(.text.hallpos)
    main                                     0x080032a1   Thumb Code   248  main.o(.text.main)
    pinMode                                  0x080033f5   Thumb Code    52  hardware.o(.text.pinMode)
    printvoltage                             0x08003439   Thumb Code   176  autodetect.o(.text.printvoltage)
    selfhold                                 0x08003529   Thumb Code    64  autodetect.o(.text.selfhold)
    simhallupdate                            0x08003569   Thumb Code   780  autodetect.o(.text.simhallupdate)
    updateMotorRPM                           0x080038ad   Thumb Code    16  calculation.o(.text.updateMotorRPM)
    vref_Init                                0x080038c1   Thumb Code    72  initialize.o(.text.vref_Init)
    __aeabi_uidiv                            0x0800390d   Thumb Code    68  aeabi_sdivfast.o(.text_divfast)
    __aeabi_idiv                             0x08003951   Thumb Code   434  aeabi_sdivfast.o(.text_divfast)
    __ARM_common_ll_muluu                    0x08003b03   Thumb Code    48  btod.o(i.__ARM_common_ll_muluu)
    __ARM_fpclassify                         0x08003b35   Thumb Code    40  fpclassify.o(i.__ARM_fpclassify)
    __aeabi_fcmpge                           0x08003b61   Thumb Code     0  fcmp.o(i._fgeq)
    _fgeq                                    0x08003b61   Thumb Code    22  fcmp.o(i._fgeq)
    __aeabi_fcmple                           0x08003b77   Thumb Code     0  fcmp.o(i._fleq)
    _fleq                                    0x08003b77   Thumb Code    26  fcmp.o(i._fleq)
    _get_lc_numeric                          0x08003b91   Thumb Code    44  lc_numeric_c.o(locale$$code)
    _fcmpge                                  0x08003bbd   Thumb Code    78  fgef.o(x$fpl$fgeqf)
    __aeabi_cfcmple                          0x08003c11   Thumb Code     0  flef.o(x$fpl$fleqf)
    _fcmple                                  0x08003c11   Thumb Code    78  flef.o(x$fpl$fleqf)
    _printf_fp_dec                           0x08003c65   Thumb Code    16  printf1.o(x$fpl$printf1)
    __I$use$fp                               0x08003c74   Number         0  usenofp.o(x$fpl$usenofp)
    adcs                                     0x08003d88   Data         120  hardware.o(.rodata.adcs)
    banner                                   0x08003e00   Data         457  autodetect.o(.rodata.banner)
    hall_to_pos                              0x08003fc9   Data           8  bldc.o(.rodata.hall_to_pos)
    pins                                     0x08003fd4   Data         396  hardware.o(.rodata.pins)
    Region$$Table$$Base                      0x08004160   Number         0  anon$$obj.o(Region$$Table)
    Region$$Table$$Limit                     0x08004180   Number         0  anon$$obj.o(Region$$Table)
    PXX                                      0x20000000   Data         132  autodetect.o(.data.PXX)
    SystemCoreClock                          0x20000084   Data           4  system_mm32spin06xx_s.o(.data.SystemCoreClock)
    dir                                      0x20000088   Data           1  main.o(.data.dir)
    hallposprev                              0x20000089   Data           1  main.o(.data.hallposprev)
    pinstorage                               0x2000008a   Data          16  autodetect.o(.data.pinstorage)
    step                                     0x2000009a   Data           1  main.o(.data.step)
    tbPresc                                  0x2000009b   Data          16  hal_rcc.o(.data.tbPresc)
    __libspace_start                         0x200000b0   Data          96  libspace.o(.bss)
    GPIO_InitStruct                          0x20000110   Data           4  main.o(.bss.GPIO_InitStruct)
    __temporary_stack_top$libspace           0x20000110   Data           0  libspace.o(.bss)
    aavgarr                                  0x20000114   Data         256  calculation.o(.bss.aavgarr)
    adatasum                                 0x20000214   Data           4  calculation.o(.bss.adatasum)
    adcleft                                  0x20000218   Data          10  autodetect.o(.bss.adcleft)
    aindex                                   0x20000222   Data           1  calculation.o(.bss.aindex)
    blinkstate                               0x20000223   Data           1  autodetect.o(.bss.blinkstate)
    fitotal                                  0x20000224   Data           4  main.o(.bss.fitotal)
    fvbat                                    0x20000228   Data           4  main.o(.bss.fvbat)
    hallA                                    0x2000022c   Data          33  autodetect.o(.bss.hallA)
    hallB                                    0x20000250   Data          33  autodetect.o(.bss.hallB)
    hallC                                    0x20000274   Data          33  autodetect.o(.bss.hallC)
    iOdom                                    0x20000298   Data           4  main.o(.bss.iOdom)
    init                                     0x2000029c   Data           1  autodetect.o(.bss.init)
    itotal                                   0x200002a0   Data           4  main.o(.bss.itotal)
    itotaloffset                             0x200002a4   Data           4  interrupt.o(.bss.itotaloffset)
    lastblink                                0x200002a8   Data           4  autodetect.o(.bss.lastblink)
    lastcommutate                            0x200002ac   Data           4  bldc.o(.bss.lastcommutate)
    masterslave                              0x200002b0   Data           1  main.o(.bss.masterslave)
    millis                                   0x200002b4   Data           4  main.o(.bss.millis)
    mode                                     0x200002b8   Data           1  autodetect.o(.bss.mode)
    poweron                                  0x200002b9   Data           1  interrupt.o(.bss.poweron)
    realspeed                                0x200002bc   Data           4  main.o(.bss.realspeed)
    sRxBuffer                                0x200002c0   Data          10  main.o(.bss.sRxBuffer)
    sTimingDelay                             0x200002cc   Data           4  delay.o(.bss.sTimingDelay)
    selpin                                   0x200002d0   Data           1  autodetect.o(.bss.selpin)
    showalladc                               0x200002d1   Data           1  autodetect.o(.bss.showalladc)
    tmp                                      0x200002d4   Data           4  autodetect.o(.bss.tmp)
    vavgarr                                  0x200002d8   Data         128  calculation.o(.bss.vavgarr)
    vbat                                     0x20000358   Data           4  main.o(.bss.vbat)
    vcc                                      0x2000035c   Data           4  main.o(.bss.vcc)
    vdatasum                                 0x20000360   Data           4  calculation.o(.bss.vdatasum)
    vindex                                   0x20000364   Data           1  calculation.o(.bss.vindex)



==============================================================================

Memory Map of the image

  Image Entry point : 0x080000c1

  Load Region LR_IROM1 (Base: 0x08000000, Size: 0x00004250, Max: 0x00008000, ABSOLUTE)

    Execution Region ER_IROM1 (Exec base: 0x08000000, Load base: 0x08000000, Size: 0x0000419c, Max: 0x00008000, ABSOLUTE)

    Exec Addr    Load Addr    Size         Type   Attr      Idx    E Section Name        Object

    0x08000000   0x08000000   0x000000c0   Data   RO         1163    RESET               startup_mm32spin06xx_s_keil.o
    0x080000c0   0x080000c0   0x00000008   Code   RO         1226  * !!!main             c_p.l(__main.o)
    0x080000c8   0x080000c8   0x0000003c   Code   RO         1493    !!!scatter          c_p.l(__scatter.o)
    0x08000104   0x08000104   0x0000001a   Code   RO         1495    !!handler_copy      c_p.l(__scatter_copy.o)
    0x0800011e   0x0800011e   0x00000002   PAD
    0x08000120   0x08000120   0x0000001c   Code   RO         1497    !!handler_zi        c_p.l(__scatter_zi.o)
    0x0800013c   0x0800013c   0x00000002   Code   RO         1213    .ARM.Collect$$_printf_percent$$00000000  c_p.l(_printf_percent.o)
    0x0800013e   0x0800013e   0x0000000a   Code   RO         1212    .ARM.Collect$$_printf_percent$$00000003  c_p.l(_printf_f.o)
    0x08000148   0x08000148   0x00000004   Code   RO         1270    .ARM.Collect$$_printf_percent$$00000017  c_p.l(_printf_percent_end.o)
    0x0800014c   0x0800014c   0x00000002   Code   RO         1349    .ARM.Collect$$libinit$$00000000  c_p.l(libinit.o)
    0x0800014e   0x0800014e   0x00000000   Code   RO         1351    .ARM.Collect$$libinit$$00000002  c_p.l(libinit2.o)
    0x0800014e   0x0800014e   0x00000000   Code   RO         1353    .ARM.Collect$$libinit$$00000004  c_p.l(libinit2.o)
    0x0800014e   0x0800014e   0x00000000   Code   RO         1355    .ARM.Collect$$libinit$$00000006  c_p.l(libinit2.o)
    0x0800014e   0x0800014e   0x00000000   Code   RO         1358    .ARM.Collect$$libinit$$0000000C  c_p.l(libinit2.o)
    0x0800014e   0x0800014e   0x00000000   Code   RO         1360    .ARM.Collect$$libinit$$0000000E  c_p.l(libinit2.o)
    0x0800014e   0x0800014e   0x00000000   Code   RO         1362    .ARM.Collect$$libinit$$00000010  c_p.l(libinit2.o)
    0x0800014e   0x0800014e   0x00000006   Code   RO         1363    .ARM.Collect$$libinit$$00000011  c_p.l(libinit2.o)
    0x08000154   0x08000154   0x00000000   Code   RO         1365    .ARM.Collect$$libinit$$00000013  c_p.l(libinit2.o)
    0x08000154   0x08000154   0x00000000   Code   RO         1367    .ARM.Collect$$libinit$$00000015  c_p.l(libinit2.o)
    0x08000154   0x08000154   0x00000000   Code   RO         1369    .ARM.Collect$$libinit$$00000017  c_p.l(libinit2.o)
    0x08000154   0x08000154   0x0000000a   Code   RO         1370    .ARM.Collect$$libinit$$00000018  c_p.l(libinit2.o)
    0x0800015e   0x0800015e   0x00000000   Code   RO         1371    .ARM.Collect$$libinit$$00000019  c_p.l(libinit2.o)
    0x0800015e   0x0800015e   0x00000000   Code   RO         1373    .ARM.Collect$$libinit$$0000001B  c_p.l(libinit2.o)
    0x0800015e   0x0800015e   0x00000000   Code   RO         1375    .ARM.Collect$$libinit$$0000001D  c_p.l(libinit2.o)
    0x0800015e   0x0800015e   0x00000000   Code   RO         1377    .ARM.Collect$$libinit$$0000001F  c_p.l(libinit2.o)
    0x0800015e   0x0800015e   0x00000000   Code   RO         1379    .ARM.Collect$$libinit$$00000021  c_p.l(libinit2.o)
    0x0800015e   0x0800015e   0x00000000   Code   RO         1381    .ARM.Collect$$libinit$$00000023  c_p.l(libinit2.o)
    0x0800015e   0x0800015e   0x00000000   Code   RO         1383    .ARM.Collect$$libinit$$00000025  c_p.l(libinit2.o)
    0x0800015e   0x0800015e   0x00000000   Code   RO         1385    .ARM.Collect$$libinit$$00000027  c_p.l(libinit2.o)
    0x0800015e   0x0800015e   0x00000000   Code   RO         1389    .ARM.Collect$$libinit$$0000002E  c_p.l(libinit2.o)
    0x0800015e   0x0800015e   0x00000000   Code   RO         1391    .ARM.Collect$$libinit$$00000030  c_p.l(libinit2.o)
    0x0800015e   0x0800015e   0x00000000   Code   RO         1393    .ARM.Collect$$libinit$$00000032  c_p.l(libinit2.o)
    0x0800015e   0x0800015e   0x00000000   Code   RO         1395    .ARM.Collect$$libinit$$00000034  c_p.l(libinit2.o)
    0x0800015e   0x0800015e   0x00000002   Code   RO         1396    .ARM.Collect$$libinit$$00000035  c_p.l(libinit2.o)
    0x08000160   0x08000160   0x00000002   Code   RO         1458    .ARM.Collect$$libshutdown$$00000000  c_p.l(libshutdown.o)
    0x08000162   0x08000162   0x00000000   Code   RO         1476    .ARM.Collect$$libshutdown$$00000002  c_p.l(libshutdown2.o)
    0x08000162   0x08000162   0x00000000   Code   RO         1478    .ARM.Collect$$libshutdown$$00000004  c_p.l(libshutdown2.o)
    0x08000162   0x08000162   0x00000000   Code   RO         1481    .ARM.Collect$$libshutdown$$00000007  c_p.l(libshutdown2.o)
    0x08000162   0x08000162   0x00000000   Code   RO         1484    .ARM.Collect$$libshutdown$$0000000A  c_p.l(libshutdown2.o)
    0x08000162   0x08000162   0x00000000   Code   RO         1486    .ARM.Collect$$libshutdown$$0000000C  c_p.l(libshutdown2.o)
    0x08000162   0x08000162   0x00000000   Code   RO         1489    .ARM.Collect$$libshutdown$$0000000F  c_p.l(libshutdown2.o)
    0x08000162   0x08000162   0x00000002   Code   RO         1490    .ARM.Collect$$libshutdown$$00000010  c_p.l(libshutdown2.o)
    0x08000164   0x08000164   0x00000000   Code   RO         1257    .ARM.Collect$$rtentry$$00000000  c_p.l(__rtentry.o)
    0x08000164   0x08000164   0x00000000   Code   RO         1281    .ARM.Collect$$rtentry$$00000002  c_p.l(__rtentry2.o)
    0x08000164   0x08000164   0x00000006   Code   RO         1293    .ARM.Collect$$rtentry$$00000004  c_p.l(__rtentry4.o)
    0x0800016a   0x0800016a   0x00000000   Code   RO         1283    .ARM.Collect$$rtentry$$00000009  c_p.l(__rtentry2.o)
    0x0800016a   0x0800016a   0x00000004   Code   RO         1284    .ARM.Collect$$rtentry$$0000000A  c_p.l(__rtentry2.o)
    0x0800016e   0x0800016e   0x00000000   Code   RO         1286    .ARM.Collect$$rtentry$$0000000C  c_p.l(__rtentry2.o)
    0x0800016e   0x0800016e   0x00000008   Code   RO         1287    .ARM.Collect$$rtentry$$0000000D  c_p.l(__rtentry2.o)
    0x08000176   0x08000176   0x00000002   Code   RO         1402    .ARM.Collect$$rtexit$$00000000  c_p.l(rtexit.o)
    0x08000178   0x08000178   0x00000000   Code   RO         1423    .ARM.Collect$$rtexit$$00000002  c_p.l(rtexit2.o)
    0x08000178   0x08000178   0x00000004   Code   RO         1424    .ARM.Collect$$rtexit$$00000003  c_p.l(rtexit2.o)
    0x0800017c   0x0800017c   0x00000006   Code   RO         1425    .ARM.Collect$$rtexit$$00000004  c_p.l(rtexit2.o)
    0x08000182   0x08000182   0x00000002   PAD
    0x08000184   0x08000184   0x0000007c   Code   RO         1164    .text               startup_mm32spin06xx_s_keil.o
    0x08000200   0x08000200   0x00000028   Code   RO         1188    .text               c_p.l(noretval__2sprintf.o)
    0x08000228   0x08000228   0x0000006c   Code   RO         1190    .text               c_p.l(__printf.o)
    0x08000294   0x08000294   0x00000012   Code   RO         1214    .text               c_p.l(aeabi_memset4.o)
    0x080002a6   0x080002a6   0x00000002   PAD
    0x080002a8   0x080002a8   0x000001f8   Code   RO         1216    .text               c_p.l(aeabi_sdivfast.o)
    0x080004a0   0x080004a0   0x00000006   Code   RO         1224    .text               c_p.l(heapauxi.o)
    0x080004a6   0x080004a6   0x00000002   PAD
    0x080004a8   0x080004a8   0x0000007c   Code   RO         1228    .text               fz_ps.l(d2f.o)
    0x08000524   0x08000524   0x00000448   Code   RO         1230    .text               fz_ps.l(ddiv.o)
    0x0800096c   0x0800096c   0x0000006c   Code   RO         1233    .text               fz_ps.l(dfixi.o)
    0x080009d8   0x080009d8   0x00000058   Code   RO         1237    .text               fz_ps.l(dflti.o)
    0x08000a30   0x08000a30   0x00000248   Code   RO         1239    .text               fz_ps.l(dmul.o)
    0x08000c78   0x08000c78   0x00000054   Code   RO         1241    .text               fz_ps.l(f2d.o)
    0x08000ccc   0x08000ccc   0x00000414   Code   RO         1262    .text               c_p.l(_printf_fp_dec.o)
    0x080010e0   0x080010e0   0x00000030   Code   RO         1266    .text               c_p.l(_printf_char_common.o)
    0x08001110   0x08001110   0x0000000a   Code   RO         1268    .text               c_p.l(_sputc.o)
    0x0800111a   0x0800111a   0x00000040   Code   RO         1271    .text               c_p.l(rt_memclr.o)
    0x0800115a   0x0800115a   0x00000002   PAD
    0x0800115c   0x0800115c   0x00000008   Code   RO         1300    .text               c_p.l(rt_locale_intlibspace.o)
    0x08001164   0x08001164   0x0000007a   Code   RO         1302    .text               c_p.l(lludiv10.o)
    0x080011de   0x080011de   0x00000002   PAD
    0x080011e0   0x080011e0   0x00000088   Code   RO         1304    .text               c_p.l(_printf_fp_infnan.o)
    0x08001268   0x08001268   0x000000d8   Code   RO         1308    .text               c_p.l(bigflt0.o)
    0x08001340   0x08001340   0x00000580   Code   RO         1311    .text               c_p.l(btod.o)
    0x080018c0   0x080018c0   0x00000028   Code   RO         1320    .text               c_p.l(rtudiv10.o)
    0x080018e8   0x080018e8   0x00000064   Code   RO         1322    .text               fz_ps.l(fcmpin.o)
    0x0800194c   0x0800194c   0x00000008   Code   RO         1328    .text               c_p.l(libspace.o)
    0x08001954   0x08001954   0x0000003e   Code   RO         1331    .text               c_p.l(sys_stackheap_outer.o)
    0x08001992   0x08001992   0x00000010   Code   RO         1336    .text               c_p.l(exit.o)
    0x080019a2   0x080019a2   0x00000002   PAD
    0x080019a4   0x080019a4   0x000000b0   Code   RO         1342    .text               c_p.l(strcmpv6m.o)
    0x08001a54   0x08001a54   0x0000002e   Code   RO         1397    .text               fz_ps.l(cmpret.o)
    0x08001a82   0x08001a82   0x00000002   PAD
    0x08001a84   0x08001a84   0x00000010   Code   RO         1399    .text               fz_ps.l(fnan2.o)
    0x08001a94   0x08001a94   0x0000005e   Code   RO         1416    .text               fz_ps.l(retnan.o)
    0x08001af2   0x08001af2   0x00000002   PAD
    0x08001af4   0x08001af4   0x0000000c   Code   RO         1418    .text               c_p.l(sys_exit.o)
    0x08001b00   0x08001b00   0x00000002   Code   RO         1445    .text               c_p.l(use_no_semi.o)
    0x08001b02   0x08001b02   0x00000000   Code   RO         1447    .text               c_p.l(indicate_semi.o)
    0x08001b02   0x08001b02   0x00000002   PAD
    0x08001b04   0x08001b04   0x00000154   Code   RO          109    .text.ADC1_COMP_IRQHandler  interrupt.o
    0x08001c58   0x08001c58   0x0000003c   Code   RO           95    .text.ADCALL_Init   initialize.o
    0x08001c94   0x08001c94   0x00000012   Code   RO          289    .text.ADC_AnalogWatchdogCmd  hal_adc.o
    0x08001ca6   0x08001ca6   0x00000014   Code   RO          293    .text.ADC_AnalogWatchdogSingleChannelConfig  hal_adc.o
    0x08001cba   0x08001cba   0x00000008   Code   RO          291    .text.ADC_AnalogWatchdogThresholdsConfig  hal_adc.o
    0x08001cc2   0x08001cc2   0x0000000e   Code   RO          303    .text.ADC_ClearFlag  hal_adc.o
    0x08001cd0   0x08001cd0   0x0000000e   Code   RO          307    .text.ADC_ClearITPendingBit  hal_adc.o
    0x08001cde   0x08001cde   0x00000010   Code   RO          265    .text.ADC_Cmd       hal_adc.o
    0x08001cee   0x08001cee   0x00000002   PAD
    0x08001cf0   0x08001cf0   0x00000018   Code   RO          259    .text.ADC_DeInit    hal_adc.o
    0x08001d08   0x08001d08   0x00000010   Code   RO          301    .text.ADC_GetFlagStatus  hal_adc.o
    0x08001d18   0x08001d18   0x00000010   Code   RO          305    .text.ADC_GetITStatus  hal_adc.o
    0x08001d28   0x08001d28   0x0000001e   Code   RO          269    .text.ADC_ITConfig  hal_adc.o
    0x08001d46   0x08001d46   0x00000002   PAD
    0x08001d48   0x08001d48   0x00000038   Code   RO          261    .text.ADC_Init      hal_adc.o
    0x08001d80   0x08001d80   0x0000003c   Code   RO          275    .text.ADC_RegularChannelConfig  hal_adc.o
    0x08001dbc   0x08001dbc   0x00000014   Code   RO          271    .text.ADC_SoftwareStartConvCmd  hal_adc.o
    0x08001dd0   0x08001dd0   0x0000001c   Code   RO          277    .text.ADC_TempSensorVrefintCmd  hal_adc.o
    0x08001dec   0x08001dec   0x000000a8   Code   RO           75    .text.BLDC_init     initialize.o
    0x08001e94   0x08001e94   0x0000004c   Code   RO           35    .text.DELAY_Init    delay.o
    0x08001ee0   0x08001ee0   0x00000014   Code   RO           39    .text.DELAY_Ms      delay.o
    0x08001ef4   0x08001ef4   0x00000028   Code   RO          107    .text.DMA1_Channel2_3_IRQHandler  interrupt.o
    0x08001f1c   0x08001f1c   0x00000008   Code   RO          408    .text.DMA_ClearITPendingBit  hal_dma.o
    0x08001f24   0x08001f24   0x0000000c   Code   RO          396    .text.DMA_Cmd       hal_dma.o
    0x08001f30   0x08001f30   0x00000030   Code   RO          390    .text.DMA_DeInit    hal_dma.o
    0x08001f60   0x08001f60   0x00000010   Code   RO          406    .text.DMA_GetITStatus  hal_dma.o
    0x08001f70   0x08001f70   0x00000014   Code   RO          398    .text.DMA_ITConfig  hal_dma.o
    0x08001f84   0x08001f84   0x0000004c   Code   RO          392    .text.DMA_Init      hal_dma.o
    0x08001fd0   0x08001fd0   0x00000070   Code   RO           87    .text.DMA_NVIC_Config  initialize.o
    0x08002040   0x08002040   0x00000016   Code   RO          394    .text.DMA_StructInit  hal_dma.o
    0x08002056   0x08002056   0x00000090   Code   RO          534    .text.GPIO_Init     hal_gpio.o
    0x080020e6   0x080020e6   0x00000020   Code   RO          558    .text.GPIO_PinAFConfig  hal_gpio.o
    0x08002106   0x08002106   0x0000000a   Code   RO          538    .text.GPIO_ReadInputDataBit  hal_gpio.o
    0x08002110   0x08002110   0x00000014   Code   RO          536    .text.GPIO_StructInit  hal_gpio.o
    0x08002124   0x08002124   0x0000001c   Code   RO          744    .text.RCC_AHBPeriphClockCmd  hal_rcc.o
    0x08002140   0x08002140   0x0000001c   Code   RO          748    .text.RCC_APB1PeriphClockCmd  hal_rcc.o
    0x0800215c   0x0800215c   0x0000001c   Code   RO          746    .text.RCC_APB2PeriphClockCmd  hal_rcc.o
    0x08002178   0x08002178   0x0000002c   Code   RO          738    .text.RCC_GetPCLK1Freq  hal_rcc.o
    0x080021a4   0x080021a4   0x0000003c   Code   RO          740    .text.RCC_GetPCLK2Freq  hal_rcc.o
    0x080021e0   0x080021e0   0x0000001c   Code   RO           37    .text.SysTick_Handler  delay.o
    0x080021fc   0x080021fc   0x00000174   Code   RO         1171    .text.SystemInit    system_mm32spin06xx_s.o
    0x08002370   0x08002370   0x0000000c   Code   RO          105    .text.TIM1_BRK_UP_TRG_COM_IRQHandler  interrupt.o
    0x0800237c   0x0800237c   0x000000b4   Code   RO           77    .text.TIM1_init     initialize.o
    0x08002430   0x08002430   0x0000004c   Code   RO          111    .text.TIM2_IRQHandler  interrupt.o
    0x0800247c   0x0800247c   0x00000060   Code   RO          113    .text.TIM3_IRQHandler  interrupt.o
    0x080024dc   0x080024dc   0x0000001e   Code   RO          867    .text.TIM_BDTRConfig  hal_tim.o
    0x080024fa   0x080024fa   0x00000012   Code   RO          875    .text.TIM_BDTRStructInit  hal_tim.o
    0x0800250c   0x0800250c   0x00000010   Code   RO          923    .text.TIM_CCPreloadControl  hal_tim.o
    0x0800251c   0x0800251c   0x00000010   Code   RO          963    .text.TIM_CCxCmd    hal_tim.o
    0x0800252c   0x0800252c   0x00000014   Code   RO          965    .text.TIM_CCxNCmd   hal_tim.o
    0x08002540   0x08002540   0x00000008   Code   RO         1015    .text.TIM_ClearITPendingBit  hal_tim.o
    0x08002548   0x08002548   0x00000010   Code   RO          877    .text.TIM_Cmd       hal_tim.o
    0x08002558   0x08002558   0x00000014   Code   RO          879    .text.TIM_CtrlPWMOutputs  hal_tim.o
    0x0800256c   0x0800256c   0x00000004   Code   RO          883    .text.TIM_GenerateEvent  hal_tim.o
    0x08002570   0x08002570   0x00000014   Code   RO         1013    .text.TIM_GetITStatus  hal_tim.o
    0x08002584   0x08002584   0x00000014   Code   RO          881    .text.TIM_ITConfig  hal_tim.o
    0x08002598   0x08002598   0x0000005c   Code   RO          847    .text.TIM_OC1Init   hal_tim.o
    0x080025f4   0x080025f4   0x0000005c   Code   RO          849    .text.TIM_OC2Init   hal_tim.o
    0x08002650   0x08002650   0x0000005c   Code   RO          851    .text.TIM_OC3Init   hal_tim.o
    0x080026ac   0x080026ac   0x0000000e   Code   RO          871    .text.TIM_OCStructInit  hal_tim.o
    0x080026ba   0x080026ba   0x00000002   PAD
    0x080026bc   0x080026bc   0x00000058   Code   RO          967    .text.TIM_SelectOCxM  hal_tim.o
    0x08002714   0x08002714   0x00000084   Code   RO          845    .text.TIM_TimeBaseInit  hal_tim.o
    0x08002798   0x08002798   0x00000010   Code   RO          869    .text.TIM_TimeBaseStructInit  hal_tim.o
    0x080027a8   0x080027a8   0x0000008c   Code   RO           83    .text.UARTX_Init    initialize.o
    0x08002834   0x08002834   0x0000000c   Code   RO         1055    .text.UART_Cmd      hal_uart.o
    0x08002840   0x08002840   0x0000000e   Code   RO         1059    .text.UART_DMACmd   hal_uart.o
    0x0800284e   0x0800284e   0x0000000a   Code   RO         1065    .text.UART_GetFlagStatus  hal_uart.o
    0x08002858   0x08002858   0x00000074   Code   RO         1051    .text.UART_Init     hal_uart.o
    0x080028cc   0x080028cc   0x00000006   Code   RO         1061    .text.UART_SendData  hal_uart.o
    0x080028d2   0x080028d2   0x00000002   PAD
    0x080028d4   0x080028d4   0x0000002c   Code   RO          133    .text.UART_SendString  uart.o
    0x08002900   0x08002900   0x0000001c   Code   RO          129    .text.UART_Send_Byte  uart.o
    0x0800291c   0x0800291c   0x00000030   Code   RO          131    .text.UART_Send_Group  uart.o
    0x0800294c   0x0800294c   0x00000018   Code   RO         1053    .text.UART_StructInit  hal_uart.o
    0x08002964   0x08002964   0x00000090   Code   RO          247    .text.analogRead    hardware.o
    0x080029f4   0x080029f4   0x000001bc   Code   RO          210    .text.autoDetectInit  autodetect.o
    0x08002bb0   0x08002bb0   0x00000170   Code   RO          206    .text.autoDetectSerialIt  autodetect.o
    0x08002d20   0x08002d20   0x00000048   Code   RO          172    .text.avgItotal     calculation.o
    0x08002d68   0x08002d68   0x00000048   Code   RO          170    .text.avgvbat       calculation.o
    0x08002db0   0x08002db0   0x00000050   Code   RO          212    .text.blinkLEDupdate  autodetect.o
    0x08002e00   0x08002e00   0x000002a0   Code   RO           52    .text.commutate     bldc.o
    0x080030a0   0x080030a0   0x000000e4   Code   RO          204    .text.detectSelfHold  autodetect.o
    0x08003184   0x08003184   0x00000034   Code   RO          243    .text.digitalRead   hardware.o
    0x080031b8   0x080031b8   0x0000001a   Code   RO           81    .text.exNVIC_Configure  initialize.o
    0x080031d2   0x080031d2   0x00000002   PAD
    0x080031d4   0x080031d4   0x00000050   Code   RO          668    .text.exNVIC_Init   hal_misc.o
    0x08003224   0x08003224   0x00000014   Code   RO          772    .text.exRCC_APB2PeriphReset  hal_rcc.o
    0x08003238   0x08003238   0x00000068   Code   RO           50    .text.hallpos       bldc.o
    0x080032a0   0x080032a0   0x00000154   Code   RO            2    .text.main          main.o
    0x080033f4   0x080033f4   0x00000044   Code   RO          241    .text.pinMode       hardware.o
    0x08003438   0x08003438   0x000000f0   Code   RO          214    .text.printvoltage  autodetect.o
    0x08003528   0x08003528   0x00000040   Code   RO          200    .text.selfhold      autodetect.o
    0x08003568   0x08003568   0x00000344   Code   RO          208    .text.simhallupdate  autodetect.o
    0x080038ac   0x080038ac   0x00000014   Code   RO          176    .text.updateMotorRPM  calculation.o
    0x080038c0   0x080038c0   0x0000004c   Code   RO           93    .text.vref_Init     initialize.o
    0x0800390c   0x0800390c   0x000001f6   Code   RO         1217    .text_divfast       c_p.l(aeabi_sdivfast.o)
    0x08003b02   0x08003b02   0x00000030   Code   RO         1313    i.__ARM_common_ll_muluu  c_p.l(btod.o)
    0x08003b32   0x08003b32   0x00000002   PAD
    0x08003b34   0x08003b34   0x0000002c   Code   RO         1326    i.__ARM_fpclassify  m_ps.l(fpclassify.o)
    0x08003b60   0x08003b60   0x00000016   Code   RO         1244    i._fgeq             fz_ps.l(fcmp.o)
    0x08003b76   0x08003b76   0x0000001a   Code   RO         1246    i._fleq             fz_ps.l(fcmp.o)
    0x08003b90   0x08003b90   0x0000002c   Code   RO         1318    locale$$code        c_p.l(lc_numeric_c.o)
    0x08003bbc   0x08003bbc   0x00000054   Code   RO         1275    x$fpl$fgeqf         fz_ps.l(fgef.o)
    0x08003c10   0x08003c10   0x00000054   Code   RO         1277    x$fpl$fleqf         fz_ps.l(flef.o)
    0x08003c64   0x08003c64   0x00000010   Code   RO         1255    x$fpl$printf1       fz_ps.l(printf1.o)
    0x08003c74   0x08003c74   0x00000000   Code   RO         1279    x$fpl$usenofp       fz_ps.l(usenofp.o)
    0x08003c74   0x08003c74   0x00000080   Data   RO         1231    .constdata          fz_ps.l(ddiv.o)
    0x08003cf4   0x08003cf4   0x00000094   Data   RO         1309    .constdata          c_p.l(bigflt0.o)
    0x08003d88   0x08003d88   0x00000078   Data   RO          250    .rodata.adcs        hardware.o
    0x08003e00   0x08003e00   0x000001c9   Data   RO          223    .rodata.banner      autodetect.o
    0x08003fc9   0x08003fc9   0x00000008   Data   RO           58    .rodata.hall_to_pos  bldc.o
    0x08003fd1   0x08003fd1   0x00000003   PAD
    0x08003fd4   0x08003fd4   0x0000018c   Data   RO          249    .rodata.pins        hardware.o
    0x08004160   0x08004160   0x00000020   Data   RO         1492    Region$$Table       anon$$obj.o
    0x08004180   0x08004180   0x0000001c   Data   RO         1317    locale$$data        c_p.l(lc_numeric_c.o)


    Execution Region RW_IRAM1 (Exec base: 0x20000000, Load base: 0x080041a0, Size: 0x00000968, Max: 0x00001000, ABSOLUTE)

    Exec Addr    Load Addr    Size         Type   Attr      Idx    E Section Name        Object

    0x20000000   0x080041a0   0x00000084   Data   RW          224    .data.PXX           autodetect.o
    0x20000084   0x08004224   0x00000004   Data   RW         1175    .data.SystemCoreClock  system_mm32spin06xx_s.o
    0x20000088   0x08004228   0x00000001   Data   RW            6    .data.dir           main.o
    0x20000089   0x08004229   0x00000001   Data   RW            9    .data.hallposprev   main.o
    0x2000008a   0x0800422a   0x00000010   Data   RW          222    .data.pinstorage    autodetect.o
    0x2000009a   0x0800423a   0x00000001   Data   RW            4    .data.step          main.o
    0x2000009b   0x0800423b   0x00000010   Data   RW          778    .data.tbPresc       hal_rcc.o
    0x200000ab   0x0800424b   0x00000005   PAD
    0x200000b0        -       0x00000060   Zero   RW         1329    .bss                c_p.l(libspace.o)
    0x20000110        -       0x00000004   Zero   RW           25    .bss.GPIO_InitStruct  main.o
    0x20000114        -       0x00000100   Zero   RW          191    .bss.aavgarr        calculation.o
    0x20000214        -       0x00000004   Zero   RW          190    .bss.adatasum       calculation.o
    0x20000218        -       0x0000000a   Zero   RW          229    .bss.adcleft        autodetect.o
    0x20000222        -       0x00000001   Zero   RW          189    .bss.aindex         calculation.o
    0x20000223        -       0x00000001   Zero   RW          220    .bss.blinkstate     autodetect.o
    0x20000224        -       0x00000004   Zero   RW           23    .bss.fitotal        main.o
    0x20000228        -       0x00000004   Zero   RW           22    .bss.fvbat          main.o
    0x2000022c        -       0x00000021   Zero   RW          226    .bss.hallA          autodetect.o
    0x2000024d   0x0800424b   0x00000003   PAD
    0x20000250        -       0x00000021   Zero   RW          227    .bss.hallB          autodetect.o
    0x20000271   0x0800424b   0x00000003   PAD
    0x20000274        -       0x00000021   Zero   RW          228    .bss.hallC          autodetect.o
    0x20000295   0x0800424b   0x00000003   PAD
    0x20000298        -       0x00000004   Zero   RW           17    .bss.iOdom          main.o
    0x2000029c        -       0x00000001   Zero   RW          217    .bss.init           autodetect.o
    0x2000029d   0x0800424b   0x00000003   PAD
    0x200002a0        -       0x00000004   Zero   RW           21    .bss.itotal         main.o
    0x200002a4        -       0x00000004   Zero   RW          115    .bss.itotaloffset   interrupt.o
    0x200002a8        -       0x00000004   Zero   RW          230    .bss.lastblink      autodetect.o
    0x200002ac        -       0x00000004   Zero   RW           59    .bss.lastcommutate  bldc.o
    0x200002b0        -       0x00000001   Zero   RW           14    .bss.masterslave    main.o
    0x200002b1   0x0800424b   0x00000003   PAD
    0x200002b4        -       0x00000004   Zero   RW           15    .bss.millis         main.o
    0x200002b8        -       0x00000001   Zero   RW          216    .bss.mode           autodetect.o
    0x200002b9        -       0x00000001   Zero   RW          116    .bss.poweron        interrupt.o
    0x200002ba   0x0800424b   0x00000002   PAD
    0x200002bc        -       0x00000004   Zero   RW           12    .bss.realspeed      main.o
    0x200002c0        -       0x0000000a   Zero   RW            8    .bss.sRxBuffer      main.o
    0x200002ca   0x0800424b   0x00000002   PAD
    0x200002cc        -       0x00000004   Zero   RW           41    .bss.sTimingDelay   delay.o
    0x200002d0        -       0x00000001   Zero   RW          219    .bss.selpin         autodetect.o
    0x200002d1        -       0x00000001   Zero   RW          221    .bss.showalladc     autodetect.o
    0x200002d2   0x0800424b   0x00000002   PAD
    0x200002d4        -       0x00000004   Zero   RW          225    .bss.tmp            autodetect.o
    0x200002d8        -       0x00000080   Zero   RW          188    .bss.vavgarr        calculation.o
    0x20000358        -       0x00000004   Zero   RW           20    .bss.vbat           main.o
    0x2000035c        -       0x00000004   Zero   RW           26    .bss.vcc            main.o
    0x20000360        -       0x00000004   Zero   RW          187    .bss.vdatasum       calculation.o
    0x20000364        -       0x00000001   Zero   RW          186    .bss.vindex         calculation.o
    0x20000365   0x0800424b   0x00000003   PAD
    0x20000368        -       0x00000200   Zero   RW         1162    HEAP                startup_mm32spin06xx_s_keil.o
    0x20000568        -       0x00000400   Zero   RW         1161    STACK               startup_mm32spin06xx_s_keil.o


==============================================================================

Image component sizes


      Code (inc. data)   RO Data    RW Data    ZI Data      Debug   Object Name

      2260        252        457        148        122       8446   autodetect.o
       776         24          8          0          4       3647   bldc.o
       164         44          0          0        394       2410   calculation.o
       124         20          0          0          4       3162   delay.o
       340         16          0          0          0       9090   hal_adc.o
       202         12          0          0          0       4598   hal_dma.o
       206          8          0          0          0       5350   hal_gpio.o
        80         12          0          0          0       2876   hal_misc.o
       208         32          0         16          0      11473   hal_rcc.o
       714         32          0          0          0      27751   hal_tim.o
       182          4          0          0          0       6291   hal_uart.o
       264         68        516          0          0       3776   hardware.o
       762         32          0          0          0      16381   initialize.o
       564         80          0          0          5       4572   interrupt.o
       340         98          0          3         47       3619   main.o
       124         58        192          0       1536        740   startup_mm32spin06xx_s_keil.o
       372         40          0          4          0       3445   system_mm32spin06xx_s.o
       120          4          0          0          0       1803   uart.o

    ----------------------------------------------------------------------
      7812        836       1208        172       2140     119430   Object Totals
         0          0         32          0          0          0   (incl. Generated)
        10          0          3          1         28          0   (incl. Padding)

    ----------------------------------------------------------------------

      Code (inc. data)   RO Data    RW Data    ZI Data      Debug   Library Member Name

         8          0          0          0          0         68   __main.o
       108          0          0          0          0         76   __printf.o
         0          0          0          0          0          0   __rtentry.o
        12          0          0          0          0          0   __rtentry2.o
         6          0          0          0          0          0   __rtentry4.o
        60          8          0          0          0          0   __scatter.o
        26          0          0          0          0          0   __scatter_copy.o
        28          0          0          0          0          0   __scatter_zi.o
        48          6          0          0          0         88   _printf_char_common.o
        10          0          0          0          0          0   _printf_f.o
      1044         12          0          0          0        116   _printf_fp_dec.o
       136         16          0          0          0         76   _printf_fp_infnan.o
         2          0          0          0          0          0   _printf_percent.o
         4          0          0          0          0          0   _printf_percent_end.o
        10          0          0          0          0         60   _sputc.o
        18          0          0          0          0         68   aeabi_memset4.o
      1006          4          0          0          0        184   aeabi_sdivfast.o
       216          6        148          0          0         80   bigflt0.o
      1456         30          0          0          0        336   btod.o
        16          0          0          0          0         68   exit.o
         6          0          0          0          0        136   heapauxi.o
         0          0          0          0          0          0   indicate_semi.o
        44         10         28          0          0         76   lc_numeric_c.o
         2          0          0          0          0          0   libinit.o
        18          0          0          0          0          0   libinit2.o
         2          0          0          0          0          0   libshutdown.o
         2          0          0          0          0          0   libshutdown2.o
         8          4          0          0         96         68   libspace.o
       122          0          0          0          0         72   lludiv10.o
        40          4          0          0          0         84   noretval__2sprintf.o
         8          4          0          0          0         68   rt_locale_intlibspace.o
        64          0          0          0          0        108   rt_memclr.o
         2          0          0          0          0          0   rtexit.o
        10          0          0          0          0          0   rtexit2.o
        40          0          0          0          0         60   rtudiv10.o
       176          4          0          0          0         80   strcmpv6m.o
        12          4          0          0          0         60   sys_exit.o
        62          0          0          0          0         80   sys_stackheap_outer.o
         2          0          0          0          0         68   use_no_semi.o
        46          0          0          0          0         60   cmpret.o
       124          4          0          0          0         72   d2f.o
      1096         26        128          0          0        112   ddiv.o
       108         10          0          0          0         72   dfixi.o
        88          0          0          0          0         92   dflti.o
       584         26          0          0          0         84   dmul.o
        84          4          0          0          0         60   f2d.o
        48          0          0          0          0        136   fcmp.o
       100          4          0          0          0         68   fcmpin.o
        84          4          0          0          0         76   fgef.o
        84          4          0          0          0         76   flef.o
        16          6          0          0          0         68   fnan2.o
        16          4          0          0          0         76   printf1.o
        94          0          0          0          0         68   retnan.o
         0          0          0          0          0          0   usenofp.o
        44          4          0          0          0         60   fpclassify.o

    ----------------------------------------------------------------------
      7472        208        304          0         96       3360   Library Totals
        22          0          0          0          0          0   (incl. Padding)

    ----------------------------------------------------------------------

      Code (inc. data)   RO Data    RW Data    ZI Data      Debug   Library Name

      4834        112        176          0         96       2180   c_p.l
      2572         92        128          0          0       1120   fz_ps.l
        44          4          0          0          0         60   m_ps.l

    ----------------------------------------------------------------------
      7472        208        304          0         96       3360   Library Totals

    ----------------------------------------------------------------------

==============================================================================


      Code (inc. data)   RO Data    RW Data    ZI Data      Debug   

     15284       1044       1512        172       2236     120818   Grand Totals
     15284       1044       1512        172       2236     120818   ELF Image Totals
     15284       1044       1512        172          0          0   ROM Totals

==============================================================================

    Total RO  Size (Code + RO Data)                16796 (  16.40kB)
    Total RW  Size (RW Data + ZI Data)              2408 (   2.35kB)
    Total ROM Size (Code + RO Data + RW Data)      16968 (  16.57kB)

==============================================================================

