Component: Arm Compiler for Embedded 6.19 Tool: armlink [5e73cb00]

==============================================================================

Section Cross References

    main.o(.text.main) refers to initialize.o(.text.io_init) for io_init
    main.o(.text.main) refers to initialize.o(.text.HALL_Init) for HALL_Init
    main.o(.text.main) refers to initialize.o(.text.TIM2_Init) for TIM2_Init
    main.o(.text.main) refers to initialize.o(.text.BLDC_init) for BLDC_init
    main.o(.text.main) refers to initialize.o(.text.TIM1_init) for TIM1_init
    main.o(.text.main) refers to delay.o(.text.DELAY_Init) for DELAY_Init
    main.o(.text.main) refers to initialize.o(.text.NVIC_Configure) for NVIC_Configure
    main.o(.text.main) refers to initialize.o(.text.adc_Init) for adc_Init
    main.o(.text.main) refers to initialize.o(.text.exNVIC_Configure) for exNVIC_Configure
    main.o(.text.main) refers to initialize.o(.text.UART1_Init) for UART1_Init
    main.o(.text.main) refers to initialize.o(.text.DMA_NVIC_Config) for DMA_NVIC_Config
    main.o(.text.main) refers to hal_gpio.o(.text.GPIO_WriteBit) for GPIO_WriteBit
    main.o(.text.main) refers to hal_gpio.o(.text.GPIO_ReadInputDataBit) for GPIO_ReadInputDataBit
    main.o(.text.main) refers to delay.o(.text.DELAY_Ms) for DELAY_Ms
    main.o(.text.main) refers to hal_iwdg.o(.text.IWDG_ReloadCounter) for IWDG_ReloadCounter
    main.o(.text.main) refers to hal_adc.o(.text.ADC_SoftwareStartConvCmd) for ADC_SoftwareStartConvCmd
    main.o(.text.main) refers to bldc.o(.text.speedupdate) for speedupdate
    main.o(.text.main) refers to main.o(.bss.sRxBuffer) for sRxBuffer
    main.o(.text.main) refers to main.o(.bss.lastupdate) for lastupdate
    main.o(.text.main) refers to main.o(.bss.millis) for millis
    main.o(.ARM.exidx.text.main) refers to main.o(.text.main) for [Anonymous Symbol]
    delay.o(.text.DELAY_Init) refers to aeabi_sdivfast.o(.text_divfast) for __aeabi_uidiv
    delay.o(.text.DELAY_Init) refers to system_mm32spin06xx_s.o(.data.SystemCoreClock) for SystemCoreClock
    delay.o(.ARM.exidx.text.DELAY_Init) refers to delay.o(.text.DELAY_Init) for [Anonymous Symbol]
    delay.o(.text.SysTick_Handler) refers to delay.o(.bss.sTimingDelay) for [Anonymous Symbol]
    delay.o(.text.SysTick_Handler) refers to main.o(.bss.millis) for millis
    delay.o(.ARM.exidx.text.SysTick_Handler) refers to delay.o(.text.SysTick_Handler) for [Anonymous Symbol]
    delay.o(.text.DELAY_Ms) refers to delay.o(.bss.sTimingDelay) for [Anonymous Symbol]
    delay.o(.ARM.exidx.text.DELAY_Ms) refers to delay.o(.text.DELAY_Ms) for [Anonymous Symbol]
    bldc.o(.text.hallpos) refers to hal_gpio.o(.text.GPIO_ReadInputDataBit) for GPIO_ReadInputDataBit
    bldc.o(.text.hallpos) refers to bldc.o(.rodata.hall_to_pos) for hall_to_pos
    bldc.o(.ARM.exidx.text.hallpos) refers to bldc.o(.text.hallpos) for [Anonymous Symbol]
    bldc.o(.text.commutate) refers to hal_tim.o(.text.TIM_CCxCmd) for TIM_CCxCmd
    bldc.o(.text.commutate) refers to hal_tim.o(.text.TIM_CCxNCmd) for TIM_CCxNCmd
    bldc.o(.text.commutate) refers to hal_tim.o(.text.TIM_SelectOCxM) for TIM_SelectOCxM
    bldc.o(.text.commutate) refers to hal_tim.o(.text.TIM_GenerateEvent) for TIM_GenerateEvent
    bldc.o(.text.commutate) refers to main.o(.data.step) for step
    bldc.o(.ARM.exidx.text.commutate) refers to bldc.o(.text.commutate) for [Anonymous Symbol]
    bldc.o(.text.speedupdate) refers to remoteuartbus.o(.text.RemoteUpdate) for RemoteUpdate
    bldc.o(.text.speedupdate) refers to calculation.o(.text.avgspeed) for avgspeed
    bldc.o(.text.speedupdate) refers to calculation.o(.text.PID) for PID
    bldc.o(.text.speedupdate) refers to aeabi_sdivfast.o(.text_divfast) for __aeabi_idiv
    bldc.o(.text.speedupdate) refers to calculation.o(.text.PID2PWM) for PID2PWM
    bldc.o(.text.speedupdate) refers to dflti.o(.text) for __aeabi_i2d
    bldc.o(.text.speedupdate) refers to dfixui.o(.text) for __aeabi_d2uiz
    bldc.o(.text.speedupdate) refers to bldc.o(.bss.lastcommutate) for lastcommutate
    bldc.o(.text.speedupdate) refers to main.o(.bss.millis) for millis
    bldc.o(.text.speedupdate) refers to main.o(.bss.frealspeed) for frealspeed
    bldc.o(.text.speedupdate) refers to main.o(.bss.realspeed) for realspeed
    bldc.o(.text.speedupdate) refers to main.o(.bss.speed) for speed
    bldc.o(.text.speedupdate) refers to main.o(.bss.pwm) for pwm
    bldc.o(.text.speedupdate) refers to main.o(.data.dir) for dir
    bldc.o(.ARM.exidx.text.speedupdate) refers to bldc.o(.text.speedupdate) for [Anonymous Symbol]
    initialize.o(.text.io_init) refers to hal_rcc.o(.text.RCC_AHBPeriphClockCmd) for RCC_AHBPeriphClockCmd
    initialize.o(.text.io_init) refers to hal_gpio.o(.text.GPIO_Init) for GPIO_Init
    initialize.o(.ARM.exidx.text.io_init) refers to initialize.o(.text.io_init) for [Anonymous Symbol]
    initialize.o(.text.HALL_Init) refers to hal_gpio.o(.text.GPIO_PinAFConfig) for GPIO_PinAFConfig
[...]

    ../clib/angel/boardlib.s                 0x00000000   Number         0  boardinit1.o ABSOLUTE
    ../clib/angel/boardlib.s                 0x00000000   Number         0  boardinit2.o ABSOLUTE
    ../clib/angel/boardlib.s                 0x00000000   Number         0  boardinit3.o ABSOLUTE
    ../clib/angel/boardlib.s                 0x00000000   Number         0  boardshut.o ABSOLUTE
    ../clib/angel/handlers.s                 0x00000000   Number         0  __scatter_copy.o ABSOLUTE
    ../clib/angel/handlers.s                 0x00000000   Number         0  __scatter_zi.o ABSOLUTE
    ../clib/angel/kernel.s                   0x00000000   Number         0  __rtentry.o ABSOLUTE
    ../clib/angel/kernel.s                   0x00000000   Number         0  __rtentry2.o ABSOLUTE
    ../clib/angel/kernel.s                   0x00000000   Number         0  __rtentry4.o ABSOLUTE
    ../clib/angel/kernel.s                   0x00000000   Number         0  rtexit.o ABSOLUTE
    ../clib/angel/kernel.s                   0x00000000   Number         0  rtexit2.o ABSOLUTE
    ../clib/angel/rt.s                       0x00000000   Number         0  aeabi_idiv0.o ABSOLUTE
    ../clib/angel/rt.s                       0x00000000   Number         0  aeabi_idiv0_sigfpe.o ABSOLUTE
    ../clib/angel/rt.s                       0x00000000   Number         0  rt_div0.o ABSOLUTE
    ../clib/angel/rt.s                       0x00000000   Number         0  rt_raise.o ABSOLUTE
    ../clib/angel/scatterp.s                 0x00000000   Number         0  __scatter.o ABSOLUTE
    ../clib/angel/startup.s                  0x00000000   Number         0  __main.o ABSOLUTE
    ../clib/angel/sys.s                      0x00000000   Number         0  sys_stackheap_outer.o ABSOLUTE
    ../clib/angel/sys.s                      0x00000000   Number         0  libspace.o ABSOLUTE
    ../clib/angel/sys.s                      0x00000000   Number         0  tempstk.o ABSOLUTE
    ../clib/angel/sys.s                      0x00000000   Number         0  use_no_semi.o ABSOLUTE
    ../clib/angel/sys.s                      0x00000000   Number         0  indicate_semi.o ABSOLUTE
    ../clib/angel/sysapp.c                   0x00000000   Number         0  sys_exit.o ABSOLUTE
    ../clib/angel/sysapp.c                   0x00000000   Number         0  sys_exit_hlt.o ABSOLUTE
    ../clib/angel/sysapp.c                   0x00000000   Number         0  sys_wrch.o ABSOLUTE
    ../clib/angel/sysapp.c                   0x00000000   Number         0  sys_wrch_hlt.o ABSOLUTE
    ../clib/angel/sysapp.c                   0x00000000   Number         0  sys_command.o ABSOLUTE
    ../clib/angel/sysapp.c                   0x00000000   Number         0  sys_command_hlt.o ABSOLUTE
    ../clib/armsys.c                         0x00000000   Number         0  argv_veneer.o ABSOLUTE
    ../clib/armsys.c                         0x00000000   Number         0  _get_argv_nomalloc.o ABSOLUTE
    ../clib/armsys.c                         0x00000000   Number         0  no_argv.o ABSOLUTE
    ../clib/division.s                       0x00000000   Number         0  aeabi_sdivfast.o ABSOLUTE
    ../clib/division.s                       0x00000000   Number         0  aeabi_sdivfast_div0.o ABSOLUTE
    ../clib/heapalloc.c                      0x00000000   Number         0  hrguard.o ABSOLUTE
    ../clib/heapaux.c                        0x00000000   Number         0  heapauxi.o ABSOLUTE
    ../clib/libinit.s                        0x00000000   Number         0  libinit.o ABSOLUTE
    ../clib/libinit.s                        0x00000000   Number         0  libinit2.o ABSOLUTE
    ../clib/libinit.s                        0x00000000   Number         0  libshutdown.o ABSOLUTE
    ../clib/libinit.s                        0x00000000   Number         0  libshutdown2.o ABSOLUTE
    ../clib/signal.c                         0x00000000   Number         0  defsig_fpe_outer.o ABSOLUTE
    ../clib/signal.c                         0x00000000   Number         0  defsig_fpe_formal.o ABSOLUTE
    ../clib/signal.c                         0x00000000   Number         0  defsig_exit.o ABSOLUTE
    ../clib/signal.c                         0x00000000   Number         0  defsig_fpe_inner.o ABSOLUTE
    ../clib/signal.c                         0x00000000   Number         0  __raise.o ABSOLUTE
    ../clib/signal.c                         0x00000000   Number         0  defsig_general.o ABSOLUTE
    ../clib/signal.c                         0x00000000   Number         0  defsig_abrt_inner.o ABSOLUTE
    ../clib/signal.c                         0x00000000   Number         0  defsig_rtred_inner.o ABSOLUTE
    ../clib/signal.c                         0x00000000   Number         0  defsig_rtmem_inner.o ABSOLUTE
    ../clib/signal.c                         0x00000000   Number         0  defsig_rtmem_outer.o ABSOLUTE
    ../clib/signal.c                         0x00000000   Number         0  defsig_rtmem_formal.o ABSOLUTE
    ../clib/signal.c                         0x00000000   Number         0  defsig_stak_inner.o ABSOLUTE
    ../clib/signal.c                         0x00000000   Number         0  defsig_pvfn_inner.o ABSOLUTE
    ../clib/signal.c                         0x00000000   Number         0  defsig_cppl_inner.o ABSOLUTE
    ../clib/signal.c                         0x00000000   Number         0  defsig_segv_inner.o ABSOLUTE
    ../clib/signal.c                         0x00000000   Number         0  defsig_other.o ABSOLUTE
    ../clib/signal.s                         0x00000000   Number         0  defsig.o ABSOLUTE
    ../clib/stdlib.c                         0x00000000   Number         0  exit.o ABSOLUTE
    ../fplib/cfplib/dmul.c                   0x00000000   Number         0  dmul.o ABSOLUTE
    ../fplib/cfplib/ffix.c                   0x00000000   Number         0  dfixi.o ABSOLUTE
    ../fplib/cfplib/ffix.c                   0x00000000   Number         0  dfixui.o ABSOLUTE
    ../fplib/cfplib/fflt.c                   0x00000000   Number         0  dflti.o ABSOLUTE
    ../fplib/cfplib/fpinit.c                 0x00000000   Number         0  fpinit.o ABSOLUTE
    ../fplib/usenofp.s                       0x00000000   Number         0  usenofp.o ABSOLUTE
    RTE/Device/MM32SPIN05PF/startup_mm32spin06xx_s_keil.s 0x00000000   Number         0  startup_mm32spin06xx_s_keil.o ABSOLUTE
    bldc.c                                   0x00000000   Number         0  bldc.o ABSOLUTE
    calculation.c                            0x00000000   Number         0  calculation.o ABSOLUTE
    dc.s                                     0x00000000   Number         0  dc.o ABSOLUTE
    delay.c                                  0x00000000   Number         0  delay.o ABSOLUTE
    hal_adc.c                                0x00000000   Number         0  hal_adc.o ABSOLUTE
    hal_comp.c                               0x00000000   Number         0  hal_comp.o ABSOLUTE
    hal_crc.c                                0x00000000   Number         0  hal_crc.o ABSOLUTE
    hal_dbg.c                                0x00000000   Number         0  hal_dbg.o ABSOLUTE
    hal_div.c                                0x00000000   Number         0  hal_div.o ABSOLUTE
    hal_dma.c                                0x00000000   Number         0  hal_dma.o ABSOLUTE
    hal_exti.c                               0x00000000   Number         0  hal_exti.o ABSOLUTE
    hal_flash.c                              0x00000000   Number         0  hal_flash.o ABSOLUTE
    hal_gpio.c                               0x00000000   Number         0  hal_gpio.o ABSOLUTE
    hal_i2c.c                                0x00000000   Number         0  hal_i2c.o ABSOLUTE
    hal_iwdg.c                               0x00000000   Number         0  hal_iwdg.o ABSOLUTE
    hal_misc.c                               0x00000000   Number         0  hal_misc.o ABSOLUTE
    hal_pwr.c                                0x00000000   Number         0  hal_pwr.o ABSOLUTE
    hal_rcc.c                                0x00000000   Number         0  hal_rcc.o ABSOLUTE
    hal_spi.c                                0x00000000   Number         0  hal_spi.o ABSOLUTE
    hal_tim.c                                0x00000000   Number         0  hal_tim.o ABSOLUTE
    hal_uart.c                               0x00000000   Number         0  hal_uart.o ABSOLUTE
    hal_uid.c                                0x00000000   Number         0  hal_uid.o ABSOLUTE
    hal_ver.c                                0x00000000   Number         0  hal_ver.o ABSOLUTE
    hal_wwdg.c                               0x00000000   Number         0  hal_wwdg.o ABSOLUTE
    initialize.c                             0x00000000   Number         0  initialize.o ABSOLUTE
    interrupt.c                              0x00000000   Number         0  interrupt.o ABSOLUTE
    main.c                                   0x00000000   Number         0  main.o ABSOLUTE
    remoteUartBus.c                          0x00000000   Number         0  remoteuartbus.o ABSOLUTE
    system_mm32spin06xx_s.c                  0x00000000   Number         0  system_mm32spin06xx_s.o ABSOLUTE
    uart.c                                   0x00000000   Number         0  uart.o ABSOLUTE
    RESET                                    0x08000000   Section      192  startup_mm32spin06xx_s_keil.o(RESET)
    !!!main                                  0x080000c0   Section        8  __main.o(!!!main)
    !!!scatter                               0x080000c8   Section       60  __scatter.o(!!!scatter)
    !!handler_copy                           0x08000104   Section       26  __scatter_copy.o(!!handler_copy)
    !!handler_zi                             0x08000120   Section       28  __scatter_zi.o(!!handler_zi)
    .ARM.Collect$$libinit$$00000000          0x0800013c   Section        2  libinit.o(.ARM.Collect$$libinit$$00000000)
    .ARM.Collect$$libinit$$00000002          0x0800013e   Section        0  libinit2.o(.ARM.Collect$$libinit$$00000002)
    .ARM.Collect$$libinit$$00000004          0x0800013e   Section        0  libinit2.o(.ARM.Collect$$libinit$$00000004)
    .ARM.Collect$$libinit$$00000006          0x0800013e   Section        0  libinit2.o(.ARM.Collect$$libinit$$00000006)
    .ARM.Collect$$libinit$$0000000C          0x0800013e   Section        0  libinit2.o(.ARM.Collect$$libinit$$0000000C)
    .ARM.Collect$$libinit$$0000000E          0x0800013e   Section        0  libinit2.o(.ARM.Collect$$libinit$$0000000E)
    .ARM.Collect$$libinit$$00000010          0x0800013e   Section        0  libinit2.o(.ARM.Collect$$libinit$$00000010)
    .ARM.Collect$$libinit$$00000013          0x0800013e   Section        0  libinit2.o(.ARM.Collect$$libinit$$00000013)
    .ARM.Collect$$libinit$$00000015          0x0800013e   Section        0  libinit2.o(.ARM.Collect$$libinit$$00000015)
    .ARM.Collect$$libinit$$00000017          0x0800013e   Section        0  libinit2.o(.ARM.Collect$$libinit$$00000017)
    .ARM.Collect$$libinit$$00000019          0x0800013e   Section        0  libinit2.o(.ARM.Collect$$libinit$$00000019)
    .ARM.Collect$$libinit$$0000001B          0x0800013e   Section        0  libinit2.o(.ARM.Collect$$libinit$$0000001B)
    .ARM.Collect$$libinit$$0000001D          0x0800013e   Section        0  libinit2.o(.ARM.Collect$$libinit$$0000001D)
    .ARM.Collect$$libinit$$0000001F          0x0800013e   Section        0  libinit2.o(.ARM.Collect$$libinit$$0000001F)
    .ARM.Collect$$libinit$$00000021          0x0800013e   Section        0  libinit2.o(.ARM.Collect$$libinit$$00000021)
    .ARM.Collect$$libinit$$00000023          0x0800013e   Section        0  libinit2.o(.ARM.Collect$$libinit$$00000023)
    .ARM.Collect$$libinit$$00000025          0x0800013e   Section        0  libinit2.o(.ARM.Collect$$libinit$$00000025)
    .ARM.Collect$$libinit$$00000027          0x0800013e   Section        0  libinit2.o(.ARM.Collect$$libinit$$00000027)
    .ARM.Collect$$libinit$$0000002E          0x0800013e   Section        0  libinit2.o(.ARM.Collect$$libinit$$0000002E)
    .ARM.Collect$$libinit$$00000030          0x0800013e   Section        0  libinit2.o(.ARM.Collect$$libinit$$00000030)
    .ARM.Collect$$libinit$$00000032          0x0800013e   Section        0  libinit2.o(.ARM.Collect$$libinit$$00000032)
    .ARM.Collect$$libinit$$00000034          0x0800013e   Section        0  libinit2.o(.ARM.Collect$$libinit$$00000034)
    .ARM.Collect$$libinit$$00000035          0x0800013e   Section        2  libinit2.o(.ARM.Collect$$libinit$$00000035)
    .ARM.Collect$$libshutdown$$00000000      0x08000140   Section        2  libshutdown.o(.ARM.Collect$$libshutdown$$00000000)
    .ARM.Collect$$libshutdown$$00000002      0x08000142   Section        0  libshutdown2.o(.ARM.Collect$$libshutdown$$00000002)
    .ARM.Collect$$libshutdown$$00000004      0x08000142   Section        0  libshutdown2.o(.ARM.Collect$$libshutdown$$00000004)
    .ARM.Collect$$libshutdown$$00000007      0x08000142   Section        0  libshutdown2.o(.ARM.Collect$$libshutdown$$00000007)
    .ARM.Collect$$libshutdown$$0000000A      0x08000142   Section        0  libshutdown2.o(.ARM.Collect$$libshutdown$$0000000A)
    .ARM.Collect$$libshutdown$$0000000C      0x08000142   Section        0  libshutdown2.o(.ARM.Collect$$libshutdown$$0000000C)
    .ARM.Collect$$libshutdown$$0000000F      0x08000142   Section        0  libshutdown2.o(.ARM.Collect$$libshutdown$$0000000F)
    .ARM.Collect$$libshutdown$$00000010      0x08000142   Section        2  libshutdown2.o(.ARM.Collect$$libshutdown$$00000010)
    .ARM.Collect$$rtentry$$00000000          0x08000144   Section        0  __rtentry.o(.ARM.Collect$$rtentry$$00000000)
    .ARM.Collect$$rtentry$$00000002          0x08000144   Section        0  __rtentry2.o(.ARM.Collect$$rtentry$$00000002)
    .ARM.Collect$$rtentry$$00000004          0x08000144   Section        6  __rtentry4.o(.ARM.Collect$$rtentry$$00000004)
    .ARM.Collect$$rtentry$$00000009          0x0800014a   Section        0  __rtentry2.o(.ARM.Collect$$rtentry$$00000009)
    .ARM.Collect$$rtentry$$0000000A          0x0800014a   Section        4  __rtentry2.o(.ARM.Collect$$rtentry$$0000000A)
    .ARM.Collect$$rtentry$$0000000C          0x0800014e   Section        0  __rtentry2.o(.ARM.Collect$$rtentry$$0000000C)
    .ARM.Collect$$rtentry$$0000000D          0x0800014e   Section        8  __rtentry2.o(.ARM.Collect$$rtentry$$0000000D)
    .ARM.Collect$$rtexit$$00000000           0x08000156   Section        2  rtexit.o(.ARM.Collect$$rtexit$$00000000)
    .ARM.Collect$$rtexit$$00000002           0x08000158   Section        0  rtexit2.o(.ARM.Collect$$rtexit$$00000002)
    .ARM.Collect$$rtexit$$00000003           0x08000158   Section        4  rtexit2.o(.ARM.Collect$$rtexit$$00000003)
    .ARM.Collect$$rtexit$$00000004           0x0800015c   Section        6  rtexit2.o(.ARM.Collect$$rtexit$$00000004)
    .text                                    0x08000164   Section      124  startup_mm32spin06xx_s_keil.o(.text)
    .text                                    0x080001e0   Section        0  heapauxi.o(.text)
    .text                                    0x080001e8   Section        0  dfixi.o(.text)
    .text                                    0x08000254   Section        0  dfixui.o(.text)
    .text                                    0x0800029c   Section        0  dflti.o(.text)
    .text                                    0x080002f4   Section        0  dmul.o(.text)
    .text                                    0x0800053c   Section       62  sys_stackheap_outer.o(.text)
    .text                                    0x0800057a   Section        0  exit.o(.text)
    .text                                    0x0800058c   Section        8  libspace.o(.text)
    .text                                    0x08000594   Section        0  sys_exit.o(.text)
    .text                                    0x080005a0   Section        2  use_no_semi.o(.text)
    .text                                    0x080005a2   Section        0  indicate_semi.o(.text)
    [Anonymous Symbol]                       0x080005a4   Section        0  interrupt.o(.text.ADC1_COMP_IRQHandler)
    __arm_cp.2_0                             0x08000634   Number         4  interrupt.o(.text.ADC1_COMP_IRQHandler)
    __arm_cp.2_1                             0x08000638   Number         4  interrupt.o(.text.ADC1_COMP_IRQHandler)
    __arm_cp.2_2                             0x0800063c   Number         4  interrupt.o(.text.ADC1_COMP_IRQHandler)
    __arm_cp.2_3                             0x08000640   Number         4  interrupt.o(.text.ADC1_COMP_IRQHandler)
    __arm_cp.2_4                             0x08000644   Number         4  interrupt.o(.text.ADC1_COMP_IRQHandler)
    __arm_cp.2_5                             0x08000648   Number         4  interrupt.o(.text.ADC1_COMP_IRQHandler)
    __arm_cp.2_6                             0x0800064c   Number         4  interrupt.o(.text.ADC1_COMP_IRQHandler)
    __arm_cp.2_7                             0x08000650   Number         4  interrupt.o(.text.ADC1_COMP_IRQHandler)
    __arm_cp.2_8                             0x08000654   Number         4  interrupt.o(.text.ADC1_COMP_IRQHandler)
    __arm_cp.2_9                             0x08000658   Number         4  interrupt.o(.text.ADC1_COMP_IRQHandler)
    __arm_cp.2_10                            0x0800065c   Number         4  interrupt.o(.text.ADC1_COMP_IRQHandler)
    __arm_cp.2_11                            0x08000660   Number         4  interrupt.o(.text.ADC1_COMP_IRQHandler)
    __arm_cp.2_12                            0x08000664   Number         4  interrupt.o(.text.ADC1_COMP_IRQHandler)
    [Anonymous Symbol]                       0x08000668   Section        0  hal_adc.o(.text.ADC_ClearITPendingBit)
    [Anonymous Symbol]                       0x08000676   Section        0  hal_adc.o(.text.ADC_Cmd)
    [Anonymous Symbol]                       0x08000686   Section        0  hal_adc.o(.text.ADC_ExternalTrigConvCmd)
    [Anonymous Symbol]                       0x08000698   Section        0  hal_adc.o(.text.ADC_GetITStatus)
    [Anonymous Symbol]                       0x080006a8   Section        0  hal_adc.o(.text.ADC_ITConfig)
    [Anonymous Symbol]                       0x080006c8   Section        0  hal_adc.o(.text.ADC_Init)
    __arm_cp.1_0                             0x080006f8   Number         4  hal_adc.o(.text.ADC_Init)
    __arm_cp.1_1                             0x080006fc   Number         4  hal_adc.o(.text.ADC_Init)
    [Anonymous Symbol]                       0x08000700   Section        0  hal_adc.o(.text.ADC_RegularChannelConfig)
    __arm_cp.8_0                             0x0800073c   Number         4  hal_adc.o(.text.ADC_RegularChannelConfig)
    [Anonymous Symbol]                       0x08000740   Section        0  hal_adc.o(.text.ADC_SoftwareStartConvCmd)
    [Anonymous Symbol]                       0x08000754   Section        0  initialize.o(.text.BLDC_init)
    __arm_cp.3_0                             0x080007f4   Number         4  initialize.o(.text.BLDC_init)
    __arm_cp.3_1                             0x080007f8   Number         4  initialize.o(.text.BLDC_init)
    [Anonymous Symbol]                       0x080007fc   Section        0  delay.o(.text.DELAY_Init)
    __arm_cp.0_0                             0x08000838   Number         4  delay.o(.text.DELAY_Init)
    __arm_cp.0_1                             0x0800083c   Number         4  delay.o(.text.DELAY_Init)
    __arm_cp.0_2                             0x08000840   Number         4  delay.o(.text.DELAY_Init)
    __arm_cp.0_3                             0x08000844   Number         4  delay.o(.text.DELAY_Init)
    [Anonymous Symbol]                       0x08000848   Section        0  delay.o(.text.DELAY_Ms)
    __arm_cp.2_0                             0x0800085c   Number         4  delay.o(.text.DELAY_Ms)
    [Anonymous Symbol]                       0x08000860   Section        0  interrupt.o(.text.DMA1_Channel2_3_IRQHandler)
    [Anonymous Symbol]                       0x0800087c   Section        0  hal_dma.o(.text.DMA_ClearITPendingBit)
    [Anonymous Symbol]                       0x08000884   Section        0  hal_dma.o(.text.DMA_Cmd)
    [Anonymous Symbol]                       0x08000890   Section        0  hal_dma.o(.text.DMA_DeInit)
    __arm_cp.0_0                             0x080008bc   Number         4  hal_dma.o(.text.DMA_DeInit)
    [Anonymous Symbol]                       0x080008c0   Section        0  hal_dma.o(.text.DMA_GetITStatus)
    __arm_cp.8_0                             0x080008cc   Number         4  hal_dma.o(.text.DMA_GetITStatus)
    [Anonymous Symbol]                       0x080008d0   Section        0  hal_dma.o(.text.DMA_ITConfig)
    [Anonymous Symbol]                       0x080008e4   Section        0  hal_dma.o(.text.DMA_Init)
    __arm_cp.1_0                             0x0800092c   Number         4  hal_dma.o(.text.DMA_Init)
    [Anonymous Symbol]                       0x08000930   Section        0  initialize.o(.text.DMA_NVIC_Config)
    __arm_cp.9_0                             0x0800099c   Number         4  initialize.o(.text.DMA_NVIC_Config)
    [Anonymous Symbol]                       0x080009a0   Section        0  hal_dma.o(.text.DMA_StructInit)
    [Anonymous Symbol]                       0x080009b6   Section        0  hal_gpio.o(.text.GPIO_Init)
    [Anonymous Symbol]                       0x08000a46   Section        0  hal_gpio.o(.text.GPIO_PinAFConfig)
    [Anonymous Symbol]                       0x08000a66   Section        0  hal_gpio.o(.text.GPIO_ReadInputDataBit)
    [Anonymous Symbol]                       0x08000a70   Section        0  hal_gpio.o(.text.GPIO_StructInit)
    __arm_cp.3_0                             0x08000a7c   Number         4  hal_gpio.o(.text.GPIO_StructInit)
    __arm_cp.3_1                             0x08000a80   Number         4  hal_gpio.o(.text.GPIO_StructInit)
    [Anonymous Symbol]                       0x08000a84   Section        0  hal_gpio.o(.text.GPIO_WriteBit)
    [Anonymous Symbol]                       0x08000a94   Section        0  initialize.o(.text.HALL_Init)
    __arm_cp.1_0                             0x08000ae8   Number         4  initialize.o(.text.HALL_Init)
    __arm_cp.1_1                             0x08000aec   Number         4  initialize.o(.text.HALL_Init)
    [Anonymous Symbol]                       0x08000af0   Section        0  hal_iwdg.o(.text.IWDG_ReloadCounter)
    __arm_cp.6_0                             0x08000af8   Number         4  hal_iwdg.o(.text.IWDG_ReloadCounter)
    __arm_cp.6_1                             0x08000afc   Number         4  hal_iwdg.o(.text.IWDG_ReloadCounter)
    [Anonymous Symbol]                       0x08000b00   Section        0  initialize.o(.text.NVIC_Configure)
    [Anonymous Symbol]                       0x08000b18   Section        0  hal_misc.o(.text.NVIC_Init)
    __arm_cp.0_0                             0x08000b5c   Number         4  hal_misc.o(.text.NVIC_Init)
    __arm_cp.0_1                             0x08000b60   Number         4  hal_misc.o(.text.NVIC_Init)
    __arm_cp.0_2                             0x08000b64   Number         4  hal_misc.o(.text.NVIC_Init)
    [Anonymous Symbol]                       0x08000b68   Section        0  calculation.o(.text.PID)
    __arm_cp.0_0                             0x08000bb8   Number         4  calculation.o(.text.PID)
    __arm_cp.0_3                             0x08000bbc   Number         4  calculation.o(.text.PID)
    [Anonymous Symbol]                       0x08000bc0   Section        0  calculation.o(.text.PID2PWM)
    __arm_cp.2_0                             0x08000bec   Number         4  calculation.o(.text.PID2PWM)
    __arm_cp.2_1                             0x08000bf0   Number         4  calculation.o(.text.PID2PWM)
    __arm_cp.2_2                             0x08000bf4   Number         4  calculation.o(.text.PID2PWM)
    [Anonymous Symbol]                       0x08000bf8   Section        0  hal_rcc.o(.text.RCC_AHBPeriphClockCmd)
    __arm_cp.18_0                            0x08000c10   Number         4  hal_rcc.o(.text.RCC_AHBPeriphClockCmd)
    [Anonymous Symbol]                       0x08000c14   Section        0  hal_rcc.o(.text.RCC_APB1PeriphClockCmd)
    __arm_cp.20_0                            0x08000c2c   Number         4  hal_rcc.o(.text.RCC_APB1PeriphClockCmd)
    [Anonymous Symbol]                       0x08000c30   Section        0  hal_rcc.o(.text.RCC_APB2PeriphClockCmd)
    __arm_cp.19_0                            0x08000c48   Number         4  hal_rcc.o(.text.RCC_APB2PeriphClockCmd)
    [Anonymous Symbol]                       0x08000c4c   Section        0  hal_rcc.o(.text.RCC_GetPCLK1Freq)
    [Anonymous Symbol]                       0x08000c78   Section        0  hal_rcc.o(.text.RCC_GetPCLK2Freq)
    __arm_cp.16_0                            0x08000ca4   Number         4  hal_rcc.o(.text.RCC_GetPCLK2Freq)
    __arm_cp.16_1                            0x08000ca8   Number         4  hal_rcc.o(.text.RCC_GetPCLK2Freq)
    __arm_cp.16_3                            0x08000cac   Number         4  hal_rcc.o(.text.RCC_GetPCLK2Freq)
    [Anonymous Symbol]                       0x08000cb0   Section        0  remoteuartbus.o(.text.RemoteUpdate)
    __arm_cp.1_0                             0x08000d5c   Number         4  remoteuartbus.o(.text.RemoteUpdate)
    __arm_cp.1_2                             0x08000d60   Number         4  remoteuartbus.o(.text.RemoteUpdate)
    __arm_cp.1_3                             0x08000d64   Number         4  remoteuartbus.o(.text.RemoteUpdate)
    __arm_cp.1_4                             0x08000d68   Number         4  remoteuartbus.o(.text.RemoteUpdate)
    __arm_cp.1_5                             0x08000d6c   Number         4  remoteuartbus.o(.text.RemoteUpdate)
    __arm_cp.1_6                             0x08000d70   Number         4  remoteuartbus.o(.text.RemoteUpdate)
    __arm_cp.1_7                             0x08000d74   Number         4  remoteuartbus.o(.text.RemoteUpdate)
    __arm_cp.1_9                             0x08000d78   Number         4  remoteuartbus.o(.text.RemoteUpdate)
    __arm_cp.1_10                            0x08000d7c   Number         4  remoteuartbus.o(.text.RemoteUpdate)
    [Anonymous Symbol]                       0x08000d80   Section        0  delay.o(.text.SysTick_Handler)
    __arm_cp.1_0                             0x08000d98   Number         4  delay.o(.text.SysTick_Handler)
    [Anonymous Symbol]                       0x08000d9c   Section        0  system_mm32spin06xx_s.o(.text.SystemInit)
    __arm_cp.0_0                             0x08000f34   Number         4  system_mm32spin06xx_s.o(.text.SystemInit)
    __arm_cp.0_1                             0x08000f38   Number         4  system_mm32spin06xx_s.o(.text.SystemInit)
    __arm_cp.0_2                             0x08000f3c   Number         4  system_mm32spin06xx_s.o(.text.SystemInit)
    __arm_cp.0_3                             0x08000f40   Number         4  system_mm32spin06xx_s.o(.text.SystemInit)
    __arm_cp.0_4                             0x08000f44   Number         4  system_mm32spin06xx_s.o(.text.SystemInit)
    __arm_cp.0_5                             0x08000f48   Number         4  system_mm32spin06xx_s.o(.text.SystemInit)
    __arm_cp.0_6                             0x08000f4c   Number         4  system_mm32spin06xx_s.o(.text.SystemInit)
    __arm_cp.0_7                             0x08000f50   Number         4  system_mm32spin06xx_s.o(.text.SystemInit)
    __arm_cp.0_8                             0x08000f54   Number         4  system_mm32spin06xx_s.o(.text.SystemInit)
    __arm_cp.0_9                             0x08000f58   Number         4  system_mm32spin06xx_s.o(.text.SystemInit)
    [Anonymous Symbol]                       0x08000f5c   Section        0  interrupt.o(.text.TIM1_BRK_UP_TRG_COM_IRQHandler)
    [Anonymous Symbol]                       0x08000f68   Section        0  initialize.o(.text.TIM1_init)
    __arm_cp.4_0                             0x08001018   Number         4  initialize.o(.text.TIM1_init)
    __arm_cp.4_2                             0x0800101c   Number         4  initialize.o(.text.TIM1_init)
    __arm_cp.4_3                             0x08001020   Number         4  initialize.o(.text.TIM1_init)
    [Anonymous Symbol]                       0x08001024   Section        0  interrupt.o(.text.TIM2_IRQHandler)
    __arm_cp.3_0                             0x0800105c   Number         4  interrupt.o(.text.TIM2_IRQHandler)
    __arm_cp.3_1                             0x08001060   Number         4  interrupt.o(.text.TIM2_IRQHandler)
    __arm_cp.3_2                             0x08001064   Number         4  interrupt.o(.text.TIM2_IRQHandler)
    __arm_cp.3_3                             0x08001068   Number         4  interrupt.o(.text.TIM2_IRQHandler)
    __arm_cp.3_4                             0x0800106c   Number         4  interrupt.o(.text.TIM2_IRQHandler)
    __arm_cp.3_5                             0x08001070   Number         4  interrupt.o(.text.TIM2_IRQHandler)
    __arm_cp.3_6                             0x08001074   Number         4  interrupt.o(.text.TIM2_IRQHandler)
    [Anonymous Symbol]                       0x08001078   Section        0  initialize.o(.text.TIM2_Init)
    [Anonymous Symbol]                       0x08001106   Section        0  hal_tim.o(.text.TIM_BDTRConfig)
    [Anonymous Symbol]                       0x08001124   Section        0  hal_tim.o(.text.TIM_BDTRStructInit)
    [Anonymous Symbol]                       0x08001136   Section        0  hal_tim.o(.text.TIM_CCPreloadControl)
    [Anonymous Symbol]                       0x08001146   Section        0  hal_tim.o(.text.TIM_CCxCmd)
    [Anonymous Symbol]                       0x08001156   Section        0  hal_tim.o(.text.TIM_CCxNCmd)
    [Anonymous Symbol]                       0x0800116a   Section        0  hal_tim.o(.text.TIM_ClearITPendingBit)
    [Anonymous Symbol]                       0x08001172   Section        0  hal_tim.o(.text.TIM_Cmd)
    [Anonymous Symbol]                       0x08001182   Section        0  hal_tim.o(.text.TIM_CtrlPWMOutputs)
    [Anonymous Symbol]                       0x08001196   Section        0  hal_tim.o(.text.TIM_GenerateEvent)
    [Anonymous Symbol]                       0x0800119c   Section        0  hal_tim.o(.text.TIM_ICInit)
    [Anonymous Symbol]                       0x0800128e   Section        0  hal_tim.o(.text.TIM_ICStructInit)
    [Anonymous Symbol]                       0x0800129a   Section        0  hal_tim.o(.text.TIM_ITConfig)
    [Anonymous Symbol]                       0x080012b0   Section        0  hal_tim.o(.text.TIM_OC1Init)
    __arm_cp.2_0                             0x08001308   Number         4  hal_tim.o(.text.TIM_OC1Init)
    [Anonymous Symbol]                       0x0800130c   Section        0  hal_tim.o(.text.TIM_OC2Init)
    [Anonymous Symbol]                       0x08001368   Section        0  hal_tim.o(.text.TIM_OC3Init)
    __arm_cp.4_0                             0x080013c0   Number         4  hal_tim.o(.text.TIM_OC3Init)
    [Anonymous Symbol]                       0x080013c4   Section        0  hal_tim.o(.text.TIM_OCStructInit)
    [Anonymous Symbol]                       0x080013d2   Section        0  hal_tim.o(.text.TIM_SelectHallSensor)
    [Anonymous Symbol]                       0x080013e4   Section        0  hal_tim.o(.text.TIM_SelectInputTrigger)
    [Anonymous Symbol]                       0x080013f0   Section        0  hal_tim.o(.text.TIM_SelectMasterSlaveMode)
    [Anonymous Symbol]                       0x080013fc   Section        0  hal_tim.o(.text.TIM_SelectOCxM)
    [Anonymous Symbol]                       0x08001454   Section        0  hal_tim.o(.text.TIM_SelectSlaveMode)
    [Anonymous Symbol]                       0x08001460   Section        0  hal_tim.o(.text.TIM_TimeBaseInit)
    __arm_cp.1_0                             0x080014d0   Number         4  hal_tim.o(.text.TIM_TimeBaseInit)
    __arm_cp.1_1                             0x080014d4   Number         4  hal_tim.o(.text.TIM_TimeBaseInit)
    __arm_cp.1_2                             0x080014d8   Number         4  hal_tim.o(.text.TIM_TimeBaseInit)
    __arm_cp.1_3                             0x080014dc   Number         4  hal_tim.o(.text.TIM_TimeBaseInit)
    __arm_cp.1_4                             0x080014e0   Number         4  hal_tim.o(.text.TIM_TimeBaseInit)
    [Anonymous Symbol]                       0x080014e4   Section        0  hal_tim.o(.text.TIM_TimeBaseStructInit)
    [Anonymous Symbol]                       0x080014f4   Section        0  hal_tim.o(.text.TIM_UpdateRequestConfig)
    [Anonymous Symbol]                       0x08001500   Section        0  initialize.o(.text.UART1_Init)
    __arm_cp.7_2                             0x0800157c   Number         4  initialize.o(.text.UART1_Init)
    [Anonymous Symbol]                       0x08001580   Section        0  uart.o(.text.UART1_Send_Group)
    [Anonymous Symbol]                       0x080015ac   Section        0  hal_uart.o(.text.UART_Cmd)
    [Anonymous Symbol]                       0x080015b8   Section        0  hal_uart.o(.text.UART_DMACmd)
    [Anonymous Symbol]                       0x080015c6   Section        0  hal_uart.o(.text.UART_GetFlagStatus)
    [Anonymous Symbol]                       0x080015d0   Section        0  hal_uart.o(.text.UART_Init)
    __arm_cp.1_0                             0x08001644   Number         4  hal_uart.o(.text.UART_Init)
    [Anonymous Symbol]                       0x08001648   Section        0  hal_uart.o(.text.UART_SendData)
    [Anonymous Symbol]                       0x0800164e   Section        0  hal_uart.o(.text.UART_StructInit)
    [Anonymous Symbol]                       0x08001668   Section        0  initialize.o(.text.adc_Init)
    __arm_cp.10_0                            0x080016f0   Number         4  initialize.o(.text.adc_Init)
    __arm_cp.10_1                            0x080016f4   Number         4  initialize.o(.text.adc_Init)
    __arm_cp.10_2                            0x080016f8   Number         4  initialize.o(.text.adc_Init)
    [Anonymous Symbol]                       0x080016fc   Section        0  calculation.o(.text.avgspeed)
    __arm_cp.1_0                             0x08001730   Number         4  calculation.o(.text.avgspeed)
    __arm_cp.1_1                             0x08001734   Number         4  calculation.o(.text.avgspeed)
    __arm_cp.1_2                             0x08001738   Number         4  calculation.o(.text.avgspeed)
    __arm_cp.1_3                             0x0800173c   Number         4  calculation.o(.text.avgspeed)
    __arm_cp.1_4                             0x08001740   Number         4  calculation.o(.text.avgspeed)
    [Anonymous Symbol]                       0x08001744   Section        0  bldc.o(.text.commutate)
    __arm_cp.1_0                             0x080019dc   Number         4  bldc.o(.text.commutate)
    __arm_cp.1_1                             0x080019e0   Number         4  bldc.o(.text.commutate)
    [Anonymous Symbol]                       0x080019e4   Section        0  initialize.o(.text.exNVIC_Configure)
    [Anonymous Symbol]                       0x08001a00   Section        0  hal_misc.o(.text.exNVIC_Init)
    __arm_cp.1_0                             0x08001a44   Number         4  hal_misc.o(.text.exNVIC_Init)
    __arm_cp.1_1                             0x08001a48   Number         4  hal_misc.o(.text.exNVIC_Init)
    __arm_cp.1_2                             0x08001a4c   Number         4  hal_misc.o(.text.exNVIC_Init)
    [Anonymous Symbol]                       0x08001a50   Section        0  bldc.o(.text.hallpos)
    __arm_cp.0_1                             0x08001ab4   Number         4  bldc.o(.text.hallpos)
    [Anonymous Symbol]                       0x08001ab8   Section        0  initialize.o(.text.io_init)
    __arm_cp.0_0                             0x08001b34   Number         4  initialize.o(.text.io_init)
    [Anonymous Symbol]                       0x08001b38   Section        0  main.o(.text.main)
    __arm_cp.0_1                             0x08001cc0   Number         4  main.o(.text.main)
    __arm_cp.0_2                             0x08001cc4   Number         4  main.o(.text.main)
    __arm_cp.0_3                             0x08001cc8   Number         4  main.o(.text.main)
    __arm_cp.0_6                             0x08001ccc   Number         4  main.o(.text.main)
    __arm_cp.0_7                             0x08001cd0   Number         4  main.o(.text.main)
    __arm_cp.0_8                             0x08001cd4   Number         4  main.o(.text.main)
    __arm_cp.0_9                             0x08001cd8   Number         4  main.o(.text.main)
    __arm_cp.0_10                            0x08001cdc   Number         4  main.o(.text.main)
    [Anonymous Symbol]                       0x08001ce0   Section        0  remoteuartbus.o(.text.serialit)
    __arm_cp.3_0                             0x08001dd0   Number         4  remoteuartbus.o(.text.serialit)
    __arm_cp.3_1                             0x08001dd4   Number         4  remoteuartbus.o(.text.serialit)
    __arm_cp.3_2                             0x08001dd8   Number         4  remoteuartbus.o(.text.serialit)
    __arm_cp.3_3                             0x08001ddc   Number         4  remoteuartbus.o(.text.serialit)
    __arm_cp.3_4                             0x08001de0   Number         4  remoteuartbus.o(.text.serialit)
    __arm_cp.3_5                             0x08001de4   Number         4  remoteuartbus.o(.text.serialit)
    __arm_cp.3_7                             0x08001de8   Number         4  remoteuartbus.o(.text.serialit)
    __arm_cp.3_8                             0x08001dec   Number         4  remoteuartbus.o(.text.serialit)
    __arm_cp.3_9                             0x08001df0   Number         4  remoteuartbus.o(.text.serialit)
    __arm_cp.3_11                            0x08001df4   Number         4  remoteuartbus.o(.text.serialit)
    [Anonymous Symbol]                       0x08001df8   Section        0  bldc.o(.text.speedupdate)
    __arm_cp.2_0                             0x08001e68   Number         4  bldc.o(.text.speedupdate)
    __arm_cp.2_1                             0x08001e6c   Number         4  bldc.o(.text.speedupdate)
    __arm_cp.2_2                             0x08001e70   Number         4  bldc.o(.text.speedupdate)
    __arm_cp.2_3                             0x08001e74   Number         4  bldc.o(.text.speedupdate)
    __arm_cp.2_4                             0x08001e78   Number         4  bldc.o(.text.speedupdate)
    __arm_cp.2_5                             0x08001e7c   Number         4  bldc.o(.text.speedupdate)
    __arm_cp.2_6                             0x08001e80   Number         4  bldc.o(.text.speedupdate)
    __arm_cp.2_7                             0x08001e84   Number         4  bldc.o(.text.speedupdate)
    .text_divfast                            0x08001e88   Section      502  aeabi_sdivfast.o(.text_divfast)
    x$fpl$usenofp                            0x0800207e   Section        0  usenofp.o(x$fpl$usenofp)
    .bss                                     0x20000028   Section       96  libspace.o(.bss)
    aReceiveBuffer                           0x20000088   Data         255  remoteuartbus.o(.bss.aReceiveBuffer)
    [Anonymous Symbol]                       0x20000088   Section        0  remoteuartbus.o(.bss.aReceiveBuffer)
    iReceivePos                              0x20000218   Data           2  remoteuartbus.o(.bss.iReceivePos)
    [Anonymous Symbol]                       0x20000218   Section        0  remoteuartbus.o(.bss.iReceivePos)
    sTimingDelay                             0x20000254   Data           4  delay.o(.bss.sTimingDelay)
    [Anonymous Symbol]                       0x20000254   Section        0  delay.o(.bss.sTimingDelay)
    Heap_Mem                                 0x20000268   Data         512  startup_mm32spin06xx_s_keil.o(HEAP)
    HEAP                                     0x20000268   Section      512  startup_mm32spin06xx_s_keil.o(HEAP)
    Stack_Mem                                0x20000468   Data        1024  startup_mm32spin06xx_s_keil.o(STACK)
    STACK                                    0x20000468   Section     1024  startup_mm32spin06xx_s_keil.o(STACK)
    __initial_sp                             0x20000868   Data           0  startup_mm32spin06xx_s_keil.o(STACK)

    Global Symbols

    Symbol Name                              Value     Ov Type        Size  Object(Section)

    BuildAttributes$$THM_ISAv3M$S$PE$A:L22$X:L11$S22$IEEE1$IW$~IW$USESV6$~STKCKD$USESV7$~SHL$OTIME$ROPI$EBA8$UX$STANDARDLIB$REQ8$PRES8$EABIv2 0x00000000   Number         0  anon$$obj.o ABSOLUTE
    __ARM_exceptions_init                     - Undefined Weak Reference
    __alloca_initialize                       - Undefined Weak Reference
    __arm_preinit_                            - Undefined Weak Reference
    __arm_relocate_pie_                       - Undefined Weak Reference
    __cpp_initialize__aeabi_                  - Undefined Weak Reference
    __cxa_finalize                            - Undefined Weak Reference
    __rt_locale                               - Undefined Weak Reference
    __sigvec_lookup                           - Undefined Weak Reference
    _atexit_init                              - Undefined Weak Reference
    _call_atexit_fns                          - Undefined Weak Reference
    _clock_init                               - Undefined Weak Reference
    _fp_trap_init                             - Undefined Weak Reference
    _fp_trap_shutdown                         - Undefined Weak Reference
    _get_lc_collate                           - Undefined Weak Reference
    _get_lc_ctype                             - Undefined Weak Reference
    _get_lc_monetary                          - Undefined Weak Reference
    _get_lc_numeric                           - Undefined Weak Reference
    _get_lc_time                              - Undefined Weak Reference
    _getenv_init                              - Undefined Weak Reference
    _handle_redirection                       - Undefined Weak Reference
    _init_alloc                               - Undefined Weak Reference
    _init_user_alloc                          - Undefined Weak Reference
    _initio                                   - Undefined Weak Reference
    _rand_init                                - Undefined Weak Reference
    _signal_finish                            - Undefined Weak Reference
    _signal_init                              - Undefined Weak Reference
    _terminate_alloc                          - Undefined Weak Reference
    _terminate_user_alloc                     - Undefined Weak Reference
    _terminateio                              - Undefined Weak Reference
    __Vectors_Size                           0x000000c0   Number         0  startup_mm32spin06xx_s_keil.o ABSOLUTE
    __Vectors                                0x08000000   Data           4  startup_mm32spin06xx_s_keil.o(RESET)
    __Vectors_End                            0x080000c0   Data           0  startup_mm32spin06xx_s_keil.o(RESET)
    __main                                   0x080000c1   Thumb Code     8  __main.o(!!!main)
    __scatterload                            0x080000c9   Thumb Code     0  __scatter.o(!!!scatter)
    __scatterload_rt2                        0x080000c9   Thumb Code    52  __scatter.o(!!!scatter)
    __scatterload_rt2_thumb_only             0x080000c9   Thumb Code     0  __scatter.o(!!!scatter)
    __scatterload_null                       0x080000d9   Thumb Code     0  __scatter.o(!!!scatter)
    __scatterload_copy                       0x08000105   Thumb Code    26  __scatter_copy.o(!!handler_copy)
    __scatterload_zeroinit                   0x08000121   Thumb Code    28  __scatter_zi.o(!!handler_zi)
    __rt_lib_init                            0x0800013d   Thumb Code     0  libinit.o(.ARM.Collect$$libinit$$00000000)
    __rt_lib_init_alloca_1                   0x0800013f   Thumb Code     0  libinit2.o(.ARM.Collect$$libinit$$00000030)
    __rt_lib_init_argv_1                     0x0800013f   Thumb Code     0  libinit2.o(.ARM.Collect$$libinit$$0000002E)
    __rt_lib_init_atexit_1                   0x0800013f   Thumb Code     0  libinit2.o(.ARM.Collect$$libinit$$0000001D)
    __rt_lib_init_clock_1                    0x0800013f   Thumb Code     0  libinit2.o(.ARM.Collect$$libinit$$00000023)
    __rt_lib_init_cpp_1                      0x0800013f   Thumb Code     0  libinit2.o(.ARM.Collect$$libinit$$00000034)
    __rt_lib_init_exceptions_1               0x0800013f   Thumb Code     0  libinit2.o(.ARM.Collect$$libinit$$00000032)
    __rt_lib_init_fp_1                       0x0800013f   Thumb Code     0  libinit2.o(.ARM.Collect$$libinit$$00000002)
    __rt_lib_init_fp_trap_1                  0x0800013f   Thumb Code     0  libinit2.o(.ARM.Collect$$libinit$$00000021)
    __rt_lib_init_getenv_1                   0x0800013f   Thumb Code     0  libinit2.o(.ARM.Collect$$libinit$$00000025)
    __rt_lib_init_heap_1                     0x0800013f   Thumb Code     0  libinit2.o(.ARM.Collect$$libinit$$0000000C)
    __rt_lib_init_lc_collate_1               0x0800013f   Thumb Code     0  libinit2.o(.ARM.Collect$$libinit$$00000013)
    __rt_lib_init_lc_ctype_1                 0x0800013f   Thumb Code     0  libinit2.o(.ARM.Collect$$libinit$$00000015)
    __rt_lib_init_lc_monetary_1              0x0800013f   Thumb Code     0  libinit2.o(.ARM.Collect$$libinit$$00000017)
    __rt_lib_init_lc_numeric_1               0x0800013f   Thumb Code     0  libinit2.o(.ARM.Collect$$libinit$$00000019)
    __rt_lib_init_lc_time_1                  0x0800013f   Thumb Code     0  libinit2.o(.ARM.Collect$$libinit$$0000001B)
    __rt_lib_init_preinit_1                  0x0800013f   Thumb Code     0  libinit2.o(.ARM.Collect$$libinit$$00000006)
    __rt_lib_init_rand_1                     0x0800013f   Thumb Code     0  libinit2.o(.ARM.Collect$$libinit$$00000010)
    __rt_lib_init_relocate_pie_1             0x0800013f   Thumb Code     0  libinit2.o(.ARM.Collect$$libinit$$00000004)
    __rt_lib_init_return                     0x0800013f   Thumb Code     0  libinit2.o(.ARM.Collect$$libinit$$00000035)
    __rt_lib_init_signal_1                   0x0800013f   Thumb Code     0  libinit2.o(.ARM.Collect$$libinit$$0000001F)
    __rt_lib_init_stdio_1                    0x0800013f   Thumb Code     0  libinit2.o(.ARM.Collect$$libinit$$00000027)
    __rt_lib_init_user_alloc_1               0x0800013f   Thumb Code     0  libinit2.o(.ARM.Collect$$libinit$$0000000E)
    __rt_lib_shutdown                        0x08000141   Thumb Code     0  libshutdown.o(.ARM.Collect$$libshutdown$$00000000)
    __rt_lib_shutdown_cpp_1                  0x08000143   Thumb Code     0  libshutdown2.o(.ARM.Collect$$libshutdown$$00000002)
    __rt_lib_shutdown_fp_trap_1              0x08000143   Thumb Code     0  libshutdown2.o(.ARM.Collect$$libshutdown$$00000007)
    __rt_lib_shutdown_heap_1                 0x08000143   Thumb Code     0  libshutdown2.o(.ARM.Collect$$libshutdown$$0000000F)
    __rt_lib_shutdown_return                 0x08000143   Thumb Code     0  libshutdown2.o(.ARM.Collect$$libshutdown$$00000010)
    __rt_lib_shutdown_signal_1               0x08000143   Thumb Code     0  libshutdown2.o(.ARM.Collect$$libshutdown$$0000000A)
    __rt_lib_shutdown_stdio_1                0x08000143   Thumb Code     0  libshutdown2.o(.ARM.Collect$$libshutdown$$00000004)
    __rt_lib_shutdown_user_alloc_1           0x08000143   Thumb Code     0  libshutdown2.o(.ARM.Collect$$libshutdown$$0000000C)
    __rt_entry                               0x08000145   Thumb Code     0  __rtentry.o(.ARM.Collect$$rtentry$$00000000)
    __rt_entry_presh_1                       0x08000145   Thumb Code     0  __rtentry2.o(.ARM.Collect$$rtentry$$00000002)
    __rt_entry_sh                            0x08000145   Thumb Code     0  __rtentry4.o(.ARM.Collect$$rtentry$$00000004)
    __rt_entry_li                            0x0800014b   Thumb Code     0  __rtentry2.o(.ARM.Collect$$rtentry$$0000000A)
    __rt_entry_postsh_1                      0x0800014b   Thumb Code     0  __rtentry2.o(.ARM.Collect$$rtentry$$00000009)
    __rt_entry_main                          0x0800014f   Thumb Code     0  __rtentry2.o(.ARM.Collect$$rtentry$$0000000D)
    __rt_entry_postli_1                      0x0800014f   Thumb Code     0  __rtentry2.o(.ARM.Collect$$rtentry$$0000000C)
    __rt_exit                                0x08000157   Thumb Code     0  rtexit.o(.ARM.Collect$$rtexit$$00000000)
    __rt_exit_ls                             0x08000159   Thumb Code     0  rtexit2.o(.ARM.Collect$$rtexit$$00000003)
    __rt_exit_prels_1                        0x08000159   Thumb Code     0  rtexit2.o(.ARM.Collect$$rtexit$$00000002)
    __rt_exit_exit                           0x0800015d   Thumb Code     0  rtexit2.o(.ARM.Collect$$rtexit$$00000004)
    Reset_Handler                            0x08000165   Thumb Code    44  startup_mm32spin06xx_s_keil.o(.text)
    NMI_Handler                              0x08000191   Thumb Code     2  startup_mm32spin06xx_s_keil.o(.text)
    HardFault_Handler                        0x08000193   Thumb Code     2  startup_mm32spin06xx_s_keil.o(.text)
    SVC_Handler                              0x08000195   Thumb Code     2  startup_mm32spin06xx_s_keil.o(.text)
    PendSV_Handler                           0x08000197   Thumb Code     2  startup_mm32spin06xx_s_keil.o(.text)
    CAN_IRQHandler                           0x0800019b   Thumb Code     0  startup_mm32spin06xx_s_keil.o(.text)
    DMA1_Channel1_IRQHandler                 0x0800019b   Thumb Code     0  startup_mm32spin06xx_s_keil.o(.text)
    DMA1_Channel4_5_IRQHandler               0x0800019b   Thumb Code     0  startup_mm32spin06xx_s_keil.o(.text)
    EXTI0_1_IRQHandler                       0x0800019b   Thumb Code     0  startup_mm32spin06xx_s_keil.o(.text)
    EXTI2_3_IRQHandler                       0x0800019b   Thumb Code     0  startup_mm32spin06xx_s_keil.o(.text)
    EXTI4_15_IRQHandler                      0x0800019b   Thumb Code     0  startup_mm32spin06xx_s_keil.o(.text)
    FLASH_IRQHandler                         0x0800019b   Thumb Code     0  startup_mm32spin06xx_s_keil.o(.text)
    HWDIV_IRQHandler                         0x0800019b   Thumb Code     0  startup_mm32spin06xx_s_keil.o(.text)
    I2C1_IRQHandler                          0x0800019b   Thumb Code     0  startup_mm32spin06xx_s_keil.o(.text)
    PVD_IRQHandler                           0x0800019b   Thumb Code     0  startup_mm32spin06xx_s_keil.o(.text)
    RCC_CRS_IRQHandler                       0x0800019b   Thumb Code     0  startup_mm32spin06xx_s_keil.o(.text)
    RTC_BKP_IRQHandler                       0x0800019b   Thumb Code     0  startup_mm32spin06xx_s_keil.o(.text)
    SPI1_IRQHandler                          0x0800019b   Thumb Code     0  startup_mm32spin06xx_s_keil.o(.text)
    SPI2_IRQHandler                          0x0800019b   Thumb Code     0  startup_mm32spin06xx_s_keil.o(.text)
    TIM14_IRQHandler                         0x0800019b   Thumb Code     0  startup_mm32spin06xx_s_keil.o(.text)
    TIM16_IRQHandler                         0x0800019b   Thumb Code     0  startup_mm32spin06xx_s_keil.o(.text)
    TIM17_IRQHandler                         0x0800019b   Thumb Code     0  startup_mm32spin06xx_s_keil.o(.text)
    TIM1_CC_IRQHandler                       0x0800019b   Thumb Code     0  startup_mm32spin06xx_s_keil.o(.text)
    TIM3_IRQHandler                          0x0800019b   Thumb Code     0  startup_mm32spin06xx_s_keil.o(.text)
    UART1_IRQHandler                         0x0800019b   Thumb Code     0  startup_mm32spin06xx_s_keil.o(.text)
    UART2_IRQHandler                         0x0800019b   Thumb Code     0  startup_mm32spin06xx_s_keil.o(.text)
    WWDG_IRQHandler                          0x0800019b   Thumb Code     0  startup_mm32spin06xx_s_keil.o(.text)
    __user_initial_stackheap                 0x0800019d   Thumb Code     0  startup_mm32spin06xx_s_keil.o(.text)
    __use_two_region_memory                  0x080001e1   Thumb Code     2  heapauxi.o(.text)
    __rt_heap_escrow$2region                 0x080001e3   Thumb Code     2  heapauxi.o(.text)
    __rt_heap_expand$2region                 0x080001e5   Thumb Code     2  heapauxi.o(.text)
    __aeabi_d2iz                             0x080001e9   Thumb Code     0  dfixi.o(.text)
    _dfix                                    0x080001e9   Thumb Code    98  dfixi.o(.text)
    __aeabi_d2uiz                            0x08000255   Thumb Code     0  dfixui.o(.text)
    _dfixu                                   0x08000255   Thumb Code    68  dfixui.o(.text)
    __aeabi_i2d_normalise                    0x0800029d   Thumb Code    66  dflti.o(.text)
    __aeabi_i2d                              0x080002df   Thumb Code    16  dflti.o(.text)
    _dflt                                    0x080002df   Thumb Code     0  dflti.o(.text)
    __aeabi_ui2d                             0x080002ef   Thumb Code     6  dflti.o(.text)
    _dfltu                                   0x080002ef   Thumb Code     0  dflti.o(.text)
    __aeabi_dmul                             0x080002f5   Thumb Code     0  dmul.o(.text)
    _dmul                                    0x080002f5   Thumb Code   558  dmul.o(.text)
    __user_setup_stackheap                   0x0800053d   Thumb Code    62  sys_stackheap_outer.o(.text)
    exit                                     0x0800057b   Thumb Code    16  exit.o(.text)
    __user_libspace                          0x0800058d   Thumb Code     8  libspace.o(.text)
    __user_perproc_libspace                  0x0800058d   Thumb Code     0  libspace.o(.text)
    __user_perthread_libspace                0x0800058d   Thumb Code     0  libspace.o(.text)
    _sys_exit                                0x08000595   Thumb Code     8  sys_exit.o(.text)
    __I$use$semihosting                      0x080005a1   Thumb Code     0  use_no_semi.o(.text)
    __use_no_semihosting_swi                 0x080005a1   Thumb Code     2  use_no_semi.o(.text)
    __semihosting_library_function           0x080005a3   Thumb Code     0  indicate_semi.o(.text)
    ADC1_COMP_IRQHandler                     0x080005a5   Thumb Code   144  interrupt.o(.text.ADC1_COMP_IRQHandler)
    ADC_ClearITPendingBit                    0x08000669   Thumb Code    14  hal_adc.o(.text.ADC_ClearITPendingBit)
    ADC_Cmd                                  0x08000677   Thumb Code    16  hal_adc.o(.text.ADC_Cmd)
    ADC_ExternalTrigConvCmd                  0x08000687   Thumb Code    18  hal_adc.o(.text.ADC_ExternalTrigConvCmd)
    ADC_GetITStatus                          0x08000699   Thumb Code    16  hal_adc.o(.text.ADC_GetITStatus)
    ADC_ITConfig                             0x080006a9   Thumb Code    30  hal_adc.o(.text.ADC_ITConfig)
    ADC_Init                                 0x080006c9   Thumb Code    48  hal_adc.o(.text.ADC_Init)
    ADC_RegularChannelConfig                 0x08000701   Thumb Code    60  hal_adc.o(.text.ADC_RegularChannelConfig)
    ADC_SoftwareStartConvCmd                 0x08000741   Thumb Code    20  hal_adc.o(.text.ADC_SoftwareStartConvCmd)
    BLDC_init                                0x08000755   Thumb Code   160  initialize.o(.text.BLDC_init)
    DELAY_Init                               0x080007fd   Thumb Code    60  delay.o(.text.DELAY_Init)
    DELAY_Ms                                 0x08000849   Thumb Code    20  delay.o(.text.DELAY_Ms)
    DMA1_Channel2_3_IRQHandler               0x08000861   Thumb Code    26  interrupt.o(.text.DMA1_Channel2_3_IRQHandler)
    DMA_ClearITPendingBit                    0x0800087d   Thumb Code     8  hal_dma.o(.text.DMA_ClearITPendingBit)
    DMA_Cmd                                  0x08000885   Thumb Code    12  hal_dma.o(.text.DMA_Cmd)
    DMA_DeInit                               0x08000891   Thumb Code    44  hal_dma.o(.text.DMA_DeInit)
    DMA_GetITStatus                          0x080008c1   Thumb Code    12  hal_dma.o(.text.DMA_GetITStatus)
    DMA_ITConfig                             0x080008d1   Thumb Code    20  hal_dma.o(.text.DMA_ITConfig)
    DMA_Init                                 0x080008e5   Thumb Code    72  hal_dma.o(.text.DMA_Init)
    DMA_NVIC_Config                          0x08000931   Thumb Code   108  initialize.o(.text.DMA_NVIC_Config)
    DMA_StructInit                           0x080009a1   Thumb Code    22  hal_dma.o(.text.DMA_StructInit)
    GPIO_Init                                0x080009b7   Thumb Code   144  hal_gpio.o(.text.GPIO_Init)
    GPIO_PinAFConfig                         0x08000a47   Thumb Code    32  hal_gpio.o(.text.GPIO_PinAFConfig)
    GPIO_ReadInputDataBit                    0x08000a67   Thumb Code    10  hal_gpio.o(.text.GPIO_ReadInputDataBit)
    GPIO_StructInit                          0x08000a71   Thumb Code    12  hal_gpio.o(.text.GPIO_StructInit)
    GPIO_WriteBit                            0x08000a85   Thumb Code    16  hal_gpio.o(.text.GPIO_WriteBit)
    HALL_Init                                0x08000a95   Thumb Code    84  initialize.o(.text.HALL_Init)
    IWDG_ReloadCounter                       0x08000af1   Thumb Code     8  hal_iwdg.o(.text.IWDG_ReloadCounter)
    NVIC_Configure                           0x08000b01   Thumb Code    24  initialize.o(.text.NVIC_Configure)
    NVIC_Init                                0x08000b19   Thumb Code    68  hal_misc.o(.text.NVIC_Init)
    PID                                      0x08000b69   Thumb Code    80  calculation.o(.text.PID)
    PID2PWM                                  0x08000bc1   Thumb Code    44  calculation.o(.text.PID2PWM)
    RCC_AHBPeriphClockCmd                    0x08000bf9   Thumb Code    24  hal_rcc.o(.text.RCC_AHBPeriphClockCmd)
    RCC_APB1PeriphClockCmd                   0x08000c15   Thumb Code    24  hal_rcc.o(.text.RCC_APB1PeriphClockCmd)
    RCC_APB2PeriphClockCmd                   0x08000c31   Thumb Code    24  hal_rcc.o(.text.RCC_APB2PeriphClockCmd)
    RCC_GetPCLK1Freq                         0x08000c4d   Thumb Code    44  hal_rcc.o(.text.RCC_GetPCLK1Freq)
    RCC_GetPCLK2Freq                         0x08000c79   Thumb Code    44  hal_rcc.o(.text.RCC_GetPCLK2Freq)
    RemoteUpdate                             0x08000cb1   Thumb Code   172  remoteuartbus.o(.text.RemoteUpdate)
    SysTick_Handler                          0x08000d81   Thumb Code    24  delay.o(.text.SysTick_Handler)
    SystemInit                               0x08000d9d   Thumb Code   408  system_mm32spin06xx_s.o(.text.SystemInit)
    TIM1_BRK_UP_TRG_COM_IRQHandler           0x08000f5d   Thumb Code    12  interrupt.o(.text.TIM1_BRK_UP_TRG_COM_IRQHandler)
    TIM1_init                                0x08000f69   Thumb Code   176  initialize.o(.text.TIM1_init)
    TIM2_IRQHandler                          0x08001025   Thumb Code    56  interrupt.o(.text.TIM2_IRQHandler)
    TIM2_Init                                0x08001079   Thumb Code   142  initialize.o(.text.TIM2_Init)
    TIM_BDTRConfig                           0x08001107   Thumb Code    30  hal_tim.o(.text.TIM_BDTRConfig)
    TIM_BDTRStructInit                       0x08001125   Thumb Code    18  hal_tim.o(.text.TIM_BDTRStructInit)
    TIM_CCPreloadControl                     0x08001137   Thumb Code    16  hal_tim.o(.text.TIM_CCPreloadControl)
    TIM_CCxCmd                               0x08001147   Thumb Code    16  hal_tim.o(.text.TIM_CCxCmd)
    TIM_CCxNCmd                              0x08001157   Thumb Code    20  hal_tim.o(.text.TIM_CCxNCmd)
    TIM_ClearITPendingBit                    0x0800116b   Thumb Code     8  hal_tim.o(.text.TIM_ClearITPendingBit)
    TIM_Cmd                                  0x08001173   Thumb Code    16  hal_tim.o(.text.TIM_Cmd)
    TIM_CtrlPWMOutputs                       0x08001183   Thumb Code    20  hal_tim.o(.text.TIM_CtrlPWMOutputs)
    TIM_GenerateEvent                        0x08001197   Thumb Code     4  hal_tim.o(.text.TIM_GenerateEvent)
    TIM_ICInit                               0x0800119d   Thumb Code   242  hal_tim.o(.text.TIM_ICInit)
    TIM_ICStructInit                         0x0800128f   Thumb Code    12  hal_tim.o(.text.TIM_ICStructInit)
    TIM_ITConfig                             0x0800129b   Thumb Code    20  hal_tim.o(.text.TIM_ITConfig)
    TIM_OC1Init                              0x080012b1   Thumb Code    88  hal_tim.o(.text.TIM_OC1Init)
    TIM_OC2Init                              0x0800130d   Thumb Code    92  hal_tim.o(.text.TIM_OC2Init)
    TIM_OC3Init                              0x08001369   Thumb Code    88  hal_tim.o(.text.TIM_OC3Init)
    TIM_OCStructInit                         0x080013c5   Thumb Code    14  hal_tim.o(.text.TIM_OCStructInit)
    TIM_SelectHallSensor                     0x080013d3   Thumb Code    18  hal_tim.o(.text.TIM_SelectHallSensor)
    TIM_SelectInputTrigger                   0x080013e5   Thumb Code    12  hal_tim.o(.text.TIM_SelectInputTrigger)
    TIM_SelectMasterSlaveMode                0x080013f1   Thumb Code    12  hal_tim.o(.text.TIM_SelectMasterSlaveMode)
    TIM_SelectOCxM                           0x080013fd   Thumb Code    88  hal_tim.o(.text.TIM_SelectOCxM)
    TIM_SelectSlaveMode                      0x08001455   Thumb Code    12  hal_tim.o(.text.TIM_SelectSlaveMode)
    TIM_TimeBaseInit                         0x08001461   Thumb Code   112  hal_tim.o(.text.TIM_TimeBaseInit)
    TIM_TimeBaseStructInit                   0x080014e5   Thumb Code    16  hal_tim.o(.text.TIM_TimeBaseStructInit)
    TIM_UpdateRequestConfig                  0x080014f5   Thumb Code    12  hal_tim.o(.text.TIM_UpdateRequestConfig)
    UART1_Init                               0x08001501   Thumb Code   124  initialize.o(.text.UART1_Init)
    UART1_Send_Group                         0x08001581   Thumb Code    44  uart.o(.text.UART1_Send_Group)
    UART_Cmd                                 0x080015ad   Thumb Code    12  hal_uart.o(.text.UART_Cmd)
    UART_DMACmd                              0x080015b9   Thumb Code    14  hal_uart.o(.text.UART_DMACmd)
    UART_GetFlagStatus                       0x080015c7   Thumb Code    10  hal_uart.o(.text.UART_GetFlagStatus)
    UART_Init                                0x080015d1   Thumb Code   116  hal_uart.o(.text.UART_Init)
    UART_SendData                            0x08001649   Thumb Code     6  hal_uart.o(.text.UART_SendData)
    UART_StructInit                          0x0800164f   Thumb Code    24  hal_uart.o(.text.UART_StructInit)
    adc_Init                                 0x08001669   Thumb Code   136  initialize.o(.text.adc_Init)
    avgspeed                                 0x080016fd   Thumb Code    52  calculation.o(.text.avgspeed)
    commutate                                0x08001745   Thumb Code   664  bldc.o(.text.commutate)
    exNVIC_Configure                         0x080019e5   Thumb Code    26  initialize.o(.text.exNVIC_Configure)
    exNVIC_Init                              0x08001a01   Thumb Code    68  hal_misc.o(.text.exNVIC_Init)
    hallpos                                  0x08001a51   Thumb Code   100  bldc.o(.text.hallpos)
    io_init                                  0x08001ab9   Thumb Code   124  initialize.o(.text.io_init)
    main                                     0x08001b39   Thumb Code   392  main.o(.text.main)
    serialit                                 0x08001ce1   Thumb Code   240  remoteuartbus.o(.text.serialit)
    speedupdate                              0x08001df9   Thumb Code   112  bldc.o(.text.speedupdate)
    __aeabi_uidiv                            0x08001e89   Thumb Code    68  aeabi_sdivfast.o(.text_divfast)
    __aeabi_idiv                             0x08001ecd   Thumb Code   434  aeabi_sdivfast.o(.text_divfast)
    __I$use$fp                               0x0800207e   Number         0  usenofp.o(x$fpl$usenofp)
    hall_to_pos                              0x0800207e   Data           8  bldc.o(.rodata.hall_to_pos)
    Region$$Table$$Base                      0x08002088   Number         0  anon$$obj.o(Region$$Table)
    Region$$Table$$Limit                     0x080020a8   Number         0  anon$$obj.o(Region$$Table)
    SystemCoreClock                          0x20000000   Data           4  system_mm32spin06xx_s.o(.data.SystemCoreClock)
    dir                                      0x20000004   Data           1  main.o(.data.dir)
    hallposprev                              0x20000005   Data           1  main.o(.data.hallposprev)
    max                                      0x20000008   Data           4  calculation.o(.data.max)
    min                                      0x2000000c   Data           4  calculation.o(.data.min)
    step                                     0x20000010   Data           1  main.o(.data.step)
    tbPresc                                  0x20000011   Data          16  hal_rcc.o(.data.tbPresc)
    __libspace_start                         0x20000028   Data          96  libspace.o(.bss)
    __temporary_stack_top$libspace           0x20000088   Data           0  libspace.o(.bss)
    adc                                      0x20000187   Data           1  main.o(.bss.adc)
    avgarr                                   0x20000188   Data         128  calculation.o(.bss.avgarr)
    bAnswerMaster                            0x20000208   Data           1  remoteuartbus.o(.bss.bAnswerMaster)
    datasum                                  0x2000020c   Data           4  calculation.o(.bss.datasum)
    frealspeed                               0x20000210   Data           4  main.o(.bss.frealspeed)
    iOdom                                    0x20000214   Data           4  main.o(.bss.iOdom)
    iRxDataSize                              0x2000021a   Data           1  remoteuartbus.o(.bss.iRxDataSize)
    iRxDataType                              0x2000021b   Data           1  remoteuartbus.o(.bss.iRxDataType)
    iTimeLastRx                              0x2000021c   Data           4  remoteuartbus.o(.bss.iTimeLastRx)
    index                                    0x20000220   Data           1  calculation.o(.bss.index)
    itotal                                   0x20000224   Data           4  main.o(.bss.itotal)
    lastcommutate                            0x20000228   Data           4  bldc.o(.bss.lastcommutate)
    lasterr                                  0x2000022c   Data           4  calculation.o(.bss.lasterr)
    lastupdate                               0x20000230   Data           4  main.o(.bss.lastupdate)
    millis                                   0x20000234   Data           4  main.o(.bss.millis)
    prevpwm                                  0x20000238   Data           4  calculation.o(.bss.prevpwm)
    pwm                                      0x2000023c   Data           4  main.o(.bss.pwm)
    qdSum                                    0x20000240   Data           4  calculation.o(.bss.qdSum)
    realspeed                                0x20000244   Data           4  main.o(.bss.realspeed)
    sRxBuffer                                0x20000248   Data          10  main.o(.bss.sRxBuffer)
    speed                                    0x20000258   Data           4  main.o(.bss.speed)
    vbat                                     0x2000025c   Data           4  main.o(.bss.vbat)
    wState                                   0x20000260   Data           1  main.o(.bss.wState)



==============================================================================

Memory Map of the image

  Image Entry point : 0x080000c1

  Load Region LR_IROM1 (Base: 0x08000000, Size: 0x000020d0, Max: 0x00008000, ABSOLUTE)

    Execution Region ER_IROM1 (Exec base: 0x08000000, Load base: 0x08000000, Size: 0x000020a8, Max: 0x00008000, ABSOLUTE)

    Exec Addr    Load Addr    Size         Type   Attr      Idx    E Section Name        Object

    0x08000000   0x08000000   0x000000c0   Data   RO         1075    RESET               startup_mm32spin06xx_s_keil.o
    0x080000c0   0x080000c0   0x00000008   Code   RO         1108  * !!!main             c_p.l(__main.o)
    0x080000c8   0x080000c8   0x0000003c   Code   RO         1294    !!!scatter          c_p.l(__scatter.o)
    0x08000104   0x08000104   0x0000001a   Code   RO         1296    !!handler_copy      c_p.l(__scatter_copy.o)
    0x0800011e   0x0800011e   0x00000002   PAD
    0x08000120   0x08000120   0x0000001c   Code   RO         1298    !!handler_zi        c_p.l(__scatter_zi.o)
    0x0800013c   0x0800013c   0x00000002   Code   RO         1155    .ARM.Collect$$libinit$$00000000  c_p.l(libinit.o)
    0x0800013e   0x0800013e   0x00000000   Code   RO         1169    .ARM.Collect$$libinit$$00000002  c_p.l(libinit2.o)
    0x0800013e   0x0800013e   0x00000000   Code   RO         1171    .ARM.Collect$$libinit$$00000004  c_p.l(libinit2.o)
    0x0800013e   0x0800013e   0x00000000   Code   RO         1173    .ARM.Collect$$libinit$$00000006  c_p.l(libinit2.o)
    0x0800013e   0x0800013e   0x00000000   Code   RO         1176    .ARM.Collect$$libinit$$0000000C  c_p.l(libinit2.o)
    0x0800013e   0x0800013e   0x00000000   Code   RO         1178    .ARM.Collect$$libinit$$0000000E  c_p.l(libinit2.o)
    0x0800013e   0x0800013e   0x00000000   Code   RO         1180    .ARM.Collect$$libinit$$00000010  c_p.l(libinit2.o)
    0x0800013e   0x0800013e   0x00000000   Code   RO         1183    .ARM.Collect$$libinit$$00000013  c_p.l(libinit2.o)
    0x0800013e   0x0800013e   0x00000000   Code   RO         1185    .ARM.Collect$$libinit$$00000015  c_p.l(libinit2.o)
    0x0800013e   0x0800013e   0x00000000   Code   RO         1187    .ARM.Collect$$libinit$$00000017  c_p.l(libinit2.o)
    0x0800013e   0x0800013e   0x00000000   Code   RO         1189    .ARM.Collect$$libinit$$00000019  c_p.l(libinit2.o)
    0x0800013e   0x0800013e   0x00000000   Code   RO         1191    .ARM.Collect$$libinit$$0000001B  c_p.l(libinit2.o)
    0x0800013e   0x0800013e   0x00000000   Code   RO         1193    .ARM.Collect$$libinit$$0000001D  c_p.l(libinit2.o)
    0x0800013e   0x0800013e   0x00000000   Code   RO         1195    .ARM.Collect$$libinit$$0000001F  c_p.l(libinit2.o)
    0x0800013e   0x0800013e   0x00000000   Code   RO         1197    .ARM.Collect$$libinit$$00000021  c_p.l(libinit2.o)
    0x0800013e   0x0800013e   0x00000000   Code   RO         1199    .ARM.Collect$$libinit$$00000023  c_p.l(libinit2.o)
    0x0800013e   0x0800013e   0x00000000   Code   RO         1201    .ARM.Collect$$libinit$$00000025  c_p.l(libinit2.o)
    0x0800013e   0x0800013e   0x00000000   Code   RO         1203    .ARM.Collect$$libinit$$00000027  c_p.l(libinit2.o)
    0x0800013e   0x0800013e   0x00000000   Code   RO         1207    .ARM.Collect$$libinit$$0000002E  c_p.l(libinit2.o)
    0x0800013e   0x0800013e   0x00000000   Code   RO         1209    .ARM.Collect$$libinit$$00000030  c_p.l(libinit2.o)
    0x0800013e   0x0800013e   0x00000000   Code   RO         1211    .ARM.Collect$$libinit$$00000032  c_p.l(libinit2.o)
    0x0800013e   0x0800013e   0x00000000   Code   RO         1213    .ARM.Collect$$libinit$$00000034  c_p.l(libinit2.o)
    0x0800013e   0x0800013e   0x00000002   Code   RO         1214    .ARM.Collect$$libinit$$00000035  c_p.l(libinit2.o)
    0x08000140   0x08000140   0x00000002   Code   RO         1249    .ARM.Collect$$libshutdown$$00000000  c_p.l(libshutdown.o)
    0x08000142   0x08000142   0x00000000   Code   RO         1277    .ARM.Collect$$libshutdown$$00000002  c_p.l(libshutdown2.o)
    0x08000142   0x08000142   0x00000000   Code   RO         1279    .ARM.Collect$$libshutdown$$00000004  c_p.l(libshutdown2.o)
    0x08000142   0x08000142   0x00000000   Code   RO         1282    .ARM.Collect$$libshutdown$$00000007  c_p.l(libshutdown2.o)
    0x08000142   0x08000142   0x00000000   Code   RO         1285    .ARM.Collect$$libshutdown$$0000000A  c_p.l(libshutdown2.o)
    0x08000142   0x08000142   0x00000000   Code   RO         1287    .ARM.Collect$$libshutdown$$0000000C  c_p.l(libshutdown2.o)
    0x08000142   0x08000142   0x00000000   Code   RO         1290    .ARM.Collect$$libshutdown$$0000000F  c_p.l(libshutdown2.o)
    0x08000142   0x08000142   0x00000002   Code   RO         1291    .ARM.Collect$$libshutdown$$00000010  c_p.l(libshutdown2.o)
    0x08000144   0x08000144   0x00000000   Code   RO         1118    .ARM.Collect$$rtentry$$00000000  c_p.l(__rtentry.o)
    0x08000144   0x08000144   0x00000000   Code   RO         1125    .ARM.Collect$$rtentry$$00000002  c_p.l(__rtentry2.o)
    0x08000144   0x08000144   0x00000006   Code   RO         1137    .ARM.Collect$$rtentry$$00000004  c_p.l(__rtentry4.o)
    0x0800014a   0x0800014a   0x00000000   Code   RO         1127    .ARM.Collect$$rtentry$$00000009  c_p.l(__rtentry2.o)
    0x0800014a   0x0800014a   0x00000004   Code   RO         1128    .ARM.Collect$$rtentry$$0000000A  c_p.l(__rtentry2.o)
    0x0800014e   0x0800014e   0x00000000   Code   RO         1130    .ARM.Collect$$rtentry$$0000000C  c_p.l(__rtentry2.o)
    0x0800014e   0x0800014e   0x00000008   Code   RO         1131    .ARM.Collect$$rtentry$$0000000D  c_p.l(__rtentry2.o)
    0x08000156   0x08000156   0x00000002   Code   RO         1160    .ARM.Collect$$rtexit$$00000000  c_p.l(rtexit.o)
    0x08000158   0x08000158   0x00000000   Code   RO         1220    .ARM.Collect$$rtexit$$00000002  c_p.l(rtexit2.o)
    0x08000158   0x08000158   0x00000004   Code   RO         1221    .ARM.Collect$$rtexit$$00000003  c_p.l(rtexit2.o)
    0x0800015c   0x0800015c   0x00000006   Code   RO         1222    .ARM.Collect$$rtexit$$00000004  c_p.l(rtexit2.o)
    0x08000162   0x08000162   0x00000002   PAD
    0x08000164   0x08000164   0x0000007c   Code   RO         1076    .text               startup_mm32spin06xx_s_keil.o
    0x080001e0   0x080001e0   0x00000006   Code   RO         1106    .text               c_p.l(heapauxi.o)
    0x080001e6   0x080001e6   0x00000002   PAD
    0x080001e8   0x080001e8   0x0000006c   Code   RO         1110    .text               fz_ps.l(dfixi.o)
    0x08000254   0x08000254   0x00000048   Code   RO         1112    .text               fz_ps.l(dfixui.o)
    0x0800029c   0x0800029c   0x00000058   Code   RO         1114    .text               fz_ps.l(dflti.o)
    0x080002f4   0x080002f4   0x00000248   Code   RO         1116    .text               fz_ps.l(dmul.o)
    0x0800053c   0x0800053c   0x0000003e   Code   RO         1141    .text               c_p.l(sys_stackheap_outer.o)
    0x0800057a   0x0800057a   0x00000010   Code   RO         1144    .text               c_p.l(exit.o)
    0x0800058a   0x0800058a   0x00000002   PAD
    0x0800058c   0x0800058c   0x00000008   Code   RO         1156    .text               c_p.l(libspace.o)
    0x08000594   0x08000594   0x0000000c   Code   RO         1215    .text               c_p.l(sys_exit.o)
    0x080005a0   0x080005a0   0x00000002   Code   RO         1238    .text               c_p.l(use_no_semi.o)
    0x080005a2   0x080005a2   0x00000000   Code   RO         1240    .text               c_p.l(indicate_semi.o)
    0x080005a2   0x080005a2   0x00000002   PAD
    0x080005a4   0x080005a4   0x000000c4   Code   RO          101    .text.ADC1_COMP_IRQHandler  interrupt.o
    0x08000668   0x08000668   0x0000000e   Code   RO          219    .text.ADC_ClearITPendingBit  hal_adc.o
    0x08000676   0x08000676   0x00000010   Code   RO          177    .text.ADC_Cmd       hal_adc.o
    0x08000686   0x08000686   0x00000012   Code   RO          191    .text.ADC_ExternalTrigConvCmd  hal_adc.o
    0x08000698   0x08000698   0x00000010   Code   RO          217    .text.ADC_GetITStatus  hal_adc.o
    0x080006a8   0x080006a8   0x0000001e   Code   RO          181    .text.ADC_ITConfig  hal_adc.o
    0x080006c6   0x080006c6   0x00000002   PAD
    0x080006c8   0x080006c8   0x00000038   Code   RO          173    .text.ADC_Init      hal_adc.o
    0x08000700   0x08000700   0x00000040   Code   RO          187    .text.ADC_RegularChannelConfig  hal_adc.o
    0x08000740   0x08000740   0x00000014   Code   RO          183    .text.ADC_SoftwareStartConvCmd  hal_adc.o
    0x08000754   0x08000754   0x000000a8   Code   RO           71    .text.BLDC_init     initialize.o
    0x080007fc   0x080007fc   0x0000004c   Code   RO           31    .text.DELAY_Init    delay.o
    0x08000848   0x08000848   0x00000018   Code   RO           35    .text.DELAY_Ms      delay.o
    0x08000860   0x08000860   0x0000001a   Code   RO           99    .text.DMA1_Channel2_3_IRQHandler  interrupt.o
    0x0800087a   0x0800087a   0x00000002   PAD
    0x0800087c   0x0800087c   0x00000008   Code   RO          320    .text.DMA_ClearITPendingBit  hal_dma.o
    0x08000884   0x08000884   0x0000000c   Code   RO          308    .text.DMA_Cmd       hal_dma.o
    0x08000890   0x08000890   0x00000030   Code   RO          302    .text.DMA_DeInit    hal_dma.o
    0x080008c0   0x080008c0   0x00000010   Code   RO          318    .text.DMA_GetITStatus  hal_dma.o
    0x080008d0   0x080008d0   0x00000014   Code   RO          310    .text.DMA_ITConfig  hal_dma.o
    0x080008e4   0x080008e4   0x0000004c   Code   RO          304    .text.DMA_Init      hal_dma.o
    0x08000930   0x08000930   0x00000070   Code   RO           83    .text.DMA_NVIC_Config  initialize.o
    0x080009a0   0x080009a0   0x00000016   Code   RO          306    .text.DMA_StructInit  hal_dma.o
    0x080009b6   0x080009b6   0x00000090   Code   RO          446    .text.GPIO_Init     hal_gpio.o
    0x08000a46   0x08000a46   0x00000020   Code   RO          470    .text.GPIO_PinAFConfig  hal_gpio.o
    0x08000a66   0x08000a66   0x0000000a   Code   RO          450    .text.GPIO_ReadInputDataBit  hal_gpio.o
    0x08000a70   0x08000a70   0x00000014   Code   RO          448    .text.GPIO_StructInit  hal_gpio.o
    0x08000a84   0x08000a84   0x00000010   Code   RO          462    .text.GPIO_WriteBit  hal_gpio.o
    0x08000a94   0x08000a94   0x0000005c   Code   RO           67    .text.HALL_Init     initialize.o
    0x08000af0   0x08000af0   0x00000010   Code   RO          554    .text.IWDG_ReloadCounter  hal_iwdg.o
    0x08000b00   0x08000b00   0x00000018   Code   RO           75    .text.NVIC_Configure  initialize.o
    0x08000b18   0x08000b18   0x00000050   Code   RO          578    .text.NVIC_Init     hal_misc.o
    0x08000b68   0x08000b68   0x00000058   Code   RO          149    .text.PID           calculation.o
    0x08000bc0   0x08000bc0   0x00000038   Code   RO          153    .text.PID2PWM       calculation.o
    0x08000bf8   0x08000bf8   0x0000001c   Code   RO          656    .text.RCC_AHBPeriphClockCmd  hal_rcc.o
    0x08000c14   0x08000c14   0x0000001c   Code   RO          660    .text.RCC_APB1PeriphClockCmd  hal_rcc.o
    0x08000c30   0x08000c30   0x0000001c   Code   RO          658    .text.RCC_APB2PeriphClockCmd  hal_rcc.o
    0x08000c4c   0x08000c4c   0x0000002c   Code   RO          650    .text.RCC_GetPCLK1Freq  hal_rcc.o
    0x08000c78   0x08000c78   0x00000038   Code   RO          652    .text.RCC_GetPCLK2Freq  hal_rcc.o
    0x08000cb0   0x08000cb0   0x000000d0   Code   RO          128    .text.RemoteUpdate  remoteuartbus.o
    0x08000d80   0x08000d80   0x0000001c   Code   RO           33    .text.SysTick_Handler  delay.o
    0x08000d9c   0x08000d9c   0x000001c0   Code   RO         1083    .text.SystemInit    system_mm32spin06xx_s.o
    0x08000f5c   0x08000f5c   0x0000000c   Code   RO           97    .text.TIM1_BRK_UP_TRG_COM_IRQHandler  interrupt.o
    0x08000f68   0x08000f68   0x000000bc   Code   RO           73    .text.TIM1_init     initialize.o
    0x08001024   0x08001024   0x00000054   Code   RO          103    .text.TIM2_IRQHandler  interrupt.o
    0x08001078   0x08001078   0x0000008e   Code   RO           69    .text.TIM2_Init     initialize.o
    0x08001106   0x08001106   0x0000001e   Code   RO          779    .text.TIM_BDTRConfig  hal_tim.o
    0x08001124   0x08001124   0x00000012   Code   RO          787    .text.TIM_BDTRStructInit  hal_tim.o
    0x08001136   0x08001136   0x00000010   Code   RO          835    .text.TIM_CCPreloadControl  hal_tim.o
    0x08001146   0x08001146   0x00000010   Code   RO          875    .text.TIM_CCxCmd    hal_tim.o
    0x08001156   0x08001156   0x00000014   Code   RO          877    .text.TIM_CCxNCmd   hal_tim.o
    0x0800116a   0x0800116a   0x00000008   Code   RO          927    .text.TIM_ClearITPendingBit  hal_tim.o
    0x08001172   0x08001172   0x00000010   Code   RO          789    .text.TIM_Cmd       hal_tim.o
    0x08001182   0x08001182   0x00000014   Code   RO          791    .text.TIM_CtrlPWMOutputs  hal_tim.o
    0x08001196   0x08001196   0x00000004   Code   RO          795    .text.TIM_GenerateEvent  hal_tim.o
    0x0800119a   0x0800119a   0x00000002   PAD
    0x0800119c   0x0800119c   0x000000f2   Code   RO          767    .text.TIM_ICInit    hal_tim.o
    0x0800128e   0x0800128e   0x0000000c   Code   RO          785    .text.TIM_ICStructInit  hal_tim.o
    0x0800129a   0x0800129a   0x00000014   Code   RO          793    .text.TIM_ITConfig  hal_tim.o
    0x080012ae   0x080012ae   0x00000002   PAD
    0x080012b0   0x080012b0   0x0000005c   Code   RO          759    .text.TIM_OC1Init   hal_tim.o
    0x0800130c   0x0800130c   0x0000005c   Code   RO          761    .text.TIM_OC2Init   hal_tim.o
    0x08001368   0x08001368   0x0000005c   Code   RO          763    .text.TIM_OC3Init   hal_tim.o
    0x080013c4   0x080013c4   0x0000000e   Code   RO          783    .text.TIM_OCStructInit  hal_tim.o
    0x080013d2   0x080013d2   0x00000012   Code   RO          885    .text.TIM_SelectHallSensor  hal_tim.o
    0x080013e4   0x080013e4   0x0000000c   Code   RO          805    .text.TIM_SelectInputTrigger  hal_tim.o
    0x080013f0   0x080013f0   0x0000000c   Code   RO          893    .text.TIM_SelectMasterSlaveMode  hal_tim.o
    0x080013fc   0x080013fc   0x00000058   Code   RO          879    .text.TIM_SelectOCxM  hal_tim.o
    0x08001454   0x08001454   0x0000000c   Code   RO          891    .text.TIM_SelectSlaveMode  hal_tim.o
    0x08001460   0x08001460   0x00000084   Code   RO          757    .text.TIM_TimeBaseInit  hal_tim.o
    0x080014e4   0x080014e4   0x00000010   Code   RO          781    .text.TIM_TimeBaseStructInit  hal_tim.o
    0x080014f4   0x080014f4   0x0000000c   Code   RO          883    .text.TIM_UpdateRequestConfig  hal_tim.o
    0x08001500   0x08001500   0x00000080   Code   RO           79    .text.UART1_Init    initialize.o
    0x08001580   0x08001580   0x0000002c   Code   RO          114    .text.UART1_Send_Group  uart.o
    0x080015ac   0x080015ac   0x0000000c   Code   RO          967    .text.UART_Cmd      hal_uart.o
    0x080015b8   0x080015b8   0x0000000e   Code   RO          971    .text.UART_DMACmd   hal_uart.o
    0x080015c6   0x080015c6   0x0000000a   Code   RO          977    .text.UART_GetFlagStatus  hal_uart.o
    0x080015d0   0x080015d0   0x00000078   Code   RO          963    .text.UART_Init     hal_uart.o
    0x08001648   0x08001648   0x00000006   Code   RO          973    .text.UART_SendData  hal_uart.o
    0x0800164e   0x0800164e   0x00000018   Code   RO          965    .text.UART_StructInit  hal_uart.o
    0x08001666   0x08001666   0x00000002   PAD
    0x08001668   0x08001668   0x00000094   Code   RO           85    .text.adc_Init      initialize.o
    0x080016fc   0x080016fc   0x00000048   Code   RO          151    .text.avgspeed      calculation.o
    0x08001744   0x08001744   0x000002a0   Code   RO           48    .text.commutate     bldc.o
    0x080019e4   0x080019e4   0x0000001a   Code   RO           77    .text.exNVIC_Configure  initialize.o
    0x080019fe   0x080019fe   0x00000002   PAD
    0x08001a00   0x08001a00   0x00000050   Code   RO          580    .text.exNVIC_Init   hal_misc.o
    0x08001a50   0x08001a50   0x00000068   Code   RO           46    .text.hallpos       bldc.o
    0x08001ab8   0x08001ab8   0x00000080   Code   RO           65    .text.io_init       initialize.o
    0x08001b38   0x08001b38   0x000001a8   Code   RO            2    .text.main          main.o
    0x08001ce0   0x08001ce0   0x00000118   Code   RO          132    .text.serialit      remoteuartbus.o
    0x08001df8   0x08001df8   0x00000090   Code   RO           50    .text.speedupdate   bldc.o
    0x08001e88   0x08001e88   0x000001f6   Code   RO         1099    .text_divfast       c_p.l(aeabi_sdivfast.o)
    0x0800207e   0x0800207e   0x00000000   Code   RO         1123    x$fpl$usenofp       fz_ps.l(usenofp.o)
    0x0800207e   0x0800207e   0x00000008   Data   RO           54    .rodata.hall_to_pos  bldc.o
    0x08002086   0x08002086   0x00000002   PAD
    0x08002088   0x08002088   0x00000020   Data   RO         1293    Region$$Table       anon$$obj.o


    Execution Region RW_IRAM1 (Exec base: 0x20000000, Load base: 0x080020a8, Size: 0x00000868, Max: 0x00001000, ABSOLUTE)

    Exec Addr    Load Addr    Size         Type   Attr      Idx    E Section Name        Object

    0x20000000   0x080020a8   0x00000004   Data   RW         1087    .data.SystemCoreClock  system_mm32spin06xx_s.o
    0x20000004   0x080020ac   0x00000001   Data   RW            6    .data.dir           main.o
    0x20000005   0x080020ad   0x00000001   Data   RW            9    .data.hallposprev   main.o
    0x20000006   0x080020ae   0x00000002   PAD
    0x20000008   0x080020b0   0x00000004   Data   RW          155    .data.max           calculation.o
    0x2000000c   0x080020b4   0x00000004   Data   RW          156    .data.min           calculation.o
    0x20000010   0x080020b8   0x00000001   Data   RW            4    .data.step          main.o
    0x20000011   0x080020b9   0x00000010   Data   RW          690    .data.tbPresc       hal_rcc.o
    0x20000021   0x080020c9   0x00000007   PAD
    0x20000028        -       0x00000060   Zero   RW         1157    .bss                c_p.l(libspace.o)
    0x20000088        -       0x000000ff   Zero   RW          138    .bss.aReceiveBuffer  remoteuartbus.o
    0x20000187        -       0x00000001   Zero   RW           19    .bss.adc            main.o
    0x20000188        -       0x00000080   Zero   RW          162    .bss.avgarr         calculation.o
    0x20000208        -       0x00000001   Zero   RW          134    .bss.bAnswerMaster  remoteuartbus.o
    0x20000209   0x080020c9   0x00000003   PAD
    0x2000020c        -       0x00000004   Zero   RW          161    .bss.datasum        calculation.o
    0x20000210        -       0x00000004   Zero   RW           13    .bss.frealspeed     main.o
    0x20000214        -       0x00000004   Zero   RW           17    .bss.iOdom          main.o
    0x20000218        -       0x00000002   Zero   RW          137    .bss.iReceivePos    remoteuartbus.o
    0x2000021a        -       0x00000001   Zero   RW          140    .bss.iRxDataSize    remoteuartbus.o
    0x2000021b        -       0x00000001   Zero   RW          139    .bss.iRxDataType    remoteuartbus.o
    0x2000021c        -       0x00000004   Zero   RW          135    .bss.iTimeLastRx    remoteuartbus.o
    0x20000220        -       0x00000001   Zero   RW          160    .bss.index          calculation.o
    0x20000221   0x080020c9   0x00000003   PAD
    0x20000224        -       0x00000004   Zero   RW           21    .bss.itotal         main.o
    0x20000228        -       0x00000004   Zero   RW           55    .bss.lastcommutate  bldc.o
    0x2000022c        -       0x00000004   Zero   RW          158    .bss.lasterr        calculation.o
    0x20000230        -       0x00000004   Zero   RW           15    .bss.lastupdate     main.o
    0x20000234        -       0x00000004   Zero   RW           14    .bss.millis         main.o
    0x20000238        -       0x00000004   Zero   RW          159    .bss.prevpwm        calculation.o
    0x2000023c        -       0x00000004   Zero   RW           11    .bss.pwm            main.o
    0x20000240        -       0x00000004   Zero   RW          157    .bss.qdSum          calculation.o
    0x20000244        -       0x00000004   Zero   RW           12    .bss.realspeed      main.o
    0x20000248        -       0x0000000a   Zero   RW            8    .bss.sRxBuffer      main.o
    0x20000252   0x080020c9   0x00000002   PAD
    0x20000254        -       0x00000004   Zero   RW           37    .bss.sTimingDelay   delay.o
    0x20000258        -       0x00000004   Zero   RW           10    .bss.speed          main.o
    0x2000025c        -       0x00000004   Zero   RW           20    .bss.vbat           main.o
    0x20000260        -       0x00000001   Zero   RW           22    .bss.wState         main.o
    0x20000261   0x080020c9   0x00000007   PAD
    0x20000268        -       0x00000200   Zero   RW         1074    HEAP                startup_mm32spin06xx_s_keil.o
    0x20000468        -       0x00000400   Zero   RW         1073    STACK               startup_mm32spin06xx_s_keil.o


==============================================================================

Image component sizes


      Code (inc. data)   RO Data    RW Data    ZI Data      Debug   Object Name

       920         56          8          0          4       3633   bldc.o
       216         40          0          8        145       1760   calculation.o
       128         24          0          0          4       3160   delay.o
       234         12          0          0          0       9090   hal_adc.o
       202         12          0          0          0       4598   hal_dma.o
       222          8          0          0          0       5350   hal_gpio.o
        16          8          0          0          0       2916   hal_iwdg.o
       160         24          0          0          0       2876   hal_misc.o
       184         24          0         16          0      11473   hal_rcc.o
      1014         36          0          0          0      27751   hal_tim.o
       186          4          0          0          0       6297   hal_uart.o
      1156         52          0          0          0      15977   initialize.o
       318         80          0          0          0       3283   interrupt.o
       424         32          0          3         48       5007   main.o
       488         76          0          0        264       3669   remoteuartbus.o
       124         58        192          0       1536        740   startup_mm32spin06xx_s_keil.o
       448         40          0          4          0       3694   system_mm32spin06xx_s.o
        44          0          0          0          0       1785   uart.o

    ----------------------------------------------------------------------
      6496        586        234         36       2020     113059   Object Totals
         0          0         32          0          0          0   (incl. Generated)
        12          0          2          5         19          0   (incl. Padding)

    ----------------------------------------------------------------------

      Code (inc. data)   RO Data    RW Data    ZI Data      Debug   Library Member Name

         8          0          0          0          0         68   __main.o
         0          0          0          0          0          0   __rtentry.o
        12          0          0          0          0          0   __rtentry2.o
         6          0          0          0          0          0   __rtentry4.o
        60          8          0          0          0          0   __scatter.o
        26          0          0          0          0          0   __scatter_copy.o
        28          0          0          0          0          0   __scatter_zi.o
       502          0          0          0          0         92   aeabi_sdivfast.o
        16          0          0          0          0         68   exit.o
         6          0          0          0          0        136   heapauxi.o
         0          0          0          0          0          0   indicate_semi.o
         2          0          0          0          0          0   libinit.o
         2          0          0          0          0          0   libinit2.o
         2          0          0          0          0          0   libshutdown.o
         2          0          0          0          0          0   libshutdown2.o
         8          4          0          0         96         68   libspace.o
         2          0          0          0          0          0   rtexit.o
        10          0          0          0          0          0   rtexit2.o
        12          4          0          0          0         60   sys_exit.o
        62          0          0          0          0         80   sys_stackheap_outer.o
         2          0          0          0          0         68   use_no_semi.o
       108         10          0          0          0         72   dfixi.o
        72          4          0          0          0         68   dfixui.o
        88          0          0          0          0         92   dflti.o
       584         26          0          0          0         84   dmul.o
         0          0          0          0          0          0   usenofp.o

    ----------------------------------------------------------------------
      1630         56          0          0         96        956   Library Totals
        10          0          0          0          0          0   (incl. Padding)

    ----------------------------------------------------------------------

      Code (inc. data)   RO Data    RW Data    ZI Data      Debug   Library Name

       768         16          0          0         96        640   c_p.l
       852         40          0          0          0        316   fz_ps.l

    ----------------------------------------------------------------------
      1630         56          0          0         96        956   Library Totals

    ----------------------------------------------------------------------

==============================================================================


      Code (inc. data)   RO Data    RW Data    ZI Data      Debug   

      8126        642        234         36       2116     113375   Grand Totals
      8126        642        234         36       2116     113375   ELF Image Totals
      8126        642        234         36          0          0   ROM Totals

==============================================================================

    Total RO  Size (Code + RO Data)                 8360 (   8.16kB)
    Total RW  Size (RW Data + ZI Data)              2152 (   2.10kB)
    Total ROM Size (Code + RO Data + RW Data)       8396 (   8.20kB)

==============================================================================

